[ Info: warming up...
[ Info: timing 5 calls...
[ Info: warming up...
[ Info: timing 3 calls...

GPU device: NVIDIA GeForce RTX 5090
Total memory: 33.65 GB, free: 27.94 GB

========================================================================
PROFILE: filter PF kernel (gpu_log_density)
========================================================================
  [at start] GPU mem: 5.71 / 33.65 GB used (17.0%);  util: 5%
Config: n_smc=32, K_per_chain=200, T_steps=24 (BINS_PER_DAY=24)
  [after target build] GPU mem: 5.75 / 33.65 GB used (17.1%);  util: 1%
  [after warmup] GPU mem: 5.92 / 33.65 GB used (17.6%);  util: 1%

Results:
  median time per call : 0.0810 s
  threads in flight    : 6400 (32 chains × 200 state particles)
  approx FLOPs / call  : 2.46e+07
  effective TFLOPS     : 0.00 / 104.8 peak  =  0.0% util
  [after timing] GPU mem: 6.05 / 33.65 GB used (18.0%);  util: 32%
  host syncs per call  : 1 (CUDA.synchronize)

========================================================================
PROFILE: controller cost kernel (gpu_cost_log_density_batched)
========================================================================
  [at start] GPU mem: 6.05 / 33.65 GB used (18.0%);  util: 32%
Config: n_smc=256, n_inner=64, n_anchors=8, n_steps=336 (T=14.0d × 24 bins/day)
  [after target build] GPU mem: 6.05 / 33.65 GB used (18.0%);  util: 32%
  [after warmup] GPU mem: 6.05 / 33.65 GB used (18.0%);  util: 2%

Results:
  median time per call : 0.0005 s
  threads in flight    : 16384 (256 chains × 64 CRN trials)
  approx FLOPs / call  : 1.20e+09
  effective TFLOPS     : 2.61 / 104.8 peak  =  2.5% util
  [after timing] GPU mem: 6.05 / 33.65 GB used (18.0%);  util: 2%
  host syncs per call  : 1 (per-chain sum on CPU)

Notes:
  - 'effective TFLOPS' is approximate (counts only the dominant fp ops
    in the inner loop). Useful for relative comparison across stacks at
    matched config; not a substitute for nsys / nv-nsight tracing.
  - 'util %' compares to RTX 5090's 104.8 TFLOPS fp32 peak. Saturating
    to >50% requires:
      • enough threads in flight (>= ~1M for 5090's 21504 cores)
      • compute-bound (not memory-bound) inner loop
      • no host syncs blocking the stream
