[ Info: loading model + framework (FSA_STEP_MINUTES=60)...
[ Info: config: T=28d step=60min BINS_PER_DAY=24 WINDOW=24 STRIDE=12 n_strides=55  open_loop=false
[ Info: GPU device: NVIDIA GeForce RTX 5090
[ Info: filter target: N_SMC=512 K_per_chain=1000 d=10 M_max=10752
[ Info: filter target: OT rescue DISABLED (ot-max-weight = 0.0, fast path)
[ Info: controller cfg: n_smc=1024 n_inner=64 num_mcmc=8 hmc_leap=16 chees=[16, 32, 64, 128, 256, 512] max_levels=40
[ Info: [stride  1/55] 0.0s  warming up (hist=12/24) Φ̄=1.000 x̂=(0.055, 0.296, 0.095)
[ Info:     [ 1] λ 0.000 → 0.200 (Δλ=0.200) L=64 accept=76%
[ Info:     [ 2] λ 0.200 → 0.400 (Δλ=0.200) L=64 accept=57%
[ Info:     [ 3] λ 0.400 → 0.600 (Δλ=0.200) L=32 accept=62%
[ Info:     [ 4] λ 0.600 → 0.800 (Δλ=0.200) L=32 accept=57%
[ Info:     [ 5] λ 0.800 → 1.000 (Δλ=0.200) L=32 accept=49%
[ Info: [stride  2/55] 18.9s  5 filter levels  Φ̄=1.000 x̂=(0.059, 0.294, 0.090)
[ Info:   [replan @ stride  2] 11.9s  Φ̄_plan=0.323  shape=[0.33→0.24→0.88]  ctrl_n_temp=5
[ Info:     [ 1] λ 0.000 → 0.200 (Δλ=0.200) L=64 accept=90%
[ Info:     [ 2] λ 0.200 → 0.400 (Δλ=0.200) L=64 accept=82%
[ Info:     [ 3] λ 0.400 → 0.600 (Δλ=0.200) L=64 accept=74%
[ Info:     [ 4] λ 0.600 → 0.800 (Δλ=0.200) L=64 accept=69%
[ Info:     [ 5] λ 0.800 → 1.000 (Δλ=0.200) L=64 accept=61%
[ Info: [stride  3/55] 16.7s  5 filter levels  Φ̄=0.305 x̂=(0.060, 0.275, 0.087)
[ Info:     [ 1] λ 0.000 → 0.200 (Δλ=0.200) L=64 accept=92%
[ Info:     [ 2] λ 0.200 → 0.400 (Δλ=0.200) L=32 accept=87%
[ Info:     [ 3] λ 0.400 → 0.600 (Δλ=0.200) L=64 accept=75%
[ Info:     [ 4] λ 0.600 → 0.800 (Δλ=0.200) L=64 accept=69%
[ Info:     [ 5] λ 0.800 → 1.000 (Δλ=0.200) L=32 accept=74%
[ Info: [stride  4/55] 13.8s  5 filter levels  Φ̄=0.262 x̂=(0.061, 0.254, 0.086)
[ Info:   [replan @ stride  4] 10.9s  Φ̄_plan=0.578  shape=[0.99→0.38→0.85]  ctrl_n_temp=5
[ Info:     [ 1] λ 0.000 → 0.200 (Δλ=0.200) L=32 accept=90%
[ Info:     [ 2] λ 0.200 → 0.400 (Δλ=0.200) L=64 accept=74%
[ Info:     [ 3] λ 0.400 → 0.600 (Δλ=0.200) L=64 accept=65%
[ Info:     [ 4] λ 0.600 → 0.800 (Δλ=0.200) L=32 accept=69%
[ Info:     [ 5] λ 0.800 → 1.000 (Δλ=0.200) L=64 accept=51%
[ Info: [stride  5/55] 13.9s  5 filter levels  Φ̄=0.984 x̂=(0.069, 0.250, 0.083)
[ Info:     [ 1] λ 0.000 → 0.200 (Δλ=0.200) L=64 accept=79%
[ Info:     [ 2] λ 0.200 → 0.400 (Δλ=0.200) L=64 accept=66%
[ Info:     [ 3] λ 0.400 → 0.600 (Δλ=0.200) L=64 accept=56%
[ Info:     [ 4] λ 0.600 → 0.800 (Δλ=0.200) L=32 accept=60%
[ Info:     [ 5] λ 0.800 → 1.000 (Δλ=0.200) L=64 accept=38%
[ Info: [stride  6/55] 15.1s  5 filter levels  Φ̄=0.977 x̂=(0.072, 0.247, 0.075)
[ Info:   [replan @ stride  6] 12.0s  Φ̄_plan=0.466  shape=[0.77→0.33→0.84]  ctrl_n_temp=5
[ Info:     [ 1] λ 0.000 → 0.200 (Δλ=0.200) L=64 accept=90%
[ Info:     [ 2] λ 0.200 → 0.400 (Δλ=0.200) L=64 accept=83%
[ Info:     [ 3] λ 0.400 → 0.600 (Δλ=0.200) L=64 accept=72%
[ Info:     [ 4] λ 0.600 → 0.800 (Δλ=0.200) L=64 accept=67%
[ Info:     [ 5] λ 0.800 → 1.000 (Δλ=0.200) L=32 accept=71%
[ Info: [stride  7/55] 15.3s  5 filter levels  Φ̄=0.753 x̂=(0.078, 0.242, 0.080)
[ Info:     [ 1] λ 0.000 → 0.200 (Δλ=0.200) L=64 accept=90%
[ Info:     [ 2] λ 0.200 → 0.400 (Δλ=0.200) L=64 accept=83%
[ Info:     [ 3] λ 0.400 → 0.600 (Δλ=0.200) L=64 accept=77%
[ Info:     [ 4] λ 0.600 → 0.800 (Δλ=0.200) L=32 accept=79%
[ Info:     [ 5] λ 0.800 → 1.000 (Δλ=0.200) L=32 accept=76%
[ Info: [stride  8/55] 14.0s  5 filter levels  Φ̄=0.718 x̂=(0.080, 0.231, 0.076)
[ Info:   [replan @ stride  8] 13.9s  Φ̄_plan=0.969  shape=[2.22→0.66→0.80]  ctrl_n_temp=6
[ Info:     [ 1] λ 0.000 → 0.200 (Δλ=0.200) L=64 accept=82%
[ Info:     [ 2] λ 0.200 → 0.400 (Δλ=0.200) L=64 accept=72%
[ Info:     [ 3] λ 0.400 → 0.600 (Δλ=0.200) L=32 accept=73%
[ Info:     [ 4] λ 0.600 → 0.800 (Δλ=0.200) L=32 accept=66%
[ Info:     [ 5] λ 0.800 → 1.000 (Δλ=0.200) L=64 accept=46%
[ Info: [stride  9/55] 13.5s  5 filter levels  Φ̄=2.253 x̂=(0.092, 0.242, 0.074)
[ Info:     [ 1] λ 0.000 → 0.200 (Δλ=0.200) L=32 accept=74%
[ Info:     [ 2] λ 0.200 → 0.400 (Δλ=0.200) L=32 accept=74%
[ Info:     [ 3] λ 0.400 → 0.600 (Δλ=0.200) L=64 accept=55%
[ Info:     [ 4] λ 0.600 → 0.800 (Δλ=0.200) L=32 accept=60%
[ Info:     [ 5] λ 0.800 → 1.000 (Δλ=0.200) L=32 accept=56%
[ Info: [stride 10/55] 10.9s  5 filter levels  Φ̄=2.311 x̂=(0.113, 0.265, 0.075)
[ Info:   [replan @ stride 10] 14.6s  Φ̄_plan=0.999  shape=[2.17→0.75→0.81]  ctrl_n_temp=6
[ Info:     [ 1] λ 0.000 → 0.200 (Δλ=0.200) L=32 accept=90%
[ Info:     [ 2] λ 0.200 → 0.400 (Δλ=0.200) L=64 accept=77%
[ Info:     [ 3] λ 0.400 → 0.600 (Δλ=0.200) L=64 accept=72%
[ Info:     [ 4] λ 0.600 → 0.800 (Δλ=0.200) L=64 accept=65%
[ Info:     [ 5] λ 0.800 → 1.000 (Δλ=0.200) L=64 accept=61%
[ Info: [stride 11/55] 15.1s  5 filter levels  Φ̄=2.198 x̂=(0.123, 0.277, 0.075)
[ Info:     [ 1] λ 0.000 → 0.200 (Δλ=0.200) L=64 accept=75%
[ Info:     [ 2] λ 0.200 → 0.400 (Δλ=0.200) L=32 accept=76%
[ Info:     [ 3] λ 0.400 → 0.600 (Δλ=0.200) L=32 accept=68%
[ Info:     [ 4] λ 0.600 → 0.800 (Δλ=0.200) L=64 accept=47%
[ Info:     [ 5] λ 0.800 → 1.000 (Δλ=0.200) L=64 accept=41%
[ Info: [stride 12/55] 13.7s  5 filter levels  Φ̄=2.251 x̂=(0.131, 0.291, 0.071)
[ Info:   [replan @ stride 12] 14.2s  Φ̄_plan=0.363  shape=[0.41→0.27→0.83]  ctrl_n_temp=6
[ Info:     [ 1] λ 0.000 → 0.200 (Δλ=0.200) L=32 accept=85%
[ Info:     [ 2] λ 0.200 → 0.400 (Δλ=0.200) L=64 accept=61%
[ Info:     [ 3] λ 0.400 → 0.600 (Δλ=0.200) L=32 accept=68%
[ Info:     [ 4] λ 0.600 → 0.800 (Δλ=0.200) L=64 accept=47%
[ Info:     [ 5] λ 0.800 → 1.000 (Δλ=0.200) L=64 accept=38%
[ Info: [stride 13/55] 13.7s  5 filter levels  Φ̄=0.393 x̂=(0.132, 0.281, 0.063)
[ Info:     [ 1] λ 0.000 → 0.200 (Δλ=0.200) L=64 accept=92%
[ Info:     [ 2] λ 0.200 → 0.400 (Δλ=0.200) L=64 accept=85%
[ Info:     [ 3] λ 0.400 → 0.600 (Δλ=0.200) L=64 accept=80%
[ Info:     [ 4] λ 0.600 → 0.800 (Δλ=0.200) L=64 accept=75%
[ Info:     [ 5] λ 0.800 → 1.000 (Δλ=0.200) L=64 accept=70%
[ Info: [stride 14/55] 16.6s  5 filter levels  Φ̄=0.354 x̂=(0.132, 0.266, 0.063)
[ Info:   [replan @ stride 14] 12.1s  Φ̄_plan=0.417  shape=[0.51→0.30→0.80]  ctrl_n_temp=5
[ Info:     [ 1] λ 0.000 → 0.200 (Δλ=0.200) L=64 accept=92%
[ Info:     [ 2] λ 0.200 → 0.400 (Δλ=0.200) L=64 accept=85%
[ Info:     [ 3] λ 0.400 → 0.600 (Δλ=0.200) L=64 accept=79%
[ Info:     [ 4] λ 0.600 → 0.800 (Δλ=0.200) L=64 accept=73%
[ Info:     [ 5] λ 0.800 → 1.000 (Δλ=0.200) L=64 accept=68%
[ Info: [stride 15/55] 16.6s  5 filter levels  Φ̄=0.493 x̂=(0.132, 0.256, 0.061)
[ Info:     [ 1] λ 0.000 → 0.200 (Δλ=0.200) L=64 accept=89%
[ Info:     [ 2] λ 0.200 → 0.400 (Δλ=0.200) L=64 accept=82%
[ Info:     [ 3] λ 0.400 → 0.600 (Δλ=0.200) L=64 accept=74%
[ Info:     [ 4] λ 0.600 → 0.800 (Δλ=0.200) L=64 accept=64%
[ Info:     [ 5] λ 0.800 → 1.000 (Δλ=0.200) L=32 accept=70%
[ Info: [stride 16/55] 15.0s  5 filter levels  Φ̄=0.457 x̂=(0.135, 0.242, 0.063)
[ Info:   [replan @ stride 16] 11.7s  Φ̄_plan=0.818  shape=[1.88→0.54→0.74]  ctrl_n_temp=5
[ Info:     [ 1] λ 0.000 → 0.200 (Δλ=0.200) L=64 accept=82%
[ Info:     [ 2] λ 0.200 → 0.400 (Δλ=0.200) L=64 accept=73%
[ Info:     [ 3] λ 0.400 → 0.600 (Δλ=0.200) L=32 accept=76%
[ Info:     [ 4] λ 0.600 → 0.800 (Δλ=0.200) L=64 accept=58%
[ Info:     [ 5] λ 0.800 → 1.000 (Δλ=0.200) L=64 accept=49%
[ Info: [stride 17/55] 15.4s  5 filter levels  Φ̄=1.909 x̂=(0.145, 0.256, 0.067)
[ Info:     [ 1] λ 0.000 → 0.200 (Δλ=0.200) L=64 accept=79%
[ Info:     [ 2] λ 0.200 → 0.400 (Δλ=0.200) L=64 accept=69%
[ Info:     [ 3] λ 0.400 → 0.600 (Δλ=0.200) L=64 accept=59%
[ Info:     [ 4] λ 0.600 → 0.800 (Δλ=0.200) L=32 accept=62%
[ Info:     [ 5] λ 0.800 → 1.000 (Δλ=0.200) L=64 accept=42%
[ Info: [stride 18/55] 15.0s  5 filter levels  Φ̄=1.961 x̂=(0.155, 0.271, 0.070)
[ Info:   [replan @ stride 18] 12.0s  Φ̄_plan=0.550  shape=[0.91→0.37→0.89]  ctrl_n_temp=5
[ Info:     [ 1] λ 0.000 → 0.200 (Δλ=0.200) L=64 accept=74%
[ Info:     [ 2] λ 0.200 → 0.400 (Δλ=0.200) L=64 accept=53%
[ Info:     [ 3] λ 0.400 → 0.600 (Δλ=0.200) L=64 accept=41%
[ Info:     [ 4] λ 0.600 → 0.800 (Δλ=0.200) L=64 accept=30%
[ Info:     [ 5] λ 0.800 → 1.000 (Δλ=0.200) L=32 accept=43%
[ Info: [stride 19/55] 15.2s  5 filter levels  Φ̄=0.896 x̂=(0.162, 0.262, 0.074)
[ Info:     [ 1] λ 0.000 → 0.200 (Δλ=0.200) L=64 accept=91%
[ Info:     [ 2] λ 0.200 → 0.400 (Δλ=0.200) L=64 accept=83%
[ Info:     [ 3] λ 0.400 → 0.600 (Δλ=0.200) L=32 accept=82%
[ Info:     [ 4] λ 0.600 → 0.800 (Δλ=0.200) L=64 accept=69%
[ Info:     [ 5] λ 0.800 → 1.000 (Δλ=0.200) L=64 accept=64%
[ Info: [stride 20/55] 15.3s  5 filter levels  Φ̄=0.873 x̂=(0.165, 0.255, 0.071)
[ Info:   [replan @ stride 20] 14.0s  Φ̄_plan=0.801  shape=[1.70→0.59→0.76]  ctrl_n_temp=6
[ Info:     [ 1] λ 0.000 → 0.200 (Δλ=0.200) L=64 accept=70%
[ Info:     [ 2] λ 0.200 → 0.400 (Δλ=0.200) L=64 accept=51%
[ Info:     [ 3] λ 0.400 → 0.600 (Δλ=0.200) L=64 accept=44%
[ Info:     [ 4] λ 0.600 → 0.800 (Δλ=0.200) L=64 accept=34%
[ Info:     [ 5] λ 0.800 → 1.000 (Δλ=0.200) L=64 accept=26%
[ Info: [stride 21/55] 16.4s  5 filter levels  Φ̄=1.721 x̂=(0.175, 0.265, 0.062)
[ Info:     [ 1] λ 0.000 → 0.200 (Δλ=0.200) L=64 accept=88%
[ Info:     [ 2] λ 0.200 → 0.400 (Δλ=0.200) L=32 accept=85%
[ Info:     [ 3] λ 0.400 → 0.600 (Δλ=0.200) L=64 accept=72%
[ Info:     [ 4] λ 0.600 → 0.800 (Δλ=0.200) L=64 accept=66%
[ Info:     [ 5] λ 0.800 → 1.000 (Δλ=0.200) L=64 accept=60%
[ Info: [stride 22/55] 15.5s  5 filter levels  Φ̄=1.750 x̂=(0.179, 0.270, 0.060)
[ Info:   [replan @ stride 22] 14.8s  Φ̄_plan=0.365  shape=[0.44→0.30→0.79]  ctrl_n_temp=6
[ Info:     [ 1] λ 0.000 → 0.200 (Δλ=0.200) L=64 accept=91%
[ Info:     [ 2] λ 0.200 → 0.400 (Δλ=0.200) L=32 accept=88%
[ Info:     [ 3] λ 0.400 → 0.600 (Δλ=0.200) L=32 accept=83%
[ Info:     [ 4] λ 0.600 → 0.800 (Δλ=0.200) L=64 accept=67%
[ Info:     [ 5] λ 0.800 → 1.000 (Δλ=0.200) L=64 accept=63%
[ Info: [stride 23/55] 13.9s  5 filter levels  Φ̄=0.420 x̂=(0.182, 0.252, 0.063)
[ Info:     [ 1] λ 0.000 → 0.200 (Δλ=0.200) L=64 accept=80%
[ Info:     [ 2] λ 0.200 → 0.400 (Δλ=0.200) L=64 accept=67%
[ Info:     [ 3] λ 0.400 → 0.600 (Δλ=0.200) L=32 accept=67%
[ Info:     [ 4] λ 0.600 → 0.800 (Δλ=0.200) L=32 accept=55%
[ Info:     [ 5] λ 0.800 → 1.000 (Δλ=0.200) L=32 accept=51%
[ Info: [stride 24/55] 13.1s  5 filter levels  Φ̄=0.378 x̂=(0.183, 0.241, 0.074)
[ Info:   [replan @ stride 24] 13.7s  Φ̄_plan=1.038  shape=[2.22→0.86→0.85]  ctrl_n_temp=6
[ Info:     [ 1] λ 0.000 → 0.200 (Δλ=0.200) L=64 accept=68%
[ Info:     [ 2] λ 0.200 → 0.400 (Δλ=0.200) L=64 accept=45%
[ Info:     [ 3] λ 0.400 → 0.600 (Δλ=0.200) L=64 accept=31%
[ Info:     [ 4] λ 0.600 → 0.800 (Δλ=0.200) L=16 accept=56%
[ Info:     [ 5] λ 0.800 → 1.000 (Δλ=0.200) L=64 accept=15%
[ Info: [stride 25/55] 14.7s  5 filter levels  Φ̄=2.248 x̂=(0.194, 0.252, 0.070)
[ Info:     [ 1] λ 0.000 → 0.200 (Δλ=0.200) L=64 accept=86%
[ Info:     [ 2] λ 0.200 → 0.400 (Δλ=0.200) L=64 accept=77%
[ Info:     [ 3] λ 0.400 → 0.600 (Δλ=0.200) L=64 accept=71%
[ Info:     [ 4] λ 0.600 → 0.800 (Δλ=0.200) L=64 accept=65%
[ Info:     [ 5] λ 0.800 → 1.000 (Δλ=0.200) L=64 accept=58%
[ Info: [stride 26/55] 16.6s  5 filter levels  Φ̄=2.296 x̂=(0.203, 0.264, 0.073)
[ Info:   [replan @ stride 26] 14.0s  Φ̄_plan=0.952  shape=[1.90→0.73→0.79]  ctrl_n_temp=6
[ Info:     [ 1] λ 0.000 → 0.200 (Δλ=0.200) L=64 accept=85%
[ Info:     [ 2] λ 0.200 → 0.400 (Δλ=0.200) L=64 accept=78%
[ Info:     [ 3] λ 0.400 → 0.600 (Δλ=0.200) L=64 accept=71%
[ Info:     [ 4] λ 0.600 → 0.800 (Δλ=0.200) L=64 accept=66%
[ Info:     [ 5] λ 0.800 → 1.000 (Δλ=0.200) L=32 accept=70%
[ Info: [stride 27/55] 15.5s  5 filter levels  Φ̄=1.930 x̂=(0.213, 0.276, 0.077)
[ Info:     [ 1] λ 0.000 → 0.200 (Δλ=0.200) L=64 accept=84%
[ Info:     [ 2] λ 0.200 → 0.400 (Δλ=0.200) L=64 accept=75%
[ Info:     [ 3] λ 0.400 → 0.600 (Δλ=0.200) L=64 accept=70%
[ Info:     [ 4] λ 0.600 → 0.800 (Δλ=0.200) L=32 accept=70%
[ Info:     [ 5] λ 0.800 → 1.000 (Δλ=0.200) L=64 accept=54%
[ Info: [stride 28/55] 15.2s  5 filter levels  Φ̄=1.975 x̂=(0.222, 0.291, 0.077)
[ Info:   [replan @ stride 28] 12.3s  Φ̄_plan=0.543  shape=[0.73→0.44→0.83]  ctrl_n_temp=5
[ Info:     [ 1] λ 0.000 → 0.200 (Δλ=0.200) L=64 accept=81%
[ Info:     [ 2] λ 0.200 → 0.400 (Δλ=0.200) L=64 accept=68%
[ Info:     [ 3] λ 0.400 → 0.600 (Δλ=0.200) L=64 accept=61%
[ Info:     [ 4] λ 0.600 → 0.800 (Δλ=0.200) L=32 accept=66%
[ Info:     [ 5] λ 0.800 → 1.000 (Δλ=0.200) L=64 accept=49%
[ Info: [stride 29/55] 15.2s  5 filter levels  Φ̄=0.716 x̂=(0.226, 0.291, 0.076)
[ Info:     [ 1] λ 0.000 → 0.200 (Δλ=0.200) L=64 accept=85%
[ Info:     [ 2] λ 0.200 → 0.400 (Δλ=0.200) L=64 accept=76%
[ Info:     [ 3] λ 0.400 → 0.600 (Δλ=0.200) L=64 accept=66%
[ Info:     [ 4] λ 0.600 → 0.800 (Δλ=0.200) L=64 accept=57%
[ Info:     [ 5] λ 0.800 → 1.000 (Δλ=0.200) L=32 accept=63%
[ Info: [stride 30/55] 15.4s  5 filter levels  Φ̄=0.691 x̂=(0.231, 0.273, 0.075)
[ Info:   [replan @ stride 30] 13.8s  Φ̄_plan=1.111  shape=[2.19→0.89→0.83]  ctrl_n_temp=6
[ Info:     [ 1] λ 0.000 → 0.200 (Δλ=0.200) L=64 accept=88%
[ Info:     [ 2] λ 0.200 → 0.400 (Δλ=0.200) L=64 accept=80%
[ Info:     [ 3] λ 0.400 → 0.600 (Δλ=0.200) L=64 accept=72%
[ Info:     [ 4] λ 0.600 → 0.800 (Δλ=0.200) L=64 accept=67%
[ Info:     [ 5] λ 0.800 → 1.000 (Δλ=0.200) L=32 accept=73%
[ Info: [stride 31/55] 15.5s  5 filter levels  Φ̄=2.226 x̂=(0.243, 0.292, 0.077)
[ Info:     [ 1] λ 0.000 → 0.200 (Δλ=0.200) L=32 accept=69%
[ Info:     [ 2] λ 0.200 → 0.400 (Δλ=0.200) L=32 accept=65%
[ Info:     [ 3] λ 0.400 → 0.600 (Δλ=0.200) L=32 accept=60%
[ Info:     [ 4] λ 0.600 → 0.800 (Δλ=0.200) L=64 accept=38%
[ Info:     [ 5] λ 0.800 → 1.000 (Δλ=0.200) L=16 accept=59%
[ Info: [stride 32/55] 10.6s  5 filter levels  Φ̄=2.280 x̂=(0.247, 0.290, 0.076)
[ Info:   [replan @ stride 32] 11.1s  Φ̄_plan=0.911  shape=[1.36→0.84→0.81]  ctrl_n_temp=5
[ Info:     [ 1] λ 0.000 → 0.200 (Δλ=0.200) L=64 accept=76%
[ Info:     [ 2] λ 0.200 → 0.400 (Δλ=0.200) L=64 accept=61%
[ Info:     [ 3] λ 0.400 → 0.600 (Δλ=0.200) L=32 accept=61%
[ Info:     [ 4] λ 0.600 → 0.800 (Δλ=0.200) L=32 accept=53%
[ Info:     [ 5] λ 0.800 → 1.000 (Δλ=0.200) L=64 accept=27%
[ Info: [stride 33/55] 14.0s  5 filter levels  Φ̄=1.378 x̂=(0.255, 0.294, 0.082)
[ Info:     [ 1] λ 0.000 → 0.200 (Δλ=0.200) L=32 accept=94%
[ Info:     [ 2] λ 0.200 → 0.400 (Δλ=0.200) L=64 accept=80%
[ Info:     [ 3] λ 0.400 → 0.600 (Δλ=0.200) L=64 accept=74%
[ Info:     [ 4] λ 0.600 → 0.800 (Δλ=0.200) L=32 accept=76%
[ Info:     [ 5] λ 0.800 → 1.000 (Δλ=0.200) L=32 accept=74%
[ Info: [stride 34/55] 12.7s  5 filter levels  Φ̄=1.417 x̂=(0.260, 0.298, 0.081)
[ Info:   [replan @ stride 34] 12.2s  Φ̄_plan=0.516  shape=[0.64→0.44→0.85]  ctrl_n_temp=5
[ Info:     [ 1] λ 0.000 → 0.200 (Δλ=0.200) L=64 accept=83%
[ Info:     [ 2] λ 0.200 → 0.400 (Δλ=0.200) L=64 accept=72%
[ Info:     [ 3] λ 0.400 → 0.600 (Δλ=0.200) L=64 accept=62%
[ Info:     [ 4] λ 0.600 → 0.800 (Δλ=0.200) L=64 accept=53%
[ Info:     [ 5] λ 0.800 → 1.000 (Δλ=0.200) L=32 accept=60%
[ Info: [stride 35/55] 15.1s  5 filter levels  Φ̄=0.628 x̂=(0.265, 0.286, 0.086)
[ Info:     [ 1] λ 0.000 → 0.200 (Δλ=0.200) L=64 accept=91%
[ Info:     [ 2] λ 0.200 → 0.400 (Δλ=0.200) L=64 accept=82%
[ Info:     [ 3] λ 0.400 → 0.600 (Δλ=0.200) L=32 accept=84%
[ Info:     [ 4] λ 0.600 → 0.800 (Δλ=0.200) L=64 accept=68%
[ Info:     [ 5] λ 0.800 → 1.000 (Δλ=0.200) L=32 accept=74%
[ Info: [stride 36/55] 13.9s  5 filter levels  Φ̄=0.594 x̂=(0.263, 0.277, 0.086)
[ Info:   [replan @ stride 36] 12.0s  Φ̄_plan=0.555  shape=[0.76→0.47→0.89]  ctrl_n_temp=5
[ Info:     [ 1] λ 0.000 → 0.200 (Δλ=0.200) L=64 accept=87%
[ Info:     [ 2] λ 0.200 → 0.400 (Δλ=0.200) L=64 accept=77%
[ Info:     [ 3] λ 0.400 → 0.600 (Δλ=0.200) L=64 accept=69%
[ Info:     [ 4] λ 0.600 → 0.800 (Δλ=0.200) L=64 accept=61%
[ Info:     [ 5] λ 0.800 → 1.000 (Δλ=0.200) L=64 accept=55%
[ Info: [stride 37/55] 16.4s  5 filter levels  Φ̄=0.742 x̂=(0.269, 0.265, 0.087)
[ Info:     [ 1] λ 0.000 → 0.200 (Δλ=0.200) L=64 accept=78%
[ Info:     [ 2] λ 0.200 → 0.400 (Δλ=0.200) L=64 accept=59%
[ Info:     [ 3] λ 0.400 → 0.600 (Δλ=0.200) L=32 accept=60%
[ Info:     [ 4] λ 0.600 → 0.800 (Δλ=0.200) L=64 accept=35%
[ Info:     [ 5] λ 0.800 → 1.000 (Δλ=0.200) L=64 accept=28%
[ Info: [stride 38/55] 15.2s  5 filter levels  Φ̄=0.710 x̂=(0.273, 0.253, 0.094)
[ Info:   [replan @ stride 38] 13.7s  Φ̄_plan=2.327  shape=[2.48→2.53→1.12]  ctrl_n_temp=6
[ Info:     [ 1] λ 0.000 → 0.200 (Δλ=0.200) L=64 accept=85%
[ Info:     [ 2] λ 0.200 → 0.400 (Δλ=0.200) L=32 accept=84%
[ Info:     [ 3] λ 0.400 → 0.600 (Δλ=0.200) L=64 accept=67%
[ Info:     [ 4] λ 0.600 → 0.800 (Δλ=0.200) L=64 accept=61%
[ Info:     [ 5] λ 0.800 → 1.000 (Δλ=0.200) L=32 accept=68%
[ Info: [stride 39/55] 14.0s  5 filter levels  Φ̄=2.531 x̂=(0.290, 0.272, 0.100)
[ Info:     [ 1] λ 0.000 → 0.200 (Δλ=0.200) L=64 accept=79%
[ Info:     [ 2] λ 0.200 → 0.400 (Δλ=0.200) L=64 accept=71%
[ Info:     [ 3] λ 0.400 → 0.600 (Δλ=0.200) L=64 accept=65%
[ Info:     [ 4] λ 0.600 → 0.800 (Δλ=0.200) L=64 accept=61%
[ Info:     [ 5] λ 0.800 → 1.000 (Δλ=0.200) L=32 accept=66%
[ Info: [stride 40/55] 15.2s  5 filter levels  Φ̄=2.620 x̂=(0.296, 0.295, 0.100)
[ Info:   [replan @ stride 40] 11.8s  Φ̄_plan=0.586  shape=[0.62→0.59→0.79]  ctrl_n_temp=5
[ Info:     [ 1] λ 0.000 → 0.200 (Δλ=0.200) L=64 accept=88%
[ Info:     [ 2] λ 0.200 → 0.400 (Δλ=0.200) L=32 accept=85%
[ Info:     [ 3] λ 0.400 → 0.600 (Δλ=0.200) L=64 accept=75%
[ Info:     [ 4] λ 0.600 → 0.800 (Δλ=0.200) L=64 accept=69%
[ Info:     [ 5] λ 0.800 → 1.000 (Δλ=0.200) L=32 accept=74%
[ Info: [stride 41/55] 13.9s  5 filter levels  Φ̄=0.611 x̂=(0.293, 0.275, 0.104)
[ Info:     [ 1] λ 0.000 → 0.200 (Δλ=0.200) L=64 accept=89%
[ Info:     [ 2] λ 0.200 → 0.400 (Δλ=0.200) L=64 accept=82%
[ Info:     [ 3] λ 0.400 → 0.600 (Δλ=0.200) L=64 accept=74%
[ Info:     [ 4] λ 0.600 → 0.800 (Δλ=0.200) L=64 accept=65%
[ Info:     [ 5] λ 0.800 → 1.000 (Δλ=0.200) L=64 accept=60%
[ Info: [stride 42/55] 16.5s  5 filter levels  Φ̄=0.592 x̂=(0.296, 0.267, 0.106)
[ Info:   [replan @ stride 42] 11.7s  Φ̄_plan=1.024  shape=[1.48→1.11→0.84]  ctrl_n_temp=5
[ Info:     [ 1] λ 0.000 → 0.200 (Δλ=0.200) L=64 accept=83%
[ Info:     [ 2] λ 0.200 → 0.400 (Δλ=0.200) L=64 accept=70%
[ Info:     [ 3] λ 0.400 → 0.600 (Δλ=0.200) L=64 accept=64%
[ Info:     [ 4] λ 0.600 → 0.800 (Δλ=0.200) L=64 accept=56%
[ Info:     [ 5] λ 0.800 → 1.000 (Δλ=0.200) L=64 accept=48%
[ Info: [stride 43/55] 16.9s  5 filter levels  Φ̄=1.495 x̂=(0.307, 0.269, 0.115)
[ Info:     [ 1] λ 0.000 → 0.200 (Δλ=0.200) L=64 accept=86%
[ Info:     [ 2] λ 0.200 → 0.400 (Δλ=0.200) L=64 accept=78%
[ Info:     [ 3] λ 0.400 → 0.600 (Δλ=0.200) L=64 accept=68%
[ Info:     [ 4] λ 0.600 → 0.800 (Δλ=0.200) L=64 accept=59%
[ Info:     [ 5] λ 0.800 → 1.000 (Δλ=0.200) L=64 accept=51%
[ Info: [stride 44/55] 16.8s  5 filter levels  Φ̄=1.528 x̂=(0.312, 0.269, 0.117)
[ Info:   [replan @ stride 44] 13.8s  Φ̄_plan=1.884  shape=[2.13→2.05→1.05]  ctrl_n_temp=6
[ Info:     [ 1] λ 0.000 → 0.200 (Δλ=0.200) L=64 accept=77%
[ Info:     [ 2] λ 0.200 → 0.400 (Δλ=0.200) L=64 accept=63%
[ Info:     [ 3] λ 0.400 → 0.600 (Δλ=0.200) L=32 accept=67%
[ Info:     [ 4] λ 0.600 → 0.800 (Δλ=0.200) L=64 accept=43%
[ Info:     [ 5] λ 0.800 → 1.000 (Δλ=0.200) L=32 accept=54%
[ Info: [stride 45/55] 13.9s  5 filter levels  Φ̄=2.178 x̂=(0.321, 0.283, 0.112)
[ Info:     [ 1] λ 0.000 → 0.200 (Δλ=0.200) L=64 accept=80%
[ Info:     [ 2] λ 0.200 → 0.400 (Δλ=0.200) L=64 accept=69%
[ Info:     [ 3] λ 0.400 → 0.600 (Δλ=0.200) L=64 accept=59%
[ Info:     [ 4] λ 0.600 → 0.800 (Δλ=0.200) L=32 accept=68%
[ Info:     [ 5] λ 0.800 → 1.000 (Δλ=0.200) L=32 accept=62%
[ Info: [stride 46/55] 13.8s  5 filter levels  Φ̄=2.266 x̂=(0.337, 0.293, 0.120)
[ Info:   [replan @ stride 46] 14.3s  Φ̄_plan=1.883  shape=[2.17→2.00→1.04]  ctrl_n_temp=6
[ Info:     [ 1] λ 0.000 → 0.200 (Δλ=0.200) L=64 accept=81%
[ Info:     [ 2] λ 0.200 → 0.400 (Δλ=0.200) L=64 accept=75%
[ Info:     [ 3] λ 0.400 → 0.600 (Δλ=0.200) L=64 accept=67%
[ Info:     [ 4] λ 0.600 → 0.800 (Δλ=0.200) L=64 accept=61%
[ Info:     [ 5] λ 0.800 → 1.000 (Δλ=0.200) L=64 accept=52%
[ Info: [stride 47/55] 16.5s  5 filter levels  Φ̄=2.215 x̂=(0.352, 0.301, 0.118)
[ Info:     [ 1] λ 0.000 → 0.200 (Δλ=0.200) L=64 accept=60%
[ Info:     [ 2] λ 0.200 → 0.400 (Δλ=0.200) L=64 accept=47%
[ Info:     [ 3] λ 0.400 → 0.600 (Δλ=0.200) L=32 accept=54%
[ Info:     [ 4] λ 0.600 → 0.800 (Δλ=0.200) L=64 accept=25%
[ Info:     [ 5] λ 0.800 → 1.000 (Δλ=0.200) L=16 accept=53%
[ Info: [stride 48/55] 13.2s  5 filter levels  Φ̄=2.301 x̂=(0.354, 0.307, 0.127)
[ Info:   [replan @ stride 48] 13.9s  Φ̄_plan=1.370  shape=[1.32→1.66→0.88]  ctrl_n_temp=6
[ Info:     [ 1] λ 0.000 → 0.200 (Δλ=0.200) L=32 accept=79%
[ Info:     [ 2] λ 0.200 → 0.400 (Δλ=0.200) L=64 accept=44%
[ Info:     [ 3] λ 0.400 → 0.600 (Δλ=0.200) L=32 accept=45%
[ Info:     [ 4] λ 0.600 → 0.800 (Δλ=0.200) L=64 accept=15%
[ Info:     [ 5] λ 0.800 → 1.000 (Δλ=0.200) L=16 accept=43%
[ Info: [stride 49/55] 11.9s  5 filter levels  Φ̄=1.345 x̂=(0.365, 0.304, 0.137)
[ Info:     [ 1] λ 0.000 → 0.200 (Δλ=0.200) L=64 accept=81%
[ Info:     [ 2] λ 0.200 → 0.400 (Δλ=0.200) L=64 accept=67%
[ Info:     [ 3] λ 0.400 → 0.600 (Δλ=0.200) L=64 accept=56%
[ Info:     [ 4] λ 0.600 → 0.800 (Δλ=0.200) L=64 accept=49%
[ Info:     [ 5] λ 0.800 → 1.000 (Δλ=0.200) L=64 accept=40%
[ Info: [stride 50/55] 16.7s  5 filter levels  Φ̄=1.392 x̂=(0.372, 0.304, 0.136)
[ Info:   [replan @ stride 50] 12.2s  Φ̄_plan=1.452  shape=[1.53→1.74→0.94]  ctrl_n_temp=5
[ Info:     [ 1] λ 0.000 → 0.200 (Δλ=0.200) L=64 accept=74%
[ Info:     [ 2] λ 0.200 → 0.400 (Δλ=0.200) L=32 accept=68%
[ Info:     [ 3] λ 0.400 → 0.600 (Δλ=0.200) L=64 accept=46%
[ Info:     [ 4] λ 0.600 → 0.800 (Δλ=0.200) L=32 accept=53%
[ Info:     [ 5] λ 0.800 → 1.000 (Δλ=0.200) L=64 accept=29%
[ Info: [stride 51/55] 13.9s  5 filter levels  Φ̄=1.552 x̂=(0.375, 0.310, 0.139)
[ Info:     [ 1] λ 0.000 → 0.200 (Δλ=0.200) L=64 accept=57%
[ Info:     [ 2] λ 0.200 → 0.400 (Δλ=0.200) L=16 accept=62%
[ Info:     [ 3] λ 0.400 → 0.600 (Δλ=0.200) L=16 accept=51%
[ Info:     [ 4] λ 0.600 → 0.800 (Δλ=0.200) L=16 accept=39%
[ Info:     [ 5] λ 0.800 → 1.000 (Δλ=0.200) L=32 accept=13%
[ Info: [stride 52/55] 9.6s  5 filter levels  Φ̄=1.603 x̂=(0.379, 0.308, 0.147)
[ Info:   [replan @ stride 52] 12.4s  Φ̄_plan=0.876  shape=[0.66→1.12→0.79]  ctrl_n_temp=5
[ Info:     [ 1] λ 0.000 → 0.200 (Δλ=0.200) L=64 accept=67%
[ Info:     [ 2] λ 0.200 → 0.400 (Δλ=0.200) L=64 accept=49%
[ Info:     [ 3] λ 0.400 → 0.600 (Δλ=0.200) L=32 accept=57%
[ Info:     [ 4] λ 0.600 → 0.800 (Δλ=0.200) L=64 accept=30%
[ Info:     [ 5] λ 0.800 → 1.000 (Δλ=0.200) L=64 accept=29%
[ Info: [stride 53/55] 15.4s  5 filter levels  Φ̄=0.647 x̂=(0.374, 0.293, 0.154)
[ Info:     [ 1] λ 0.000 → 0.200 (Δλ=0.200) L=64 accept=67%
[ Info:     [ 2] λ 0.200 → 0.400 (Δλ=0.200) L=64 accept=49%
[ Info:     [ 3] λ 0.400 → 0.600 (Δλ=0.200) L=64 accept=37%
[ Info:     [ 4] λ 0.600 → 0.800 (Δλ=0.200) L=64 accept=27%
[ Info:     [ 5] λ 0.800 → 1.000 (Δλ=0.200) L=64 accept=19%
[ Info: [stride 54/55] 16.4s  5 filter levels  Φ̄=0.637 x̂=(0.379, 0.277, 0.151)
[ Info:   [replan @ stride 54] 12.1s  Φ̄_plan=1.413  shape=[1.51→1.72→0.93]  ctrl_n_temp=5
[ Info:     [ 1] λ 0.000 → 0.200 (Δλ=0.200) L=64 accept=84%
[ Info:     [ 2] λ 0.200 → 0.400 (Δλ=0.200) L=32 accept=79%
[ Info:     [ 3] λ 0.400 → 0.600 (Δλ=0.200) L=64 accept=60%
[ Info:     [ 4] λ 0.600 → 0.800 (Δλ=0.200) L=64 accept=50%
[ Info:     [ 5] λ 0.800 → 1.000 (Δλ=0.200) L=32 accept=59%
[ Info: [stride 55/55] 13.7s  5 filter levels  Φ̄=1.541 x̂=(0.385, 0.279, 0.152)
[ Info: Total wall time: 1148.2 s
[ Info: wrote /home/ajay/Repos/python-smc2-filtering-control/compare_v15_julia_vs_python/example_run/julia_horizon_sweep_2026-05-09_filter_hmc_unified/T28d_seed42/data.jld2
[ Info: wrote /home/ajay/Repos/python-smc2-filtering-control/compare_v15_julia_vs_python/example_run/julia_horizon_sweep_2026-05-09_filter_hmc_unified/T28d_seed42/per_stride.csv
[ Info: wrote /home/ajay/Repos/python-smc2-filtering-control/compare_v15_julia_vs_python/example_run/julia_horizon_sweep_2026-05-09_filter_hmc_unified/T28d_seed42/controller_diagnostics.csv
[ Info: wrote manifest.json + experiment_run.md
┌ Warning: plot_state_traces.jl not found at /home/ajay/Repos/python-smc2-filtering-control/version_1_5_Julia/../version_2_Julia/tools/plot_state_traces.jl; skipping auto-plot
└ @ Main ~/Repos/python-smc2-filtering-control/version_1_5_Julia/tools/bench_smc_full_mpc_fsa_gpu.jl:1059
[ Info: wrote /home/ajay/Repos/python-smc2-filtering-control/compare_v15_julia_vs_python/example_run/julia_horizon_sweep_2026-05-09_filter_hmc_unified/T28d_seed42/v15_T28d_param_traces.png
Could not create decoration from factory! Running with no decorations.
Could not create decoration from factory! Running with no decorations.
[ Info: wrote /home/ajay/Repos/python-smc2-filtering-control/compare_v15_julia_vs_python/example_run/julia_horizon_sweep_2026-05-09_filter_hmc_unified/T28d_seed42/v15_T28d_traces.png
Traceback (most recent call last):
  File "/home/ajay/Repos/python-smc2-filtering-control/compare_v15_julia_vs_python/src/extract_horizon_results.py", line 32, in <module>
    import h5py
ModuleNotFoundError: No module named 'h5py'
