Script started on 2026-05-08 00:13:04+01:00 [COMMAND="JULIA_NUM_THREADS=4 nice -n 5 julia --project=. tools/bench_smc_full_mpc_fsa_gpu.jl --step-minutes 60 --replan-K 2 --T-days 14 --N-smc 64 --K-per-chain 800 --seed 42 --output-dir /home/ajay/Repos/python-smc2-filtering-control/version_2_Julia/outputs/fsa_high_res/gpu_saturation_sweep/2026-05-07_2357/N64_K800/bench_output" <not executed on terminal>]
]0;Julia]0;Julia[ Info: loading model + framework (FSA_STEP_MINUTES=60)...
[ Info: config: T=14d, step=60min, BINS_PER_DAY=24, WINDOW=24, STRIDE=12, n_strides=27
[ Info: GPU device: NVIDIA GeForce RTX 5090
[ Info: building MPC and baseline plants...
[ Info:   mpc plant init state: B=0.05, F=0.3, A=0.1
[ Info: building GPU target: N_SMC=64, K_per_chain=800, M_max=3904
[ Info: prior means (first 5): [3.738, 1.851, -4.384, -3.507, -0.916]
[ Info: running closed-loop MPC SMC² (27 windows, replan every K=2)...
[ Info:   [ 1] λ 0.000 → 0.094  (Δλ=0.094)  L=8  accept=96%
[ Info:   [ 2] λ 0.094 → 0.194  (Δλ=0.100)  L=8  accept=95%
[ Info:   [ 3] λ 0.194 → 0.294  (Δλ=0.100)  L=8  accept=96%
[ Info:   [ 4] λ 0.294 → 0.394  (Δλ=0.100)  L=8  accept=96%
[ Info:   [ 5] λ 0.394 → 0.494  (Δλ=0.100)  L=8  accept=96%
[ Info:   [ 6] λ 0.494 → 0.594  (Δλ=0.100)  L=8  accept=95%
[ Info:   [ 7] λ 0.594 → 0.694  (Δλ=0.100)  L=8  accept=97%
[ Info:   [ 8] λ 0.694 → 0.794  (Δλ=0.100)  L=8  accept=95%
[ Info:   [ 9] λ 0.794 → 0.894  (Δλ=0.100)  L=8  accept=96%
[ Info:   [10] λ 0.894 → 0.994  (Δλ=0.100)  L=8  accept=95%
[ Info:   [11] λ 0.994 → 1.000  (Δλ=0.006)  L=8  accept=95%
[ Info: [stride  1/27] 19.6s  11 filter levels  Φ=1.000  x̂=(0.058, 0.288, 0.100)
[ Info:   [ 1] λ 0.000 → 0.100  (Δλ=0.100)  L=8  accept=92%
[ Info:   [ 2] λ 0.100 → 0.200  (Δλ=0.100)  L=8  accept=94%
[ Info:   [ 3] λ 0.200 → 0.300  (Δλ=0.100)  L=8  accept=94%
[ Info:   [ 4] λ 0.300 → 0.400  (Δλ=0.100)  L=8  accept=96%
[ Info:   [ 5] λ 0.400 → 0.500  (Δλ=0.100)  L=8  accept=95%
[ Info:   [ 6] λ 0.500 → 0.600  (Δλ=0.100)  L=8  accept=93%
[ Info:   [ 7] λ 0.600 → 0.700  (Δλ=0.100)  L=8  accept=91%
[ Info:   [ 8] λ 0.700 → 0.800  (Δλ=0.100)  L=8  accept=94%
[ Info:   [ 9] λ 0.800 → 0.900  (Δλ=0.100)  L=8  accept=93%
[ Info:   [10] λ 0.900 → 1.000  (Δλ=0.100)  L=8  accept=94%
[ Info:   [end-of-stride  2 replan] GPU 5 levels, 14.0s, Phi mean=0.336  shape=[0.26→0.14→0.23→0.48→0.84]
[ Info: [stride  2/27] 20.0s  10 filter levels  Φ=1.000  x̂=(0.068, 0.279, 0.098)
[ Info:   [ 1] λ 0.000 → 0.100  (Δλ=0.100)  L=8  accept=96%
[ Info:   [ 2] λ 0.100 → 0.200  (Δλ=0.100)  L=8  accept=95%
[ Info:   [ 3] λ 0.200 → 0.300  (Δλ=0.100)  L=8  accept=97%
[ Info:   [ 4] λ 0.300 → 0.400  (Δλ=0.100)  L=8  accept=96%
[ Info:   [ 5] λ 0.400 → 0.500  (Δλ=0.100)  L=8  accept=97%
[ Info:   [ 6] λ 0.500 → 0.600  (Δλ=0.100)  L=8  accept=96%
[ Info:   [ 7] λ 0.600 → 0.700  (Δλ=0.100)  L=8  accept=96%
[ Info:   [ 8] λ 0.700 → 0.800  (Δλ=0.100)  L=8  accept=94%
[ Info:   [ 9] λ 0.800 → 0.900  (Δλ=0.100)  L=8  accept=94%
[ Info:   [10] λ 0.900 → 1.000  (Δλ=0.100)  L=8  accept=97%
[ Info: [stride  3/27] 5.1s  10 filter levels  Φ=0.236  x̂=(0.072, 0.273, 0.100)
[ Info:   [ 1] λ 0.000 → 0.100  (Δλ=0.100)  L=8  accept=96%
[ Info:   [ 2] λ 0.100 → 0.200  (Δλ=0.100)  L=8  accept=97%
[ Info:   [ 3] λ 0.200 → 0.300  (Δλ=0.100)  L=8  accept=96%
[ Info:   [ 4] λ 0.300 → 0.400  (Δλ=0.100)  L=8  accept=97%
[ Info:   [ 5] λ 0.400 → 0.500  (Δλ=0.100)  L=8  accept=94%
[ Info:   [ 6] λ 0.500 → 0.600  (Δλ=0.100)  L=8  accept=97%
[ Info:   [ 7] λ 0.600 → 0.700  (Δλ=0.100)  L=8  accept=95%
[ Info:   [ 8] λ 0.700 → 0.800  (Δλ=0.100)  L=8  accept=96%
[ Info:   [ 9] λ 0.800 → 0.900  (Δλ=0.100)  L=8  accept=97%
[ Info:   [10] λ 0.900 → 1.000  (Δλ=0.100)  L=8  accept=97%
[ Info:   [end-of-stride  4 replan] GPU 5 levels, 14.8s, Phi mean=0.300  shape=[0.25→0.12→0.20→0.42→0.79]
[ Info: [stride  4/27] 19.9s  10 filter levels  Φ=0.192  x̂=(0.075, 0.240, 0.094)
[ Info:   [ 1] λ 0.000 → 0.100  (Δλ=0.100)  L=8  accept=94%
[ Info:   [ 2] λ 0.100 → 0.200  (Δλ=0.100)  L=8  accept=96%
[ Info:   [ 3] λ 0.200 → 0.300  (Δλ=0.100)  L=8  accept=96%
[ Info:   [ 4] λ 0.300 → 0.400  (Δλ=0.100)  L=8  accept=96%
[ Info:   [ 5] λ 0.400 → 0.500  (Δλ=0.100)  L=8  accept=98%
[ Info:   [ 6] λ 0.500 → 0.600  (Δλ=0.100)  L=8  accept=97%
[ Info:   [ 7] λ 0.600 → 0.700  (Δλ=0.100)  L=8  accept=95%
[ Info:   [ 8] λ 0.700 → 0.800  (Δλ=0.100)  L=8  accept=96%
[ Info:   [ 9] λ 0.800 → 0.900  (Δλ=0.100)  L=8  accept=96%
[ Info:   [10] λ 0.900 → 1.000  (Δλ=0.100)  L=8  accept=97%
[ Info: [stride  5/27] 4.8s  10 filter levels  Φ=0.224  x̂=(0.078, 0.226, 0.093)
