[ Info: loading model + framework (FSA_STEP_MINUTES=60)...
[ Info: config: T=42d step=60min BINS_PER_DAY=24 WINDOW=24 STRIDE=12 n_strides=83  open_loop=false
[ Info: GPU device: NVIDIA GeForce RTX 5090
[ Info: filter target: N_SMC=512 K_per_chain=1000 d=10 M_max=10752
[ Info: filter target: OT rescue DISABLED (ot-max-weight = 0.0, fast path)
[ Info: controller cfg: n_smc=1024 n_inner=64 num_mcmc=8 hmc_leap=16 chees=[16, 32, 64, 128, 256, 512] max_levels=40
[ Info: [stride  1/83] 0.0s  warming up (hist=12/24) Φ̄=1.000 x̂=(0.055, 0.296, 0.095)
[ Info:     [ 1] λ 0.000 → 0.200 (Δλ=0.200) L=64 accept=76%
[ Info:     [ 2] λ 0.200 → 0.400 (Δλ=0.200) L=64 accept=57%
[ Info:     [ 3] λ 0.400 → 0.600 (Δλ=0.200) L=32 accept=62%
[ Info:     [ 4] λ 0.600 → 0.800 (Δλ=0.200) L=32 accept=57%
[ Info:     [ 5] λ 0.800 → 1.000 (Δλ=0.200) L=32 accept=49%
[ Info: [stride  2/83] 20.0s  5 filter levels  Φ̄=1.000 x̂=(0.059, 0.294, 0.090)
[ Info:   [replan @ stride  2] 18.9s  Φ̄_plan=2.509  shape=[2.55→2.72→1.31]  ctrl_n_temp=6
[ Info:     [ 1] λ 0.000 → 0.200 (Δλ=0.200) L=64 accept=88%
[ Info:     [ 2] λ 0.200 → 0.400 (Δλ=0.200) L=64 accept=79%
[ Info:     [ 3] λ 0.400 → 0.600 (Δλ=0.200) L=64 accept=71%
[ Info:     [ 4] λ 0.600 → 0.800 (Δλ=0.200) L=64 accept=65%
[ Info:     [ 5] λ 0.800 → 1.000 (Δλ=0.200) L=64 accept=60%
[ Info: [stride  3/83] 16.5s  5 filter levels  Φ̄=2.581 x̂=(0.073, 0.308, 0.087)
[ Info:     [ 1] λ 0.000 → 0.200 (Δλ=0.200) L=64 accept=82%
[ Info:     [ 2] λ 0.200 → 0.400 (Δλ=0.200) L=32 accept=82%
[ Info:     [ 3] λ 0.400 → 0.600 (Δλ=0.200) L=32 accept=76%
[ Info:     [ 4] λ 0.600 → 0.800 (Δλ=0.200) L=64 accept=61%
[ Info:     [ 5] λ 0.800 → 1.000 (Δλ=0.200) L=32 accept=66%
[ Info: [stride  4/83] 12.6s  5 filter levels  Φ̄=2.646 x̂=(0.090, 0.318, 0.086)
[ Info:   [replan @ stride  4] 18.4s  Φ̄_plan=2.667  shape=[2.57→2.82→1.56]  ctrl_n_temp=6
[ Info:     [ 1] λ 0.000 → 0.200 (Δλ=0.200) L=32 accept=86%
[ Info:     [ 2] λ 0.200 → 0.400 (Δλ=0.200) L=64 accept=69%
[ Info:     [ 3] λ 0.400 → 0.600 (Δλ=0.200) L=64 accept=62%
[ Info:     [ 4] λ 0.600 → 0.800 (Δλ=0.200) L=64 accept=54%
[ Info:     [ 5] λ 0.800 → 1.000 (Δλ=0.200) L=32 accept=61%
[ Info: [stride  5/83] 14.2s  5 filter levels  Φ̄=2.604 x̂=(0.108, 0.334, 0.082)
[ Info:     [ 1] λ 0.000 → 0.200 (Δλ=0.200) L=64 accept=70%
[ Info:     [ 2] λ 0.200 → 0.400 (Δλ=0.200) L=64 accept=57%
[ Info:     [ 3] λ 0.400 → 0.600 (Δλ=0.200) L=64 accept=46%
[ Info:     [ 4] λ 0.600 → 0.800 (Δλ=0.200) L=32 accept=55%
[ Info:     [ 5] λ 0.800 → 1.000 (Δλ=0.200) L=64 accept=31%
[ Info: [stride  6/83] 15.3s  5 filter levels  Φ̄=2.669 x̂=(0.121, 0.350, 0.074)
[ Info:   [replan @ stride  6] 19.1s  Φ̄_plan=2.614  shape=[2.56→2.78→1.48]  ctrl_n_temp=6
[ Info:     [ 1] λ 0.000 → 0.200 (Δλ=0.200) L=64 accept=84%
[ Info:     [ 2] λ 0.200 → 0.400 (Δλ=0.200) L=64 accept=74%
[ Info:     [ 3] λ 0.400 → 0.600 (Δλ=0.200) L=64 accept=65%
[ Info:     [ 4] λ 0.600 → 0.800 (Δλ=0.200) L=64 accept=60%
[ Info:     [ 5] λ 0.800 → 1.000 (Δλ=0.200) L=32 accept=65%
[ Info: [stride  7/83] 15.5s  5 filter levels  Φ̄=2.598 x̂=(0.138, 0.364, 0.077)
[ Info:     [ 1] λ 0.000 → 0.200 (Δλ=0.200) L=64 accept=83%
[ Info:     [ 2] λ 0.200 → 0.400 (Δλ=0.200) L=32 accept=81%
[ Info:     [ 3] λ 0.400 → 0.600 (Δλ=0.200) L=64 accept=67%
[ Info:     [ 4] λ 0.600 → 0.800 (Δλ=0.200) L=64 accept=60%
[ Info:     [ 5] λ 0.800 → 1.000 (Δλ=0.200) L=32 accept=66%
[ Info: [stride  8/83] 13.9s  5 filter levels  Φ̄=2.662 x̂=(0.151, 0.371, 0.072)
[ Info:   [replan @ stride  8] 18.3s  Φ̄_plan=2.666  shape=[2.57→2.80→1.57]  ctrl_n_temp=6
[ Info:     [ 1] λ 0.000 → 0.200 (Δλ=0.200) L=64 accept=81%
[ Info:     [ 2] λ 0.200 → 0.400 (Δλ=0.200) L=64 accept=65%
[ Info:     [ 3] λ 0.400 → 0.600 (Δλ=0.200) L=32 accept=67%
[ Info:     [ 4] λ 0.600 → 0.800 (Δλ=0.200) L=64 accept=44%
[ Info:     [ 5] λ 0.800 → 1.000 (Δλ=0.200) L=64 accept=39%
[ Info: [stride  9/83] 15.3s  5 filter levels  Φ̄=2.607 x̂=(0.164, 0.377, 0.070)
[ Info:     [ 1] λ 0.000 → 0.200 (Δλ=0.200) L=32 accept=74%
[ Info:     [ 2] λ 0.200 → 0.400 (Δλ=0.200) L=64 accept=56%
[ Info:     [ 3] λ 0.400 → 0.600 (Δλ=0.200) L=32 accept=62%
[ Info:     [ 4] λ 0.600 → 0.800 (Δλ=0.200) L=32 accept=54%
[ Info:     [ 5] λ 0.800 → 1.000 (Δλ=0.200) L=32 accept=49%
[ Info: [stride 10/83] 11.2s  5 filter levels  Φ̄=2.669 x̂=(0.187, 0.396, 0.069)
[ Info:   [replan @ stride 10] 18.2s  Φ̄_plan=2.504  shape=[2.50→2.73→1.33]  ctrl_n_temp=6
[ Info:     [ 1] λ 0.000 → 0.200 (Δλ=0.200) L=64 accept=85%
[ Info:     [ 2] λ 0.200 → 0.400 (Δλ=0.200) L=64 accept=73%
[ Info:     [ 3] λ 0.400 → 0.600 (Δλ=0.200) L=64 accept=66%
[ Info:     [ 4] λ 0.600 → 0.800 (Δλ=0.200) L=32 accept=70%
[ Info:     [ 5] λ 0.800 → 1.000 (Δλ=0.200) L=32 accept=66%
[ Info: [stride 11/83] 13.9s  5 filter levels  Φ̄=2.532 x̂=(0.197, 0.404, 0.069)
[ Info:     [ 1] λ 0.000 → 0.200 (Δλ=0.200) L=64 accept=74%
[ Info:     [ 2] λ 0.200 → 0.400 (Δλ=0.200) L=32 accept=74%
[ Info:     [ 3] λ 0.400 → 0.600 (Δλ=0.200) L=32 accept=63%
[ Info:     [ 4] λ 0.600 → 0.800 (Δλ=0.200) L=64 accept=40%
[ Info:     [ 5] λ 0.800 → 1.000 (Δλ=0.200) L=16 accept=63%
[ Info: [stride 12/83] 12.3s  5 filter levels  Φ̄=2.600 x̂=(0.207, 0.414, 0.064)
[ Info:   [replan @ stride 12] 18.5s  Φ̄_plan=2.631  shape=[2.57→2.80→1.47]  ctrl_n_temp=6
[ Info:     [ 1] λ 0.000 → 0.200 (Δλ=0.200) L=32 accept=80%
[ Info:     [ 2] λ 0.200 → 0.400 (Δλ=0.200) L=64 accept=53%
[ Info:     [ 3] λ 0.400 → 0.600 (Δλ=0.200) L=64 accept=46%
[ Info:     [ 4] λ 0.600 → 0.800 (Δλ=0.200) L=16 accept=67%
[ Info:     [ 5] λ 0.800 → 1.000 (Δλ=0.200) L=32 accept=45%
[ Info: [stride 13/83] 11.7s  5 filter levels  Φ̄=2.605 x̂=(0.220, 0.428, 0.056)
[ Info:     [ 1] λ 0.000 → 0.200 (Δλ=0.200) L=32 accept=91%
[ Info:     [ 2] λ 0.200 → 0.400 (Δλ=0.200) L=64 accept=80%
[ Info:     [ 3] λ 0.400 → 0.600 (Δλ=0.200) L=64 accept=74%
[ Info:     [ 4] λ 0.600 → 0.800 (Δλ=0.200) L=64 accept=68%
[ Info:     [ 5] λ 0.800 → 1.000 (Δλ=0.200) L=64 accept=65%
[ Info: [stride 14/83] 15.2s  5 filter levels  Φ̄=2.668 x̂=(0.232, 0.437, 0.055)
[ Info:   [replan @ stride 14] 18.1s  Φ̄_plan=2.603  shape=[2.56→2.77→1.37]  ctrl_n_temp=6
[ Info:     [ 1] λ 0.000 → 0.200 (Δλ=0.200) L=64 accept=85%
[ Info:     [ 2] λ 0.200 → 0.400 (Δλ=0.200) L=64 accept=80%
[ Info:     [ 3] λ 0.400 → 0.600 (Δλ=0.200) L=64 accept=74%
[ Info:     [ 4] λ 0.600 → 0.800 (Δλ=0.200) L=64 accept=65%
[ Info:     [ 5] λ 0.800 → 1.000 (Δλ=0.200) L=64 accept=63%
[ Info: [stride 15/83] 16.7s  5 filter levels  Φ̄=2.591 x̂=(0.244, 0.445, 0.052)
[ Info:     [ 1] λ 0.000 → 0.200 (Δλ=0.200) L=64 accept=80%
[ Info:     [ 2] λ 0.200 → 0.400 (Δλ=0.200) L=64 accept=71%
[ Info:     [ 3] λ 0.400 → 0.600 (Δλ=0.200) L=64 accept=65%
[ Info:     [ 4] λ 0.600 → 0.800 (Δλ=0.200) L=64 accept=57%
[ Info:     [ 5] λ 0.800 → 1.000 (Δλ=0.200) L=64 accept=50%
[ Info: [stride 16/83] 16.7s  5 filter levels  Φ̄=2.656 x̂=(0.260, 0.448, 0.053)
[ Info:   [replan @ stride 16] 19.3s  Φ̄_plan=2.659  shape=[2.56→2.81→1.54]  ctrl_n_temp=6
[ Info:     [ 1] λ 0.000 → 0.200 (Δλ=0.200) L=32 accept=83%
[ Info:     [ 2] λ 0.200 → 0.400 (Δλ=0.200) L=64 accept=62%
[ Info:     [ 3] λ 0.400 → 0.600 (Δλ=0.200) L=64 accept=51%
[ Info:     [ 4] λ 0.600 → 0.800 (Δλ=0.200) L=32 accept=59%
[ Info:     [ 5] λ 0.800 → 1.000 (Δλ=0.200) L=16 accept=64%
[ Info: [stride 17/83] 11.9s  5 filter levels  Φ̄=2.597 x̂=(0.273, 0.458, 0.056)
[ Info:     [ 1] λ 0.000 → 0.200 (Δλ=0.200) L=64 accept=77%
[ Info:     [ 2] λ 0.200 → 0.400 (Δλ=0.200) L=32 accept=73%
[ Info:     [ 3] λ 0.400 → 0.600 (Δλ=0.200) L=64 accept=53%
[ Info:     [ 4] λ 0.600 → 0.800 (Δλ=0.200) L=32 accept=56%
[ Info:     [ 5] λ 0.800 → 1.000 (Δλ=0.200) L=16 accept=62%
[ Info: [stride 18/83] 11.9s  5 filter levels  Φ̄=2.660 x̂=(0.286, 0.471, 0.057)
[ Info:   [replan @ stride 18] 18.6s  Φ̄_plan=2.648  shape=[2.50→2.79→1.61]  ctrl_n_temp=6
[ Info:     [ 1] λ 0.000 → 0.200 (Δλ=0.200) L=64 accept=69%
[ Info:     [ 2] λ 0.200 → 0.400 (Δλ=0.200) L=32 accept=63%
[ Info:     [ 3] λ 0.400 → 0.600 (Δλ=0.200) L=64 accept=35%
[ Info:     [ 4] λ 0.600 → 0.800 (Δλ=0.200) L=64 accept=29%
[ Info:     [ 5] λ 0.800 → 1.000 (Δλ=0.200) L=64 accept=21%
[ Info: [stride 19/83] 15.3s  5 filter levels  Φ̄=2.537 x̂=(0.302, 0.471, 0.060)
[ Info:     [ 1] λ 0.000 → 0.200 (Δλ=0.200) L=64 accept=84%
[ Info:     [ 2] λ 0.200 → 0.400 (Δλ=0.200) L=64 accept=74%
[ Info:     [ 3] λ 0.400 → 0.600 (Δλ=0.200) L=32 accept=76%
[ Info:     [ 4] λ 0.600 → 0.800 (Δλ=0.200) L=64 accept=59%
[ Info:     [ 5] λ 0.800 → 1.000 (Δλ=0.200) L=64 accept=52%
[ Info: [stride 20/83] 15.1s  5 filter levels  Φ̄=2.605 x̂=(0.314, 0.475, 0.056)
[ Info:   [replan @ stride 20] 18.4s  Φ̄_plan=2.641  shape=[2.57→2.80→1.50]  ctrl_n_temp=6
[ Info:     [ 1] λ 0.000 → 0.200 (Δλ=0.200) L=64 accept=66%
[ Info:     [ 2] λ 0.200 → 0.400 (Δλ=0.200) L=64 accept=48%
[ Info:     [ 3] λ 0.400 → 0.600 (Δλ=0.200) L=32 accept=53%
[ Info:     [ 4] λ 0.600 → 0.800 (Δλ=0.200) L=64 accept=30%
[ Info:     [ 5] λ 0.800 → 1.000 (Δλ=0.200) L=64 accept=24%
[ Info: [stride 21/83] 15.1s  5 filter levels  Φ̄=2.607 x̂=(0.327, 0.482, 0.047)
[ Info:     [ 1] λ 0.000 → 0.200 (Δλ=0.200) L=64 accept=85%
[ Info:     [ 2] λ 0.200 → 0.400 (Δλ=0.200) L=64 accept=75%
[ Info:     [ 3] λ 0.400 → 0.600 (Δλ=0.200) L=64 accept=65%
[ Info:     [ 4] λ 0.600 → 0.800 (Δλ=0.200) L=64 accept=61%
[ Info:     [ 5] λ 0.800 → 1.000 (Δλ=0.200) L=64 accept=51%
[ Info: [stride 22/83] 16.8s  5 filter levels  Φ̄=2.669 x̂=(0.334, 0.485, 0.044)
[ Info:   [replan @ stride 22] 18.7s  Φ̄_plan=2.666  shape=[2.62→2.83→1.48]  ctrl_n_temp=6
[ Info:     [ 1] λ 0.000 → 0.200 (Δλ=0.200) L=64 accept=86%
[ Info:     [ 2] λ 0.200 → 0.400 (Δλ=0.200) L=64 accept=77%
[ Info:     [ 3] λ 0.400 → 0.600 (Δλ=0.200) L=64 accept=71%
[ Info:     [ 4] λ 0.600 → 0.800 (Δλ=0.200) L=32 accept=74%
[ Info:     [ 5] λ 0.800 → 1.000 (Δλ=0.200) L=64 accept=57%
[ Info: [stride 23/83] 14.9s  5 filter levels  Φ̄=2.653 x̂=(0.349, 0.483, 0.045)
[ Info:     [ 1] λ 0.000 → 0.200 (Δλ=0.200) L=64 accept=71%
[ Info:     [ 2] λ 0.200 → 0.400 (Δλ=0.200) L=64 accept=55%
[ Info:     [ 3] λ 0.400 → 0.600 (Δλ=0.200) L=64 accept=42%
[ Info:     [ 4] λ 0.600 → 0.800 (Δλ=0.200) L=32 accept=49%
[ Info:     [ 5] λ 0.800 → 1.000 (Δλ=0.200) L=64 accept=26%
[ Info: [stride 24/83] 15.3s  5 filter levels  Φ̄=2.711 x̂=(0.363, 0.490, 0.053)
[ Info:   [replan @ stride 24] 18.3s  Φ̄_plan=2.561  shape=[2.51→2.78→1.37]  ctrl_n_temp=6
[ Info:     [ 1] λ 0.000 → 0.200 (Δλ=0.200) L=32 accept=69%
[ Info:     [ 2] λ 0.200 → 0.400 (Δλ=0.200) L=32 accept=47%
[ Info:     [ 3] λ 0.400 → 0.600 (Δλ=0.200) L=32 accept=32%
[ Info:     [ 4] λ 0.600 → 0.800 (Δλ=0.200) L=16 accept=37%
[ Info:     [ 5] λ 0.800 → 1.000 (Δλ=0.200) L=16 accept=31%
[ Info: [stride 25/83] 8.4s  5 filter levels  Φ̄=2.544 x̂=(0.373, 0.486, 0.048)
[ Info:     [ 1] λ 0.000 → 0.200 (Δλ=0.200) L=64 accept=82%
[ Info:     [ 2] λ 0.200 → 0.400 (Δλ=0.200) L=64 accept=74%
[ Info:     [ 3] λ 0.400 → 0.600 (Δλ=0.200) L=64 accept=63%
[ Info:     [ 4] λ 0.600 → 0.800 (Δλ=0.200) L=64 accept=57%
[ Info:     [ 5] λ 0.800 → 1.000 (Δλ=0.200) L=64 accept=49%
[ Info: [stride 26/83] 16.7s  5 filter levels  Φ̄=2.612 x̂=(0.380, 0.485, 0.050)
[ Info:   [replan @ stride 26] 21.9s  Φ̄_plan=2.691  shape=[2.59→2.83→1.57]  ctrl_n_temp=7
[ Info:     [ 1] λ 0.000 → 0.200 (Δλ=0.200) L=64 accept=83%
[ Info:     [ 2] λ 0.200 → 0.400 (Δλ=0.200) L=64 accept=76%
[ Info:     [ 3] λ 0.400 → 0.600 (Δλ=0.200) L=64 accept=68%
[ Info:     [ 4] λ 0.600 → 0.800 (Δλ=0.200) L=64 accept=64%
[ Info:     [ 5] λ 0.800 → 1.000 (Δλ=0.200) L=64 accept=58%
[ Info: [stride 27/83] 16.4s  5 filter levels  Φ̄=2.624 x̂=(0.394, 0.494, 0.053)
[ Info:     [ 1] λ 0.000 → 0.200 (Δλ=0.200) L=64 accept=82%
[ Info:     [ 2] λ 0.200 → 0.400 (Δλ=0.200) L=64 accept=71%
[ Info:     [ 3] λ 0.400 → 0.600 (Δλ=0.200) L=32 accept=74%
[ Info:     [ 4] λ 0.600 → 0.800 (Δλ=0.200) L=32 accept=69%
[ Info:     [ 5] λ 0.800 → 1.000 (Δλ=0.200) L=32 accept=63%
[ Info: [stride 28/83] 12.4s  5 filter levels  Φ̄=2.686 x̂=(0.405, 0.506, 0.052)
[ Info:   [replan @ stride 28] 18.6s  Φ̄_plan=2.569  shape=[2.42→2.72→1.43]  ctrl_n_temp=6
[ Info:     [ 1] λ 0.000 → 0.200 (Δλ=0.200) L=64 accept=80%
[ Info:     [ 2] λ 0.200 → 0.400 (Δλ=0.200) L=32 accept=80%
[ Info:     [ 3] λ 0.400 → 0.600 (Δλ=0.200) L=32 accept=74%
[ Info:     [ 4] λ 0.600 → 0.800 (Δλ=0.200) L=64 accept=55%
[ Info:     [ 5] λ 0.800 → 1.000 (Δλ=0.200) L=32 accept=63%
[ Info: [stride 29/83] 12.5s  5 filter levels  Φ̄=2.463 x̂=(0.417, 0.519, 0.050)
[ Info:     [ 1] λ 0.000 → 0.200 (Δλ=0.200) L=64 accept=76%
[ Info:     [ 2] λ 0.200 → 0.400 (Δλ=0.200) L=32 accept=75%
[ Info:     [ 3] λ 0.400 → 0.600 (Δλ=0.200) L=64 accept=60%
[ Info:     [ 4] λ 0.600 → 0.800 (Δλ=0.200) L=32 accept=64%
[ Info:     [ 5] λ 0.800 → 1.000 (Δλ=0.200) L=32 accept=60%
[ Info: [stride 30/83] 12.3s  5 filter levels  Φ̄=2.539 x̂=(0.432, 0.510, 0.048)
[ Info:   [replan @ stride 30] 18.3s  Φ̄_plan=2.456  shape=[2.47→2.66→1.36]  ctrl_n_temp=6
[ Info:     [ 1] λ 0.000 → 0.200 (Δλ=0.200) L=64 accept=85%
[ Info:     [ 2] λ 0.200 → 0.400 (Δλ=0.200) L=64 accept=74%
[ Info:     [ 3] λ 0.400 → 0.600 (Δλ=0.200) L=64 accept=68%
[ Info:     [ 4] λ 0.600 → 0.800 (Δλ=0.200) L=64 accept=60%
[ Info:     [ 5] λ 0.800 → 1.000 (Δλ=0.200) L=64 accept=56%
[ Info: [stride 31/83] 16.7s  5 filter levels  Φ̄=2.503 x̂=(0.443, 0.517, 0.048)
[ Info:     [ 1] λ 0.000 → 0.200 (Δλ=0.200) L=64 accept=58%
[ Info:     [ 2] λ 0.200 → 0.400 (Δλ=0.200) L=64 accept=45%
[ Info:     [ 3] λ 0.400 → 0.600 (Δλ=0.200) L=32 accept=53%
[ Info:     [ 4] λ 0.600 → 0.800 (Δλ=0.200) L=32 accept=46%
[ Info:     [ 5] λ 0.800 → 1.000 (Δλ=0.200) L=64 accept=20%
[ Info: [stride 32/83] 13.9s  5 filter levels  Φ̄=2.573 x̂=(0.445, 0.502, 0.047)
[ Info:   [replan @ stride 32] 19.1s  Φ̄_plan=2.680  shape=[2.52→2.84→1.50]  ctrl_n_temp=6
[ Info:     [ 1] λ 0.000 → 0.200 (Δλ=0.200) L=64 accept=69%
[ Info:     [ 2] λ 0.200 → 0.400 (Δλ=0.200) L=64 accept=53%
[ Info:     [ 3] λ 0.400 → 0.600 (Δλ=0.200) L=32 accept=55%
[ Info:     [ 4] λ 0.600 → 0.800 (Δλ=0.200) L=16 accept=59%
[ Info:     [ 5] λ 0.800 → 1.000 (Δλ=0.200) L=16 accept=53%
[ Info: [stride 33/83] 11.1s  5 filter levels  Φ̄=2.560 x̂=(0.458, 0.510, 0.051)
[ Info:     [ 1] λ 0.000 → 0.200 (Δλ=0.200) L=32 accept=92%
[ Info:     [ 2] λ 0.200 → 0.400 (Δλ=0.200) L=64 accept=73%
[ Info:     [ 3] λ 0.400 → 0.600 (Δλ=0.200) L=64 accept=69%
[ Info:     [ 4] λ 0.600 → 0.800 (Δλ=0.200) L=32 accept=74%
[ Info:     [ 5] λ 0.800 → 1.000 (Δλ=0.200) L=64 accept=57%
[ Info: [stride 34/83] 13.8s  5 filter levels  Φ̄=2.629 x̂=(0.469, 0.517, 0.048)
[ Info:   [replan @ stride 34] 18.4s  Φ̄_plan=2.551  shape=[2.45→2.73→1.41]  ctrl_n_temp=6
[ Info:     [ 1] λ 0.000 → 0.200 (Δλ=0.200) L=64 accept=79%
[ Info:     [ 2] λ 0.200 → 0.400 (Δλ=0.200) L=64 accept=66%
[ Info:     [ 3] λ 0.400 → 0.600 (Δλ=0.200) L=32 accept=70%
[ Info:     [ 4] λ 0.600 → 0.800 (Δλ=0.200) L=64 accept=51%
[ Info:     [ 5] λ 0.800 → 1.000 (Δλ=0.200) L=32 accept=59%
[ Info: [stride 35/83] 14.0s  5 filter levels  Φ̄=2.486 x̂=(0.483, 0.517, 0.052)
[ Info:     [ 1] λ 0.000 → 0.200 (Δλ=0.200) L=64 accept=85%
[ Info:     [ 2] λ 0.200 → 0.400 (Δλ=0.200) L=64 accept=77%
[ Info:     [ 3] λ 0.400 → 0.600 (Δλ=0.200) L=16 accept=87%
[ Info:     [ 4] λ 0.600 → 0.800 (Δλ=0.200) L=64 accept=64%
[ Info:     [ 5] λ 0.800 → 1.000 (Δλ=0.200) L=64 accept=61%
[ Info: [stride 36/83] 14.7s  5 filter levels  Φ̄=2.558 x̂=(0.489, 0.522, 0.051)
[ Info:   [replan @ stride 36] 19.0s  Φ̄_plan=2.577  shape=[2.37→2.74→1.54]  ctrl_n_temp=6
[ Info:     [ 1] λ 0.000 → 0.200 (Δλ=0.200) L=64 accept=83%
[ Info:     [ 2] λ 0.200 → 0.400 (Δλ=0.200) L=64 accept=73%
[ Info:     [ 3] λ 0.400 → 0.600 (Δλ=0.200) L=64 accept=65%
[ Info:     [ 4] λ 0.600 → 0.800 (Δλ=0.200) L=64 accept=60%
[ Info:     [ 5] λ 0.800 → 1.000 (Δλ=0.200) L=64 accept=56%
[ Info: [stride 37/83] 17.0s  5 filter levels  Φ̄=2.410 x̂=(0.504, 0.516, 0.050)
[ Info:     [ 1] λ 0.000 → 0.200 (Δλ=0.200) L=64 accept=71%
[ Info:     [ 2] λ 0.200 → 0.400 (Δλ=0.200) L=64 accept=51%
[ Info:     [ 3] λ 0.400 → 0.600 (Δλ=0.200) L=32 accept=55%
[ Info:     [ 4] λ 0.600 → 0.800 (Δλ=0.200) L=32 accept=46%
[ Info:     [ 5] λ 0.800 → 1.000 (Δλ=0.200) L=32 accept=39%
[ Info: [stride 38/83] 12.4s  5 filter levels  Φ̄=2.487 x̂=(0.517, 0.512, 0.054)
[ Info:   [replan @ stride 38] 19.1s  Φ̄_plan=2.290  shape=[2.41→2.43→1.28]  ctrl_n_temp=6
[ Info:     [ 1] λ 0.000 → 0.200 (Δλ=0.200) L=64 accept=83%
[ Info:     [ 2] λ 0.200 → 0.400 (Δλ=0.200) L=64 accept=71%
[ Info:     [ 3] λ 0.400 → 0.600 (Δλ=0.200) L=64 accept=64%
[ Info:     [ 4] λ 0.600 → 0.800 (Δλ=0.200) L=64 accept=56%
[ Info:     [ 5] λ 0.800 → 1.000 (Δλ=0.200) L=32 accept=64%
[ Info: [stride 39/83] 15.4s  5 filter levels  Φ̄=2.448 x̂=(0.529, 0.513, 0.058)
[ Info:     [ 1] λ 0.000 → 0.200 (Δλ=0.200) L=64 accept=78%
[ Info:     [ 2] λ 0.200 → 0.400 (Δλ=0.200) L=64 accept=71%
[ Info:     [ 3] λ 0.400 → 0.600 (Δλ=0.200) L=64 accept=63%
[ Info:     [ 4] λ 0.600 → 0.800 (Δλ=0.200) L=64 accept=59%
[ Info:     [ 5] λ 0.800 → 1.000 (Δλ=0.200) L=64 accept=52%
[ Info: [stride 40/83] 16.7s  5 filter levels  Φ̄=2.523 x̂=(0.532, 0.519, 0.056)
[ Info:   [replan @ stride 40] 18.5s  Φ̄_plan=2.587  shape=[2.45→2.76→1.48]  ctrl_n_temp=6
[ Info:     [ 1] λ 0.000 → 0.200 (Δλ=0.200) L=64 accept=88%
[ Info:     [ 2] λ 0.200 → 0.400 (Δλ=0.200) L=64 accept=80%
[ Info:     [ 3] λ 0.400 → 0.600 (Δλ=0.200) L=32 accept=83%
[ Info:     [ 4] λ 0.600 → 0.800 (Δλ=0.200) L=64 accept=67%
[ Info:     [ 5] λ 0.800 → 1.000 (Δλ=0.200) L=32 accept=72%
[ Info: [stride 41/83] 13.6s  5 filter levels  Φ̄=2.488 x̂=(0.536, 0.509, 0.059)
[ Info:     [ 1] λ 0.000 → 0.200 (Δλ=0.200) L=64 accept=84%
[ Info:     [ 2] λ 0.200 → 0.400 (Δλ=0.200) L=32 accept=82%
[ Info:     [ 3] λ 0.400 → 0.600 (Δλ=0.200) L=64 accept=66%
[ Info:     [ 4] λ 0.600 → 0.800 (Δλ=0.200) L=32 accept=71%
[ Info:     [ 5] λ 0.800 → 1.000 (Δλ=0.200) L=64 accept=51%
[ Info: [stride 42/83] 14.0s  5 filter levels  Φ̄=2.558 x̂=(0.549, 0.515, 0.058)
[ Info:   [replan @ stride 42] 18.8s  Φ̄_plan=2.530  shape=[2.47→2.76→1.35]  ctrl_n_temp=6
[ Info:     [ 1] λ 0.000 → 0.200 (Δλ=0.200) L=64 accept=80%
[ Info:     [ 2] λ 0.200 → 0.400 (Δλ=0.200) L=64 accept=70%
[ Info:     [ 3] λ 0.400 → 0.600 (Δλ=0.200) L=64 accept=62%
[ Info:     [ 4] λ 0.600 → 0.800 (Δλ=0.200) L=64 accept=60%
[ Info:     [ 5] λ 0.800 → 1.000 (Δλ=0.200) L=64 accept=54%
[ Info: [stride 43/83] 16.5s  5 filter levels  Φ̄=2.507 x̂=(0.563, 0.513, 0.064)
[ Info:     [ 1] λ 0.000 → 0.200 (Δλ=0.200) L=32 accept=89%
[ Info:     [ 2] λ 0.200 → 0.400 (Δλ=0.200) L=64 accept=75%
[ Info:     [ 3] λ 0.400 → 0.600 (Δλ=0.200) L=64 accept=64%
[ Info:     [ 4] λ 0.600 → 0.800 (Δλ=0.200) L=32 accept=67%
[ Info:     [ 5] λ 0.800 → 1.000 (Δλ=0.200) L=64 accept=47%
[ Info: [stride 44/83] 13.9s  5 filter levels  Φ̄=2.579 x̂=(0.571, 0.513, 0.065)
[ Info:   [replan @ stride 44] 18.3s  Φ̄_plan=2.381  shape=[2.40→2.58→1.31]  ctrl_n_temp=6
[ Info:     [ 1] λ 0.000 → 0.200 (Δλ=0.200) L=64 accept=75%
[ Info:     [ 2] λ 0.200 → 0.400 (Δλ=0.200) L=32 accept=71%
[ Info:     [ 3] λ 0.400 → 0.600 (Δλ=0.200) L=32 accept=63%
[ Info:     [ 4] λ 0.600 → 0.800 (Δλ=0.200) L=64 accept=39%
[ Info:     [ 5] λ 0.800 → 1.000 (Δλ=0.200) L=32 accept=48%
[ Info: [stride 45/83] 12.5s  5 filter levels  Φ̄=2.433 x̂=(0.578, 0.515, 0.059)
[ Info:     [ 1] λ 0.000 → 0.200 (Δλ=0.200) L=64 accept=82%
[ Info:     [ 2] λ 0.200 → 0.400 (Δλ=0.200) L=64 accept=69%
[ Info:     [ 3] λ 0.400 → 0.600 (Δλ=0.200) L=64 accept=62%
[ Info:     [ 4] λ 0.600 → 0.800 (Δλ=0.200) L=64 accept=54%
[ Info:     [ 5] λ 0.800 → 1.000 (Δλ=0.200) L=32 accept=63%
[ Info: [stride 46/83] 15.1s  5 filter levels  Φ̄=2.509 x̂=(0.593, 0.512, 0.064)
[ Info:   [replan @ stride 46] 17.9s  Φ̄_plan=2.266  shape=[2.38→2.28→1.31]  ctrl_n_temp=6
[ Info:     [ 1] λ 0.000 → 0.200 (Δλ=0.200) L=64 accept=84%
[ Info:     [ 2] λ 0.200 → 0.400 (Δλ=0.200) L=64 accept=76%
[ Info:     [ 3] λ 0.400 → 0.600 (Δλ=0.200) L=64 accept=70%
[ Info:     [ 4] λ 0.600 → 0.800 (Δλ=0.200) L=64 accept=63%
[ Info:     [ 5] λ 0.800 → 1.000 (Δλ=0.200) L=64 accept=55%
[ Info: [stride 47/83] 16.8s  5 filter levels  Φ̄=2.416 x̂=(0.606, 0.507, 0.061)
[ Info:     [ 1] λ 0.000 → 0.200 (Δλ=0.200) L=64 accept=57%
[ Info:     [ 2] λ 0.200 → 0.400 (Δλ=0.200) L=64 accept=45%
[ Info:     [ 3] λ 0.400 → 0.600 (Δλ=0.200) L=64 accept=32%
[ Info:     [ 4] λ 0.600 → 0.800 (Δλ=0.200) L=32 accept=38%
[ Info:     [ 5] λ 0.800 → 1.000 (Δλ=0.200) L=16 accept=46%
[ Info: [stride 48/83] 13.7s  5 filter levels  Φ̄=2.491 x̂=(0.606, 0.500, 0.067)
[ Info:   [replan @ stride 48] 19.0s  Φ̄_plan=2.525  shape=[2.47→2.76→1.38]  ctrl_n_temp=6
[ Info:     [ 1] λ 0.000 → 0.200 (Δλ=0.200) L=32 accept=78%
[ Info:     [ 2] λ 0.200 → 0.400 (Δλ=0.200) L=32 accept=58%
[ Info:     [ 3] λ 0.400 → 0.600 (Δλ=0.200) L=32 accept=44%
[ Info:     [ 4] λ 0.600 → 0.800 (Δλ=0.200) L=64 accept=17%
[ Info:     [ 5] λ 0.800 → 1.000 (Δλ=0.200) L=16 accept=45%
[ Info: [stride 49/83] 10.6s  5 filter levels  Φ̄=2.506 x̂=(0.621, 0.503, 0.073)
[ Info:     [ 1] λ 0.000 → 0.200 (Δλ=0.200) L=64 accept=77%
[ Info:     [ 2] λ 0.200 → 0.400 (Δλ=0.200) L=64 accept=66%
[ Info:     [ 3] λ 0.400 → 0.600 (Δλ=0.200) L=32 accept=71%
[ Info:     [ 4] λ 0.600 → 0.800 (Δλ=0.200) L=32 accept=65%
[ Info:     [ 5] λ 0.800 → 1.000 (Δλ=0.200) L=16 accept=70%
[ Info: [stride 50/83] 12.0s  5 filter levels  Φ̄=2.578 x̂=(0.632, 0.507, 0.072)
[ Info:   [replan @ stride 50] 18.1s  Φ̄_plan=2.324  shape=[2.37→2.45→1.33]  ctrl_n_temp=6
[ Info:     [ 1] λ 0.000 → 0.200 (Δλ=0.200) L=64 accept=70%
[ Info:     [ 2] λ 0.200 → 0.400 (Δλ=0.200) L=64 accept=55%
[ Info:     [ 3] λ 0.400 → 0.600 (Δλ=0.200) L=32 accept=62%
[ Info:     [ 4] λ 0.600 → 0.800 (Δλ=0.200) L=32 accept=52%
[ Info:     [ 5] λ 0.800 → 1.000 (Δλ=0.200) L=32 accept=45%
[ Info: [stride 51/83] 12.6s  5 filter levels  Φ̄=2.405 x̂=(0.637, 0.512, 0.074)
[ Info:     [ 1] λ 0.000 → 0.200 (Δλ=0.200) L=64 accept=48%
[ Info:     [ 2] λ 0.200 → 0.400 (Δλ=0.200) L=64 accept=22%
[ Info:     [ 3] λ 0.400 → 0.600 (Δλ=0.200) L=16 accept=44%
[ Info:     [ 4] λ 0.600 → 0.800 (Δλ=0.200) L=32 accept=16%
[ Info:     [ 5] λ 0.800 → 1.000 (Δλ=0.200) L=8 accept=38%
[ Info: [stride 52/83] 10.7s  5 filter levels  Φ̄=2.482 x̂=(0.642, 0.511, 0.076)
[ Info:   [replan @ stride 52] 18.5s  Φ̄_plan=2.569  shape=[2.44→2.78→1.50]  ctrl_n_temp=6
[ Info:     [ 1] λ 0.000 → 0.200 (Δλ=0.200) L=64 accept=69%
[ Info:     [ 2] λ 0.200 → 0.400 (Δλ=0.200) L=32 accept=63%
[ Info:     [ 3] λ 0.400 → 0.600 (Δλ=0.200) L=32 accept=56%
[ Info:     [ 4] λ 0.600 → 0.800 (Δλ=0.200) L=64 accept=34%
[ Info:     [ 5] λ 0.800 → 1.000 (Δλ=0.200) L=64 accept=29%
[ Info: [stride 53/83] 13.9s  5 filter levels  Φ̄=2.475 x̂=(0.645, 0.509, 0.081)
[ Info:     [ 1] λ 0.000 → 0.200 (Δλ=0.200) L=64 accept=67%
[ Info:     [ 2] λ 0.200 → 0.400 (Δλ=0.200) L=64 accept=55%
[ Info:     [ 3] λ 0.400 → 0.600 (Δλ=0.200) L=32 accept=61%
[ Info:     [ 4] λ 0.600 → 0.800 (Δλ=0.200) L=64 accept=37%
[ Info:     [ 5] λ 0.800 → 1.000 (Δλ=0.200) L=64 accept=32%
[ Info: [stride 54/83] 15.2s  5 filter levels  Φ̄=2.545 x̂=(0.660, 0.505, 0.079)
[ Info:   [replan @ stride 54] 19.3s  Φ̄_plan=2.363  shape=[2.38→2.44→1.38]  ctrl_n_temp=6
[ Info:     [ 1] λ 0.000 → 0.200 (Δλ=0.200) L=64 accept=81%
[ Info:     [ 2] λ 0.200 → 0.400 (Δλ=0.200) L=64 accept=67%
[ Info:     [ 3] λ 0.400 → 0.600 (Δλ=0.200) L=64 accept=61%
[ Info:     [ 4] λ 0.600 → 0.800 (Δλ=0.200) L=64 accept=53%
[ Info:     [ 5] λ 0.800 → 1.000 (Δλ=0.200) L=32 accept=61%
[ Info: [stride 55/83] 15.1s  5 filter levels  Φ̄=2.422 x̂=(0.668, 0.505, 0.078)
[ Info:     [ 1] λ 0.000 → 0.200 (Δλ=0.200) L=64 accept=76%
[ Info:     [ 2] λ 0.200 → 0.400 (Δλ=0.200) L=32 accept=77%
[ Info:     [ 3] λ 0.400 → 0.600 (Δλ=0.200) L=64 accept=57%
[ Info:     [ 4] λ 0.600 → 0.800 (Δλ=0.200) L=64 accept=47%
[ Info:     [ 5] λ 0.800 → 1.000 (Δλ=0.200) L=64 accept=45%
[ Info: [stride 56/83] 15.2s  5 filter levels  Φ̄=2.498 x̂=(0.671, 0.511, 0.083)
[ Info:   [replan @ stride 56] 18.4s  Φ̄_plan=2.557  shape=[2.42→2.77→1.45]  ctrl_n_temp=6
[ Info:     [ 1] λ 0.000 → 0.200 (Δλ=0.200) L=64 accept=79%
[ Info:     [ 2] λ 0.200 → 0.400 (Δλ=0.200) L=64 accept=64%
[ Info:     [ 3] λ 0.400 → 0.600 (Δλ=0.200) L=64 accept=49%
[ Info:     [ 4] λ 0.600 → 0.800 (Δλ=0.200) L=32 accept=56%
[ Info:     [ 5] λ 0.800 → 1.000 (Δλ=0.200) L=64 accept=31%
[ Info: [stride 57/83] 15.1s  5 filter levels  Φ̄=2.461 x̂=(0.680, 0.506, 0.091)
[ Info:     [ 1] λ 0.000 → 0.200 (Δλ=0.200) L=64 accept=70%
[ Info:     [ 2] λ 0.200 → 0.400 (Δλ=0.200) L=32 accept=68%
[ Info:     [ 3] λ 0.400 → 0.600 (Δλ=0.200) L=32 accept=61%
[ Info:     [ 4] λ 0.600 → 0.800 (Δλ=0.200) L=64 accept=36%
[ Info:     [ 5] λ 0.800 → 1.000 (Δλ=0.200) L=64 accept=28%
[ Info: [stride 58/83] 13.7s  5 filter levels  Φ̄=2.534 x̂=(0.694, 0.510, 0.092)
[ Info:   [replan @ stride 58] 19.0s  Φ̄_plan=2.208  shape=[2.29→2.17→1.29]  ctrl_n_temp=6
[ Info:     [ 1] λ 0.000 → 0.200 (Δλ=0.200) L=64 accept=80%
[ Info:     [ 2] λ 0.200 → 0.400 (Δλ=0.200) L=32 accept=75%
[ Info:     [ 3] λ 0.400 → 0.600 (Δλ=0.200) L=64 accept=54%
[ Info:     [ 4] λ 0.600 → 0.800 (Δλ=0.200) L=32 accept=60%
[ Info:     [ 5] λ 0.800 → 1.000 (Δλ=0.200) L=32 accept=54%
[ Info: [stride 59/83] 12.5s  5 filter levels  Φ̄=2.330 x̂=(0.704, 0.506, 0.098)
[ Info:     [ 1] λ 0.000 → 0.200 (Δλ=0.200) L=64 accept=65%
[ Info:     [ 2] λ 0.200 → 0.400 (Δλ=0.200) L=64 accept=44%
[ Info:     [ 3] λ 0.400 → 0.600 (Δλ=0.200) L=32 accept=48%
[ Info:     [ 4] λ 0.600 → 0.800 (Δλ=0.200) L=16 accept=53%
[ Info:     [ 5] λ 0.800 → 1.000 (Δλ=0.200) L=16 accept=45%
[ Info: [stride 60/83] 11.4s  5 filter levels  Φ̄=2.406 x̂=(0.707, 0.501, 0.106)
[ Info:   [replan @ stride 60] 18.5s  Φ̄_plan=2.281  shape=[2.31→2.30→1.31]  ctrl_n_temp=6
[ Info:     [ 1] λ 0.000 → 0.200 (Δλ=0.200) L=64 accept=73%
[ Info:     [ 2] λ 0.200 → 0.400 (Δλ=0.200) L=64 accept=61%
[ Info:     [ 3] λ 0.400 → 0.600 (Δλ=0.200) L=64 accept=52%
[ Info:     [ 4] λ 0.600 → 0.800 (Δλ=0.200) L=64 accept=43%
[ Info:     [ 5] λ 0.800 → 1.000 (Δλ=0.200) L=32 accept=53%
[ Info: [stride 61/83] 15.5s  5 filter levels  Φ̄=2.352 x̂=(0.718, 0.493, 0.116)
[ Info:     [ 1] λ 0.000 → 0.200 (Δλ=0.200) L=64 accept=75%
[ Info:     [ 2] λ 0.200 → 0.400 (Δλ=0.200) L=32 accept=70%
[ Info:     [ 3] λ 0.400 → 0.600 (Δλ=0.200) L=64 accept=50%
[ Info:     [ 4] λ 0.600 → 0.800 (Δλ=0.200) L=32 accept=56%
[ Info:     [ 5] λ 0.800 → 1.000 (Δλ=0.200) L=32 accept=48%
[ Info: [stride 62/83] 12.5s  5 filter levels  Φ̄=2.433 x̂=(0.725, 0.486, 0.126)
[ Info:   [replan @ stride 62] 18.0s  Φ̄_plan=2.134  shape=[2.25→2.05→1.22]  ctrl_n_temp=6
[ Info:     [ 1] λ 0.000 → 0.200 (Δλ=0.200) L=64 accept=78%
[ Info:     [ 2] λ 0.200 → 0.400 (Δλ=0.200) L=64 accept=68%
[ Info:     [ 3] λ 0.400 → 0.600 (Δλ=0.200) L=64 accept=59%
[ Info:     [ 4] λ 0.600 → 0.800 (Δλ=0.200) L=32 accept=63%
[ Info:     [ 5] λ 0.800 → 1.000 (Δλ=0.200) L=64 accept=45%
[ Info: [stride 63/83] 15.6s  5 filter levels  Φ̄=2.288 x̂=(0.725, 0.486, 0.140)
[ Info:     [ 1] λ 0.000 → 0.200 (Δλ=0.200) L=32 accept=79%
[ Info:     [ 2] λ 0.200 → 0.400 (Δλ=0.200) L=32 accept=65%
[ Info:     [ 3] λ 0.400 → 0.600 (Δλ=0.200) L=32 accept=56%
[ Info:     [ 4] λ 0.600 → 0.800 (Δλ=0.200) L=32 accept=45%
[ Info:     [ 5] λ 0.800 → 1.000 (Δλ=0.200) L=16 accept=54%
[ Info: [stride 64/83] 9.2s  5 filter levels  Φ̄=2.370 x̂=(0.731, 0.474, 0.154)
[ Info:   [replan @ stride 64] 18.2s  Φ̄_plan=2.331  shape=[2.36→2.38→1.38]  ctrl_n_temp=6
[ Info:     [ 1] λ 0.000 → 0.200 (Δλ=0.200) L=64 accept=55%
[ Info:     [ 2] λ 0.200 → 0.400 (Δλ=0.200) L=32 accept=56%
[ Info:     [ 3] λ 0.400 → 0.600 (Δλ=0.200) L=32 accept=45%
[ Info:     [ 4] λ 0.600 → 0.800 (Δλ=0.200) L=64 accept=19%
[ Info:     [ 5] λ 0.800 → 1.000 (Δλ=0.200) L=16 accept=43%
[ Info: [stride 65/83] 11.7s  5 filter levels  Φ̄=2.398 x̂=(0.742, 0.470, 0.156)
[ Info:     [ 1] λ 0.000 → 0.200 (Δλ=0.200) L=64 accept=73%
[ Info:     [ 2] λ 0.200 → 0.400 (Δλ=0.200) L=64 accept=64%
[ Info:     [ 3] λ 0.400 → 0.600 (Δλ=0.200) L=64 accept=55%
[ Info:     [ 4] λ 0.600 → 0.800 (Δλ=0.200) L=64 accept=48%
[ Info:     [ 5] λ 0.800 → 1.000 (Δλ=0.200) L=64 accept=40%
[ Info: [stride 66/83] 16.3s  5 filter levels  Φ̄=2.476 x̂=(0.746, 0.464, 0.154)
[ Info:   [replan @ stride 66] 18.6s  Φ̄_plan=2.333  shape=[2.42→2.37→1.34]  ctrl_n_temp=6
[ Info:     [ 1] λ 0.000 → 0.200 (Δλ=0.200) L=64 accept=68%
[ Info:     [ 2] λ 0.200 → 0.400 (Δλ=0.200) L=64 accept=60%
[ Info:     [ 3] λ 0.400 → 0.600 (Δλ=0.200) L=32 accept=65%
[ Info:     [ 4] λ 0.600 → 0.800 (Δλ=0.200) L=32 accept=58%
[ Info:     [ 5] λ 0.800 → 1.000 (Δλ=0.200) L=64 accept=37%
[ Info: [stride 67/83] 13.8s  5 filter levels  Φ̄=2.460 x̂=(0.754, 0.477, 0.158)
[ Info:     [ 1] λ 0.000 → 0.200 (Δλ=0.200) L=64 accept=74%
[ Info:     [ 2] λ 0.200 → 0.400 (Δλ=0.200) L=64 accept=62%
[ Info:     [ 3] λ 0.400 → 0.600 (Δλ=0.200) L=64 accept=47%
[ Info:     [ 4] λ 0.600 → 0.800 (Δλ=0.200) L=64 accept=39%
[ Info:     [ 5] λ 0.800 → 1.000 (Δλ=0.200) L=64 accept=30%
[ Info: [stride 68/83] 16.5s  5 filter levels  Φ̄=2.532 x̂=(0.764, 0.472, 0.163)
[ Info:   [replan @ stride 68] 18.9s  Φ̄_plan=2.219  shape=[2.32→2.22→1.27]  ctrl_n_temp=6
[ Info:     [ 1] λ 0.000 → 0.200 (Δλ=0.200) L=64 accept=71%
[ Info:     [ 2] λ 0.200 → 0.400 (Δλ=0.200) L=64 accept=48%
[ Info:     [ 3] λ 0.400 → 0.600 (Δλ=0.200) L=16 accept=67%
[ Info:     [ 4] λ 0.600 → 0.800 (Δλ=0.200) L=64 accept=24%
[ Info:     [ 5] λ 0.800 → 1.000 (Δλ=0.200) L=8 accept=63%
[ Info: [stride 69/83] 12.1s  5 filter levels  Φ̄=2.355 x̂=(0.770, 0.462, 0.179)
[ Info:     [ 1] λ 0.000 → 0.200 (Δλ=0.200) L=64 accept=76%
[ Info:     [ 2] λ 0.200 → 0.400 (Δλ=0.200) L=64 accept=60%
[ Info:     [ 3] λ 0.400 → 0.600 (Δλ=0.200) L=16 accept=75%
[ Info:     [ 4] λ 0.600 → 0.800 (Δλ=0.200) L=16 accept=69%
[ Info:     [ 5] λ 0.800 → 1.000 (Δλ=0.200) L=32 accept=48%
[ Info: [stride 70/83] 11.1s  5 filter levels  Φ̄=2.431 x̂=(0.778, 0.462, 0.188)
[ Info:   [replan @ stride 70] 18.6s  Φ̄_plan=2.238  shape=[2.32→2.14→1.38]  ctrl_n_temp=6
[ Info:     [ 1] λ 0.000 → 0.200 (Δλ=0.200) L=64 accept=79%
[ Info:     [ 2] λ 0.200 → 0.400 (Δλ=0.200) L=64 accept=68%
[ Info:     [ 3] λ 0.400 → 0.600 (Δλ=0.200) L=32 accept=74%
[ Info:     [ 4] λ 0.600 → 0.800 (Δλ=0.200) L=64 accept=59%
[ Info:     [ 5] λ 0.800 → 1.000 (Δλ=0.200) L=32 accept=68%
[ Info: [stride 71/83] 14.0s  5 filter levels  Φ̄=2.353 x̂=(0.787, 0.460, 0.191)
[ Info:     [ 1] λ 0.000 → 0.200 (Δλ=0.200) L=64 accept=79%
[ Info:     [ 2] λ 0.200 → 0.400 (Δλ=0.200) L=64 accept=67%
[ Info:     [ 3] λ 0.400 → 0.600 (Δλ=0.200) L=64 accept=59%
[ Info:     [ 4] λ 0.600 → 0.800 (Δλ=0.200) L=16 accept=75%
[ Info:     [ 5] λ 0.800 → 1.000 (Δλ=0.200) L=32 accept=57%
[ Info: [stride 72/83] 13.3s  5 filter levels  Φ̄=2.429 x̂=(0.791, 0.453, 0.206)
[ Info:   [replan @ stride 72] 18.6s  Φ̄_plan=2.307  shape=[2.34→2.31→1.35]  ctrl_n_temp=6
[ Info:     [ 1] λ 0.000 → 0.200 (Δλ=0.200) L=64 accept=68%
[ Info:     [ 2] λ 0.200 → 0.400 (Δλ=0.200) L=64 accept=65%
[ Info:     [ 3] λ 0.400 → 0.600 (Δλ=0.200) L=32 accept=69%
[ Info:     [ 4] λ 0.600 → 0.800 (Δλ=0.200) L=64 accept=51%
[ Info:     [ 5] λ 0.800 → 1.000 (Δλ=0.200) L=64 accept=46%
[ Info: [stride 73/83] 15.3s  5 filter levels  Φ̄=2.380 x̂=(0.791, 0.434, 0.214)
[ Info:     [ 1] λ 0.000 → 0.200 (Δλ=0.200) L=64 accept=75%
[ Info:     [ 2] λ 0.200 → 0.400 (Δλ=0.200) L=64 accept=55%
[ Info:     [ 3] λ 0.400 → 0.600 (Δλ=0.200) L=32 accept=61%
[ Info:     [ 4] λ 0.600 → 0.800 (Δλ=0.200) L=32 accept=53%
[ Info:     [ 5] λ 0.800 → 1.000 (Δλ=0.200) L=32 accept=40%
[ Info: [stride 74/83] 13.0s  5 filter levels  Φ̄=2.457 x̂=(0.799, 0.434, 0.228)
[ Info:   [replan @ stride 74] 18.9s  Φ̄_plan=2.300  shape=[2.32→2.29→1.36]  ctrl_n_temp=6
[ Info:     [ 1] λ 0.000 → 0.200 (Δλ=0.200) L=32 accept=80%
[ Info:     [ 2] λ 0.200 → 0.400 (Δλ=0.200) L=32 accept=70%
[ Info:     [ 3] λ 0.400 → 0.600 (Δλ=0.200) L=64 accept=49%
[ Info:     [ 4] λ 0.600 → 0.800 (Δλ=0.200) L=64 accept=40%
[ Info:     [ 5] λ 0.800 → 1.000 (Δλ=0.200) L=32 accept=52%
[ Info: [stride 75/83] 12.7s  5 filter levels  Φ̄=2.356 x̂=(0.807, 0.428, 0.242)
[ Info:     [ 1] λ 0.000 → 0.200 (Δλ=0.200) L=64 accept=77%
[ Info:     [ 2] λ 0.200 → 0.400 (Δλ=0.200) L=64 accept=66%
[ Info:     [ 3] λ 0.400 → 0.600 (Δλ=0.200) L=32 accept=69%
[ Info:     [ 4] λ 0.600 → 0.800 (Δλ=0.200) L=64 accept=48%
[ Info:     [ 5] λ 0.800 → 1.000 (Δλ=0.200) L=64 accept=43%
[ Info: [stride 76/83] 15.5s  5 filter levels  Φ̄=2.436 x̂=(0.811, 0.431, 0.250)
[ Info:   [replan @ stride 76] 18.9s  Φ̄_plan=2.276  shape=[2.34→2.25→1.33]  ctrl_n_temp=6
[ Info:     [ 1] λ 0.000 → 0.200 (Δλ=0.200) L=32 accept=88%
[ Info:     [ 2] λ 0.200 → 0.400 (Δλ=0.200) L=64 accept=71%
