[ Info: loading model + framework (FSA_STEP_MINUTES=60)...
[ Info: config: T=56d step=60min BINS_PER_DAY=24 WINDOW=24 STRIDE=12 n_strides=111  open_loop=false
[ Info: GPU device: NVIDIA GeForce RTX 5090
[ Info: filter target: N_SMC=512 K_per_chain=1000 d=10 M_max=10752
[ Info: filter target: OT rescue DISABLED (ot-max-weight = 0.0, fast path)
[ Info: controller cfg: n_smc=2048 n_inner=64 num_mcmc=16 hmc_leap=16 chees=[16, 32, 64, 128, 256, 512] max_levels=40
[ Info: [stride  1/111] 0.0s  warming up (hist=12/24) Φ̄=1.000 x̂=(0.055, 0.296, 0.095)
[ Info:     [ 1] λ 0.000 → 0.200 (Δλ=0.200) accept=0%
[ Info:     [ 2] λ 0.200 → 0.400 (Δλ=0.200) accept=0%
[ Info:     [ 3] λ 0.400 → 0.600 (Δλ=0.200) accept=0%
[ Info:     [ 4] λ 0.600 → 0.800 (Δλ=0.200) accept=0%
[ Info:     [ 5] λ 0.800 → 1.000 (Δλ=0.200) accept=0%
[ Info: [stride  2/111] 7.4s  5 filter levels  Φ̄=1.000 x̂=(0.060, 0.294, 0.090)
[ Info:   [replan @ stride  2] 56.8s  Φ̄_plan=0.795  shape=[1.18→0.71→0.77]  ctrl_n_temp=5
[ Info:     [ 1] λ 0.000 → 0.200 (Δλ=0.200) accept=0%
[ Info:     [ 2] λ 0.200 → 0.400 (Δλ=0.200) accept=0%
[ Info:     [ 3] λ 0.400 → 0.600 (Δλ=0.200) accept=0%
[ Info:     [ 4] λ 0.600 → 0.800 (Δλ=0.200) accept=0%
[ Info:     [ 5] λ 0.800 → 1.000 (Δλ=0.200) accept=0%
[ Info: [stride  3/111] 1.5s  5 filter levels  Φ̄=1.181 x̂=(0.065, 0.288, 0.087)
[ Info:     [ 1] λ 0.000 → 0.200 (Δλ=0.200) accept=0%
[ Info:     [ 2] λ 0.200 → 0.400 (Δλ=0.200) accept=0%
[ Info:     [ 3] λ 0.400 → 0.600 (Δλ=0.200) accept=0%
[ Info:     [ 4] λ 0.600 → 0.800 (Δλ=0.200) accept=0%
[ Info:     [ 5] λ 0.800 → 1.000 (Δλ=0.200) accept=0%
[ Info: [stride  4/111] 1.1s  5 filter levels  Φ̄=1.190 x̂=(0.072, 0.280, 0.086)
[ Info:   [replan @ stride  4] 71.1s  Φ̄_plan=1.528  shape=[2.20→1.41→1.03]  ctrl_n_temp=6
[ Info:     [ 1] λ 0.000 → 0.200 (Δλ=0.200) accept=0%
[ Info:     [ 2] λ 0.200 → 0.400 (Δλ=0.200) accept=0%
[ Info:     [ 3] λ 0.400 → 0.600 (Δλ=0.200) accept=0%
[ Info:     [ 4] λ 0.600 → 0.800 (Δλ=0.200) accept=0%
[ Info:     [ 5] λ 0.800 → 1.000 (Δλ=0.200) accept=0%
[ Info: [stride  5/111] 1.1s  5 filter levels  Φ̄=2.227 x̂=(0.087, 0.290, 0.083)
[ Info:     [ 1] λ 0.000 → 0.200 (Δλ=0.200) accept=0%
[ Info:     [ 2] λ 0.200 → 0.400 (Δλ=0.200) accept=0%
[ Info:     [ 3] λ 0.400 → 0.600 (Δλ=0.200) accept=0%
[ Info:     [ 4] λ 0.600 → 0.800 (Δλ=0.200) accept=0%
[ Info:     [ 5] λ 0.800 → 1.000 (Δλ=0.200) accept=0%
[ Info: [stride  6/111] 1.1s  5 filter levels  Φ̄=2.271 x̂=(0.099, 0.304, 0.075)
[ Info:   [replan @ stride  6] 67.8s  Φ̄_plan=1.131  shape=[1.67→1.14→0.80]  ctrl_n_temp=6
[ Info:     [ 1] λ 0.000 → 0.200 (Δλ=0.200) accept=0%
[ Info:     [ 2] λ 0.200 → 0.400 (Δλ=0.200) accept=0%
[ Info:     [ 3] λ 0.400 → 0.600 (Δλ=0.200) accept=0%
[ Info:     [ 4] λ 0.600 → 0.800 (Δλ=0.200) accept=0%
[ Info:     [ 5] λ 0.800 → 1.000 (Δλ=0.200) accept=0%
[ Info: [stride  7/111] 1.1s  5 filter levels  Φ̄=1.678 x̂=(0.111, 0.309, 0.078)
[ Info:     [ 1] λ 0.000 → 0.200 (Δλ=0.200) accept=0%
[ Info:     [ 2] λ 0.200 → 0.400 (Δλ=0.200) accept=0%
[ Info:     [ 3] λ 0.400 → 0.600 (Δλ=0.200) accept=0%
[ Info:     [ 4] λ 0.600 → 0.800 (Δλ=0.200) accept=0%
[ Info:     [ 5] λ 0.800 → 1.000 (Δλ=0.200) accept=0%
[ Info: [stride  8/111] 1.1s  5 filter levels  Φ̄=1.703 x̂=(0.118, 0.307, 0.074)
[ Info:   [replan @ stride  8] 74.0s  Φ̄_plan=1.702  shape=[2.04→1.63→1.08]  ctrl_n_temp=6
[ Info:     [ 1] λ 0.000 → 0.200 (Δλ=0.200) accept=0%
[ Info:     [ 2] λ 0.200 → 0.400 (Δλ=0.200) accept=0%
[ Info:     [ 3] λ 0.400 → 0.600 (Δλ=0.200) accept=0%
[ Info:     [ 4] λ 0.600 → 0.800 (Δλ=0.200) accept=0%
[ Info:     [ 5] λ 0.800 → 1.000 (Δλ=0.200) accept=0%
[ Info: [stride  9/111] 1.1s  5 filter levels  Φ̄=2.059 x̂=(0.128, 0.310, 0.072)
[ Info:     [ 1] λ 0.000 → 0.200 (Δλ=0.200) accept=0%
[ Info:     [ 2] λ 0.200 → 0.400 (Δλ=0.200) accept=0%
[ Info:     [ 3] λ 0.400 → 0.600 (Δλ=0.200) accept=0%
[ Info:     [ 4] λ 0.600 → 0.800 (Δλ=0.200) accept=0%
[ Info:     [ 5] λ 0.800 → 1.000 (Δλ=0.200) accept=0%
[ Info: [stride 10/111] 1.0s  5 filter levels  Φ̄=2.096 x̂=(0.146, 0.323, 0.072)
[ Info:   [replan @ stride 10] 76.1s  Φ̄_plan=1.815  shape=[1.94→1.78→1.10]  ctrl_n_temp=6
[ Info:     [ 1] λ 0.000 → 0.200 (Δλ=0.200) accept=0%
[ Info:     [ 2] λ 0.200 → 0.400 (Δλ=0.200) accept=0%
[ Info:     [ 3] λ 0.400 → 0.600 (Δλ=0.200) accept=0%
[ Info:     [ 4] λ 0.600 → 0.800 (Δλ=0.200) accept=0%
[ Info:     [ 5] λ 0.800 → 1.000 (Δλ=0.200) accept=0%
[ Info: [stride 11/111] 1.1s  5 filter levels  Φ̄=1.961 x̂=(0.155, 0.328, 0.072)
[ Info:     [ 1] λ 0.000 → 0.200 (Δλ=0.200) accept=0%
[ Info:     [ 2] λ 0.200 → 0.400 (Δλ=0.200) accept=0%
[ Info:     [ 3] λ 0.400 → 0.600 (Δλ=0.200) accept=0%
[ Info:     [ 4] λ 0.600 → 0.800 (Δλ=0.200) accept=0%
[ Info:     [ 5] λ 0.800 → 1.000 (Δλ=0.200) accept=0%
[ Info: [stride 12/111] 1.1s  5 filter levels  Φ̄=2.006 x̂=(0.162, 0.336, 0.068)
[ Info:   [replan @ stride 12] 72.8s  Φ̄_plan=1.357  shape=[1.54→1.37→0.94]  ctrl_n_temp=6
[ Info:     [ 1] λ 0.000 → 0.200 (Δλ=0.200) accept=0%
[ Info:     [ 2] λ 0.200 → 0.400 (Δλ=0.200) accept=0%
[ Info:     [ 3] λ 0.400 → 0.600 (Δλ=0.200) accept=0%
[ Info:     [ 4] λ 0.600 → 0.800 (Δλ=0.200) accept=0%
[ Info:     [ 5] λ 0.800 → 1.000 (Δλ=0.200) accept=0%
[ Info: [stride 13/111] 1.1s  5 filter levels  Φ̄=1.554 x̂=(0.170, 0.339, 0.060)
[ Info:     [ 1] λ 0.000 → 0.200 (Δλ=0.200) accept=0%
[ Info:     [ 2] λ 0.200 → 0.400 (Δλ=0.200) accept=0%
[ Info:     [ 3] λ 0.400 → 0.600 (Δλ=0.200) accept=0%
[ Info:     [ 4] λ 0.600 → 0.800 (Δλ=0.200) accept=0%
[ Info:     [ 5] λ 0.800 → 1.000 (Δλ=0.200) accept=0%
[ Info: [stride 14/111] 1.1s  5 filter levels  Φ̄=1.580 x̂=(0.176, 0.338, 0.059)
[ Info:   [replan @ stride 14] 68.5s  Φ̄_plan=1.228  shape=[1.43→1.21→0.82]  ctrl_n_temp=6
[ Info:     [ 1] λ 0.000 → 0.200 (Δλ=0.200) accept=0%
[ Info:     [ 2] λ 0.200 → 0.400 (Δλ=0.200) accept=0%
[ Info:     [ 3] λ 0.400 → 0.600 (Δλ=0.200) accept=0%
[ Info:     [ 4] λ 0.600 → 0.800 (Δλ=0.200) accept=0%
[ Info:     [ 5] λ 0.800 → 1.000 (Δλ=0.200) accept=0%
[ Info: [stride 15/111] 1.1s  5 filter levels  Φ̄=1.445 x̂=(0.181, 0.338, 0.057)
[ Info:     [ 1] λ 0.000 → 0.200 (Δλ=0.200) accept=0%
[ Info:     [ 2] λ 0.200 → 0.400 (Δλ=0.200) accept=0%
[ Info:     [ 3] λ 0.400 → 0.600 (Δλ=0.200) accept=0%
[ Info:     [ 4] λ 0.600 → 0.800 (Δλ=0.200) accept=0%
[ Info:     [ 5] λ 0.800 → 1.000 (Δλ=0.200) accept=0%
[ Info: [stride 16/111] 1.1s  5 filter levels  Φ̄=1.468 x̂=(0.191, 0.332, 0.059)
[ Info:   [replan @ stride 16] 68.9s  Φ̄_plan=1.285  shape=[1.52→1.24→0.88]  ctrl_n_temp=6
[ Info:     [ 1] λ 0.000 → 0.200 (Δλ=0.200) accept=0%
[ Info:     [ 2] λ 0.200 → 0.400 (Δλ=0.200) accept=0%
[ Info:     [ 3] λ 0.400 → 0.600 (Δλ=0.200) accept=0%
[ Info:     [ 4] λ 0.600 → 0.800 (Δλ=0.200) accept=0%
[ Info:     [ 5] λ 0.800 → 1.000 (Δλ=0.200) accept=0%
[ Info: [stride 17/111] 1.1s  5 filter levels  Φ̄=1.535 x̂=(0.197, 0.335, 0.063)
[ Info:     [ 1] λ 0.000 → 0.200 (Δλ=0.200) accept=0%
[ Info:     [ 2] λ 0.200 → 0.400 (Δλ=0.200) accept=0%
[ Info:     [ 3] λ 0.400 → 0.600 (Δλ=0.200) accept=0%
[ Info:     [ 4] λ 0.600 → 0.800 (Δλ=0.200) accept=0%
[ Info:     [ 5] λ 0.800 → 1.000 (Δλ=0.200) accept=0%
[ Info: [stride 18/111] 1.1s  5 filter levels  Φ̄=1.558 x̂=(0.204, 0.337, 0.065)
[ Info:   [replan @ stride 18] 68.7s  Φ̄_plan=1.853  shape=[1.85→1.98→1.08]  ctrl_n_temp=6
[ Info:     [ 1] λ 0.000 → 0.200 (Δλ=0.200) accept=0%
[ Info:     [ 2] λ 0.200 → 0.400 (Δλ=0.200) accept=0%
[ Info:     [ 3] λ 0.400 → 0.600 (Δλ=0.200) accept=0%
[ Info:     [ 4] λ 0.600 → 0.800 (Δλ=0.200) accept=0%
[ Info:     [ 5] λ 0.800 → 1.000 (Δλ=0.200) accept=0%
[ Info: [stride 19/111] 1.1s  5 filter levels  Φ̄=1.867 x̂=(0.217, 0.338, 0.068)
[ Info:     [ 1] λ 0.000 → 0.200 (Δλ=0.200) accept=0%
[ Info:     [ 2] λ 0.200 → 0.400 (Δλ=0.200) accept=0%
[ Info:     [ 3] λ 0.400 → 0.600 (Δλ=0.200) accept=0%
[ Info:     [ 4] λ 0.600 → 0.800 (Δλ=0.200) accept=0%
[ Info:     [ 5] λ 0.800 → 1.000 (Δλ=0.200) accept=0%
[ Info: [stride 20/111] 1.1s  5 filter levels  Φ̄=1.902 x̂=(0.226, 0.341, 0.066)
[ Info:   [replan @ stride 20] 67.6s  Φ̄_plan=1.730  shape=[1.73→1.85→0.99]  ctrl_n_temp=6
[ Info:     [ 1] λ 0.000 → 0.200 (Δλ=0.200) accept=0%
[ Info:     [ 2] λ 0.200 → 0.400 (Δλ=0.200) accept=0%
[ Info:     [ 3] λ 0.400 → 0.600 (Δλ=0.200) accept=0%
[ Info:     [ 4] λ 0.600 → 0.800 (Δλ=0.200) accept=0%
[ Info:     [ 5] λ 0.800 → 1.000 (Δλ=0.200) accept=0%
[ Info: [stride 21/111] 1.0s  5 filter levels  Φ̄=1.748 x̂=(0.235, 0.345, 0.057)
[ Info:     [ 1] λ 0.000 → 0.200 (Δλ=0.200) accept=0%
[ Info:     [ 2] λ 0.200 → 0.400 (Δλ=0.200) accept=0%
[ Info:     [ 3] λ 0.400 → 0.600 (Δλ=0.200) accept=0%
[ Info:     [ 4] λ 0.600 → 0.800 (Δλ=0.200) accept=0%
[ Info:     [ 5] λ 0.800 → 1.000 (Δλ=0.200) accept=0%
[ Info: [stride 22/111] 1.1s  5 filter levels  Φ̄=1.779 x̂=(0.239, 0.345, 0.054)
[ Info:   [replan @ stride 22] 72.5s  Φ̄_plan=1.381  shape=[1.44→1.45→0.93]  ctrl_n_temp=6
[ Info:     [ 1] λ 0.000 → 0.200 (Δλ=0.200) accept=0%
[ Info:     [ 2] λ 0.200 → 0.400 (Δλ=0.200) accept=0%
[ Info:     [ 3] λ 0.400 → 0.600 (Δλ=0.200) accept=0%
[ Info:     [ 4] λ 0.600 → 0.800 (Δλ=0.200) accept=0%
[ Info:     [ 5] λ 0.800 → 1.000 (Δλ=0.200) accept=0%
[ Info: [stride 23/111] 1.1s  5 filter levels  Φ̄=1.454 x̂=(0.247, 0.337, 0.057)
[ Info:     [ 1] λ 0.000 → 0.200 (Δλ=0.200) accept=0%
[ Info:     [ 2] λ 0.200 → 0.400 (Δλ=0.200) accept=0%
[ Info:     [ 3] λ 0.400 → 0.600 (Δλ=0.200) accept=0%
[ Info:     [ 4] λ 0.600 → 0.800 (Δλ=0.200) accept=0%
[ Info:     [ 5] λ 0.800 → 1.000 (Δλ=0.200) accept=0%
[ Info: [stride 24/111] 1.1s  5 filter levels  Φ̄=1.475 x̂=(0.254, 0.335, 0.066)
[ Info:   [replan @ stride 24] 74.1s  Φ̄_plan=1.619  shape=[1.54→1.74→1.01]  ctrl_n_temp=6
[ Info:     [ 1] λ 0.000 → 0.200 (Δλ=0.200) accept=0%
[ Info:     [ 2] λ 0.200 → 0.400 (Δλ=0.200) accept=0%
[ Info:     [ 3] λ 0.400 → 0.600 (Δλ=0.200) accept=0%
[ Info:     [ 4] λ 0.600 → 0.800 (Δλ=0.200) accept=0%
[ Info:     [ 5] λ 0.800 → 1.000 (Δλ=0.200) accept=0%
[ Info: [stride 25/111] 1.1s  5 filter levels  Φ̄=1.555 x̂=(0.260, 0.330, 0.062)
[ Info:     [ 1] λ 0.000 → 0.200 (Δλ=0.200) accept=0%
[ Info:     [ 2] λ 0.200 → 0.400 (Δλ=0.200) accept=0%
[ Info:     [ 3] λ 0.400 → 0.600 (Δλ=0.200) accept=0%
[ Info:     [ 4] λ 0.600 → 0.800 (Δλ=0.200) accept=0%
[ Info:     [ 5] λ 0.800 → 1.000 (Δλ=0.200) accept=0%
[ Info: [stride 26/111] 1.1s  5 filter levels  Φ̄=1.581 x̂=(0.263, 0.325, 0.065)
[ Info:   [replan @ stride 26] 70.7s  Φ̄_plan=1.712  shape=[1.57→2.05→0.98]  ctrl_n_temp=6
[ Info:     [ 1] λ 0.000 → 0.200 (Δλ=0.200) accept=0%
[ Info:     [ 2] λ 0.200 → 0.400 (Δλ=0.200) accept=0%
[ Info:     [ 3] λ 0.400 → 0.600 (Δλ=0.200) accept=0%
[ Info:     [ 4] λ 0.600 → 0.800 (Δλ=0.200) accept=0%
[ Info:     [ 5] λ 0.800 → 1.000 (Δλ=0.200) accept=0%
[ Info: [stride 27/111] 1.1s  5 filter levels  Φ̄=1.578 x̂=(0.271, 0.328, 0.069)
[ Info:     [ 1] λ 0.000 → 0.200 (Δλ=0.200) accept=0%
[ Info:     [ 2] λ 0.200 → 0.400 (Δλ=0.200) accept=0%
[ Info:     [ 3] λ 0.400 → 0.600 (Δλ=0.200) accept=0%
[ Info:     [ 4] λ 0.600 → 0.800 (Δλ=0.200) accept=0%
[ Info:     [ 5] λ 0.800 → 1.000 (Δλ=0.200) accept=0%
[ Info: [stride 28/111] 1.1s  5 filter levels  Φ̄=1.604 x̂=(0.277, 0.333, 0.069)
[ Info:   [replan @ stride 28] 71.2s  Φ̄_plan=1.705  shape=[1.57→2.04→0.95]  ctrl_n_temp=6
[ Info:     [ 1] λ 0.000 → 0.200 (Δλ=0.200) accept=0%
[ Info:     [ 2] λ 0.200 → 0.400 (Δλ=0.200) accept=0%
[ Info:     [ 3] λ 0.400 → 0.600 (Δλ=0.200) accept=0%
[ Info:     [ 4] λ 0.600 → 0.800 (Δλ=0.200) accept=0%
[ Info:     [ 5] λ 0.800 → 1.000 (Δλ=0.200) accept=0%
[ Info: [stride 29/111] 1.1s  5 filter levels  Φ̄=1.581 x̂=(0.286, 0.342, 0.068)
[ Info:     [ 1] λ 0.000 → 0.200 (Δλ=0.200) accept=0%
[ Info:     [ 2] λ 0.200 → 0.400 (Δλ=0.200) accept=0%
[ Info:     [ 3] λ 0.400 → 0.600 (Δλ=0.200) accept=0%
[ Info:     [ 4] λ 0.600 → 0.800 (Δλ=0.200) accept=0%
[ Info:     [ 5] λ 0.800 → 1.000 (Δλ=0.200) accept=0%
[ Info: [stride 30/111] 1.1s  5 filter levels  Φ̄=1.609 x̂=(0.295, 0.336, 0.067)
[ Info:   [replan @ stride 30] 73.2s  Φ̄_plan=1.632  shape=[1.49→1.92→0.97]  ctrl_n_temp=6
[ Info:     [ 1] λ 0.000 → 0.200 (Δλ=0.200) accept=0%
[ Info:     [ 2] λ 0.200 → 0.400 (Δλ=0.200) accept=0%
[ Info:     [ 3] λ 0.400 → 0.600 (Δλ=0.200) accept=0%
[ Info:     [ 4] λ 0.600 → 0.800 (Δλ=0.200) accept=0%
[ Info:     [ 5] λ 0.800 → 1.000 (Δλ=0.200) accept=0%
[ Info: [stride 31/111] 1.1s  5 filter levels  Φ̄=1.499 x̂=(0.302, 0.339, 0.068)
[ Info:     [ 1] λ 0.000 → 0.200 (Δλ=0.200) accept=0%
[ Info:     [ 2] λ 0.200 → 0.400 (Δλ=0.200) accept=0%
[ Info:     [ 3] λ 0.400 → 0.600 (Δλ=0.200) accept=0%
[ Info:     [ 4] λ 0.600 → 0.800 (Δλ=0.200) accept=0%
[ Info:     [ 5] λ 0.800 → 1.000 (Δλ=0.200) accept=0%
[ Info: [stride 32/111] 1.1s  5 filter levels  Φ̄=1.523 x̂=(0.301, 0.325, 0.068)
[ Info:   [replan @ stride 32] 74.9s  Φ̄_plan=1.797  shape=[1.54→2.27→0.93]  ctrl_n_temp=6
[ Info:     [ 1] λ 0.000 → 0.200 (Δλ=0.200) accept=0%
[ Info:     [ 2] λ 0.200 → 0.400 (Δλ=0.200) accept=0%
[ Info:     [ 3] λ 0.400 → 0.600 (Δλ=0.200) accept=0%
[ Info:     [ 4] λ 0.600 → 0.800 (Δλ=0.200) accept=0%
[ Info:     [ 5] λ 0.800 → 1.000 (Δλ=0.200) accept=0%
[ Info: [stride 33/111] 1.1s  5 filter levels  Φ̄=1.554 x̂=(0.309, 0.328, 0.074)
[ Info:     [ 1] λ 0.000 → 0.200 (Δλ=0.200) accept=0%
[ Info:     [ 2] λ 0.200 → 0.400 (Δλ=0.200) accept=0%
[ Info:     [ 3] λ 0.400 → 0.600 (Δλ=0.200) accept=0%
[ Info:     [ 4] λ 0.600 → 0.800 (Δλ=0.200) accept=0%
[ Info:     [ 5] λ 0.800 → 1.000 (Δλ=0.200) accept=0%
[ Info: [stride 34/111] 1.1s  5 filter levels  Φ̄=1.584 x̂=(0.315, 0.331, 0.072)
[ Info:   [replan @ stride 34] 64.8s  Φ̄_plan=1.864  shape=[1.64→2.47→0.95]  ctrl_n_temp=6
[ Info:     [ 1] λ 0.000 → 0.200 (Δλ=0.200) accept=0%
[ Info:     [ 2] λ 0.200 → 0.400 (Δλ=0.200) accept=0%
[ Info:     [ 3] λ 0.400 → 0.600 (Δλ=0.200) accept=0%
[ Info:     [ 4] λ 0.600 → 0.800 (Δλ=0.200) accept=0%
[ Info:     [ 5] λ 0.800 → 1.000 (Δλ=0.200) accept=0%
[ Info: [stride 35/111] 1.1s  5 filter levels  Φ̄=1.656 x̂=(0.325, 0.332, 0.078)
[ Info:     [ 1] λ 0.000 → 0.200 (Δλ=0.200) accept=0%
[ Info:     [ 2] λ 0.200 → 0.400 (Δλ=0.200) accept=0%
[ Info:     [ 3] λ 0.400 → 0.600 (Δλ=0.200) accept=0%
[ Info:     [ 4] λ 0.600 → 0.800 (Δλ=0.200) accept=0%
[ Info:     [ 5] λ 0.800 → 1.000 (Δλ=0.200) accept=0%
[ Info: [stride 36/111] 1.1s  5 filter levels  Φ̄=1.688 x̂=(0.330, 0.335, 0.078)
[ Info:   [replan @ stride 36] 63.2s  Φ̄_plan=1.786  shape=[1.51→2.40→0.94]  ctrl_n_temp=6
[ Info:     [ 1] λ 0.000 → 0.200 (Δλ=0.200) accept=0%
[ Info:     [ 2] λ 0.200 → 0.400 (Δλ=0.200) accept=0%
[ Info:     [ 3] λ 0.400 → 0.600 (Δλ=0.200) accept=0%
[ Info:     [ 4] λ 0.600 → 0.800 (Δλ=0.200) accept=0%
[ Info:     [ 5] λ 0.800 → 1.000 (Δλ=0.200) accept=0%
[ Info: [stride 37/111] 1.1s  5 filter levels  Φ̄=1.527 x̂=(0.340, 0.331, 0.078)
[ Info:     [ 1] λ 0.000 → 0.200 (Δλ=0.200) accept=0%
[ Info:     [ 2] λ 0.200 → 0.400 (Δλ=0.200) accept=0%
[ Info:     [ 3] λ 0.400 → 0.600 (Δλ=0.200) accept=0%
[ Info:     [ 4] λ 0.600 → 0.800 (Δλ=0.200) accept=0%
[ Info:     [ 5] λ 0.800 → 1.000 (Δλ=0.200) accept=0%
[ Info: [stride 38/111] 1.1s  5 filter levels  Φ̄=1.556 x̂=(0.348, 0.328, 0.085)
[ Info:   [replan @ stride 38] 76.5s  Φ̄_plan=1.715  shape=[1.40→2.33→0.89]  ctrl_n_temp=6
[ Info:     [ 1] λ 0.000 → 0.200 (Δλ=0.200) accept=0%
[ Info:     [ 2] λ 0.200 → 0.400 (Δλ=0.200) accept=0%
[ Info:     [ 3] λ 0.400 → 0.600 (Δλ=0.200) accept=0%
[ Info:     [ 4] λ 0.600 → 0.800 (Δλ=0.200) accept=0%
[ Info:     [ 5] λ 0.800 → 1.000 (Δλ=0.200) accept=0%
[ Info: [stride 39/111] 1.1s  5 filter levels  Φ̄=1.412 x̂=(0.355, 0.325, 0.090)
[ Info:     [ 1] λ 0.000 → 0.200 (Δλ=0.200) accept=0%
[ Info:     [ 2] λ 0.200 → 0.400 (Δλ=0.200) accept=0%
[ Info:     [ 3] λ 0.400 → 0.600 (Δλ=0.200) accept=0%
[ Info:     [ 4] λ 0.600 → 0.800 (Δλ=0.200) accept=0%
[ Info:     [ 5] λ 0.800 → 1.000 (Δλ=0.200) accept=0%
[ Info: [stride 40/111] 1.1s  5 filter levels  Φ̄=1.435 x̂=(0.357, 0.326, 0.090)
[ Info:   [replan @ stride 40] 68.8s  Φ̄_plan=1.805  shape=[1.51→2.46→0.98]  ctrl_n_temp=6
[ Info:     [ 1] λ 0.000 → 0.200 (Δλ=0.200) accept=0%
[ Info:     [ 2] λ 0.200 → 0.400 (Δλ=0.200) accept=0%
[ Info:     [ 3] λ 0.400 → 0.600 (Δλ=0.200) accept=0%
[ Info:     [ 4] λ 0.600 → 0.800 (Δλ=0.200) accept=0%
[ Info:     [ 5] λ 0.800 → 1.000 (Δλ=0.200) accept=0%
[ Info: [stride 41/111] 1.1s  5 filter levels  Φ̄=1.521 x̂=(0.358, 0.319, 0.095)
[ Info:     [ 1] λ 0.000 → 0.200 (Δλ=0.200) accept=0%
[ Info:     [ 2] λ 0.200 → 0.400 (Δλ=0.200) accept=0%
[ Info:     [ 3] λ 0.400 → 0.600 (Δλ=0.200) accept=0%
[ Info:     [ 4] λ 0.600 → 0.800 (Δλ=0.200) accept=0%
[ Info:     [ 5] λ 0.800 → 1.000 (Δλ=0.200) accept=0%
[ Info: [stride 42/111] 1.1s  5 filter levels  Φ̄=1.549 x̂=(0.366, 0.321, 0.097)
[ Info:   [replan @ stride 42] 73.8s  Φ̄_plan=1.901  shape=[1.62→2.47→1.00]  ctrl_n_temp=6
[ Info:     [ 1] λ 0.000 → 0.200 (Δλ=0.200) accept=0%
[ Info:     [ 2] λ 0.200 → 0.400 (Δλ=0.200) accept=0%
[ Info:     [ 3] λ 0.400 → 0.600 (Δλ=0.200) accept=0%
[ Info:     [ 4] λ 0.600 → 0.800 (Δλ=0.200) accept=0%
[ Info:     [ 5] λ 0.800 → 1.000 (Δλ=0.200) accept=0%
[ Info: [stride 43/111] 1.1s  5 filter levels  Φ̄=1.639 x̂=(0.375, 0.321, 0.105)
[ Info:     [ 1] λ 0.000 → 0.200 (Δλ=0.200) accept=0%
[ Info:     [ 2] λ 0.200 → 0.400 (Δλ=0.200) accept=0%
[ Info:     [ 3] λ 0.400 → 0.600 (Δλ=0.200) accept=0%
[ Info:     [ 4] λ 0.600 → 0.800 (Δλ=0.200) accept=0%
[ Info:     [ 5] λ 0.800 → 1.000 (Δλ=0.200) accept=0%
[ Info: [stride 44/111] 1.1s  5 filter levels  Φ̄=1.676 x̂=(0.381, 0.319, 0.108)
[ Info:   [replan @ stride 44] 67.9s  Φ̄_plan=1.838  shape=[1.54→2.44→0.96]  ctrl_n_temp=6
[ Info:     [ 1] λ 0.000 → 0.200 (Δλ=0.200) accept=0%
[ Info:     [ 2] λ 0.200 → 0.400 (Δλ=0.200) accept=0%
[ Info:     [ 3] λ 0.400 → 0.600 (Δλ=0.200) accept=0%
[ Info:     [ 4] λ 0.600 → 0.800 (Δλ=0.200) accept=0%
[ Info:     [ 5] λ 0.800 → 1.000 (Δλ=0.200) accept=0%
[ Info: [stride 45/111] 1.1s  5 filter levels  Φ̄=1.559 x̂=(0.386, 0.320, 0.103)
[ Info:     [ 1] λ 0.000 → 0.200 (Δλ=0.200) accept=0%
[ Info:     [ 2] λ 0.200 → 0.400 (Δλ=0.200) accept=0%
[ Info:     [ 3] λ 0.400 → 0.600 (Δλ=0.200) accept=0%
[ Info:     [ 4] λ 0.600 → 0.800 (Δλ=0.200) accept=0%
[ Info:     [ 5] λ 0.800 → 1.000 (Δλ=0.200) accept=0%
[ Info: [stride 46/111] 1.1s  5 filter levels  Φ̄=1.597 x̂=(0.395, 0.320, 0.111)
[ Info:   [replan @ stride 46] 75.7s  Φ̄_plan=1.706  shape=[1.30→2.41→0.94]  ctrl_n_temp=6
[ Info:     [ 1] λ 0.000 → 0.200 (Δλ=0.200) accept=0%
[ Info:     [ 2] λ 0.200 → 0.400 (Δλ=0.200) accept=0%
[ Info:     [ 3] λ 0.400 → 0.600 (Δλ=0.200) accept=0%
[ Info:     [ 4] λ 0.600 → 0.800 (Δλ=0.200) accept=0%
[ Info:     [ 5] λ 0.800 → 1.000 (Δλ=0.200) accept=0%
[ Info: [stride 47/111] 1.5s  5 filter levels  Φ̄=1.309 x̂=(0.403, 0.313, 0.109)
[ Info:     [ 1] λ 0.000 → 0.200 (Δλ=0.200) accept=0%
[ Info:     [ 2] λ 0.200 → 0.400 (Δλ=0.200) accept=0%
[ Info:     [ 3] λ 0.400 → 0.600 (Δλ=0.200) accept=0%
[ Info:     [ 4] λ 0.600 → 0.800 (Δλ=0.200) accept=0%
[ Info:     [ 5] λ 0.800 → 1.000 (Δλ=0.200) accept=0%
[ Info: [stride 48/111] 1.1s  5 filter levels  Φ̄=1.332 x̂=(0.403, 0.305, 0.118)
[ Info:   [replan @ stride 48] 75.4s  Φ̄_plan=1.703  shape=[1.32→2.40→0.88]  ctrl_n_temp=6
[ Info:     [ 1] λ 0.000 → 0.200 (Δλ=0.200) accept=0%
[ Info:     [ 2] λ 0.200 → 0.400 (Δλ=0.200) accept=0%
[ Info:     [ 3] λ 0.400 → 0.600 (Δλ=0.200) accept=0%
[ Info:     [ 4] λ 0.600 → 0.800 (Δλ=0.200) accept=0%
[ Info:     [ 5] λ 0.800 → 1.000 (Δλ=0.200) accept=0%
[ Info: [stride 49/111] 1.1s  5 filter levels  Φ̄=1.328 x̂=(0.411, 0.300, 0.127)
[ Info:     [ 1] λ 0.000 → 0.200 (Δλ=0.200) accept=0%
[ Info:     [ 2] λ 0.200 → 0.400 (Δλ=0.200) accept=0%
[ Info:     [ 3] λ 0.400 → 0.600 (Δλ=0.200) accept=0%
[ Info:     [ 4] λ 0.600 → 0.800 (Δλ=0.200) accept=0%
[ Info:     [ 5] λ 0.800 → 1.000 (Δλ=0.200) accept=0%
[ Info: [stride 50/111] 1.1s  5 filter levels  Φ̄=1.356 x̂=(0.416, 0.300, 0.129)
[ Info:   [replan @ stride 50] 73.7s  Φ̄_plan=1.718  shape=[1.40→2.31→0.90]  ctrl_n_temp=6
[ Info:     [ 1] λ 0.000 → 0.200 (Δλ=0.200) accept=0%
[ Info:     [ 2] λ 0.200 → 0.400 (Δλ=0.200) accept=0%
[ Info:     [ 3] λ 0.400 → 0.600 (Δλ=0.200) accept=0%
[ Info:     [ 4] λ 0.600 → 0.800 (Δλ=0.200) accept=0%
[ Info:     [ 5] λ 0.800 → 1.000 (Δλ=0.200) accept=0%
[ Info: [stride 51/111] 1.1s  5 filter levels  Φ̄=1.417 x̂=(0.419, 0.304, 0.132)
[ Info:     [ 1] λ 0.000 → 0.200 (Δλ=0.200) accept=0%
[ Info:     [ 2] λ 0.200 → 0.400 (Δλ=0.200) accept=0%
[ Info:     [ 3] λ 0.400 → 0.600 (Δλ=0.200) accept=0%
[ Info:     [ 4] λ 0.600 → 0.800 (Δλ=0.200) accept=0%
[ Info:     [ 5] λ 0.800 → 1.000 (Δλ=0.200) accept=0%
[ Info: [stride 52/111] 1.1s  5 filter levels  Φ̄=1.447 x̂=(0.421, 0.300, 0.139)
[ Info:   [replan @ stride 52] 66.8s  Φ̄_plan=1.717  shape=[1.37→2.29→0.91]  ctrl_n_temp=6
[ Info:     [ 1] λ 0.000 → 0.200 (Δλ=0.200) accept=0%
[ Info:     [ 2] λ 0.200 → 0.400 (Δλ=0.200) accept=0%
[ Info:     [ 3] λ 0.400 → 0.600 (Δλ=0.200) accept=0%
[ Info:     [ 4] λ 0.600 → 0.800 (Δλ=0.200) accept=0%
[ Info:     [ 5] λ 0.800 → 1.000 (Δλ=0.200) accept=0%
[ Info: [stride 53/111] 1.1s  5 filter levels  Φ̄=1.385 x̂=(0.421, 0.297, 0.148)
[ Info:     [ 1] λ 0.000 → 0.200 (Δλ=0.200) accept=0%
[ Info:     [ 2] λ 0.200 → 0.400 (Δλ=0.200) accept=0%
[ Info:     [ 3] λ 0.400 → 0.600 (Δλ=0.200) accept=0%
[ Info:     [ 4] λ 0.600 → 0.800 (Δλ=0.200) accept=0%
[ Info:     [ 5] λ 0.800 → 1.000 (Δλ=0.200) accept=0%
[ Info: [stride 54/111] 1.1s  5 filter levels  Φ̄=1.415 x̂=(0.430, 0.293, 0.148)
[ Info:   [replan @ stride 54] 67.9s  Φ̄_plan=1.735  shape=[1.41→2.22→0.92]  ctrl_n_temp=6
[ Info:     [ 1] λ 0.000 → 0.200 (Δλ=0.200) accept=0%
[ Info:     [ 2] λ 0.200 → 0.400 (Δλ=0.200) accept=0%
[ Info:     [ 3] λ 0.400 → 0.600 (Δλ=0.200) accept=0%
[ Info:     [ 4] λ 0.600 → 0.800 (Δλ=0.200) accept=0%
[ Info:     [ 5] λ 0.800 → 1.000 (Δλ=0.200) accept=0%
[ Info: [stride 55/111] 1.1s  5 filter levels  Φ̄=1.431 x̂=(0.435, 0.292, 0.150)
[ Info:     [ 1] λ 0.000 → 0.200 (Δλ=0.200) accept=0%
[ Info:     [ 2] λ 0.200 → 0.400 (Δλ=0.200) accept=0%
[ Info:     [ 3] λ 0.400 → 0.600 (Δλ=0.200) accept=0%
[ Info:     [ 4] λ 0.600 → 0.800 (Δλ=0.200) accept=0%
[ Info:     [ 5] λ 0.800 → 1.000 (Δλ=0.200) accept=0%
[ Info: [stride 56/111] 1.1s  5 filter levels  Φ̄=1.466 x̂=(0.437, 0.295, 0.159)
[ Info:   [replan @ stride 56] 68.9s  Φ̄_plan=1.723  shape=[1.41→2.20→0.90]  ctrl_n_temp=6
[ Info:     [ 1] λ 0.000 → 0.200 (Δλ=0.200) accept=0%
[ Info:     [ 2] λ 0.200 → 0.400 (Δλ=0.200) accept=0%
[ Info:     [ 3] λ 0.400 → 0.600 (Δλ=0.200) accept=0%
[ Info:     [ 4] λ 0.600 → 0.800 (Δλ=0.200) accept=0%
[ Info:     [ 5] λ 0.800 → 1.000 (Δλ=0.200) accept=0%
[ Info: [stride 57/111] 1.1s  5 filter levels  Φ̄=1.427 x̂=(0.441, 0.292, 0.172)
[ Info:     [ 1] λ 0.000 → 0.200 (Δλ=0.200) accept=0%
[ Info:     [ 2] λ 0.200 → 0.400 (Δλ=0.200) accept=0%
[ Info:     [ 3] λ 0.400 → 0.600 (Δλ=0.200) accept=0%
[ Info:     [ 4] λ 0.600 → 0.800 (Δλ=0.200) accept=0%
[ Info:     [ 5] λ 0.800 → 1.000 (Δλ=0.200) accept=0%
[ Info: [stride 58/111] 1.1s  5 filter levels  Φ̄=1.463 x̂=(0.450, 0.292, 0.178)
[ Info:   [replan @ stride 58] 64.4s  Φ̄_plan=1.720  shape=[1.49→2.09→0.94]  ctrl_n_temp=6
[ Info:     [ 1] λ 0.000 → 0.200 (Δλ=0.200) accept=0%
[ Info:     [ 2] λ 0.200 → 0.400 (Δλ=0.200) accept=0%
[ Info:     [ 3] λ 0.400 → 0.600 (Δλ=0.200) accept=0%
[ Info:     [ 4] λ 0.600 → 0.800 (Δλ=0.200) accept=0%
[ Info:     [ 5] λ 0.800 → 1.000 (Δλ=0.200) accept=0%
[ Info: [stride 59/111] 1.1s  5 filter levels  Φ̄=1.505 x̂=(0.458, 0.291, 0.189)
[ Info:     [ 1] λ 0.000 → 0.200 (Δλ=0.200) accept=0%
[ Info:     [ 2] λ 0.200 → 0.400 (Δλ=0.200) accept=0%
[ Info:     [ 3] λ 0.400 → 0.600 (Δλ=0.200) accept=0%
[ Info:     [ 4] λ 0.600 → 0.800 (Δλ=0.200) accept=0%
[ Info:     [ 5] λ 0.800 → 1.000 (Δλ=0.200) accept=0%
[ Info: [stride 60/111] 1.1s  5 filter levels  Φ̄=1.546 x̂=(0.460, 0.288, 0.202)
[ Info:   [replan @ stride 60] 66.8s  Φ̄_plan=1.736  shape=[1.60→1.98→0.93]  ctrl_n_temp=6
[ Info:     [ 1] λ 0.000 → 0.200 (Δλ=0.200) accept=0%
[ Info:     [ 2] λ 0.200 → 0.400 (Δλ=0.200) accept=0%
[ Info:     [ 3] λ 0.400 → 0.600 (Δλ=0.200) accept=0%
[ Info:     [ 4] λ 0.600 → 0.800 (Δλ=0.200) accept=0%
[ Info:     [ 5] λ 0.800 → 1.000 (Δλ=0.200) accept=0%
[ Info: [stride 61/111] 1.1s  5 filter levels  Φ̄=1.618 x̂=(0.469, 0.286, 0.218)
[ Info:     [ 1] λ 0.000 → 0.200 (Δλ=0.200) accept=0%
[ Info:     [ 2] λ 0.200 → 0.400 (Δλ=0.200) accept=0%
[ Info:     [ 3] λ 0.400 → 0.600 (Δλ=0.200) accept=0%
[ Info:     [ 4] λ 0.600 → 0.800 (Δλ=0.200) accept=0%
[ Info:     [ 5] λ 0.800 → 1.000 (Δλ=0.200) accept=0%
[ Info: [stride 62/111] 1.1s  5 filter levels  Φ̄=1.665 x̂=(0.476, 0.283, 0.235)
[ Info:   [replan @ stride 62] 68.7s  Φ̄_plan=1.732  shape=[1.70→1.89→0.95]  ctrl_n_temp=6
[ Info:     [ 1] λ 0.000 → 0.200 (Δλ=0.200) accept=0%
[ Info:     [ 2] λ 0.200 → 0.400 (Δλ=0.200) accept=0%
[ Info:     [ 3] λ 0.400 → 0.600 (Δλ=0.200) accept=0%
[ Info:     [ 4] λ 0.600 → 0.800 (Δλ=0.200) accept=0%
[ Info:     [ 5] λ 0.800 → 1.000 (Δλ=0.200) accept=0%
[ Info: [stride 63/111] 1.5s  5 filter levels  Φ̄=1.729 x̂=(0.477, 0.286, 0.258)
[ Info:     [ 1] λ 0.000 → 0.200 (Δλ=0.200) accept=0%
[ Info:     [ 2] λ 0.200 → 0.400 (Δλ=0.200) accept=0%
[ Info:     [ 3] λ 0.400 → 0.600 (Δλ=0.200) accept=0%
[ Info:     [ 4] λ 0.600 → 0.800 (Δλ=0.200) accept=0%
[ Info:     [ 5] λ 0.800 → 1.000 (Δλ=0.200) accept=0%
[ Info: [stride 64/111] 1.1s  5 filter levels  Φ̄=1.781 x̂=(0.482, 0.282, 0.278)
[ Info:   [replan @ stride 64] 69.6s  Φ̄_plan=1.737  shape=[1.87→1.74→0.99]  ctrl_n_temp=6
[ Info:     [ 1] λ 0.000 → 0.200 (Δλ=0.200) accept=0%
[ Info:     [ 2] λ 0.200 → 0.400 (Δλ=0.200) accept=0%
[ Info:     [ 3] λ 0.400 → 0.600 (Δλ=0.200) accept=0%
[ Info:     [ 4] λ 0.600 → 0.800 (Δλ=0.200) accept=0%
[ Info:     [ 5] λ 0.800 → 1.000 (Δλ=0.200) accept=0%
[ Info: [stride 65/111] 1.1s  5 filter levels  Φ̄=1.894 x̂=(0.492, 0.283, 0.284)
[ Info:     [ 1] λ 0.000 → 0.200 (Δλ=0.200) accept=0%
[ Info:     [ 2] λ 0.200 → 0.400 (Δλ=0.200) accept=0%
[ Info:     [ 3] λ 0.400 → 0.600 (Δλ=0.200) accept=0%
[ Info:     [ 4] λ 0.600 → 0.800 (Δλ=0.200) accept=0%
[ Info:     [ 5] λ 0.800 → 1.000 (Δλ=0.200) accept=0%
[ Info: [stride 66/111] 1.1s  5 filter levels  Φ̄=1.952 x̂=(0.497, 0.284, 0.285)
[ Info:   [replan @ stride 66] 64.2s  Φ̄_plan=1.735  shape=[1.88→1.68→0.97]  ctrl_n_temp=6
[ Info:     [ 1] λ 0.000 → 0.200 (Δλ=0.200) accept=0%
[ Info:     [ 2] λ 0.200 → 0.400 (Δλ=0.200) accept=0%
[ Info:     [ 3] λ 0.400 → 0.600 (Δλ=0.200) accept=0%
[ Info:     [ 4] λ 0.600 → 0.800 (Δλ=0.200) accept=0%
[ Info:     [ 5] λ 0.800 → 1.000 (Δλ=0.200) accept=0%
[ Info: [stride 67/111] 1.1s  5 filter levels  Φ̄=1.903 x̂=(0.505, 0.295, 0.293)
[ Info:     [ 1] λ 0.000 → 0.200 (Δλ=0.200) accept=0%
[ Info:     [ 2] λ 0.200 → 0.400 (Δλ=0.200) accept=0%
[ Info:     [ 3] λ 0.400 → 0.600 (Δλ=0.200) accept=0%
[ Info:     [ 4] λ 0.600 → 0.800 (Δλ=0.200) accept=0%
[ Info:     [ 5] λ 0.800 → 1.000 (Δλ=0.200) accept=0%
[ Info: [stride 68/111] 1.1s  5 filter levels  Φ̄=1.963 x̂=(0.515, 0.295, 0.300)
[ Info:   [replan @ stride 68] 69.6s  Φ̄_plan=1.714  shape=[1.86→1.69→0.95]  ctrl_n_temp=6
[ Info:     [ 1] λ 0.000 → 0.200 (Δλ=0.200) accept=0%
[ Info:     [ 2] λ 0.200 → 0.400 (Δλ=0.200) accept=0%
[ Info:     [ 3] λ 0.400 → 0.600 (Δλ=0.200) accept=0%
[ Info:     [ 4] λ 0.600 → 0.800 (Δλ=0.200) accept=0%
[ Info:     [ 5] λ 0.800 → 1.000 (Δλ=0.200) accept=0%
[ Info: [stride 69/111] 1.1s  5 filter levels  Φ̄=1.889 x̂=(0.522, 0.292, 0.324)
[ Info:     [ 1] λ 0.000 → 0.200 (Δλ=0.200) accept=0%
[ Info:     [ 2] λ 0.200 → 0.400 (Δλ=0.200) accept=0%
[ Info:     [ 3] λ 0.400 → 0.600 (Δλ=0.200) accept=0%
[ Info:     [ 4] λ 0.600 → 0.800 (Δλ=0.200) accept=0%
[ Info:     [ 5] λ 0.800 → 1.000 (Δλ=0.200) accept=0%
[ Info: [stride 70/111] 1.1s  5 filter levels  Φ̄=1.948 x̂=(0.531, 0.295, 0.336)
[ Info:   [replan @ stride 70] 72.2s  Φ̄_plan=1.713  shape=[2.01→1.58→0.97]  ctrl_n_temp=6
[ Info:     [ 1] λ 0.000 → 0.200 (Δλ=0.200) accept=0%
[ Info:     [ 2] λ 0.200 → 0.400 (Δλ=0.200) accept=0%
[ Info:     [ 3] λ 0.400 → 0.600 (Δλ=0.200) accept=0%
[ Info:     [ 4] λ 0.600 → 0.800 (Δλ=0.200) accept=0%
[ Info:     [ 5] λ 0.800 → 1.000 (Δλ=0.200) accept=0%
[ Info: [stride 71/111] 1.1s  5 filter levels  Φ̄=2.037 x̂=(0.542, 0.298, 0.344)
[ Info:     [ 1] λ 0.000 → 0.200 (Δλ=0.200) accept=0%
[ Info:     [ 2] λ 0.200 → 0.400 (Δλ=0.200) accept=0%
[ Info:     [ 3] λ 0.400 → 0.600 (Δλ=0.200) accept=0%
[ Info:     [ 4] λ 0.600 → 0.800 (Δλ=0.200) accept=0%
[ Info:     [ 5] λ 0.800 → 1.000 (Δλ=0.200) accept=0%
[ Info: [stride 72/111] 1.1s  5 filter levels  Φ̄=2.098 x̂=(0.548, 0.298, 0.363)
[ Info:   [replan @ stride 72] 72.6s  Φ̄_plan=1.684  shape=[2.01→1.56→0.92]  ctrl_n_temp=6
[ Info:     [ 1] λ 0.000 → 0.200 (Δλ=0.200) accept=0%
[ Info:     [ 2] λ 0.200 → 0.400 (Δλ=0.200) accept=0%
[ Info:     [ 3] λ 0.400 → 0.600 (Δλ=0.200) accept=0%
[ Info:     [ 4] λ 0.600 → 0.800 (Δλ=0.200) accept=0%
[ Info:     [ 5] λ 0.800 → 1.000 (Δλ=0.200) accept=0%
[ Info: [stride 73/111] 1.1s  5 filter levels  Φ̄=2.044 x̂=(0.550, 0.291, 0.374)
[ Info:     [ 1] λ 0.000 → 0.200 (Δλ=0.200) accept=0%
[ Info:     [ 2] λ 0.200 → 0.400 (Δλ=0.200) accept=0%
[ Info:     [ 3] λ 0.400 → 0.600 (Δλ=0.200) accept=0%
[ Info:     [ 4] λ 0.600 → 0.800 (Δλ=0.200) accept=0%
[ Info:     [ 5] λ 0.800 → 1.000 (Δλ=0.200) accept=0%
[ Info: [stride 74/111] 1.0s  5 filter levels  Φ̄=2.105 x̂=(0.560, 0.291, 0.392)
[ Info:   [replan @ stride 74] 67.8s  Φ̄_plan=1.671  shape=[2.01→1.50→0.94]  ctrl_n_temp=6
[ Info:     [ 1] λ 0.000 → 0.200 (Δλ=0.200) accept=0%
[ Info:     [ 2] λ 0.200 → 0.400 (Δλ=0.200) accept=0%
[ Info:     [ 3] λ 0.400 → 0.600 (Δλ=0.200) accept=0%
[ Info:     [ 4] λ 0.600 → 0.800 (Δλ=0.200) accept=0%
[ Info:     [ 5] λ 0.800 → 1.000 (Δλ=0.200) accept=0%
[ Info: [stride 75/111] 1.1s  5 filter levels  Φ̄=2.037 x̂=(0.567, 0.289, 0.407)
[ Info:     [ 1] λ 0.000 → 0.200 (Δλ=0.200) accept=0%
[ Info:     [ 2] λ 0.200 → 0.400 (Δλ=0.200) accept=0%
[ Info:     [ 3] λ 0.400 → 0.600 (Δλ=0.200) accept=0%
[ Info:     [ 4] λ 0.600 → 0.800 (Δλ=0.200) accept=0%
[ Info:     [ 5] λ 0.800 → 1.000 (Δλ=0.200) accept=0%
[ Info: [stride 76/111] 1.1s  5 filter levels  Φ̄=2.099 x̂=(0.573, 0.295, 0.417)
[ Info:   [replan @ stride 76] 72.5s  Φ̄_plan=1.672  shape=[2.11→1.45→0.97]  ctrl_n_temp=6
[ Info:     [ 1] λ 0.000 → 0.200 (Δλ=0.200) accept=0%
[ Info:     [ 2] λ 0.200 → 0.400 (Δλ=0.200) accept=0%
[ Info:     [ 3] λ 0.400 → 0.600 (Δλ=0.200) accept=0%
[ Info:     [ 4] λ 0.600 → 0.800 (Δλ=0.200) accept=0%
[ Info:     [ 5] λ 0.800 → 1.000 (Δλ=0.200) accept=0%
[ Info: [stride 77/111] 1.0s  5 filter levels  Φ̄=2.141 x̂=(0.581, 0.296, 0.428)
[ Info:     [ 1] λ 0.000 → 0.200 (Δλ=0.200) accept=0%
[ Info:     [ 2] λ 0.200 → 0.400 (Δλ=0.200) accept=0%
[ Info:     [ 3] λ 0.400 → 0.600 (Δλ=0.200) accept=0%
[ Info:     [ 4] λ 0.600 → 0.800 (Δλ=0.200) accept=0%
[ Info:     [ 5] λ 0.800 → 1.000 (Δλ=0.200) accept=0%
[ Info: [stride 78/111] 1.0s  5 filter levels  Φ̄=2.202 x̂=(0.591, 0.299, 0.447)
[ Info:   [replan @ stride 78] 66.6s  Φ̄_plan=1.647  shape=[2.11→1.48→0.91]  ctrl_n_temp=6
[ Info:     [ 1] λ 0.000 → 0.200 (Δλ=0.200) accept=0%
[ Info:     [ 2] λ 0.200 → 0.400 (Δλ=0.200) accept=0%
[ Info:     [ 3] λ 0.400 → 0.600 (Δλ=0.200) accept=0%
[ Info:     [ 4] λ 0.600 → 0.800 (Δλ=0.200) accept=0%
[ Info:     [ 5] λ 0.800 → 1.000 (Δλ=0.200) accept=0%
[ Info: [stride 79/111] 1.1s  5 filter levels  Φ̄=2.141 x̂=(0.597, 0.300, 0.466)
[ Info:     [ 1] λ 0.000 → 0.200 (Δλ=0.200) accept=0%
[ Info:     [ 2] λ 0.200 → 0.400 (Δλ=0.200) accept=0%
[ Info:     [ 3] λ 0.400 → 0.600 (Δλ=0.200) accept=0%
[ Info:     [ 4] λ 0.600 → 0.800 (Δλ=0.200) accept=0%
[ Info:     [ 5] λ 0.800 → 1.000 (Δλ=0.200) accept=0%
[ Info: [stride 80/111] 1.1s  5 filter levels  Φ̄=2.201 x̂=(0.607, 0.297, 0.476)
[ Info:   [replan @ stride 80] 72.2s  Φ̄_plan=1.640  shape=[2.09→1.46→0.91]  ctrl_n_temp=6
[ Info:     [ 1] λ 0.000 → 0.200 (Δλ=0.200) accept=0%
[ Info:     [ 2] λ 0.200 → 0.400 (Δλ=0.200) accept=0%
[ Info:     [ 3] λ 0.400 → 0.600 (Δλ=0.200) accept=0%
[ Info:     [ 4] λ 0.600 → 0.800 (Δλ=0.200) accept=0%
[ Info:     [ 5] λ 0.800 → 1.000 (Δλ=0.200) accept=0%
[ Info: [stride 81/111] 1.1s  5 filter levels  Φ̄=2.115 x̂=(0.615, 0.294, 0.504)
[ Info:     [ 1] λ 0.000 → 0.200 (Δλ=0.200) accept=0%
[ Info:     [ 2] λ 0.200 → 0.400 (Δλ=0.200) accept=0%
[ Info:     [ 3] λ 0.400 → 0.600 (Δλ=0.200) accept=0%
[ Info:     [ 4] λ 0.600 → 0.800 (Δλ=0.200) accept=0%
[ Info:     [ 5] λ 0.800 → 1.000 (Δλ=0.200) accept=0%
[ Info: [stride 82/111] 1.1s  5 filter levels  Φ̄=2.175 x̂=(0.627, 0.296, 0.537)
[ Info:   [replan @ stride 82] 67.0s  Φ̄_plan=1.635  shape=[2.14→1.47→0.98]  ctrl_n_temp=6
[ Info:     [ 1] λ 0.000 → 0.200 (Δλ=0.200) accept=0%
[ Info:     [ 2] λ 0.200 → 0.400 (Δλ=0.200) accept=0%
[ Info:     [ 3] λ 0.400 → 0.600 (Δλ=0.200) accept=0%
[ Info:     [ 4] λ 0.600 → 0.800 (Δλ=0.200) accept=0%
[ Info:     [ 5] λ 0.800 → 1.000 (Δλ=0.200) accept=0%
[ Info: [stride 83/111] 1.1s  5 filter levels  Φ̄=2.169 x̂=(0.635, 0.293, 0.568)
[ Info:     [ 1] λ 0.000 → 0.200 (Δλ=0.200) accept=0%
[ Info:     [ 2] λ 0.200 → 0.400 (Δλ=0.200) accept=0%
[ Info:     [ 3] λ 0.400 → 0.600 (Δλ=0.200) accept=0%
[ Info:     [ 4] λ 0.600 → 0.800 (Δλ=0.200) accept=0%
[ Info:     [ 5] λ 0.800 → 1.000 (Δλ=0.200) accept=0%
[ Info: [stride 84/111] 1.1s  5 filter levels  Φ̄=2.227 x̂=(0.643, 0.291, 0.600)
[ Info:   [replan @ stride 84] 73.0s  Φ̄_plan=1.597  shape=[2.19→1.45→0.91]  ctrl_n_temp=6
[ Info:     [ 1] λ 0.000 → 0.200 (Δλ=0.200) accept=0%
[ Info:     [ 2] λ 0.200 → 0.400 (Δλ=0.200) accept=0%
[ Info:     [ 3] λ 0.400 → 0.600 (Δλ=0.200) accept=0%
[ Info:     [ 4] λ 0.600 → 0.800 (Δλ=0.200) accept=0%
[ Info:     [ 5] λ 0.800 → 1.000 (Δλ=0.200) accept=0%
[ Info: [stride 85/111] 1.1s  5 filter levels  Φ̄=2.213 x̂=(0.655, 0.295, 0.619)
[ Info:     [ 1] λ 0.000 → 0.200 (Δλ=0.200) accept=0%
[ Info:     [ 2] λ 0.200 → 0.400 (Δλ=0.200) accept=0%
[ Info:     [ 3] λ 0.400 → 0.600 (Δλ=0.200) accept=0%
[ Info:     [ 4] λ 0.600 → 0.800 (Δλ=0.200) accept=0%
[ Info:     [ 5] λ 0.800 → 1.000 (Δλ=0.200) accept=0%
[ Info: [stride 86/111] 1.0s  5 filter levels  Φ̄=2.271 x̂=(0.661, 0.290, 0.638)
[ Info:   [replan @ stride 86] 71.0s  Φ̄_plan=1.585  shape=[2.18→1.44→0.91]  ctrl_n_temp=6
[ Info:     [ 1] λ 0.000 → 0.200 (Δλ=0.200) accept=0%
[ Info:     [ 2] λ 0.200 → 0.400 (Δλ=0.200) accept=0%
[ Info:     [ 3] λ 0.400 → 0.600 (Δλ=0.200) accept=0%
[ Info:     [ 4] λ 0.600 → 0.800 (Δλ=0.200) accept=0%
[ Info:     [ 5] λ 0.800 → 1.000 (Δλ=0.200) accept=0%
[ Info: [stride 87/111] 1.1s  5 filter levels  Φ̄=2.207 x̂=(0.669, 0.290, 0.652)
[ Info:     [ 1] λ 0.000 → 0.200 (Δλ=0.200) accept=0%
[ Info:     [ 2] λ 0.200 → 0.400 (Δλ=0.200) accept=0%
[ Info:     [ 3] λ 0.400 → 0.600 (Δλ=0.200) accept=0%
[ Info:     [ 4] λ 0.600 → 0.800 (Δλ=0.200) accept=0%
[ Info:     [ 5] λ 0.800 → 1.000 (Δλ=0.200) accept=0%
[ Info: [stride 88/111] 1.1s  5 filter levels  Φ̄=2.263 x̂=(0.682, 0.295, 0.681)
[ Info:   [replan @ stride 88] 74.7s  Φ̄_plan=1.579  shape=[2.22→1.47→0.96]  ctrl_n_temp=6
[ Info:     [ 1] λ 0.000 → 0.200 (Δλ=0.200) accept=0%
[ Info:     [ 2] λ 0.200 → 0.400 (Δλ=0.200) accept=0%
[ Info:     [ 3] λ 0.400 → 0.600 (Δλ=0.200) accept=0%
[ Info:     [ 4] λ 0.600 → 0.800 (Δλ=0.200) accept=0%
[ Info:     [ 5] λ 0.800 → 1.000 (Δλ=0.200) accept=0%
[ Info: [stride 89/111] 1.1s  5 filter levels  Φ̄=2.249 x̂=(0.689, 0.294, 0.709)
[ Info:     [ 1] λ 0.000 → 0.200 (Δλ=0.200) accept=0%
[ Info:     [ 2] λ 0.200 → 0.400 (Δλ=0.200) accept=0%
[ Info:     [ 3] λ 0.400 → 0.600 (Δλ=0.200) accept=0%
[ Info:     [ 4] λ 0.600 → 0.800 (Δλ=0.200) accept=0%
[ Info:     [ 5] λ 0.800 → 1.000 (Δλ=0.200) accept=0%
[ Info: [stride 90/111] 1.1s  5 filter levels  Φ̄=2.301 x̂=(0.694, 0.291, 0.727)
[ Info:   [replan @ stride 90] 67.4s  Φ̄_plan=1.567  shape=[2.15→1.46→0.96]  ctrl_n_temp=6
[ Info:     [ 1] λ 0.000 → 0.200 (Δλ=0.200) accept=0%
[ Info:     [ 2] λ 0.200 → 0.400 (Δλ=0.200) accept=0%
[ Info:     [ 3] λ 0.400 → 0.600 (Δλ=0.200) accept=0%
[ Info:     [ 4] λ 0.600 → 0.800 (Δλ=0.200) accept=0%
[ Info:     [ 5] λ 0.800 → 1.000 (Δλ=0.200) accept=0%
[ Info: [stride 91/111] 1.1s  5 filter levels  Φ̄=2.176 x̂=(0.701, 0.288, 0.745)
[ Info:     [ 1] λ 0.000 → 0.200 (Δλ=0.200) accept=0%
[ Info:     [ 2] λ 0.200 → 0.400 (Δλ=0.200) accept=0%
[ Info:     [ 3] λ 0.400 → 0.600 (Δλ=0.200) accept=0%
[ Info:     [ 4] λ 0.600 → 0.800 (Δλ=0.200) accept=0%
[ Info:     [ 5] λ 0.800 → 1.000 (Δλ=0.200) accept=0%
[ Info: [stride 92/111] 1.1s  5 filter levels  Φ̄=2.229 x̂=(0.708, 0.282, 0.766)
[ Info:   [replan @ stride 92] 72.0s  Φ̄_plan=1.547  shape=[2.22→1.45→0.91]  ctrl_n_temp=6
[ Info:     [ 1] λ 0.000 → 0.200 (Δλ=0.200) accept=0%
[ Info:     [ 2] λ 0.200 → 0.400 (Δλ=0.200) accept=0%
[ Info:     [ 3] λ 0.400 → 0.600 (Δλ=0.200) accept=0%
[ Info:     [ 4] λ 0.600 → 0.800 (Δλ=0.200) accept=0%
[ Info:     [ 5] λ 0.800 → 1.000 (Δλ=0.200) accept=0%
[ Info: [stride 93/111] 1.1s  5 filter levels  Φ̄=2.242 x̂=(0.716, 0.280, 0.778)
[ Info:     [ 1] λ 0.000 → 0.200 (Δλ=0.200) accept=0%
[ Info:     [ 2] λ 0.200 → 0.400 (Δλ=0.200) accept=0%
[ Info:     [ 3] λ 0.400 → 0.600 (Δλ=0.200) accept=0%
[ Info:     [ 4] λ 0.600 → 0.800 (Δλ=0.200) accept=0%
[ Info:     [ 5] λ 0.800 → 1.000 (Δλ=0.200) accept=0%
[ Info: [stride 94/111] 1.1s  5 filter levels  Φ̄=2.294 x̂=(0.725, 0.279, 0.787)
[ Info:   [replan @ stride 94] 74.2s  Φ̄_plan=1.538  shape=[2.17→1.47→0.93]  ctrl_n_temp=6
[ Info:     [ 1] λ 0.000 → 0.200 (Δλ=0.200) accept=0%
[ Info:     [ 2] λ 0.200 → 0.400 (Δλ=0.200) accept=0%
[ Info:     [ 3] λ 0.400 → 0.600 (Δλ=0.200) accept=0%
[ Info:     [ 4] λ 0.600 → 0.800 (Δλ=0.200) accept=0%
[ Info:     [ 5] λ 0.800 → 1.000 (Δλ=0.200) accept=0%
[ Info: [stride 95/111] 1.1s  5 filter levels  Φ̄=2.191 x̂=(0.733, 0.281, 0.807)
[ Info:     [ 1] λ 0.000 → 0.200 (Δλ=0.200) accept=0%
[ Info:     [ 2] λ 0.200 → 0.400 (Δλ=0.200) accept=0%
[ Info:     [ 3] λ 0.400 → 0.600 (Δλ=0.200) accept=0%
[ Info:     [ 4] λ 0.600 → 0.800 (Δλ=0.200) accept=0%
[ Info:     [ 5] λ 0.800 → 1.000 (Δλ=0.200) accept=0%
[ Info: [stride 96/111] 1.1s  5 filter levels  Φ̄=2.241 x̂=(0.738, 0.278, 0.830)
[ Info:   [replan @ stride 96] 60.1s  Φ̄_plan=1.517  shape=[2.12→1.45→0.93]  ctrl_n_temp=5
[ Info:     [ 1] λ 0.000 → 0.200 (Δλ=0.200) accept=0%
[ Info:     [ 2] λ 0.200 → 0.400 (Δλ=0.200) accept=0%
[ Info:     [ 3] λ 0.400 → 0.600 (Δλ=0.200) accept=0%
[ Info:     [ 4] λ 0.600 → 0.800 (Δλ=0.200) accept=0%
[ Info:     [ 5] λ 0.800 → 1.000 (Δλ=0.200) accept=0%
[ Info: [stride 97/111] 1.2s  5 filter levels  Φ̄=2.149 x̂=(0.746, 0.274, 0.836)
[ Info:     [ 1] λ 0.000 → 0.200 (Δλ=0.200) accept=0%
[ Info:     [ 2] λ 0.200 → 0.400 (Δλ=0.200) accept=0%
[ Info:     [ 3] λ 0.400 → 0.600 (Δλ=0.200) accept=0%
[ Info:     [ 4] λ 0.600 → 0.800 (Δλ=0.200) accept=0%
[ Info:     [ 5] λ 0.800 → 1.000 (Δλ=0.200) accept=0%
[ Info: [stride 98/111] 1.1s  5 filter levels  Φ̄=2.199 x̂=(0.756, 0.271, 0.858)
[ Info:   [replan @ stride 98] 60.4s  Φ̄_plan=1.508  shape=[2.10→1.45→0.94]  ctrl_n_temp=5
[ Info:     [ 1] λ 0.000 → 0.200 (Δλ=0.200) accept=0%
[ Info:     [ 2] λ 0.200 → 0.400 (Δλ=0.200) accept=0%
[ Info:     [ 3] λ 0.400 → 0.600 (Δλ=0.200) accept=0%
[ Info:     [ 4] λ 0.600 → 0.800 (Δλ=0.200) accept=0%
[ Info:     [ 5] λ 0.800 → 1.000 (Δλ=0.200) accept=0%
[ Info: [stride 99/111] 1.0s  5 filter levels  Φ̄=2.121 x̂=(0.765, 0.268, 0.884)
[ Info:     [ 1] λ 0.000 → 0.200 (Δλ=0.200) accept=0%
[ Info:     [ 2] λ 0.200 → 0.400 (Δλ=0.200) accept=0%
[ Info:     [ 3] λ 0.400 → 0.600 (Δλ=0.200) accept=0%
[ Info:     [ 4] λ 0.600 → 0.800 (Δλ=0.200) accept=0%
[ Info:     [ 5] λ 0.800 → 1.000 (Δλ=0.200) accept=0%
[ Info: [stride 100/111] 1.1s  5 filter levels  Φ̄=2.168 x̂=(0.770, 0.265, 0.887)
[ Info:   [replan @ stride 100] 76.2s  Φ̄_plan=1.497  shape=[2.10→1.48→0.93]  ctrl_n_temp=6
[ Info:     [ 1] λ 0.000 → 0.200 (Δλ=0.200) accept=0%
[ Info:     [ 2] λ 0.200 → 0.400 (Δλ=0.200) accept=0%
[ Info:     [ 3] λ 0.400 → 0.600 (Δλ=0.200) accept=0%
[ Info:     [ 4] λ 0.600 → 0.800 (Δλ=0.200) accept=0%
[ Info:     [ 5] λ 0.800 → 1.000 (Δλ=0.200) accept=0%
[ Info: [stride 101/111] 1.1s  5 filter levels  Φ̄=2.122 x̂=(0.776, 0.263, 0.907)
[ Info:     [ 1] λ 0.000 → 0.200 (Δλ=0.200) accept=0%
[ Info:     [ 2] λ 0.200 → 0.400 (Δλ=0.200) accept=0%
[ Info:     [ 3] λ 0.400 → 0.600 (Δλ=0.200) accept=0%
[ Info:     [ 4] λ 0.600 → 0.800 (Δλ=0.200) accept=0%
[ Info:     [ 5] λ 0.800 → 1.000 (Δλ=0.200) accept=0%
[ Info: [stride 102/111] 1.1s  5 filter levels  Φ̄=2.170 x̂=(0.786, 0.257, 0.924)
[ Info:   [replan @ stride 102] 72.6s  Φ̄_plan=1.477  shape=[2.06→1.50→0.91]  ctrl_n_temp=6
[ Info:     [ 1] λ 0.000 → 0.200 (Δλ=0.200) accept=0%
[ Info:     [ 2] λ 0.200 → 0.400 (Δλ=0.200) accept=0%
[ Info:     [ 3] λ 0.400 → 0.600 (Δλ=0.200) accept=0%
[ Info:     [ 4] λ 0.600 → 0.800 (Δλ=0.200) accept=0%
[ Info:     [ 5] λ 0.800 → 1.000 (Δλ=0.200) accept=0%
[ Info: [stride 103/111] 1.1s  5 filter levels  Φ̄=2.084 x̂=(0.796, 0.253, 0.939)
[ Info:     [ 1] λ 0.000 → 0.200 (Δλ=0.200) accept=0%
[ Info:     [ 2] λ 0.200 → 0.400 (Δλ=0.200) accept=0%
[ Info:     [ 3] λ 0.400 → 0.600 (Δλ=0.200) accept=0%
[ Info:     [ 4] λ 0.600 → 0.800 (Δλ=0.200) accept=0%
[ Info:     [ 5] λ 0.800 → 1.000 (Δλ=0.200) accept=0%
[ Info: [stride 104/111] 1.1s  5 filter levels  Φ̄=2.131 x̂=(0.804, 0.251, 0.951)
[ Info:   [replan @ stride 104] 67.0s  Φ̄_plan=1.468  shape=[2.09→1.49→0.93]  ctrl_n_temp=6
[ Info:     [ 1] λ 0.000 → 0.200 (Δλ=0.200) accept=0%
[ Info:     [ 2] λ 0.200 → 0.400 (Δλ=0.200) accept=0%
[ Info:     [ 3] λ 0.400 → 0.600 (Δλ=0.200) accept=0%
[ Info:     [ 4] λ 0.600 → 0.800 (Δλ=0.200) accept=0%
[ Info:     [ 5] λ 0.800 → 1.000 (Δλ=0.200) accept=0%
[ Info: [stride 105/111] 1.1s  5 filter levels  Φ̄=2.110 x̂=(0.810, 0.247, 0.969)
[ Info:     [ 1] λ 0.000 → 0.200 (Δλ=0.200) accept=0%
[ Info:     [ 2] λ 0.200 → 0.400 (Δλ=0.200) accept=0%
[ Info:     [ 3] λ 0.400 → 0.600 (Δλ=0.200) accept=0%
[ Info:     [ 4] λ 0.600 → 0.800 (Δλ=0.200) accept=0%
[ Info:     [ 5] λ 0.800 → 1.000 (Δλ=0.200) accept=0%
[ Info: [stride 106/111] 1.1s  5 filter levels  Φ̄=2.151 x̂=(0.817, 0.249, 0.997)
[ Info:   [replan @ stride 106] 71.3s  Φ̄_plan=1.447  shape=[2.06→1.45→0.92]  ctrl_n_temp=6
[ Info:     [ 1] λ 0.000 → 0.200 (Δλ=0.200) accept=0%
[ Info:     [ 2] λ 0.200 → 0.400 (Δλ=0.200) accept=0%
[ Info:     [ 3] λ 0.400 → 0.600 (Δλ=0.200) accept=0%
[ Info:     [ 4] λ 0.600 → 0.800 (Δλ=0.200) accept=0%
[ Info:     [ 5] λ 0.800 → 1.000 (Δλ=0.200) accept=0%
[ Info: [stride 107/111] 1.1s  5 filter levels  Φ̄=2.085 x̂=(0.826, 0.253, 0.994)
[ Info:     [ 1] λ 0.000 → 0.200 (Δλ=0.200) accept=0%
[ Info:     [ 2] λ 0.200 → 0.400 (Δλ=0.200) accept=0%
[ Info:     [ 3] λ 0.400 → 0.600 (Δλ=0.200) accept=0%
[ Info:     [ 4] λ 0.600 → 0.800 (Δλ=0.200) accept=0%
[ Info:     [ 5] λ 0.800 → 1.000 (Δλ=0.200) accept=0%
[ Info: [stride 108/111] 1.0s  5 filter levels  Φ̄=2.125 x̂=(0.830, 0.244, 1.007)
[ Info:   [replan @ stride 108] 69.1s  Φ̄_plan=1.449  shape=[2.02→1.43→0.95]  ctrl_n_temp=6
[ Info:     [ 1] λ 0.000 → 0.200 (Δλ=0.200) accept=0%
[ Info:     [ 2] λ 0.200 → 0.400 (Δλ=0.200) accept=0%
[ Info:     [ 3] λ 0.400 → 0.600 (Δλ=0.200) accept=0%
[ Info:     [ 4] λ 0.600 → 0.800 (Δλ=0.200) accept=0%
[ Info:     [ 5] λ 0.800 → 1.000 (Δλ=0.200) accept=0%
[ Info: [stride 109/111] 1.1s  5 filter levels  Φ̄=2.038 x̂=(0.837, 0.237, 1.026)
[ Info:     [ 1] λ 0.000 → 0.200 (Δλ=0.200) accept=0%
[ Info:     [ 2] λ 0.200 → 0.400 (Δλ=0.200) accept=0%
[ Info:     [ 3] λ 0.400 → 0.600 (Δλ=0.200) accept=0%
[ Info:     [ 4] λ 0.600 → 0.800 (Δλ=0.200) accept=0%
[ Info:     [ 5] λ 0.800 → 1.000 (Δλ=0.200) accept=0%
[ Info: [stride 110/111] 1.1s  5 filter levels  Φ̄=2.077 x̂=(0.845, 0.229, 1.040)
[ Info:   [replan @ stride 110] 71.4s  Φ̄_plan=1.420  shape=[1.95→1.45→0.92]  ctrl_n_temp=6
[ Info:     [ 1] λ 0.000 → 0.200 (Δλ=0.200) accept=0%
[ Info:     [ 2] λ 0.200 → 0.400 (Δλ=0.200) accept=0%
[ Info:     [ 3] λ 0.400 → 0.600 (Δλ=0.200) accept=0%
[ Info:     [ 4] λ 0.600 → 0.800 (Δλ=0.200) accept=0%
[ Info:     [ 5] λ 0.800 → 1.000 (Δλ=0.200) accept=0%
[ Info: [stride 111/111] 1.1s  5 filter levels  Φ̄=1.965 x̂=(0.854, 0.227, 1.070)
[ Info: Total wall time: 3979.4 s
[ Info: wrote /home/ajay/Repos/python-smc2-filtering-control/compare_v15_julia_vs_python/example_run/julia_horizon_sweep_2026-05-09/T56d_seed42/data.jld2
[ Info: wrote /home/ajay/Repos/python-smc2-filtering-control/compare_v15_julia_vs_python/example_run/julia_horizon_sweep_2026-05-09/T56d_seed42/per_stride.csv
[ Info: wrote manifest.json + experiment_run.md
┌ Warning: plot_state_traces.jl not found at /home/ajay/Repos/python-smc2-filtering-control/version_1_5_Julia/../version_2_Julia/tools/plot_state_traces.jl; skipping auto-plot
└ @ Main ~/Repos/python-smc2-filtering-control/version_1_5_Julia/tools/bench_smc_full_mpc_fsa_gpu.jl:850
[ Info: wrote /home/ajay/Repos/python-smc2-filtering-control/compare_v15_julia_vs_python/example_run/julia_horizon_sweep_2026-05-09/T56d_seed42/v15_T56d_param_traces.png
Could not create decoration from factory! Running with no decorations.
Could not create decoration from factory! Running with no decorations.
[ Info: wrote /home/ajay/Repos/python-smc2-filtering-control/compare_v15_julia_vs_python/example_run/julia_horizon_sweep_2026-05-09/T56d_seed42/v15_T56d_traces.png
/home/ajay/Repos/python-smc2-filtering-control/version_1_5_Julia/tools/launchers/run_julia_horizon_sweep.sh: line 117: python: command not found
