[ Info: loading model + framework (FSA_STEP_MINUTES=60)...
[ Info: config: T=14d step=60min BINS_PER_DAY=24 WINDOW=24 STRIDE=12 n_strides=27  open_loop=false
[ Info: GPU device: NVIDIA GeForce RTX 5090
[ Info: filter target: N_SMC=256 K_per_chain=500 d=10 M_max=5376
[ Info: filter target: OT rescue DISABLED (ot-max-weight = 0.0, fast path)
[ Info: controller cfg: n_smc=2048 n_inner=128 num_mcmc=24 hmc_leap=16 chees=[16, 32, 64, 128, 256, 512] max_levels=40
[ Info: [stride  1/27] 0.0s  warming up (hist=12/24) Φ̄=1.000 x̂=(0.055, 0.296, 0.095)
[ Info:     [ 1] λ 0.000 → 0.200 (Δλ=0.200) L=64 accept=67%
[ Info:     [ 2] λ 0.200 → 0.400 (Δλ=0.200) L=64 accept=49%
[ Info:     [ 3] λ 0.400 → 0.600 (Δλ=0.200) L=32 accept=55%
[ Info:     [ 4] λ 0.600 → 0.800 (Δλ=0.200) L=32 accept=42%
[ Info:     [ 5] λ 0.800 → 1.000 (Δλ=0.200) L=64 accept=23%
[ Info: [stride  2/27] 12.7s  5 filter levels  Φ̄=1.000 x̂=(0.060, 0.294, 0.090)
[ Info:   [replan @ stride  2] 472.8s  Φ̄_plan=0.221  shape=[0.11→0.08→0.90]  ctrl_n_temp=20
[ Info:     [ 1] λ 0.000 → 0.200 (Δλ=0.200) L=64 accept=88%
[ Info:     [ 2] λ 0.200 → 0.400 (Δλ=0.200) L=32 accept=82%
[ Info:     [ 3] λ 0.400 → 0.600 (Δλ=0.200) L=64 accept=70%
[ Info:     [ 4] λ 0.600 → 0.800 (Δλ=0.200) L=64 accept=60%
[ Info:     [ 5] λ 0.800 → 1.000 (Δλ=0.200) L=64 accept=53%
[ Info: [stride  3/27] 6.0s  5 filter levels  Φ̄=0.083 x̂=(0.059, 0.272, 0.088)
[ Info:     [ 1] λ 0.000 → 0.200 (Δλ=0.200) L=64 accept=89%
[ Info:     [ 2] λ 0.200 → 0.400 (Δλ=0.200) L=64 accept=76%
[ Info:     [ 3] λ 0.400 → 0.600 (Δλ=0.200) L=64 accept=69%
[ Info:     [ 4] λ 0.600 → 0.800 (Δλ=0.200) L=64 accept=64%
[ Info:     [ 5] λ 0.800 → 1.000 (Δλ=0.200) L=64 accept=51%
[ Info: [stride  4/27] 6.7s  5 filter levels  Φ̄=0.050 x̂=(0.058, 0.248, 0.086)
