\BOOKMARK [1][-]{section.1}{\376\377\000G\000o\000a\000l\000\040\000a\000n\000d\000\040\000o\000v\000e\000r\000v\000i\000e\000w}{}% 1
\BOOKMARK [2][-]{subsection.1.1}{\376\377\000O\000n\000e\000-\000s\000e\000n\000t\000e\000n\000c\000e\000\040\000g\000o\000a\000l}{section.1}% 2
\BOOKMARK [2][-]{subsection.1.2}{\376\377\000W\000h\000y\000\040\000t\000h\000i\000s\000\040\000m\000a\000n\000u\000a\000l\000\040\000e\000x\000i\000s\000t\000s}{section.1}% 3
\BOOKMARK [2][-]{subsection.1.3}{\376\377\000W\000h\000e\000r\000e\000\040\000t\000h\000i\000s\000\040\000m\000a\000n\000u\000a\000l\000\040\000s\000i\000t\000s\000\040\000i\000n\000\040\000t\000h\000e\000\040\000d\000o\000c\000\040\000s\000e\000t}{section.1}% 4
\BOOKMARK [2][-]{subsection.1.4}{\376\377\000T\000h\000e\000\040\000s\000e\000v\000e\000n\000\040\000p\000o\000r\000t\000\040\000p\000h\000a\000s\000e\000s}{section.1}% 5
\BOOKMARK [2][-]{subsection.1.5}{\376\377\000H\000o\000w\000\040\000t\000o\000\040\000r\000e\000a\000d\000\040\000t\000h\000i\000s\000\040\000m\000a\000n\000u\000a\000l}{section.1}% 6
\BOOKMARK [1][-]{section.2}{\376\377\000P\000r\000e\000r\000e\000q\000u\000i\000s\000i\000t\000e\000s}{}% 7
\BOOKMARK [1][-]{section.3}{\376\377\000P\000h\000a\000s\000e\000\040\0000\000\040\040\024\000\040\000I\000n\000p\000u\000t\000s}{}% 8
\BOOKMARK [1][-]{section.4}{\376\377\000P\000h\000a\000s\000e\000\040\0001\000\040\040\024\000\040\000B\000u\000i\000l\000d\000\040\000t\000h\000e\000\040\000v\0005\000\040\000L\000e\000a\000n\0004\000\040\000C\000L\000I}{}% 9
\BOOKMARK [1][-]{section.5}{\376\377\000P\000h\000a\000s\000e\000\040\0002\000\040\040\024\000\040\000W\000r\000i\000t\000e\000\040\000t\000h\000e\000\040\000J\000u\000l\000i\000a\000\040\000C\000P\000U\000\040\000p\000o\000r\000t}{}% 10
\BOOKMARK [1][-]{section.6}{\376\377\000P\000h\000a\000s\000e\000\040\0003\000\040\040\024\000\040\000D\000i\000f\000f\000e\000r\000e\000n\000t\000i\000a\000l\000\040\000t\000e\000s\000t}{}% 11
\BOOKMARK [2][-]{subsection.6.1}{\376\377\000B\000a\000c\000k\000g\000r\000o\000u\000n\000d\000:\000\040\000w\000h\000a\000t\000\040\000i\000s\000\040\000a\000\040\000d\000i\000f\000f\000e\000r\000e\000n\000t\000i\000a\000l\000\040\000t\000e\000s\000t\000,\000\040\000a\000n\000d\000\040\000w\000h\000y\000\040\000u\000s\000e\000\040\000o\000n\000e\000\040\000h\000e\000r\000e\000?}{section.6}% 12
\BOOKMARK [2][-]{subsection.6.2}{\376\377\000I\000m\000p\000l\000e\000m\000e\000n\000t\000a\000t\000i\000o\000n\000\040\000i\000n\000\040\000t\000h\000i\000s\000\040\000m\000a\000n\000u\000a\000l}{section.6}% 13
\BOOKMARK [1][-]{section.7}{\376\377\000P\000h\000a\000s\000e\000\040\0004\000\040\040\024\000\040\000G\000P\000U\000\040\000p\000o\000r\000t\000\040\000\050\000S\000O\000F\000T\000\040\000c\000o\000s\000t\000\040\000o\000n\000l\000y\000\051}{}% 14
\BOOKMARK [1][-]{section.8}{\376\377\000P\000h\000a\000s\000e\000\040\0005\000\040\040\024\000\040\000B\000e\000n\000c\000h\000\040\000d\000r\000i\000v\000e\000r}{}% 15
\BOOKMARK [1][-]{section.9}{\376\377\000P\000h\000a\000s\000e\000\040\0006\000\040\040\024\000\040\000P\000l\000o\000t\000t\000e\000r\000s\000,\000\040\000p\000r\000o\000d\000u\000c\000t\000i\000o\000n\000\040\000g\000a\000t\000i\000n\000g\000,\000\040\000a\000n\000d\000\040\000l\000a\000u\000n\000c\000h\000e\000r\000s}{}% 16
\BOOKMARK [1][-]{section.10}{\376\377\000V\000e\000r\000i\000f\000i\000c\000a\000t\000i\000o\000n\000\040\000g\000a\000t\000e\000s\000\040\040\024\000\040\000f\000i\000n\000a\000l\000\040\000c\000h\000e\000c\000k\000l\000i\000s\000t}{}% 17
\BOOKMARK [1][-]{section.11}{\376\377\000T\000r\000o\000u\000b\000l\000e\000s\000h\000o\000o\000t\000i\000n\000g\000\040\000a\000n\000d\000\040\000k\000n\000o\000w\000n\000\040\000g\000o\000t\000c\000h\000a\000s}{}% 18
\BOOKMARK [1][-]{appendix.A}{\376\377\000C\000o\000m\000p\000l\000e\000t\000e\000\040\000f\000i\000l\000e\000\040\000t\000r\000e\000e\000\040\000\050\000p\000o\000s\000t\000-\000p\000o\000r\000t\000\051}{}% 19
\BOOKMARK [1][-]{appendix.B}{\376\377\000C\000o\000m\000m\000a\000n\000d\000\040\000i\000n\000d\000e\000x}{}% 20
\BOOKMARK [1][-]{appendix.C}{\376\377\000D\000i\000f\000f\000e\000r\000e\000n\000t\000i\000a\000l\000-\000t\000e\000s\000t\000\040\000c\000o\000v\000e\000r\000a\000g\000e\000\040\000t\000a\000b\000l\000e}{}% 21
