[ Info: loading model + framework (FSA_STEP_MINUTES=60)...
[ Info: config: T=14d step=60min BINS_PER_DAY=24 WINDOW=24 STRIDE=12 n_strides=27  open_loop=false
[ Info: GPU device: NVIDIA GeForce RTX 5090
[ Info: filter target: N_SMC=512 K_per_chain=1000 d=10 M_max=10752
[ Info: filter target: OT rescue DISABLED (ot-max-weight = 0.0, fast path)
[ Info: controller cfg: n_smc=1024 n_inner=64 num_mcmc=8 hmc_leap=16 chees=[16, 32, 64, 128, 256, 512] max_levels=40
[ Info: [stride  1/27] 0.0s  warming up (hist=12/24) Φ̄=1.000 x̂=(0.055, 0.296, 0.095)
[ Info:     [ 1] λ 0.000 → 0.200 (Δλ=0.200) accept=0%
[ Info:     [ 2] λ 0.200 → 0.400 (Δλ=0.200) accept=0%
[ Info:     [ 3] λ 0.400 → 0.600 (Δλ=0.200) accept=0%
[ Info:     [ 4] λ 0.600 → 0.800 (Δλ=0.200) accept=0%
[ Info:     [ 5] λ 0.800 → 1.000 (Δλ=0.200) accept=0%
[ Info: [stride  2/27] 6.8s  5 filter levels  Φ̄=1.000 x̂=(0.060, 0.294, 0.090)
[ Info:   [replan @ stride  2] 8.7s  Φ̄_plan=0.326  shape=[0.24→0.22→0.93]  ctrl_n_temp=5
[ Info:     [ 1] λ 0.000 → 0.200 (Δλ=0.200) accept=0%
[ Info:     [ 2] λ 0.200 → 0.400 (Δλ=0.200) accept=0%
[ Info:     [ 3] λ 0.400 → 0.600 (Δλ=0.200) accept=0%
[ Info:     [ 4] λ 0.600 → 0.800 (Δλ=0.200) accept=0%
[ Info:     [ 5] λ 0.800 → 1.000 (Δλ=0.200) accept=0%
[ Info: [stride  3/27] 0.2s  5 filter levels  Φ̄=0.205 x̂=(0.060, 0.274, 0.087)
[ Info:     [ 1] λ 0.000 → 0.200 (Δλ=0.200) accept=0%
[ Info:     [ 2] λ 0.200 → 0.400 (Δλ=0.200) accept=0%
[ Info:     [ 3] λ 0.400 → 0.600 (Δλ=0.200) accept=0%
[ Info:     [ 4] λ 0.600 → 0.800 (Δλ=0.200) accept=0%
[ Info:     [ 5] λ 0.800 → 1.000 (Δλ=0.200) accept=0%
[ Info: [stride  4/27] 0.1s  5 filter levels  Φ̄=0.146 x̂=(0.060, 0.252, 0.086)
[ Info:   [replan @ stride  4] 10.4s  Φ̄_plan=0.342  shape=[0.27→0.22→0.91]  ctrl_n_temp=6
[ Info:     [ 1] λ 0.000 → 0.200 (Δλ=0.200) accept=0%
[ Info:     [ 2] λ 0.200 → 0.400 (Δλ=0.200) accept=0%
[ Info:     [ 3] λ 0.400 → 0.600 (Δλ=0.200) accept=0%
[ Info:     [ 4] λ 0.600 → 0.800 (Δλ=0.200) accept=0%
[ Info:     [ 5] λ 0.800 → 1.000 (Δλ=0.200) accept=0%
[ Info: [stride  5/27] 0.2s  5 filter levels  Φ̄=0.237 x̂=(0.062, 0.237, 0.084)
[ Info:     [ 1] λ 0.000 → 0.200 (Δλ=0.200) accept=0%
[ Info:     [ 2] λ 0.200 → 0.400 (Δλ=0.200) accept=0%
[ Info:     [ 3] λ 0.400 → 0.600 (Δλ=0.200) accept=0%
[ Info:     [ 4] λ 0.600 → 0.800 (Δλ=0.200) accept=0%
[ Info:     [ 5] λ 0.800 → 1.000 (Δλ=0.200) accept=0%
[ Info: [stride  6/27] 0.2s  5 filter levels  Φ̄=0.177 x̂=(0.062, 0.223, 0.076)
[ Info:   [replan @ stride  6] 8.2s  Φ̄_plan=0.327  shape=[0.30→0.23→0.87]  ctrl_n_temp=5
[ Info:     [ 1] λ 0.000 → 0.200 (Δλ=0.200) accept=0%
[ Info:     [ 2] λ 0.200 → 0.400 (Δλ=0.200) accept=0%
[ Info:     [ 3] λ 0.400 → 0.600 (Δλ=0.200) accept=0%
[ Info:     [ 4] λ 0.600 → 0.800 (Δλ=0.200) accept=0%
[ Info:     [ 5] λ 0.800 → 1.000 (Δλ=0.200) accept=0%
[ Info: [stride  7/27] 0.2s  5 filter levels  Φ̄=0.255 x̂=(0.064, 0.213, 0.080)
[ Info:     [ 1] λ 0.000 → 0.200 (Δλ=0.200) accept=0%
[ Info:     [ 2] λ 0.200 → 0.400 (Δλ=0.200) accept=0%
[ Info:     [ 3] λ 0.400 → 0.600 (Δλ=0.200) accept=0%
[ Info:     [ 4] λ 0.600 → 0.800 (Δλ=0.200) accept=0%
[ Info:     [ 5] λ 0.800 → 1.000 (Δλ=0.200) accept=0%
[ Info: [stride  8/27] 0.2s  5 filter levels  Φ̄=0.189 x̂=(0.063, 0.197, 0.076)
[ Info:   [replan @ stride  8] 8.1s  Φ̄_plan=0.369  shape=[0.32→0.25→0.92]  ctrl_n_temp=5
[ Info:     [ 1] λ 0.000 → 0.200 (Δλ=0.200) accept=0%
[ Info:     [ 2] λ 0.200 → 0.400 (Δλ=0.200) accept=0%
[ Info:     [ 3] λ 0.400 → 0.600 (Δλ=0.200) accept=0%
[ Info:     [ 4] λ 0.600 → 0.800 (Δλ=0.200) accept=0%
[ Info:     [ 5] λ 0.800 → 1.000 (Δλ=0.200) accept=0%
[ Info: [stride  9/27] 0.2s  5 filter levels  Φ̄=0.277 x̂=(0.063, 0.183, 0.075)
[ Info:     [ 1] λ 0.000 → 0.200 (Δλ=0.200) accept=0%
[ Info:     [ 2] λ 0.200 → 0.400 (Δλ=0.200) accept=0%
[ Info:     [ 3] λ 0.400 → 0.600 (Δλ=0.200) accept=0%
[ Info:     [ 4] λ 0.600 → 0.800 (Δλ=0.200) accept=0%
[ Info:     [ 5] λ 0.800 → 1.000 (Δλ=0.200) accept=0%
[ Info: [stride 10/27] 0.2s  5 filter levels  Φ̄=0.211 x̂=(0.069, 0.177, 0.076)
[ Info:   [replan @ stride 10] 8.4s  Φ̄_plan=0.361  shape=[0.32→0.26→0.94]  ctrl_n_temp=5
[ Info:     [ 1] λ 0.000 → 0.200 (Δλ=0.200) accept=0%
[ Info:     [ 2] λ 0.200 → 0.400 (Δλ=0.200) accept=0%
[ Info:     [ 3] λ 0.400 → 0.600 (Δλ=0.200) accept=0%
[ Info:     [ 4] λ 0.600 → 0.800 (Δλ=0.200) accept=0%
[ Info:     [ 5] λ 0.800 → 1.000 (Δλ=0.200) accept=0%
[ Info: [stride 11/27] 0.2s  5 filter levels  Φ̄=0.279 x̂=(0.069, 0.168, 0.077)
[ Info:     [ 1] λ 0.000 → 0.200 (Δλ=0.200) accept=0%
[ Info:     [ 2] λ 0.200 → 0.400 (Δλ=0.200) accept=0%
[ Info:     [ 3] λ 0.400 → 0.600 (Δλ=0.200) accept=0%
[ Info:     [ 4] λ 0.600 → 0.800 (Δλ=0.200) accept=0%
[ Info:     [ 5] λ 0.800 → 1.000 (Δλ=0.200) accept=0%
[ Info: [stride 12/27] 0.2s  5 filter levels  Φ̄=0.215 x̂=(0.067, 0.161, 0.073)
[ Info:   [replan @ stride 12] 10.4s  Φ̄_plan=0.331  shape=[0.34→0.21→0.89]  ctrl_n_temp=6
[ Info:     [ 1] λ 0.000 → 0.200 (Δλ=0.200) accept=0%
[ Info:     [ 2] λ 0.200 → 0.400 (Δλ=0.200) accept=0%
[ Info:     [ 3] λ 0.400 → 0.600 (Δλ=0.200) accept=0%
[ Info:     [ 4] λ 0.600 → 0.800 (Δλ=0.200) accept=0%
[ Info:     [ 5] λ 0.800 → 1.000 (Δλ=0.200) accept=0%
[ Info: [stride 13/27] 0.2s  5 filter levels  Φ̄=0.295 x̂=(0.067, 0.157, 0.066)
[ Info:     [ 1] λ 0.000 → 0.200 (Δλ=0.200) accept=0%
[ Info:     [ 2] λ 0.200 → 0.400 (Δλ=0.200) accept=0%
[ Info:     [ 3] λ 0.400 → 0.600 (Δλ=0.200) accept=0%
[ Info:     [ 4] λ 0.600 → 0.800 (Δλ=0.200) accept=0%
[ Info:     [ 5] λ 0.800 → 1.000 (Δλ=0.200) accept=0%
[ Info: [stride 14/27] 0.2s  5 filter levels  Φ̄=0.225 x̂=(0.068, 0.149, 0.066)
[ Info:   [replan @ stride 14] 8.1s  Φ̄_plan=0.346  shape=[0.33→0.23→0.86]  ctrl_n_temp=5
[ Info:     [ 1] λ 0.000 → 0.200 (Δλ=0.200) accept=0%
[ Info:     [ 2] λ 0.200 → 0.400 (Δλ=0.200) accept=0%
[ Info:     [ 3] λ 0.400 → 0.600 (Δλ=0.200) accept=0%
[ Info:     [ 4] λ 0.600 → 0.800 (Δλ=0.200) accept=0%
[ Info:     [ 5] λ 0.800 → 1.000 (Δλ=0.200) accept=0%
[ Info: [stride 15/27] 0.2s  5 filter levels  Φ̄=0.285 x̂=(0.068, 0.144, 0.064)
[ Info:     [ 1] λ 0.000 → 0.200 (Δλ=0.200) accept=0%
[ Info:     [ 2] λ 0.200 → 0.400 (Δλ=0.200) accept=0%
[ Info:     [ 3] λ 0.400 → 0.600 (Δλ=0.200) accept=0%
[ Info:     [ 4] λ 0.600 → 0.800 (Δλ=0.200) accept=0%
[ Info:     [ 5] λ 0.800 → 1.000 (Δλ=0.200) accept=0%
[ Info: [stride 16/27] 0.2s  5 filter levels  Φ̄=0.219 x̂=(0.069, 0.136, 0.067)
[ Info:   [replan @ stride 16] 9.3s  Φ̄_plan=0.334  shape=[0.38→0.23→0.81]  ctrl_n_temp=5
[ Info:     [ 1] λ 0.000 → 0.200 (Δλ=0.200) accept=0%
[ Info:     [ 2] λ 0.200 → 0.400 (Δλ=0.200) accept=0%
[ Info:     [ 3] λ 0.400 → 0.600 (Δλ=0.200) accept=0%
[ Info:     [ 4] λ 0.600 → 0.800 (Δλ=0.200) accept=0%
[ Info:     [ 5] λ 0.800 → 1.000 (Δλ=0.200) accept=0%
[ Info: [stride 17/27] 0.2s  5 filter levels  Φ̄=0.337 x̂=(0.070, 0.134, 0.072)
[ Info:     [ 1] λ 0.000 → 0.200 (Δλ=0.200) accept=0%
[ Info:     [ 2] λ 0.200 → 0.400 (Δλ=0.200) accept=0%
[ Info:     [ 3] λ 0.400 → 0.600 (Δλ=0.200) accept=0%
[ Info:     [ 4] λ 0.600 → 0.800 (Δλ=0.200) accept=0%
[ Info:     [ 5] λ 0.800 → 1.000 (Δλ=0.200) accept=0%
[ Info: [stride 18/27] 0.2s  5 filter levels  Φ̄=0.266 x̂=(0.071, 0.131, 0.074)
[ Info:   [replan @ stride 18] 8.7s  Φ̄_plan=0.360  shape=[0.42→0.21→0.96]  ctrl_n_temp=5
[ Info:     [ 1] λ 0.000 → 0.200 (Δλ=0.200) accept=0%
[ Info:     [ 2] λ 0.200 → 0.400 (Δλ=0.200) accept=0%
[ Info:     [ 3] λ 0.400 → 0.600 (Δλ=0.200) accept=0%
[ Info:     [ 4] λ 0.600 → 0.800 (Δλ=0.200) accept=0%
[ Info:     [ 5] λ 0.800 → 1.000 (Δλ=0.200) accept=0%
[ Info: [stride 19/27] 0.2s  5 filter levels  Φ̄=0.375 x̂=(0.075, 0.126, 0.079)
[ Info:     [ 1] λ 0.000 → 0.200 (Δλ=0.200) accept=0%
[ Info:     [ 2] λ 0.200 → 0.400 (Δλ=0.200) accept=0%
[ Info:     [ 3] λ 0.400 → 0.600 (Δλ=0.200) accept=0%
[ Info:     [ 4] λ 0.600 → 0.800 (Δλ=0.200) accept=0%
[ Info:     [ 5] λ 0.800 → 1.000 (Δλ=0.200) accept=0%
[ Info: [stride 20/27] 0.2s  5 filter levels  Φ̄=0.292 x̂=(0.075, 0.120, 0.076)
[ Info:   [replan @ stride 20] 8.0s  Φ̄_plan=0.355  shape=[0.42→0.24→0.87]  ctrl_n_temp=5
[ Info:     [ 1] λ 0.000 → 0.200 (Δλ=0.200) accept=0%
[ Info:     [ 2] λ 0.200 → 0.400 (Δλ=0.200) accept=0%
[ Info:     [ 3] λ 0.400 → 0.600 (Δλ=0.200) accept=0%
[ Info:     [ 4] λ 0.600 → 0.800 (Δλ=0.200) accept=0%
[ Info:     [ 5] λ 0.800 → 1.000 (Δλ=0.200) accept=0%
[ Info: [stride 21/27] 0.2s  5 filter levels  Φ̄=0.377 x̂=(0.078, 0.119, 0.068)
[ Info:     [ 1] λ 0.000 → 0.200 (Δλ=0.200) accept=0%
[ Info:     [ 2] λ 0.200 → 0.400 (Δλ=0.200) accept=0%
[ Info:     [ 3] λ 0.400 → 0.600 (Δλ=0.200) accept=0%
[ Info:     [ 4] λ 0.600 → 0.800 (Δλ=0.200) accept=0%
[ Info:     [ 5] λ 0.800 → 1.000 (Δλ=0.200) accept=0%
[ Info: [stride 22/27] 0.2s  5 filter levels  Φ̄=0.295 x̂=(0.076, 0.114, 0.066)
[ Info:   [replan @ stride 22] 10.0s  Φ̄_plan=0.330  shape=[0.45→0.23→0.82]  ctrl_n_temp=6
[ Info:     [ 1] λ 0.000 → 0.200 (Δλ=0.200) accept=0%
[ Info:     [ 2] λ 0.200 → 0.400 (Δλ=0.200) accept=0%
[ Info:     [ 3] λ 0.400 → 0.600 (Δλ=0.200) accept=0%
[ Info:     [ 4] λ 0.600 → 0.800 (Δλ=0.200) accept=0%
[ Info:     [ 5] λ 0.800 → 1.000 (Δλ=0.200) accept=0%
[ Info: [stride 23/27] 0.1s  5 filter levels  Φ̄=0.403 x̂=(0.079, 0.109, 0.069)
[ Info:     [ 1] λ 0.000 → 0.200 (Δλ=0.200) accept=0%
[ Info:     [ 2] λ 0.200 → 0.400 (Δλ=0.200) accept=0%
[ Info:     [ 3] λ 0.400 → 0.600 (Δλ=0.200) accept=0%
[ Info:     [ 4] λ 0.600 → 0.800 (Δλ=0.200) accept=0%
[ Info:     [ 5] λ 0.800 → 1.000 (Δλ=0.200) accept=0%
[ Info: [stride 24/27] 0.1s  5 filter levels  Φ̄=0.316 x̂=(0.081, 0.107, 0.080)
[ Info:   [replan @ stride 24] 10.6s  Φ̄_plan=0.346  shape=[0.49→0.21→0.87]  ctrl_n_temp=6
[ Info:     [ 1] λ 0.000 → 0.200 (Δλ=0.200) accept=0%
[ Info:     [ 2] λ 0.200 → 0.400 (Δλ=0.200) accept=0%
[ Info:     [ 3] λ 0.400 → 0.600 (Δλ=0.200) accept=0%
[ Info:     [ 4] λ 0.600 → 0.800 (Δλ=0.200) accept=0%
[ Info:     [ 5] λ 0.800 → 1.000 (Δλ=0.200) accept=0%
[ Info: [stride 25/27] 0.2s  5 filter levels  Φ̄=0.445 x̂=(0.082, 0.105, 0.076)
[ Info:     [ 1] λ 0.000 → 0.200 (Δλ=0.200) accept=0%
[ Info:     [ 2] λ 0.200 → 0.400 (Δλ=0.200) accept=0%
[ Info:     [ 3] λ 0.400 → 0.600 (Δλ=0.200) accept=0%
[ Info:     [ 4] λ 0.600 → 0.800 (Δλ=0.200) accept=0%
[ Info:     [ 5] λ 0.800 → 1.000 (Δλ=0.200) accept=0%
[ Info: [stride 26/27] 0.2s  5 filter levels  Φ̄=0.357 x̂=(0.082, 0.100, 0.079)
[ Info:   [replan @ stride 26] 8.2s  Φ̄_plan=0.373  shape=[0.51→0.23→0.96]  ctrl_n_temp=5
[ Info:     [ 1] λ 0.000 → 0.200 (Δλ=0.200) accept=0%
[ Info:     [ 2] λ 0.200 → 0.400 (Δλ=0.200) accept=0%
[ Info:     [ 3] λ 0.400 → 0.600 (Δλ=0.200) accept=0%
[ Info:     [ 4] λ 0.600 → 0.800 (Δλ=0.200) accept=0%
[ Info:     [ 5] λ 0.800 → 1.000 (Δλ=0.200) accept=0%
[ Info: [stride 27/27] 0.2s  5 filter levels  Φ̄=0.458 x̂=(0.083, 0.100, 0.084)
[ Info: Total wall time: 133.2 s
[ Info: wrote /home/ajay/Repos/python-smc2-filtering-control/compare_v15_julia_vs_python/example_run/julia_horizon_sweep_2026-05-09_no_filter_hmc/T14d_seed42/data.jld2
[ Info: wrote /home/ajay/Repos/python-smc2-filtering-control/compare_v15_julia_vs_python/example_run/julia_horizon_sweep_2026-05-09_no_filter_hmc/T14d_seed42/per_stride.csv
[ Info: wrote /home/ajay/Repos/python-smc2-filtering-control/compare_v15_julia_vs_python/example_run/julia_horizon_sweep_2026-05-09_no_filter_hmc/T14d_seed42/controller_diagnostics.csv
[ Info: wrote manifest.json + experiment_run.md
┌ Warning: plot_state_traces.jl not found at /home/ajay/Repos/python-smc2-filtering-control/version_1_5_Julia/../version_2_Julia/tools/plot_state_traces.jl; skipping auto-plot
└ @ Main ~/Repos/python-smc2-filtering-control/version_1_5_Julia/tools/bench_smc_full_mpc_fsa_gpu.jl:998
[ Info: wrote /home/ajay/Repos/python-smc2-filtering-control/compare_v15_julia_vs_python/example_run/julia_horizon_sweep_2026-05-09_no_filter_hmc/T14d_seed42/v15_T14d_param_traces.png
Could not create decoration from factory! Running with no decorations.
Could not create decoration from factory! Running with no decorations.
[ Info: wrote /home/ajay/Repos/python-smc2-filtering-control/compare_v15_julia_vs_python/example_run/julia_horizon_sweep_2026-05-09_no_filter_hmc/T14d_seed42/v15_T14d_traces.png
/home/ajay/Repos/python-smc2-filtering-control/version_1_5_Julia/tools/launchers/run_julia_horizon_sweep_no_filter_hmc.sh: line 110: python: command not found
