[ Info: loading v5 model + framework (FSA_STEP_MINUTES=15)...
[ Info: config: T=42d step=15min BINS_PER_DAY=96 WINDOW=96 STRIDE=48 n_strides=83  open_loop=false
[ Info: GPU device: NVIDIA GeForce RTX 5090
[ Info: filter target: N_SMC=32 K_per_chain=200 d=37 M_max=2400
[ Info: filter target: OT rescue DISABLED (fast path)
[ Info: controller cfg: n_smc=256 n_inner=64 per-channel n_anchors=8 θ_dim=16 chees=[16, 32, 64, 128, 256]
[ Info: [stride  1/83] 0.0s  warming up (hist=48/96) Φ̄_B=1.000 Φ̄_S=1.000 x̂=(B=0.058, S=0.104, F=0.313, A=0.091)
[ Info:     [ 1] λ 0.000 → 0.001 (Δλ=0.001) L=64 accept=99%
[ Info:     [ 2] λ 0.001 → 0.003 (Δλ=0.003) L=64 accept=98%
[ Info:     [ 3] λ 0.003 → 0.014 (Δλ=0.010) L=64 accept=99%
[ Info:     [ 4] λ 0.014 → 0.040 (Δλ=0.026) L=64 accept=100%
[ Info:     [ 5] λ 0.040 → 0.100 (Δλ=0.060) L=64 accept=99%
[ Info:     [ 6] λ 0.100 → 0.207 (Δλ=0.107) L=64 accept=100%
[ Info:     [ 7] λ 0.207 → 0.395 (Δλ=0.188) L=64 accept=91%
[ Info:     [ 8] λ 0.395 → 0.595 (Δλ=0.200) L=64 accept=91%
[ Info:     [ 9] λ 0.595 → 0.795 (Δλ=0.200) L=64 accept=95%
[ Info:     [10] λ 0.795 → 0.995 (Δλ=0.200) L=64 accept=91%
[ Info:     [11] λ 0.995 → 1.000 (Δλ=0.005) L=32 accept=91%
[ Info: [stride  2/83] 50.6s  11 filter levels  Φ̄_B=1.000 Φ̄_S=1.000 x̂=(B=0.061, S=0.106, F=0.334, A=0.090)
[ Info:   [replan @ stride  2] 58.7s  Φ̄_B_plan=0.494 Φ̄_S_plan=0.425  ctrl_n_temp=5
[ Info:     [ 1] λ 0.000 → 0.200 (Δλ=0.200) L=64 accept=98%
[ Info:     [ 2] λ 0.200 → 0.366 (Δλ=0.166) L=64 accept=99%
[ Info:     [ 3] λ 0.366 → 0.566 (Δλ=0.200) L=64 accept=98%
[ Info:     [ 4] λ 0.566 → 0.766 (Δλ=0.200) L=64 accept=90%
[ Info:     [ 5] λ 0.766 → 0.966 (Δλ=0.200) L=64 accept=92%
[ Info:     [ 6] λ 0.966 → 1.000 (Δλ=0.034) L=64 accept=94%
[ Info: [stride  3/83] 24.9s  6 filter levels  Φ̄_B=0.747 Φ̄_S=0.585 x̂=(B=0.068, S=0.109, F=0.340, A=0.084)
[ Info:     [ 1] λ 0.000 → 0.200 (Δλ=0.200) L=64 accept=99%
[ Info:     [ 2] λ 0.200 → 0.400 (Δλ=0.200) L=64 accept=95%
[ Info:     [ 3] λ 0.400 → 0.600 (Δλ=0.200) L=64 accept=92%
[ Info:     [ 4] λ 0.600 → 0.800 (Δλ=0.200) L=64 accept=95%
[ Info:     [ 5] λ 0.800 → 1.000 (Δλ=0.200) L=64 accept=95%
[ Info: [stride  4/83] 21.1s  5 filter levels  Φ̄_B=0.728 Φ̄_S=0.568 x̂=(B=0.069, S=0.111, F=0.335, A=0.073)
[ Info:   [replan @ stride  4] 58.3s  Φ̄_B_plan=0.487 Φ̄_S_plan=0.448  ctrl_n_temp=5
[ Info:     [ 1] λ 0.000 → 0.200 (Δλ=0.200) L=64 accept=99%
[ Info:     [ 2] λ 0.200 → 0.400 (Δλ=0.200) L=64 accept=97%
[ Info:     [ 3] λ 0.400 → 0.600 (Δλ=0.200) L=64 accept=90%
[ Info:     [ 4] λ 0.600 → 0.800 (Δλ=0.200) L=64 accept=86%
[ Info:     [ 5] λ 0.800 → 1.000 (Δλ=0.200) L=64 accept=82%
[ Info: [stride  5/83] 21.1s  5 filter levels  Φ̄_B=0.696 Φ̄_S=0.620 x̂=(B=0.076, S=0.111, F=0.352, A=0.070)
[ Info:     [ 1] λ 0.000 → 0.200 (Δλ=0.200) L=64 accept=98%
[ Info:     [ 2] λ 0.200 → 0.395 (Δλ=0.195) L=64 accept=96%
[ Info:     [ 3] λ 0.395 → 0.595 (Δλ=0.200) L=64 accept=96%
[ Info:     [ 4] λ 0.595 → 0.795 (Δλ=0.200) L=64 accept=94%
[ Info:     [ 5] λ 0.795 → 0.995 (Δλ=0.200) L=64 accept=86%
[ Info:     [ 6] λ 0.995 → 1.000 (Δλ=0.005) L=64 accept=89%
[ Info: [stride  6/83] 24.8s  6 filter levels  Φ̄_B=0.674 Φ̄_S=0.603 x̂=(B=0.078, S=0.114, F=0.342, A=0.062)
[ Info:   [replan @ stride  6] 57.8s  Φ̄_B_plan=0.509 Φ̄_S_plan=0.420  ctrl_n_temp=5
[ Info:     [ 1] λ 0.000 → 0.200 (Δλ=0.200) L=64 accept=96%
[ Info:     [ 2] λ 0.200 → 0.400 (Δλ=0.200) L=64 accept=95%
[ Info:     [ 3] λ 0.400 → 0.600 (Δλ=0.200) L=64 accept=97%
[ Info:     [ 4] λ 0.600 → 0.800 (Δλ=0.200) L=64 accept=91%
[ Info:     [ 5] λ 0.800 → 1.000 (Δλ=0.200) L=64 accept=89%
[ Info: [stride  7/83] 20.2s  5 filter levels  Φ̄_B=0.706 Φ̄_S=0.606 x̂=(B=0.087, S=0.114, F=0.372, A=0.062)
[ Info:     [ 1] λ 0.000 → 0.177 (Δλ=0.177) L=64 accept=97%
[ Info:     [ 2] λ 0.177 → 0.370 (Δλ=0.192) L=64 accept=93%
[ Info:     [ 3] λ 0.370 → 0.570 (Δλ=0.200) L=64 accept=90%
[ Info:     [ 4] λ 0.570 → 0.770 (Δλ=0.200) L=64 accept=94%
[ Info:     [ 5] λ 0.770 → 0.970 (Δλ=0.200) L=64 accept=86%
[ Info:     [ 6] λ 0.970 → 1.000 (Δλ=0.030) L=64 accept=89%
[ Info: [stride  8/83] 25.1s  6 filter levels  Φ̄_B=0.690 Φ̄_S=0.590 x̂=(B=0.089, S=0.116, F=0.364, A=0.059)
[ Info:   [replan @ stride  8] 57.9s  Φ̄_B_plan=0.462 Φ̄_S_plan=0.439  ctrl_n_temp=5
[ Info:     [ 1] λ 0.000 → 0.182 (Δλ=0.182) L=32 accept=99%
[ Info:     [ 2] λ 0.182 → 0.382 (Δλ=0.200) L=64 accept=94%
[ Info:     [ 3] λ 0.382 → 0.582 (Δλ=0.200) L=64 accept=96%
[ Info:     [ 4] λ 0.582 → 0.782 (Δλ=0.200) L=64 accept=95%
[ Info:     [ 5] λ 0.782 → 0.982 (Δλ=0.200) L=64 accept=95%
[ Info:     [ 6] λ 0.982 → 1.000 (Δλ=0.018) L=64 accept=90%
[ Info: [stride  9/83] 23.0s  6 filter levels  Φ̄_B=0.604 Φ̄_S=0.636 x̂=(B=0.091, S=0.115, F=0.375, A=0.053)
[ Info:     [ 1] λ 0.000 → 0.200 (Δλ=0.200) L=64 accept=96%
[ Info:     [ 2] λ 0.200 → 0.400 (Δλ=0.200) L=64 accept=95%
[ Info:     [ 3] λ 0.400 → 0.600 (Δλ=0.200) L=64 accept=93%
[ Info:     [ 4] λ 0.600 → 0.800 (Δλ=0.200) L=64 accept=91%
[ Info:     [ 5] λ 0.800 → 1.000 (Δλ=0.200) L=64 accept=93%
[ Info: [stride 10/83] 20.5s  5 filter levels  Φ̄_B=0.587 Φ̄_S=0.614 x̂=(B=0.095, S=0.117, F=0.379, A=0.054)
[ Info:   [replan @ stride 10] 58.2s  Φ̄_B_plan=0.462 Φ̄_S_plan=0.405  ctrl_n_temp=5
[ Info:     [ 1] λ 0.000 → 0.200 (Δλ=0.200) L=64 accept=99%
[ Info:     [ 2] λ 0.200 → 0.400 (Δλ=0.200) L=64 accept=95%
[ Info:     [ 3] λ 0.400 → 0.600 (Δλ=0.200) L=64 accept=97%
[ Info:     [ 4] λ 0.600 → 0.800 (Δλ=0.200) L=64 accept=97%
[ Info:     [ 5] λ 0.800 → 1.000 (Δλ=0.200) L=32 accept=88%
[ Info: [stride 11/83] 19.6s  5 filter levels  Φ̄_B=0.635 Φ̄_S=0.604 x̂=(B=0.096, S=0.118, F=0.380, A=0.048)
[ Info:     [ 1] λ 0.000 → 0.200 (Δλ=0.200) L=64 accept=100%
[ Info:     [ 2] λ 0.200 → 0.400 (Δλ=0.200) L=64 accept=95%
[ Info:     [ 3] λ 0.400 → 0.600 (Δλ=0.200) L=32 accept=96%
[ Info:     [ 4] λ 0.600 → 0.800 (Δλ=0.200) L=64 accept=91%
[ Info:     [ 5] λ 0.800 → 1.000 (Δλ=0.200) L=64 accept=96%
[ Info: [stride 12/83] 19.1s  5 filter levels  Φ̄_B=0.618 Φ̄_S=0.580 x̂=(B=0.099, S=0.118, F=0.394, A=0.042)
[ Info:   [replan @ stride 12] 57.8s  Φ̄_B_plan=0.469 Φ̄_S_plan=0.407  ctrl_n_temp=5
[ Info:     [ 1] λ 0.000 → 0.200 (Δλ=0.200) L=64 accept=95%
[ Info:     [ 2] λ 0.200 → 0.400 (Δλ=0.200) L=64 accept=96%
[ Info:     [ 3] λ 0.400 → 0.600 (Δλ=0.200) L=64 accept=89%
[ Info:     [ 4] λ 0.600 → 0.800 (Δλ=0.200) L=64 accept=92%
[ Info:     [ 5] λ 0.800 → 1.000 (Δλ=0.200) L=64 accept=81%
[ Info: [stride 13/83] 21.9s  5 filter levels  Φ̄_B=0.614 Φ̄_S=0.622 x̂=(B=0.096, S=0.117, F=0.408, A=0.039)
[ Info:     [ 1] λ 0.000 → 0.200 (Δλ=0.200) L=64 accept=96%
[ Info:     [ 2] λ 0.200 → 0.398 (Δλ=0.198) L=64 accept=94%
[ Info:     [ 3] λ 0.398 → 0.598 (Δλ=0.200) L=64 accept=94%
[ Info:     [ 4] λ 0.598 → 0.798 (Δλ=0.200) L=64 accept=91%
[ Info:     [ 5] λ 0.798 → 0.998 (Δλ=0.200) L=64 accept=86%
[ Info:     [ 6] λ 0.998 → 1.000 (Δλ=0.002) L=64 accept=85%
[ Info: [stride 14/83] 25.5s  6 filter levels  Φ̄_B=0.594 Φ̄_S=0.599 x̂=(B=0.105, S=0.121, F=0.410, A=0.036)
[ Info:   [replan @ stride 14] 58.4s  Φ̄_B_plan=0.467 Φ̄_S_plan=0.427  ctrl_n_temp=5
[ Info:     [ 1] λ 0.000 → 0.200 (Δλ=0.200) L=64 accept=97%
[ Info:     [ 2] λ 0.200 → 0.400 (Δλ=0.200) L=64 accept=100%
[ Info:     [ 3] λ 0.400 → 0.600 (Δλ=0.200) L=64 accept=92%
[ Info:     [ 4] λ 0.600 → 0.800 (Δλ=0.200) L=64 accept=86%
[ Info:     [ 5] λ 0.800 → 1.000 (Δλ=0.200) L=64 accept=95%
[ Info: [stride 15/83] 21.0s  5 filter levels  Φ̄_B=0.635 Φ̄_S=0.602 x̂=(B=0.108, S=0.121, F=0.418, A=0.038)
[ Info:     [ 1] λ 0.000 → 0.100 (Δλ=0.100) L=64 accept=100%
[ Info:     [ 2] λ 0.100 → 0.227 (Δλ=0.128) L=64 accept=98%
[ Info:     [ 3] λ 0.227 → 0.427 (Δλ=0.200) L=64 accept=96%
[ Info:     [ 4] λ 0.427 → 0.627 (Δλ=0.200) L=64 accept=89%
[ Info:     [ 5] λ 0.627 → 0.827 (Δλ=0.200) L=32 accept=94%
[ Info:     [ 6] λ 0.827 → 1.000 (Δλ=0.173) L=64 accept=90%
[ Info: [stride 16/83] 24.4s  6 filter levels  Φ̄_B=0.617 Φ̄_S=0.584 x̂=(B=0.113, S=0.120, F=0.435, A=0.032)
[ Info:   [replan @ stride 16] 58.1s  Φ̄_B_plan=0.506 Φ̄_S_plan=0.433  ctrl_n_temp=5
[ Info:     [ 1] λ 0.000 → 0.165 (Δλ=0.165) L=64 accept=93%
[ Info:     [ 2] λ 0.165 → 0.310 (Δλ=0.145) L=64 accept=96%
[ Info:     [ 3] λ 0.310 → 0.510 (Δλ=0.200) L=64 accept=95%
[ Info:     [ 4] λ 0.510 → 0.710 (Δλ=0.200) L=64 accept=89%
[ Info:     [ 5] λ 0.710 → 0.910 (Δλ=0.200) L=64 accept=94%
[ Info:     [ 6] λ 0.910 → 1.000 (Δλ=0.090) L=64 accept=85%
[ Info: [stride 17/83] 25.0s  6 filter levels  Φ̄_B=0.650 Φ̄_S=0.679 x̂=(B=0.114, S=0.123, F=0.449, A=0.032)
[ Info:     [ 1] λ 0.000 → 0.200 (Δλ=0.200) L=64 accept=96%
[ Info:     [ 2] λ 0.200 → 0.400 (Δλ=0.200) L=64 accept=96%
[ Info:     [ 3] λ 0.400 → 0.600 (Δλ=0.200) L=64 accept=95%
[ Info:     [ 4] λ 0.600 → 0.800 (Δλ=0.200) L=64 accept=99%
[ Info:     [ 5] λ 0.800 → 1.000 (Δλ=0.200) L=64 accept=97%
[ Info: [stride 18/83] 21.5s  5 filter levels  Φ̄_B=0.628 Φ̄_S=0.654 x̂=(B=0.117, S=0.122, F=0.454, A=0.027)
[ Info:   [replan @ stride 18] 58.3s  Φ̄_B_plan=0.451 Φ̄_S_plan=0.420  ctrl_n_temp=5
[ Info:     [ 1] λ 0.000 → 0.200 (Δλ=0.200) L=64 accept=98%
[ Info:     [ 2] λ 0.200 → 0.351 (Δλ=0.151) L=64 accept=96%
[ Info:     [ 3] λ 0.351 → 0.551 (Δλ=0.200) L=64 accept=96%
[ Info:     [ 4] λ 0.551 → 0.751 (Δλ=0.200) L=64 accept=93%
[ Info:     [ 5] λ 0.751 → 0.951 (Δλ=0.200) L=64 accept=93%
[ Info:     [ 6] λ 0.951 → 1.000 (Δλ=0.049) L=64 accept=91%
[ Info: [stride 19/83] 25.3s  6 filter levels  Φ̄_B=0.614 Φ̄_S=0.614 x̂=(B=0.114, S=0.124, F=0.449, A=0.024)
[ Info:     [ 1] λ 0.000 → 0.200 (Δλ=0.200) L=64 accept=100%
[ Info:     [ 2] λ 0.200 → 0.400 (Δλ=0.200) L=64 accept=94%
[ Info:     [ 3] λ 0.400 → 0.600 (Δλ=0.200) L=64 accept=91%
[ Info:     [ 4] λ 0.600 → 0.800 (Δλ=0.200) L=64 accept=95%
[ Info:     [ 5] λ 0.800 → 1.000 (Δλ=0.200) L=64 accept=85%
[ Info: [stride 20/83] 20.8s  5 filter levels  Φ̄_B=0.595 Φ̄_S=0.593 x̂=(B=0.114, S=0.123, F=0.462, A=0.028)
[ Info:   [replan @ stride 20] 57.7s  Φ̄_B_plan=0.490 Φ̄_S_plan=0.442  ctrl_n_temp=5
[ Info:     [ 1] λ 0.000 → 0.200 (Δλ=0.200) L=64 accept=99%
[ Info:     [ 2] λ 0.200 → 0.345 (Δλ=0.145) L=64 accept=97%
[ Info:     [ 3] λ 0.345 → 0.545 (Δλ=0.200) L=64 accept=93%
[ Info:     [ 4] λ 0.545 → 0.745 (Δλ=0.200) L=64 accept=97%
[ Info:     [ 5] λ 0.745 → 0.945 (Δλ=0.200) L=64 accept=86%
[ Info:     [ 6] λ 0.945 → 1.000 (Δλ=0.055) L=64 accept=89%
[ Info: [stride 21/83] 25.2s  6 filter levels  Φ̄_B=0.755 Φ̄_S=0.569 x̂=(B=0.114, S=0.125, F=0.483, A=0.025)
[ Info:     [ 1] λ 0.000 → 0.200 (Δλ=0.200) L=64 accept=100%
[ Info:     [ 2] λ 0.200 → 0.400 (Δλ=0.200) L=64 accept=90%
[ Info:     [ 3] λ 0.400 → 0.600 (Δλ=0.200) L=64 accept=92%
[ Info:     [ 4] λ 0.600 → 0.800 (Δλ=0.200) L=64 accept=84%
[ Info:     [ 5] λ 0.800 → 1.000 (Δλ=0.200) L=64 accept=84%
[ Info: [stride 22/83] 21.6s  5 filter levels  Φ̄_B=0.732 Φ̄_S=0.547 x̂=(B=0.117, S=0.128, F=0.469, A=0.025)
[ Info:   [replan @ stride 22] 69.6s  Φ̄_B_plan=0.405 Φ̄_S_plan=0.369  ctrl_n_temp=6
[ Info:     [ 1] λ 0.000 → 0.159 (Δλ=0.159) L=64 accept=99%
[ Info:     [ 2] λ 0.159 → 0.311 (Δλ=0.152) L=64 accept=97%
[ Info:     [ 3] λ 0.311 → 0.511 (Δλ=0.200) L=64 accept=95%
[ Info:     [ 4] λ 0.511 → 0.711 (Δλ=0.200) L=64 accept=93%
[ Info:     [ 5] λ 0.711 → 0.911 (Δλ=0.200) L=64 accept=89%
[ Info:     [ 6] λ 0.911 → 1.000 (Δλ=0.089) L=64 accept=85%
[ Info: [stride 23/83] 26.1s  6 filter levels  Φ̄_B=0.613 Φ̄_S=0.582 x̂=(B=0.123, S=0.131, F=0.482, A=0.024)
[ Info:     [ 1] λ 0.000 → 0.176 (Δλ=0.176) L=64 accept=96%
[ Info:     [ 2] λ 0.176 → 0.319 (Δλ=0.143) L=64 accept=97%
[ Info:     [ 3] λ 0.319 → 0.519 (Δλ=0.200) L=64 accept=97%
[ Info:     [ 4] λ 0.519 → 0.719 (Δλ=0.200) L=64 accept=93%
[ Info:     [ 5] λ 0.719 → 0.919 (Δλ=0.200) L=64 accept=86%
[ Info:     [ 6] λ 0.919 → 1.000 (Δλ=0.081) L=64 accept=88%
[ Info: [stride 24/83] 25.8s  6 filter levels  Φ̄_B=0.589 Φ̄_S=0.555 x̂=(B=0.126, S=0.129, F=0.484, A=0.025)
[ Info:   [replan @ stride 24] 58.1s  Φ̄_B_plan=0.409 Φ̄_S_plan=0.451  ctrl_n_temp=5
[ Info:     [ 1] λ 0.000 → 0.200 (Δλ=0.200) L=64 accept=100%
[ Info:     [ 2] λ 0.200 → 0.384 (Δλ=0.184) L=64 accept=95%
[ Info:     [ 3] λ 0.384 → 0.584 (Δλ=0.200) L=64 accept=96%
[ Info:     [ 4] λ 0.584 → 0.784 (Δλ=0.200) L=64 accept=97%
[ Info:     [ 5] λ 0.784 → 0.984 (Δλ=0.200) L=64 accept=90%
[ Info:     [ 6] λ 0.984 → 1.000 (Δλ=0.016) L=64 accept=90%
[ Info: [stride 25/83] 25.2s  6 filter levels  Φ̄_B=0.593 Φ̄_S=0.649 x̂=(B=0.128, S=0.130, F=0.507, A=0.031)
[ Info:     [ 1] λ 0.000 → 0.200 (Δλ=0.200) L=64 accept=96%
[ Info:     [ 2] λ 0.200 → 0.400 (Δλ=0.200) L=64 accept=96%
[ Info:     [ 3] λ 0.400 → 0.600 (Δλ=0.200) L=64 accept=97%
[ Info:     [ 4] λ 0.600 → 0.800 (Δλ=0.200) L=64 accept=88%
[ Info:     [ 5] λ 0.800 → 1.000 (Δλ=0.200) L=64 accept=90%
[ Info: [stride 26/83] 21.2s  5 filter levels  Φ̄_B=0.571 Φ̄_S=0.631 x̂=(B=0.126, S=0.133, F=0.487, A=0.032)
[ Info:   [replan @ stride 26] 58.7s  Φ̄_B_plan=0.500 Φ̄_S_plan=0.430  ctrl_n_temp=5
[ Info:     [ 1] λ 0.000 → 0.200 (Δλ=0.200) L=64 accept=98%
[ Info:     [ 2] λ 0.200 → 0.400 (Δλ=0.200) L=64 accept=99%
[ Info:     [ 3] λ 0.400 → 0.600 (Δλ=0.200) L=32 accept=96%
[ Info:     [ 4] λ 0.600 → 0.800 (Δλ=0.200) L=64 accept=89%
[ Info:     [ 5] λ 0.800 → 1.000 (Δλ=0.200) L=64 accept=94%
[ Info: [stride 27/83] 19.7s  5 filter levels  Φ̄_B=0.654 Φ̄_S=0.530 x̂=(B=0.128, S=0.135, F=0.502, A=0.033)
[ Info:     [ 1] λ 0.000 → 0.158 (Δλ=0.158) L=64 accept=99%
[ Info:     [ 2] λ 0.158 → 0.313 (Δλ=0.155) L=64 accept=94%
[ Info:     [ 3] λ 0.313 → 0.513 (Δλ=0.200) L=64 accept=95%
[ Info:     [ 4] λ 0.513 → 0.713 (Δλ=0.200) L=64 accept=90%
[ Info:     [ 5] λ 0.713 → 0.913 (Δλ=0.200) L=64 accept=90%
[ Info:     [ 6] λ 0.913 → 1.000 (Δλ=0.087) L=64 accept=92%
[ Info: [stride 28/83] 25.3s  6 filter levels  Φ̄_B=0.638 Φ̄_S=0.512 x̂=(B=0.130, S=0.137, F=0.501, A=0.035)
[ Info:   [replan @ stride 28] 58.1s  Φ̄_B_plan=0.512 Φ̄_S_plan=0.453  ctrl_n_temp=5
[ Info:     [ 1] λ 0.000 → 0.200 (Δλ=0.200) L=64 accept=97%
[ Info:     [ 2] λ 0.200 → 0.338 (Δλ=0.138) L=64 accept=94%
[ Info:     [ 3] λ 0.338 → 0.538 (Δλ=0.200) L=64 accept=98%
[ Info:     [ 4] λ 0.538 → 0.738 (Δλ=0.200) L=64 accept=86%
[ Info:     [ 5] λ 0.738 → 0.938 (Δλ=0.200) L=64 accept=91%
[ Info:     [ 6] λ 0.938 → 1.000 (Δλ=0.062) L=32 accept=96%
[ Info: [stride 29/83] 23.4s  6 filter levels  Φ̄_B=0.645 Φ̄_S=0.556 x̂=(B=0.131, S=0.137, F=0.507, A=0.035)
[ Info:     [ 1] λ 0.000 → 0.200 (Δλ=0.200) L=64 accept=98%
[ Info:     [ 2] λ 0.200 → 0.375 (Δλ=0.175) L=64 accept=95%
[ Info:     [ 3] λ 0.375 → 0.575 (Δλ=0.200) L=64 accept=91%
[ Info:     [ 4] λ 0.575 → 0.775 (Δλ=0.200) L=64 accept=92%
[ Info:     [ 5] λ 0.775 → 0.975 (Δλ=0.200) L=64 accept=85%
[ Info:     [ 6] λ 0.975 → 1.000 (Δλ=0.025) L=64 accept=90%
[ Info: [stride 30/83] 25.2s  6 filter levels  Φ̄_B=0.629 Φ̄_S=0.540 x̂=(B=0.132, S=0.137, F=0.514, A=0.031)
[ Info:   [replan @ stride 30] 58.1s  Φ̄_B_plan=0.455 Φ̄_S_plan=0.429  ctrl_n_temp=5
[ Info:     [ 1] λ 0.000 → 0.200 (Δλ=0.200) L=64 accept=95%
[ Info:     [ 2] λ 0.200 → 0.400 (Δλ=0.200) L=64 accept=98%
[ Info:     [ 3] λ 0.400 → 0.600 (Δλ=0.200) L=64 accept=95%
[ Info:     [ 4] λ 0.600 → 0.800 (Δλ=0.200) L=64 accept=97%
[ Info:     [ 5] λ 0.800 → 1.000 (Δλ=0.200) L=64 accept=90%
[ Info: [stride 31/83] 21.0s  5 filter levels  Φ̄_B=0.628 Φ̄_S=0.657 x̂=(B=0.134, S=0.137, F=0.505, A=0.031)
[ Info:     [ 1] λ 0.000 → 0.200 (Δλ=0.200) L=64 accept=93%
[ Info:     [ 2] λ 0.200 → 0.392 (Δλ=0.192) L=64 accept=96%
[ Info:     [ 3] λ 0.392 → 0.592 (Δλ=0.200) L=64 accept=90%
[ Info:     [ 4] λ 0.592 → 0.792 (Δλ=0.200) L=64 accept=90%
[ Info:     [ 5] λ 0.792 → 0.992 (Δλ=0.200) L=64 accept=92%
[ Info:     [ 6] λ 0.992 → 1.000 (Δλ=0.008) L=64 accept=89%
[ Info: [stride 32/83] 25.6s  6 filter levels  Φ̄_B=0.611 Φ̄_S=0.635 x̂=(B=0.137, S=0.139, F=0.531, A=0.030)
[ Info:   [replan @ stride 32] 58.2s  Φ̄_B_plan=0.463 Φ̄_S_plan=0.446  ctrl_n_temp=5
[ Info:     [ 1] λ 0.000 → 0.200 (Δλ=0.200) L=64 accept=99%
[ Info:     [ 2] λ 0.200 → 0.381 (Δλ=0.181) L=64 accept=94%
[ Info:     [ 3] λ 0.381 → 0.581 (Δλ=0.200) L=64 accept=94%
[ Info:     [ 4] λ 0.581 → 0.781 (Δλ=0.200) L=64 accept=92%
[ Info:     [ 5] λ 0.781 → 0.981 (Δλ=0.200) L=64 accept=85%
[ Info:     [ 6] λ 0.981 → 1.000 (Δλ=0.019) L=64 accept=90%
[ Info: [stride 33/83] 25.4s  6 filter levels  Φ̄_B=0.645 Φ̄_S=0.617 x̂=(B=0.139, S=0.142, F=0.545, A=0.028)
[ Info:     [ 1] λ 0.000 → 0.200 (Δλ=0.200) L=64 accept=97%
[ Info:     [ 2] λ 0.200 → 0.374 (Δλ=0.174) L=64 accept=96%
[ Info:     [ 3] λ 0.374 → 0.574 (Δλ=0.200) L=64 accept=92%
[ Info:     [ 4] λ 0.574 → 0.774 (Δλ=0.200) L=64 accept=94%
[ Info:     [ 5] λ 0.774 → 0.974 (Δλ=0.200) L=64 accept=83%
[ Info:     [ 6] λ 0.974 → 1.000 (Δλ=0.026) L=64 accept=82%
[ Info: [stride 34/83] 24.7s  6 filter levels  Φ̄_B=0.629 Φ̄_S=0.600 x̂=(B=0.140, S=0.142, F=0.548, A=0.027)
[ Info:   [replan @ stride 34] 57.6s  Φ̄_B_plan=0.483 Φ̄_S_plan=0.457  ctrl_n_temp=5
[ Info:     [ 1] λ 0.000 → 0.183 (Δλ=0.183) L=64 accept=99%
[ Info:     [ 2] λ 0.183 → 0.324 (Δλ=0.140) L=32 accept=98%
[ Info:     [ 3] λ 0.324 → 0.524 (Δλ=0.200) L=64 accept=99%
[ Info:     [ 4] λ 0.524 → 0.724 (Δλ=0.200) L=64 accept=94%
[ Info:     [ 5] λ 0.724 → 0.924 (Δλ=0.200) L=64 accept=89%
[ Info:     [ 6] λ 0.924 → 1.000 (Δλ=0.076) L=64 accept=93%
[ Info: [stride 35/83] 23.2s  6 filter levels  Φ̄_B=0.731 Φ̄_S=0.693 x̂=(B=0.142, S=0.145, F=0.559, A=0.025)
[ Info:     [ 1] λ 0.000 → 0.200 (Δλ=0.200) L=64 accept=99%
[ Info:     [ 2] λ 0.200 → 0.397 (Δλ=0.197) L=64 accept=90%
[ Info:     [ 3] λ 0.397 → 0.597 (Δλ=0.200) L=64 accept=91%
[ Info:     [ 4] λ 0.597 → 0.797 (Δλ=0.200) L=64 accept=86%
[ Info:     [ 5] λ 0.797 → 0.997 (Δλ=0.200) L=64 accept=86%
[ Info:     [ 6] λ 0.997 → 1.000 (Δλ=0.003) L=64 accept=93%
[ Info: [stride 36/83] 24.6s  6 filter levels  Φ̄_B=0.710 Φ̄_S=0.671 x̂=(B=0.146, S=0.146, F=0.546, A=0.022)
[ Info:   [replan @ stride 36] 58.1s  Φ̄_B_plan=0.505 Φ̄_S_plan=0.509  ctrl_n_temp=5
[ Info:     [ 1] λ 0.000 → 0.200 (Δλ=0.200) L=64 accept=97%
[ Info:     [ 2] λ 0.200 → 0.382 (Δλ=0.182) L=64 accept=97%
[ Info:     [ 3] λ 0.382 → 0.582 (Δλ=0.200) L=64 accept=97%
[ Info:     [ 4] λ 0.582 → 0.782 (Δλ=0.200) L=64 accept=92%
[ Info:     [ 5] λ 0.782 → 0.982 (Δλ=0.200) L=64 accept=97%
[ Info:     [ 6] λ 0.982 → 1.000 (Δλ=0.018) L=64 accept=94%
[ Info: [stride 37/83] 25.6s  6 filter levels  Φ̄_B=0.594 Φ̄_S=0.750 x̂=(B=0.147, S=0.147, F=0.559, A=0.017)
[ Info:     [ 1] λ 0.000 → 0.200 (Δλ=0.200) L=64 accept=98%
[ Info:     [ 2] λ 0.200 → 0.375 (Δλ=0.175) L=64 accept=96%
[ Info:     [ 3] λ 0.375 → 0.575 (Δλ=0.200) L=64 accept=91%
[ Info:     [ 4] λ 0.575 → 0.775 (Δλ=0.200) L=64 accept=92%
[ Info:     [ 5] λ 0.775 → 0.975 (Δλ=0.200) L=64 accept=88%
[ Info:     [ 6] λ 0.975 → 1.000 (Δλ=0.025) L=64 accept=89%
[ Info: [stride 38/83] 25.1s  6 filter levels  Φ̄_B=0.577 Φ̄_S=0.728 x̂=(B=0.148, S=0.147, F=0.570, A=0.020)
[ Info:   [replan @ stride 38] 57.8s  Φ̄_B_plan=0.458 Φ̄_S_plan=0.428  ctrl_n_temp=5
[ Info:     [ 1] λ 0.000 → 0.115 (Δλ=0.115) L=64 accept=98%
[ Info:     [ 2] λ 0.115 → 0.206 (Δλ=0.091) L=64 accept=98%
[ Info:     [ 3] λ 0.206 → 0.406 (Δλ=0.200) L=64 accept=94%
[ Info:     [ 4] λ 0.406 → 0.606 (Δλ=0.200) L=64 accept=94%
[ Info:     [ 5] λ 0.606 → 0.806 (Δλ=0.200) L=64 accept=88%
[ Info:     [ 6] λ 0.806 → 1.000 (Δλ=0.194) L=64 accept=85%
[ Info: [stride 39/83] 24.8s  6 filter levels  Φ̄_B=0.619 Φ̄_S=0.553 x̂=(B=0.153, S=0.145, F=0.580, A=0.015)
[ Info:     [ 1] λ 0.000 → 0.200 (Δλ=0.200) L=64 accept=91%
[ Info:     [ 2] λ 0.200 → 0.400 (Δλ=0.200) L=64 accept=94%
[ Info:     [ 3] λ 0.400 → 0.600 (Δλ=0.200) L=64 accept=94%
[ Info:     [ 4] λ 0.600 → 0.800 (Δλ=0.200) L=64 accept=92%
[ Info:     [ 5] λ 0.800 → 1.000 (Δλ=0.200) L=64 accept=88%
[ Info: [stride 40/83] 20.5s  5 filter levels  Φ̄_B=0.600 Φ̄_S=0.531 x̂=(B=0.155, S=0.146, F=0.577, A=0.016)
[ Info:   [replan @ stride 40] 58.1s  Φ̄_B_plan=0.467 Φ̄_S_plan=0.442  ctrl_n_temp=5
[ Info:     [ 1] λ 0.000 → 0.197 (Δλ=0.197) L=64 accept=96%
[ Info:     [ 2] λ 0.197 → 0.392 (Δλ=0.195) L=64 accept=98%
[ Info:     [ 3] λ 0.392 → 0.592 (Δλ=0.200) L=64 accept=97%
[ Info:     [ 4] λ 0.592 → 0.792 (Δλ=0.200) L=64 accept=91%
[ Info:     [ 5] λ 0.792 → 0.992 (Δλ=0.200) L=64 accept=91%
[ Info:     [ 6] λ 0.992 → 1.000 (Δλ=0.008) L=32 accept=91%
[ Info: [stride 41/83] 23.8s  6 filter levels  Φ̄_B=0.693 Φ̄_S=0.636 x̂=(B=0.156, S=0.151, F=0.587, A=0.016)
[ Info:     [ 1] λ 0.000 → 0.200 (Δλ=0.200) L=64 accept=97%
[ Info:     [ 2] λ 0.200 → 0.400 (Δλ=0.200) L=64 accept=93%
[ Info:     [ 3] λ 0.400 → 0.600 (Δλ=0.200) L=64 accept=90%
[ Info:     [ 4] λ 0.600 → 0.800 (Δλ=0.200) L=64 accept=89%
[ Info:     [ 5] λ 0.800 → 1.000 (Δλ=0.200) L=64 accept=92%
[ Info: [stride 42/83] 21.1s  5 filter levels  Φ̄_B=0.670 Φ̄_S=0.619 x̂=(B=0.157, S=0.154, F=0.588, A=0.014)
[ Info:   [replan @ stride 42] 58.4s  Φ̄_B_plan=0.441 Φ̄_S_plan=0.439  ctrl_n_temp=5
[ Info:     [ 1] λ 0.000 → 0.199 (Δλ=0.199) L=64 accept=99%
[ Info:     [ 2] λ 0.199 → 0.373 (Δλ=0.174) L=64 accept=95%
[ Info:     [ 3] λ 0.373 → 0.573 (Δλ=0.200) L=64 accept=96%
[ Info:     [ 4] λ 0.573 → 0.773 (Δλ=0.200) L=64 accept=96%
[ Info:     [ 5] λ 0.773 → 0.973 (Δλ=0.200) L=64 accept=93%
[ Info:     [ 6] λ 0.973 → 1.000 (Δλ=0.027) L=64 accept=92%
[ Info: [stride 43/83] 26.2s  6 filter levels  Φ̄_B=0.589 Φ̄_S=0.622 x̂=(B=0.157, S=0.162, F=0.617, A=0.013)
[ Info:     [ 1] λ 0.000 → 0.200 (Δλ=0.200) L=64 accept=97%
[ Info:     [ 2] λ 0.200 → 0.398 (Δλ=0.198) L=64 accept=97%
[ Info:     [ 3] λ 0.398 → 0.598 (Δλ=0.200) L=64 accept=90%
[ Info:     [ 4] λ 0.598 → 0.798 (Δλ=0.200) L=64 accept=90%
[ Info:     [ 5] λ 0.798 → 0.998 (Δλ=0.200) L=64 accept=88%
[ Info:     [ 6] λ 0.998 → 1.000 (Δλ=0.002) L=64 accept=92%
[ Info: [stride 44/83] 25.7s  6 filter levels  Φ̄_B=0.569 Φ̄_S=0.603 x̂=(B=0.159, S=0.162, F=0.597, A=0.013)
[ Info:   [replan @ stride 44] 58.2s  Φ̄_B_plan=0.480 Φ̄_S_plan=0.434  ctrl_n_temp=5
[ Info:     [ 1] λ 0.000 → 0.200 (Δλ=0.200) L=64 accept=96%
[ Info:     [ 2] λ 0.200 → 0.400 (Δλ=0.200) L=64 accept=95%
[ Info:     [ 3] λ 0.400 → 0.600 (Δλ=0.200) L=64 accept=92%
[ Info:     [ 4] λ 0.600 → 0.800 (Δλ=0.200) L=64 accept=91%
[ Info:     [ 5] λ 0.800 → 1.000 (Δλ=0.200) L=64 accept=81%
[ Info: [stride 45/83] 21.0s  5 filter levels  Φ̄_B=0.712 Φ̄_S=0.628 x̂=(B=0.157, S=0.165, F=0.616, A=0.012)
[ Info:     [ 1] λ 0.000 → 0.144 (Δλ=0.144) L=64 accept=98%
[ Info:     [ 2] λ 0.144 → 0.250 (Δλ=0.106) L=64 accept=95%
[ Info:     [ 3] λ 0.250 → 0.450 (Δλ=0.200) L=64 accept=91%
[ Info:     [ 4] λ 0.450 → 0.650 (Δλ=0.200) L=64 accept=91%
[ Info:     [ 5] λ 0.650 → 0.850 (Δλ=0.200) L=64 accept=93%
[ Info:     [ 6] λ 0.850 → 1.000 (Δλ=0.150) L=64 accept=89%
[ Info: [stride 46/83] 26.0s  6 filter levels  Φ̄_B=0.697 Φ̄_S=0.604 x̂=(B=0.161, S=0.163, F=0.615, A=0.012)
[ Info:   [replan @ stride 46] 58.4s  Φ̄_B_plan=0.476 Φ̄_S_plan=0.421  ctrl_n_temp=5
[ Info:     [ 1] λ 0.000 → 0.200 (Δλ=0.200) L=64 accept=96%
[ Info:     [ 2] λ 0.200 → 0.376 (Δλ=0.176) L=64 accept=94%
[ Info:     [ 3] λ 0.376 → 0.576 (Δλ=0.200) L=64 accept=93%
[ Info:     [ 4] λ 0.576 → 0.776 (Δλ=0.200) L=64 accept=92%
[ Info:     [ 5] λ 0.776 → 0.976 (Δλ=0.200) L=64 accept=89%
[ Info:     [ 6] λ 0.976 → 1.000 (Δλ=0.024) L=64 accept=90%
[ Info: [stride 47/83] 25.3s  6 filter levels  Φ̄_B=0.622 Φ̄_S=0.626 x̂=(B=0.170, S=0.163, F=0.630, A=0.012)
[ Info:     [ 1] λ 0.000 → 0.200 (Δλ=0.200) L=64 accept=98%
[ Info:     [ 2] λ 0.200 → 0.332 (Δλ=0.132) L=64 accept=97%
[ Info:     [ 3] λ 0.332 → 0.532 (Δλ=0.200) L=64 accept=93%
[ Info:     [ 4] λ 0.532 → 0.732 (Δλ=0.200) L=64 accept=88%
[ Info:     [ 5] λ 0.732 → 0.932 (Δλ=0.200) L=64 accept=78%
[ Info:     [ 6] λ 0.932 → 1.000 (Δλ=0.068) L=64 accept=89%
[ Info: [stride 48/83] 25.1s  6 filter levels  Φ̄_B=0.604 Φ̄_S=0.604 x̂=(B=0.169, S=0.162, F=0.631, A=0.012)
[ Info:   [replan @ stride 48] 58.1s  Φ̄_B_plan=0.456 Φ̄_S_plan=0.426  ctrl_n_temp=5
[ Info:     [ 1] λ 0.000 → 0.200 (Δλ=0.200) L=64 accept=96%
[ Info:     [ 2] λ 0.200 → 0.385 (Δλ=0.185) L=64 accept=96%
[ Info:     [ 3] λ 0.385 → 0.585 (Δλ=0.200) L=64 accept=95%
[ Info:     [ 4] λ 0.585 → 0.785 (Δλ=0.200) L=64 accept=92%
[ Info:     [ 5] λ 0.785 → 0.985 (Δλ=0.200) L=64 accept=89%
[ Info:     [ 6] λ 0.985 → 1.000 (Δλ=0.015) L=64 accept=89%
[ Info: [stride 49/83] 25.8s  6 filter levels  Φ̄_B=0.552 Φ̄_S=0.618 x̂=(B=0.167, S=0.163, F=0.661, A=0.013)
[ Info:     [ 1] λ 0.000 → 0.162 (Δλ=0.162) L=64 accept=98%
[ Info:     [ 2] λ 0.162 → 0.347 (Δλ=0.184) L=64 accept=99%
[ Info:     [ 3] λ 0.347 → 0.547 (Δλ=0.200) L=32 accept=98%
[ Info:     [ 4] λ 0.547 → 0.747 (Δλ=0.200) L=64 accept=94%
[ Info:     [ 5] λ 0.747 → 0.947 (Δλ=0.200) L=64 accept=93%
[ Info:     [ 6] λ 0.947 → 1.000 (Δλ=0.053) L=64 accept=85%
[ Info: [stride 50/83] 24.0s  6 filter levels  Φ̄_B=0.537 Φ̄_S=0.593 x̂=(B=0.167, S=0.163, F=0.643, A=0.012)
[ Info:   [replan @ stride 50] 58.1s  Φ̄_B_plan=0.483 Φ̄_S_plan=0.424  ctrl_n_temp=5
[ Info:     [ 1] λ 0.000 → 0.200 (Δλ=0.200) L=64 accept=98%
[ Info:     [ 2] λ 0.200 → 0.353 (Δλ=0.153) L=64 accept=95%
[ Info:     [ 3] λ 0.353 → 0.553 (Δλ=0.200) L=64 accept=99%
[ Info:     [ 4] λ 0.553 → 0.753 (Δλ=0.200) L=32 accept=91%
[ Info:     [ 5] λ 0.753 → 0.953 (Δλ=0.200) L=64 accept=89%
[ Info:     [ 6] λ 0.953 → 1.000 (Δλ=0.047) L=64 accept=90%
[ Info: [stride 51/83] 24.2s  6 filter levels  Φ̄_B=0.539 Φ̄_S=0.581 x̂=(B=0.166, S=0.169, F=0.649, A=0.009)
[ Info:     [ 1] λ 0.000 → 0.200 (Δλ=0.200) L=64 accept=94%
[ Info:     [ 2] λ 0.200 → 0.372 (Δλ=0.172) L=64 accept=95%
[ Info:     [ 3] λ 0.372 → 0.572 (Δλ=0.200) L=64 accept=90%
[ Info:     [ 4] λ 0.572 → 0.772 (Δλ=0.200) L=64 accept=88%
[ Info:     [ 5] λ 0.772 → 0.972 (Δλ=0.200) L=64 accept=84%
[ Info:     [ 6] λ 0.972 → 1.000 (Δλ=0.028) L=64 accept=90%
[ Info: [stride 52/83] 25.5s  6 filter levels  Φ̄_B=0.522 Φ̄_S=0.562 x̂=(B=0.174, S=0.168, F=0.649, A=0.008)
[ Info:   [replan @ stride 52] 58.2s  Φ̄_B_plan=0.483 Φ̄_S_plan=0.447  ctrl_n_temp=5
[ Info:     [ 1] λ 0.000 → 0.164 (Δλ=0.164) L=64 accept=97%
[ Info:     [ 2] λ 0.164 → 0.337 (Δλ=0.173) L=64 accept=98%
[ Info:     [ 3] λ 0.337 → 0.537 (Δλ=0.200) L=64 accept=95%
[ Info:     [ 4] λ 0.537 → 0.737 (Δλ=0.200) L=64 accept=94%
[ Info:     [ 5] λ 0.737 → 0.937 (Δλ=0.200) L=64 accept=86%
[ Info:     [ 6] λ 0.937 → 1.000 (Δλ=0.063) L=64 accept=91%
[ Info: [stride 53/83] 25.2s  6 filter levels  Φ̄_B=0.614 Φ̄_S=0.624 x̂=(B=0.177, S=0.170, F=0.672, A=0.006)
[ Info:     [ 1] λ 0.000 → 0.200 (Δλ=0.200) L=64 accept=100%
[ Info:     [ 2] λ 0.200 → 0.400 (Δλ=0.200) L=64 accept=98%
[ Info:     [ 3] λ 0.400 → 0.600 (Δλ=0.200) L=64 accept=93%
[ Info:     [ 4] λ 0.600 → 0.800 (Δλ=0.200) L=64 accept=90%
[ Info:     [ 5] λ 0.800 → 1.000 (Δλ=0.200) L=64 accept=86%
[ Info: [stride 54/83] 21.0s  5 filter levels  Φ̄_B=0.593 Φ̄_S=0.607 x̂=(B=0.182, S=0.170, F=0.647, A=0.007)
[ Info:   [replan @ stride 54] 58.2s  Φ̄_B_plan=0.462 Φ̄_S_plan=0.472  ctrl_n_temp=5
[ Info:     [ 1] λ 0.000 → 0.200 (Δλ=0.200) L=64 accept=99%
[ Info:     [ 2] λ 0.200 → 0.354 (Δλ=0.154) L=64 accept=97%
[ Info:     [ 3] λ 0.354 → 0.554 (Δλ=0.200) L=32 accept=95%
[ Info:     [ 4] λ 0.554 → 0.754 (Δλ=0.200) L=64 accept=86%
[ Info:     [ 5] λ 0.754 → 0.954 (Δλ=0.200) L=64 accept=91%
[ Info:     [ 6] λ 0.954 → 1.000 (Δλ=0.046) L=64 accept=94%
[ Info: [stride 55/83] 23.1s  6 filter levels  Φ̄_B=0.667 Φ̄_S=0.663 x̂=(B=0.185, S=0.171, F=0.652, A=0.008)
[ Info:     [ 1] λ 0.000 → 0.200 (Δλ=0.200) L=64 accept=96%
[ Info:     [ 2] λ 0.200 → 0.341 (Δλ=0.141) L=64 accept=95%
[ Info:     [ 3] λ 0.341 → 0.541 (Δλ=0.200) L=64 accept=96%
[ Info:     [ 4] λ 0.541 → 0.741 (Δλ=0.200) L=64 accept=93%
[ Info:     [ 5] λ 0.741 → 0.941 (Δλ=0.200) L=64 accept=92%
[ Info:     [ 6] λ 0.941 → 1.000 (Δλ=0.059) L=64 accept=91%
[ Info: [stride 56/83] 25.3s  6 filter levels  Φ̄_B=0.648 Φ̄_S=0.637 x̂=(B=0.187, S=0.175, F=0.661, A=0.008)
[ Info:   [replan @ stride 56] 69.3s  Φ̄_B_plan=0.404 Φ̄_S_plan=0.353  ctrl_n_temp=6
[ Info:     [ 1] λ 0.000 → 0.200 (Δλ=0.200) L=64 accept=98%
[ Info:     [ 2] λ 0.200 → 0.390 (Δλ=0.190) L=64 accept=94%
[ Info:     [ 3] λ 0.390 → 0.590 (Δλ=0.200) L=64 accept=94%
[ Info:     [ 4] λ 0.590 → 0.790 (Δλ=0.200) L=64 accept=90%
[ Info:     [ 5] λ 0.790 → 0.990 (Δλ=0.200) L=64 accept=91%
[ Info:     [ 6] λ 0.990 → 1.000 (Δλ=0.010) L=64 accept=84%
[ Info: [stride 57/83] 24.7s  6 filter levels  Φ̄_B=0.510 Φ̄_S=0.554 x̂=(B=0.187, S=0.180, F=0.660, A=0.006)
[ Info:     [ 1] λ 0.000 → 0.196 (Δλ=0.196) L=64 accept=95%
[ Info:     [ 2] λ 0.196 → 0.396 (Δλ=0.200) L=64 accept=97%
[ Info:     [ 3] λ 0.396 → 0.596 (Δλ=0.200) L=64 accept=86%
[ Info:     [ 4] λ 0.596 → 0.796 (Δλ=0.200) L=64 accept=91%
[ Info:     [ 5] λ 0.796 → 0.996 (Δλ=0.200) L=64 accept=90%
[ Info:     [ 6] λ 0.996 → 1.000 (Δλ=0.004) L=64 accept=84%
[ Info: [stride 58/83] 23.9s  6 filter levels  Φ̄_B=0.491 Φ̄_S=0.528 x̂=(B=0.186, S=0.178, F=0.652, A=0.005)
[ Info:   [replan @ stride 58] 57.8s  Φ̄_B_plan=0.482 Φ̄_S_plan=0.445  ctrl_n_temp=5
[ Info:     [ 1] λ 0.000 → 0.143 (Δλ=0.143) L=64 accept=99%
[ Info:     [ 2] λ 0.143 → 0.297 (Δλ=0.154) L=64 accept=97%
[ Info:     [ 3] λ 0.297 → 0.497 (Δλ=0.200) L=64 accept=94%
[ Info:     [ 4] λ 0.497 → 0.697 (Δλ=0.200) L=64 accept=95%
[ Info:     [ 5] λ 0.697 → 0.897 (Δλ=0.200) L=64 accept=90%
[ Info:     [ 6] λ 0.897 → 1.000 (Δλ=0.103) L=64 accept=91%
[ Info: [stride 59/83] 23.9s  6 filter levels  Φ̄_B=0.615 Φ̄_S=0.605 x̂=(B=0.190, S=0.180, F=0.628, A=0.006)
[ Info:     [ 1] λ 0.000 → 0.121 (Δλ=0.121) L=64 accept=98%
[ Info:     [ 2] λ 0.121 → 0.257 (Δλ=0.136) L=64 accept=98%
[ Info:     [ 3] λ 0.257 → 0.457 (Δλ=0.200) L=64 accept=93%
[ Info:     [ 4] λ 0.457 → 0.657 (Δλ=0.200) L=32 accept=93%
[ Info:     [ 5] λ 0.657 → 0.857 (Δλ=0.200) L=64 accept=89%
[ Info:     [ 6] λ 0.857 → 1.000 (Δλ=0.143) L=64 accept=81%
[ Info: [stride 60/83] 24.5s  6 filter levels  Φ̄_B=0.597 Φ̄_S=0.587 x̂=(B=0.196, S=0.177, F=0.670, A=0.005)
[ Info:   [replan @ stride 60] 57.9s  Φ̄_B_plan=0.444 Φ̄_S_plan=0.427  ctrl_n_temp=5
[ Info:     [ 1] λ 0.000 → 0.200 (Δλ=0.200) L=64 accept=100%
[ Info:     [ 2] λ 0.200 → 0.400 (Δλ=0.200) L=64 accept=97%
[ Info:     [ 3] λ 0.400 → 0.600 (Δλ=0.200) L=64 accept=96%
[ Info:     [ 4] λ 0.600 → 0.800 (Δλ=0.200) L=64 accept=95%
[ Info:     [ 5] λ 0.800 → 1.000 (Δλ=0.200) L=64 accept=88%
[ Info: [stride 61/83] 19.7s  5 filter levels  Φ̄_B=0.580 Φ̄_S=0.629 x̂=(B=0.197, S=0.175, F=0.666, A=0.004)
[ Info:     [ 1] λ 0.000 → 0.200 (Δλ=0.200) L=64 accept=98%
[ Info:     [ 2] λ 0.200 → 0.400 (Δλ=0.200) L=32 accept=83%
[ Info:     [ 3] λ 0.400 → 0.600 (Δλ=0.200) L=64 accept=92%
[ Info:     [ 4] λ 0.600 → 0.800 (Δλ=0.200) L=64 accept=89%
[ Info:     [ 5] λ 0.800 → 1.000 (Δλ=0.200) L=64 accept=88%
[ Info: [stride 62/83] 18.9s  5 filter levels  Φ̄_B=0.559 Φ̄_S=0.610 x̂=(B=0.194, S=0.176, F=0.666, A=0.004)
[ Info:   [replan @ stride 62] 57.9s  Φ̄_B_plan=0.439 Φ̄_S_plan=0.421  ctrl_n_temp=5
[ Info:     [ 1] λ 0.000 → 0.200 (Δλ=0.200) L=64 accept=97%
[ Info:     [ 2] λ 0.200 → 0.382 (Δλ=0.182) L=64 accept=98%
[ Info:     [ 3] λ 0.382 → 0.582 (Δλ=0.200) L=64 accept=92%
[ Info:     [ 4] λ 0.582 → 0.782 (Δλ=0.200) L=64 accept=95%
[ Info:     [ 5] λ 0.782 → 0.982 (Δλ=0.200) L=64 accept=81%
[ Info:     [ 6] λ 0.982 → 1.000 (Δλ=0.018) L=64 accept=90%
[ Info: [stride 63/83] 24.7s  6 filter levels  Φ̄_B=0.584 Φ̄_S=0.576 x̂=(B=0.194, S=0.176, F=0.637, A=0.006)
[ Info:     [ 1] λ 0.000 → 0.200 (Δλ=0.200) L=64 accept=97%
[ Info:     [ 2] λ 0.200 → 0.375 (Δλ=0.175) L=64 accept=92%
[ Info:     [ 3] λ 0.375 → 0.575 (Δλ=0.200) L=64 accept=91%
[ Info:     [ 4] λ 0.575 → 0.775 (Δλ=0.200) L=64 accept=94%
[ Info:     [ 5] λ 0.775 → 0.975 (Δλ=0.200) L=64 accept=83%
[ Info:     [ 6] λ 0.975 → 1.000 (Δλ=0.025) L=64 accept=88%
[ Info: [stride 64/83] 25.0s  6 filter levels  Φ̄_B=0.566 Φ̄_S=0.556 x̂=(B=0.194, S=0.178, F=0.651, A=0.005)
[ Info:   [replan @ stride 64] 58.0s  Φ̄_B_plan=0.461 Φ̄_S_plan=0.417  ctrl_n_temp=5
[ Info:     [ 1] λ 0.000 → 0.147 (Δλ=0.147) L=64 accept=97%
[ Info:     [ 2] λ 0.147 → 0.309 (Δλ=0.162) L=64 accept=98%
[ Info:     [ 3] λ 0.309 → 0.509 (Δλ=0.200) L=64 accept=97%
[ Info:     [ 4] λ 0.509 → 0.709 (Δλ=0.200) L=64 accept=94%
[ Info:     [ 5] λ 0.709 → 0.909 (Δλ=0.200) L=64 accept=91%
[ Info:     [ 6] λ 0.909 → 1.000 (Δλ=0.091) L=64 accept=92%
[ Info: [stride 65/83] 25.7s  6 filter levels  Φ̄_B=0.575 Φ̄_S=0.639 x̂=(B=0.195, S=0.179, F=0.661, A=0.005)
[ Info:     [ 1] λ 0.000 → 0.122 (Δλ=0.122) L=64 accept=94%
[ Info:     [ 2] λ 0.122 → 0.272 (Δλ=0.149) L=64 accept=98%
[ Info:     [ 3] λ 0.272 → 0.472 (Δλ=0.200) L=64 accept=94%
[ Info:     [ 4] λ 0.472 → 0.672 (Δλ=0.200) L=64 accept=89%
[ Info:     [ 5] λ 0.672 → 0.872 (Δλ=0.200) L=64 accept=88%
[ Info:     [ 6] λ 0.872 → 1.000 (Δλ=0.128) L=64 accept=82%
[ Info: [stride 66/83] 25.2s  6 filter levels  Φ̄_B=0.559 Φ̄_S=0.617 x̂=(B=0.201, S=0.180, F=0.647, A=0.006)
[ Info:   [replan @ stride 66] 57.7s  Φ̄_B_plan=0.467 Φ̄_S_plan=0.418  ctrl_n_temp=5
[ Info:     [ 1] λ 0.000 → 0.200 (Δλ=0.200) L=64 accept=98%
[ Info:     [ 2] λ 0.200 → 0.388 (Δλ=0.188) L=64 accept=97%
[ Info:     [ 3] λ 0.388 → 0.588 (Δλ=0.200) L=64 accept=94%
[ Info:     [ 4] λ 0.588 → 0.788 (Δλ=0.200) L=64 accept=91%
[ Info:     [ 5] λ 0.788 → 0.988 (Δλ=0.200) L=64 accept=85%
[ Info:     [ 6] λ 0.988 → 1.000 (Δλ=0.012) L=64 accept=94%
[ Info: [stride 67/83] 25.1s  6 filter levels  Φ̄_B=0.701 Φ̄_S=0.622 x̂=(B=0.202, S=0.181, F=0.669, A=0.005)
[ Info:     [ 1] λ 0.000 → 0.178 (Δλ=0.178) L=64 accept=99%
[ Info:     [ 2] λ 0.178 → 0.369 (Δλ=0.190) L=64 accept=98%
[ Info:     [ 3] λ 0.369 → 0.569 (Δλ=0.200) L=64 accept=90%
[ Info:     [ 4] λ 0.569 → 0.769 (Δλ=0.200) L=64 accept=86%
[ Info:     [ 5] λ 0.769 → 0.969 (Δλ=0.200) L=64 accept=95%
[ Info:     [ 6] λ 0.969 → 1.000 (Δλ=0.031) L=32 accept=90%
[ Info: [stride 68/83] 22.5s  6 filter levels  Φ̄_B=0.685 Φ̄_S=0.598 x̂=(B=0.204, S=0.184, F=0.684, A=0.004)
[ Info:   [replan @ stride 68] 57.3s  Φ̄_B_plan=0.436 Φ̄_S_plan=0.390  ctrl_n_temp=5
[ Info:     [ 1] λ 0.000 → 0.200 (Δλ=0.200) L=64 accept=97%
[ Info:     [ 2] λ 0.200 → 0.363 (Δλ=0.163) L=64 accept=96%
[ Info:     [ 3] λ 0.363 → 0.563 (Δλ=0.200) L=64 accept=94%
[ Info:     [ 4] λ 0.563 → 0.763 (Δλ=0.200) L=64 accept=88%
[ Info:     [ 5] λ 0.763 → 0.963 (Δλ=0.200) L=64 accept=92%
[ Info:     [ 6] λ 0.963 → 1.000 (Δλ=0.037) L=64 accept=89%
[ Info: [stride 69/83] 25.0s  6 filter levels  Φ̄_B=0.636 Φ̄_S=0.460 x̂=(B=0.204, S=0.185, F=0.698, A=0.003)
[ Info:     [ 1] λ 0.000 → 0.200 (Δλ=0.200) L=64 accept=97%
[ Info:     [ 2] λ 0.200 → 0.400 (Δλ=0.200) L=64 accept=93%
[ Info:     [ 3] λ 0.400 → 0.600 (Δλ=0.200) L=64 accept=92%
[ Info:     [ 4] λ 0.600 → 0.800 (Δλ=0.200) L=64 accept=84%
[ Info:     [ 5] λ 0.800 → 1.000 (Δλ=0.200) L=64 accept=84%
[ Info: [stride 70/83] 19.5s  5 filter levels  Φ̄_B=0.614 Φ̄_S=0.437 x̂=(B=0.205, S=0.179, F=0.688, A=0.003)
[ Info:   [replan @ stride 70] 57.4s  Φ̄_B_plan=0.448 Φ̄_S_plan=0.423  ctrl_n_temp=5
[ Info:     [ 1] λ 0.000 → 0.189 (Δλ=0.189) L=64 accept=98%
[ Info:     [ 2] λ 0.189 → 0.389 (Δλ=0.200) L=64 accept=95%
[ Info:     [ 3] λ 0.389 → 0.589 (Δλ=0.200) L=64 accept=93%
[ Info:     [ 4] λ 0.589 → 0.789 (Δλ=0.200) L=64 accept=95%
[ Info:     [ 5] λ 0.789 → 0.989 (Δλ=0.200) L=64 accept=96%
[ Info:     [ 6] λ 0.989 → 1.000 (Δλ=0.011) L=64 accept=95%
[ Info: [stride 71/83] 24.6s  6 filter levels  Φ̄_B=0.596 Φ̄_S=0.617 x̂=(B=0.212, S=0.182, F=0.672, A=0.002)
[ Info:     [ 1] λ 0.000 → 0.200 (Δλ=0.200) L=64 accept=98%
[ Info:     [ 2] λ 0.200 → 0.340 (Δλ=0.140) L=64 accept=98%
[ Info:     [ 3] λ 0.340 → 0.540 (Δλ=0.200) L=64 accept=94%
[ Info:     [ 4] λ 0.540 → 0.740 (Δλ=0.200) L=64 accept=86%
[ Info:     [ 5] λ 0.740 → 0.940 (Δλ=0.200) L=64 accept=89%
[ Info:     [ 6] λ 0.940 → 1.000 (Δλ=0.060) L=64 accept=84%
[ Info: [stride 72/83] 23.5s  6 filter levels  Φ̄_B=0.575 Φ̄_S=0.597 x̂=(B=0.213, S=0.184, F=0.705, A=0.002)
[ Info:   [replan @ stride 72] 57.2s  Φ̄_B_plan=0.449 Φ̄_S_plan=0.402  ctrl_n_temp=5
[ Info:     [ 1] λ 0.000 → 0.200 (Δλ=0.200) L=64 accept=97%
[ Info:     [ 2] λ 0.200 → 0.367 (Δλ=0.167) L=64 accept=96%
[ Info:     [ 3] λ 0.367 → 0.567 (Δλ=0.200) L=64 accept=97%
[ Info:     [ 4] λ 0.567 → 0.767 (Δλ=0.200) L=64 accept=93%
[ Info:     [ 5] λ 0.767 → 0.967 (Δλ=0.200) L=64 accept=90%
[ Info:     [ 6] λ 0.967 → 1.000 (Δλ=0.033) L=64 accept=88%
[ Info: [stride 73/83] 24.6s  6 filter levels  Φ̄_B=0.619 Φ̄_S=0.600 x̂=(B=0.221, S=0.184, F=0.680, A=0.002)
[ Info:     [ 1] λ 0.000 → 0.200 (Δλ=0.200) L=64 accept=100%
[ Info:     [ 2] λ 0.200 → 0.400 (Δλ=0.200) L=64 accept=94%
[ Info:     [ 3] λ 0.400 → 0.600 (Δλ=0.200) L=64 accept=94%
[ Info:     [ 4] λ 0.600 → 0.800 (Δλ=0.200) L=64 accept=91%
[ Info:     [ 5] λ 0.800 → 1.000 (Δλ=0.200) L=64 accept=90%
[ Info: [stride 74/83] 20.8s  5 filter levels  Φ̄_B=0.598 Φ̄_S=0.575 x̂=(B=0.225, S=0.186, F=0.694, A=0.001)
[ Info:   [replan @ stride 74] 57.7s  Φ̄_B_plan=0.447 Φ̄_S_plan=0.401  ctrl_n_temp=5
[ Info:     [ 1] λ 0.000 → 0.200 (Δλ=0.200) L=64 accept=98%
[ Info:     [ 2] λ 0.200 → 0.400 (Δλ=0.200) L=64 accept=95%
[ Info:     [ 3] λ 0.400 → 0.600 (Δλ=0.200) L=64 accept=94%
[ Info:     [ 4] λ 0.600 → 0.800 (Δλ=0.200) L=64 accept=92%
[ Info:     [ 5] λ 0.800 → 1.000 (Δλ=0.200) L=64 accept=92%
[ Info: [stride 75/83] 21.3s  5 filter levels  Φ̄_B=0.580 Φ̄_S=0.570 x̂=(B=0.228, S=0.187, F=0.704, A=0.001)
[ Info:     [ 1] λ 0.000 → 0.200 (Δλ=0.200) L=64 accept=98%
[ Info:     [ 2] λ 0.200 → 0.355 (Δλ=0.155) L=64 accept=95%
[ Info:     [ 3] λ 0.355 → 0.555 (Δλ=0.200) L=64 accept=94%
[ Info:     [ 4] λ 0.555 → 0.755 (Δλ=0.200) L=64 accept=93%
[ Info:     [ 5] λ 0.755 → 0.955 (Δλ=0.200) L=64 accept=95%
[ Info:     [ 6] λ 0.955 → 1.000 (Δλ=0.045) L=32 accept=91%
[ Info: [stride 76/83] 23.5s  6 filter levels  Φ̄_B=0.561 Φ̄_S=0.545 x̂=(B=0.230, S=0.190, F=0.691, A=0.000)
[ Info:   [replan @ stride 76] 58.0s  Φ̄_B_plan=0.460 Φ̄_S_plan=0.399  ctrl_n_temp=5
[ Info:     [ 1] λ 0.000 → 0.200 (Δλ=0.200) L=64 accept=98%
[ Info:     [ 2] λ 0.200 → 0.400 (Δλ=0.200) L=64 accept=96%
[ Info:     [ 3] λ 0.400 → 0.600 (Δλ=0.200) L=64 accept=94%
[ Info:     [ 4] λ 0.600 → 0.800 (Δλ=0.200) L=64 accept=90%
[ Info:     [ 5] λ 0.800 → 1.000 (Δλ=0.200) L=64 accept=90%
[ Info: [stride 77/83] 20.3s  5 filter levels  Φ̄_B=0.629 Φ̄_S=0.523 x̂=(B=0.231, S=0.192, F=0.674, A=0.000)
[ Info:     [ 1] λ 0.000 → 0.200 (Δλ=0.200) L=64 accept=96%
[ Info:     [ 2] λ 0.200 → 0.386 (Δλ=0.186) L=64 accept=95%
[ Info:     [ 3] λ 0.386 → 0.586 (Δλ=0.200) L=64 accept=93%
[ Info:     [ 4] λ 0.586 → 0.786 (Δλ=0.200) L=64 accept=90%
[ Info:     [ 5] λ 0.786 → 0.986 (Δλ=0.200) L=64 accept=89%
[ Info:     [ 6] λ 0.986 → 1.000 (Δλ=0.014) L=64 accept=90%
[ Info: [stride 78/83] 25.9s  6 filter levels  Φ̄_B=0.606 Φ̄_S=0.502 x̂=(B=0.233, S=0.189, F=0.687, A=0.000)
[ Info:   [replan @ stride 78] 58.0s  Φ̄_B_plan=0.469 Φ̄_S_plan=0.439  ctrl_n_temp=5
[ Info:     [ 1] λ 0.000 → 0.118 (Δλ=0.118) L=64 accept=99%
[ Info:     [ 2] λ 0.118 → 0.247 (Δλ=0.129) L=64 accept=97%
[ Info:     [ 3] λ 0.247 → 0.447 (Δλ=0.200) L=64 accept=96%
[ Info:     [ 4] λ 0.447 → 0.647 (Δλ=0.200) L=64 accept=92%
[ Info:     [ 5] λ 0.647 → 0.847 (Δλ=0.200) L=64 accept=92%
[ Info:     [ 6] λ 0.847 → 1.000 (Δλ=0.153) L=64 accept=85%
[ Info: [stride 79/83] 25.7s  6 filter levels  Φ̄_B=0.701 Φ̄_S=0.628 x̂=(B=0.236, S=0.189, F=0.666, A=0.000)
[ Info:     [ 1] λ 0.000 → 0.140 (Δλ=0.140) L=64 accept=96%
[ Info:     [ 2] λ 0.140 → 0.244 (Δλ=0.104) L=64 accept=97%
[ Info:     [ 3] λ 0.244 → 0.444 (Δλ=0.200) L=64 accept=97%
[ Info:     [ 4] λ 0.444 → 0.644 (Δλ=0.200) L=64 accept=95%
[ Info:     [ 5] λ 0.644 → 0.844 (Δλ=0.200) L=64 accept=91%
[ Info:     [ 6] λ 0.844 → 1.000 (Δλ=0.156) L=64 accept=91%
[ Info: [stride 80/83] 25.8s  6 filter levels  Φ̄_B=0.684 Φ̄_S=0.606 x̂=(B=0.237, S=0.193, F=0.681, A=0.000)
[ Info:   [replan @ stride 80] 58.1s  Φ̄_B_plan=0.453 Φ̄_S_plan=0.461  ctrl_n_temp=5
[ Info:     [ 1] λ 0.000 → 0.200 (Δλ=0.200) L=64 accept=99%
[ Info:     [ 2] λ 0.200 → 0.348 (Δλ=0.148) L=64 accept=98%
[ Info:     [ 3] λ 0.348 → 0.548 (Δλ=0.200) L=64 accept=98%
[ Info:     [ 4] λ 0.548 → 0.748 (Δλ=0.200) L=64 accept=95%
[ Info:     [ 5] λ 0.748 → 0.948 (Δλ=0.200) L=64 accept=96%
[ Info:     [ 6] λ 0.948 → 1.000 (Δλ=0.052) L=64 accept=95%
[ Info: [stride 81/83] 25.3s  6 filter levels  Φ̄_B=0.624 Φ̄_S=0.592 x̂=(B=0.238, S=0.198, F=0.677, A=0.000)
[ Info:     [ 1] λ 0.000 → 0.200 (Δλ=0.200) L=64 accept=98%
[ Info:     [ 2] λ 0.200 → 0.370 (Δλ=0.170) L=64 accept=95%
[ Info:     [ 3] λ 0.370 → 0.570 (Δλ=0.200) L=64 accept=95%
[ Info:     [ 4] λ 0.570 → 0.770 (Δλ=0.200) L=64 accept=95%
[ Info:     [ 5] λ 0.770 → 0.970 (Δλ=0.200) L=32 accept=86%
[ Info:     [ 6] λ 0.970 → 1.000 (Δλ=0.030) L=64 accept=93%
[ Info: [stride 82/83] 24.1s  6 filter levels  Φ̄_B=0.603 Φ̄_S=0.574 x̂=(B=0.233, S=0.201, F=0.692, A=0.000)
[ Info:   [replan @ stride 82] 58.4s  Φ̄_B_plan=0.484 Φ̄_S_plan=0.436  ctrl_n_temp=5
[ Info:     [ 1] λ 0.000 → 0.200 (Δλ=0.200) L=64 accept=95%
[ Info:     [ 2] λ 0.200 → 0.387 (Δλ=0.187) L=64 accept=97%
[ Info:     [ 3] λ 0.387 → 0.587 (Δλ=0.200) L=64 accept=96%
[ Info:     [ 4] λ 0.587 → 0.787 (Δλ=0.200) L=64 accept=91%
[ Info:     [ 5] λ 0.787 → 0.987 (Δλ=0.200) L=64 accept=91%
[ Info:     [ 6] λ 0.987 → 1.000 (Δλ=0.013) L=32 accept=91%
[ Info: [stride 83/83] 24.4s  6 filter levels  Φ̄_B=0.548 Φ̄_S=0.603 x̂=(B=0.234, S=0.200, F=0.686, A=0.001)
[ Info: Total wall time: 4368.1 s
[ Info: wrote /home/ajay/Repos/python-smc2-filtering-control/compare_v15_julia_vs_python/example_run/julia_v5_T42d_2026-05-09/T42d_seed42/data.jld2
[ Info: wrote /home/ajay/Repos/python-smc2-filtering-control/compare_v15_julia_vs_python/example_run/julia_v5_T42d_2026-05-09/T42d_seed42/per_stride.csv
[ Info: wrote /home/ajay/Repos/python-smc2-filtering-control/compare_v15_julia_vs_python/example_run/julia_v5_T42d_2026-05-09/T42d_seed42/controller_diagnostics.csv
[ Info: wrote manifest.json + experiment_run.md
[ Info: plotting deferred for v5 (data.jld2 has all fields a future v5 plotter needs)
Could not create decoration from factory! Running with no decorations.
[ Info: wrote: /home/ajay/Repos/python-smc2-filtering-control/compare_v15_julia_vs_python/example_run/julia_v5_T42d_2026-05-09/T42d_seed42/v5_T42d_traces.png
Could not create decoration from factory! Running with no decorations.
[ Info: wrote: /home/ajay/Repos/python-smc2-filtering-control/compare_v15_julia_vs_python/example_run/julia_v5_T42d_2026-05-09/T42d_seed42/v5_T42d_param_traces.png
Could not create decoration from factory! Running with no decorations.
[ Info: wrote: /home/ajay/Repos/python-smc2-filtering-control/compare_v15_julia_vs_python/example_run/julia_v5_T42d_2026-05-09/T42d_seed42/v5_T42d_obs_channels.png
