[ Info: loading model + framework (FSA_STEP_MINUTES=60)...
[ Info: config: T=84d step=60min BINS_PER_DAY=24 WINDOW=24 STRIDE=12 n_strides=167  open_loop=false
[ Info: GPU device: NVIDIA GeForce RTX 5090
[ Info: filter target: N_SMC=512 K_per_chain=1000 d=10 M_max=10752
[ Info: filter target: OT rescue DISABLED (ot-max-weight = 0.0, fast path)
[ Info: controller cfg: n_smc=2048 n_inner=64 num_mcmc=16 hmc_leap=16 chees=[16, 32, 64, 128, 256, 512] max_levels=40
[ Info: [stride  1/167] 0.0s  warming up (hist=12/24) Φ̄=1.000 x̂=(0.055, 0.296, 0.095)
[ Info:     [ 1] λ 0.000 → 0.200 (Δλ=0.200) accept=0%
[ Info:     [ 2] λ 0.200 → 0.400 (Δλ=0.200) accept=0%
[ Info:     [ 3] λ 0.400 → 0.600 (Δλ=0.200) accept=0%
[ Info:     [ 4] λ 0.600 → 0.800 (Δλ=0.200) accept=0%
[ Info:     [ 5] λ 0.800 → 1.000 (Δλ=0.200) accept=0%
[ Info: [stride  2/167] 7.7s  5 filter levels  Φ̄=1.000 x̂=(0.060, 0.294, 0.090)
[ Info:   [replan @ stride  2] 89.1s  Φ̄_plan=1.599  shape=[1.48→1.64→1.03]  ctrl_n_temp=6
[ Info:     [ 1] λ 0.000 → 0.200 (Δλ=0.200) accept=0%
[ Info:     [ 2] λ 0.200 → 0.400 (Δλ=0.200) accept=0%
[ Info:     [ 3] λ 0.400 → 0.600 (Δλ=0.200) accept=0%
[ Info:     [ 4] λ 0.600 → 0.800 (Δλ=0.200) accept=0%
[ Info:     [ 5] λ 0.800 → 1.000 (Δλ=0.200) accept=0%
[ Info: [stride  3/167] 1.1s  5 filter levels  Φ̄=1.482 x̂=(0.067, 0.292, 0.087)
[ Info:     [ 1] λ 0.000 → 0.200 (Δλ=0.200) accept=0%
[ Info:     [ 2] λ 0.200 → 0.400 (Δλ=0.200) accept=0%
[ Info:     [ 3] λ 0.400 → 0.600 (Δλ=0.200) accept=0%
[ Info:     [ 4] λ 0.600 → 0.800 (Δλ=0.200) accept=0%
[ Info:     [ 5] λ 0.800 → 1.000 (Δλ=0.200) accept=0%
[ Info: [stride  4/167] 1.1s  5 filter levels  Φ̄=1.493 x̂=(0.075, 0.288, 0.086)
[ Info:   [replan @ stride  4] 89.7s  Φ̄_plan=2.063  shape=[2.10→2.41→1.14]  ctrl_n_temp=6
[ Info:     [ 1] λ 0.000 → 0.200 (Δλ=0.200) accept=0%
[ Info:     [ 2] λ 0.200 → 0.400 (Δλ=0.200) accept=0%
[ Info:     [ 3] λ 0.400 → 0.600 (Δλ=0.200) accept=0%
[ Info:     [ 4] λ 0.600 → 0.800 (Δλ=0.200) accept=0%
[ Info:     [ 5] λ 0.800 → 1.000 (Δλ=0.200) accept=0%
[ Info: [stride  5/167] 1.1s  5 filter levels  Φ̄=2.111 x̂=(0.090, 0.296, 0.083)
[ Info:     [ 1] λ 0.000 → 0.200 (Δλ=0.200) accept=0%
[ Info:     [ 2] λ 0.200 → 0.400 (Δλ=0.200) accept=0%
[ Info:     [ 3] λ 0.400 → 0.600 (Δλ=0.200) accept=0%
[ Info:     [ 4] λ 0.600 → 0.800 (Δλ=0.200) accept=0%
[ Info:     [ 5] λ 0.800 → 1.000 (Δλ=0.200) accept=0%
[ Info: [stride  6/167] 1.1s  5 filter levels  Φ̄=2.142 x̂=(0.101, 0.307, 0.075)
[ Info:   [replan @ stride  6] 91.0s  Φ̄_plan=1.921  shape=[1.97→2.41→1.00]  ctrl_n_temp=6
[ Info:     [ 1] λ 0.000 → 0.200 (Δλ=0.200) accept=0%
[ Info:     [ 2] λ 0.200 → 0.400 (Δλ=0.200) accept=0%
[ Info:     [ 3] λ 0.400 → 0.600 (Δλ=0.200) accept=0%
[ Info:     [ 4] λ 0.600 → 0.800 (Δλ=0.200) accept=0%
[ Info:     [ 5] λ 0.800 → 1.000 (Δλ=0.200) accept=0%
[ Info: [stride  7/167] 1.1s  5 filter levels  Φ̄=1.982 x̂=(0.114, 0.316, 0.078)
[ Info:     [ 1] λ 0.000 → 0.200 (Δλ=0.200) accept=0%
[ Info:     [ 2] λ 0.200 → 0.400 (Δλ=0.200) accept=0%
[ Info:     [ 3] λ 0.400 → 0.600 (Δλ=0.200) accept=0%
[ Info:     [ 4] λ 0.600 → 0.800 (Δλ=0.200) accept=0%
[ Info:     [ 5] λ 0.800 → 1.000 (Δλ=0.200) accept=0%
[ Info: [stride  8/167] 1.1s  5 filter levels  Φ̄=2.009 x̂=(0.123, 0.318, 0.074)
[ Info:   [replan @ stride  8] 89.2s  Φ̄_plan=1.919  shape=[1.92→2.45→1.06]  ctrl_n_temp=6
[ Info:     [ 1] λ 0.000 → 0.200 (Δλ=0.200) accept=0%
[ Info:     [ 2] λ 0.200 → 0.400 (Δλ=0.200) accept=0%
[ Info:     [ 3] λ 0.400 → 0.600 (Δλ=0.200) accept=0%
[ Info:     [ 4] λ 0.600 → 0.800 (Δλ=0.200) accept=0%
[ Info:     [ 5] λ 0.800 → 1.000 (Δλ=0.200) accept=0%
[ Info: [stride  9/167] 1.0s  5 filter levels  Φ̄=1.930 x̂=(0.133, 0.319, 0.072)
[ Info:     [ 1] λ 0.000 → 0.200 (Δλ=0.200) accept=0%
[ Info:     [ 2] λ 0.200 → 0.400 (Δλ=0.200) accept=0%
[ Info:     [ 3] λ 0.400 → 0.600 (Δλ=0.200) accept=0%
[ Info:     [ 4] λ 0.600 → 0.800 (Δλ=0.200) accept=0%
[ Info:     [ 5] λ 0.800 → 1.000 (Δλ=0.200) accept=0%
[ Info: [stride 10/167] 1.1s  5 filter levels  Φ̄=1.957 x̂=(0.151, 0.329, 0.072)
[ Info:   [replan @ stride 10] 89.7s  Φ̄_plan=1.903  shape=[1.82→2.36→1.05]  ctrl_n_temp=6
[ Info:     [ 1] λ 0.000 → 0.200 (Δλ=0.200) accept=0%
[ Info:     [ 2] λ 0.200 → 0.400 (Δλ=0.200) accept=0%
[ Info:     [ 3] λ 0.400 → 0.600 (Δλ=0.200) accept=0%
[ Info:     [ 4] λ 0.600 → 0.800 (Δλ=0.200) accept=0%
[ Info:     [ 5] λ 0.800 → 1.000 (Δλ=0.200) accept=0%
[ Info: [stride 11/167] 1.1s  5 filter levels  Φ̄=1.838 x̂=(0.158, 0.332, 0.072)
[ Info:     [ 1] λ 0.000 → 0.200 (Δλ=0.200) accept=0%
[ Info:     [ 2] λ 0.200 → 0.400 (Δλ=0.200) accept=0%
[ Info:     [ 3] λ 0.400 → 0.600 (Δλ=0.200) accept=0%
[ Info:     [ 4] λ 0.600 → 0.800 (Δλ=0.200) accept=0%
[ Info:     [ 5] λ 0.800 → 1.000 (Δλ=0.200) accept=0%
[ Info: [stride 12/167] 1.1s  5 filter levels  Φ̄=1.868 x̂=(0.165, 0.338, 0.068)
[ Info:   [replan @ stride 12] 92.3s  Φ̄_plan=1.871  shape=[1.80→2.44→1.05]  ctrl_n_temp=6
[ Info:     [ 1] λ 0.000 → 0.200 (Δλ=0.200) accept=0%
[ Info:     [ 2] λ 0.200 → 0.400 (Δλ=0.200) accept=0%
[ Info:     [ 3] λ 0.400 → 0.600 (Δλ=0.200) accept=0%
[ Info:     [ 4] λ 0.600 → 0.800 (Δλ=0.200) accept=0%
[ Info:     [ 5] λ 0.800 → 1.000 (Δλ=0.200) accept=0%
[ Info: [stride 13/167] 1.5s  5 filter levels  Φ̄=1.809 x̂=(0.173, 0.344, 0.060)
[ Info:     [ 1] λ 0.000 → 0.200 (Δλ=0.200) accept=0%
[ Info:     [ 2] λ 0.200 → 0.400 (Δλ=0.200) accept=0%
[ Info:     [ 3] λ 0.400 → 0.600 (Δλ=0.200) accept=0%
[ Info:     [ 4] λ 0.600 → 0.800 (Δλ=0.200) accept=0%
[ Info:     [ 5] λ 0.800 → 1.000 (Δλ=0.200) accept=0%
[ Info: [stride 14/167] 1.1s  5 filter levels  Φ̄=1.835 x̂=(0.181, 0.347, 0.059)
[ Info:   [replan @ stride 14] 90.6s  Φ̄_plan=1.728  shape=[1.47→2.26→0.92]  ctrl_n_temp=6
[ Info:     [ 1] λ 0.000 → 0.200 (Δλ=0.200) accept=0%
[ Info:     [ 2] λ 0.200 → 0.400 (Δλ=0.200) accept=0%
[ Info:     [ 3] λ 0.400 → 0.600 (Δλ=0.200) accept=0%
[ Info:     [ 4] λ 0.600 → 0.800 (Δλ=0.200) accept=0%
[ Info:     [ 5] λ 0.800 → 1.000 (Δλ=0.200) accept=0%
[ Info: [stride 15/167] 1.1s  5 filter levels  Φ̄=1.482 x̂=(0.187, 0.346, 0.057)
[ Info:     [ 1] λ 0.000 → 0.200 (Δλ=0.200) accept=0%
[ Info:     [ 2] λ 0.200 → 0.400 (Δλ=0.200) accept=0%
[ Info:     [ 3] λ 0.400 → 0.600 (Δλ=0.200) accept=0%
[ Info:     [ 4] λ 0.600 → 0.800 (Δλ=0.200) accept=0%
[ Info:     [ 5] λ 0.800 → 1.000 (Δλ=0.200) accept=0%
[ Info: [stride 16/167] 1.1s  5 filter levels  Φ̄=1.498 x̂=(0.197, 0.341, 0.059)
[ Info:   [replan @ stride 16] 92.1s  Φ̄_plan=1.726  shape=[1.44→2.28→0.99]  ctrl_n_temp=6
[ Info:     [ 1] λ 0.000 → 0.200 (Δλ=0.200) accept=0%
[ Info:     [ 2] λ 0.200 → 0.400 (Δλ=0.200) accept=0%
[ Info:     [ 3] λ 0.400 → 0.600 (Δλ=0.200) accept=0%
[ Info:     [ 4] λ 0.600 → 0.800 (Δλ=0.200) accept=0%
[ Info:     [ 5] λ 0.800 → 1.000 (Δλ=0.200) accept=0%
[ Info: [stride 17/167] 1.1s  5 filter levels  Φ̄=1.452 x̂=(0.202, 0.342, 0.062)
[ Info:     [ 1] λ 0.000 → 0.200 (Δλ=0.200) accept=0%
[ Info:     [ 2] λ 0.200 → 0.400 (Δλ=0.200) accept=0%
[ Info:     [ 3] λ 0.400 → 0.600 (Δλ=0.200) accept=0%
[ Info:     [ 4] λ 0.600 → 0.800 (Δλ=0.200) accept=0%
[ Info:     [ 5] λ 0.800 → 1.000 (Δλ=0.200) accept=0%
[ Info: [stride 18/167] 1.1s  5 filter levels  Φ̄=1.467 x̂=(0.209, 0.342, 0.064)
[ Info:   [replan @ stride 18] 88.6s  Φ̄_plan=1.815  shape=[1.66→2.42→1.05]  ctrl_n_temp=6
[ Info:     [ 1] λ 0.000 → 0.200 (Δλ=0.200) accept=0%
[ Info:     [ 2] λ 0.200 → 0.400 (Δλ=0.200) accept=0%
[ Info:     [ 3] λ 0.400 → 0.600 (Δλ=0.200) accept=0%
[ Info:     [ 4] λ 0.600 → 0.800 (Δλ=0.200) accept=0%
[ Info:     [ 5] λ 0.800 → 1.000 (Δλ=0.200) accept=0%
[ Info: [stride 19/167] 1.1s  5 filter levels  Φ̄=1.667 x̂=(0.220, 0.340, 0.068)
[ Info:     [ 1] λ 0.000 → 0.200 (Δλ=0.200) accept=0%
[ Info:     [ 2] λ 0.200 → 0.400 (Δλ=0.200) accept=0%
[ Info:     [ 3] λ 0.400 → 0.600 (Δλ=0.200) accept=0%
[ Info:     [ 4] λ 0.600 → 0.800 (Δλ=0.200) accept=0%
[ Info:     [ 5] λ 0.800 → 1.000 (Δλ=0.200) accept=0%
[ Info: [stride 20/167] 1.1s  5 filter levels  Φ̄=1.689 x̂=(0.228, 0.340, 0.065)
[ Info:   [replan @ stride 20] 91.0s  Φ̄_plan=1.859  shape=[1.75→2.42→1.00]  ctrl_n_temp=6
[ Info:     [ 1] λ 0.000 → 0.200 (Δλ=0.200) accept=0%
[ Info:     [ 2] λ 0.200 → 0.400 (Δλ=0.200) accept=0%
[ Info:     [ 3] λ 0.400 → 0.600 (Δλ=0.200) accept=0%
[ Info:     [ 4] λ 0.600 → 0.800 (Δλ=0.200) accept=0%
[ Info:     [ 5] λ 0.800 → 1.000 (Δλ=0.200) accept=0%
[ Info: [stride 21/167] 1.1s  5 filter levels  Φ̄=1.766 x̂=(0.237, 0.344, 0.057)
[ Info:     [ 1] λ 0.000 → 0.200 (Δλ=0.200) accept=0%
[ Info:     [ 2] λ 0.200 → 0.400 (Δλ=0.200) accept=0%
[ Info:     [ 3] λ 0.400 → 0.600 (Δλ=0.200) accept=0%
[ Info:     [ 4] λ 0.600 → 0.800 (Δλ=0.200) accept=0%
[ Info:     [ 5] λ 0.800 → 1.000 (Δλ=0.200) accept=0%
[ Info: [stride 22/167] 1.1s  5 filter levels  Φ̄=1.788 x̂=(0.240, 0.344, 0.054)
[ Info:   [replan @ stride 22] 94.7s  Φ̄_plan=1.747  shape=[1.58→2.33→0.99]  ctrl_n_temp=6
[ Info:     [ 1] λ 0.000 → 0.200 (Δλ=0.200) accept=0%
[ Info:     [ 2] λ 0.200 → 0.400 (Δλ=0.200) accept=0%
[ Info:     [ 3] λ 0.400 → 0.600 (Δλ=0.200) accept=0%
[ Info:     [ 4] λ 0.600 → 0.800 (Δλ=0.200) accept=0%
[ Info:     [ 5] λ 0.800 → 1.000 (Δλ=0.200) accept=0%
[ Info: [stride 23/167] 1.1s  5 filter levels  Φ̄=1.590 x̂=(0.250, 0.339, 0.056)
[ Info:     [ 1] λ 0.000 → 0.200 (Δλ=0.200) accept=0%
[ Info:     [ 2] λ 0.200 → 0.400 (Δλ=0.200) accept=0%
[ Info:     [ 3] λ 0.400 → 0.600 (Δλ=0.200) accept=0%
[ Info:     [ 4] λ 0.600 → 0.800 (Δλ=0.200) accept=0%
[ Info:     [ 5] λ 0.800 → 1.000 (Δλ=0.200) accept=0%
[ Info: [stride 24/167] 1.1s  5 filter levels  Φ̄=1.606 x̂=(0.257, 0.339, 0.066)
[ Info:   [replan @ stride 24] 89.4s  Φ̄_plan=1.809  shape=[1.60→2.44→1.05]  ctrl_n_temp=6
[ Info:     [ 1] λ 0.000 → 0.200 (Δλ=0.200) accept=0%
[ Info:     [ 2] λ 0.200 → 0.400 (Δλ=0.200) accept=0%
[ Info:     [ 3] λ 0.400 → 0.600 (Δλ=0.200) accept=0%
[ Info:     [ 4] λ 0.600 → 0.800 (Δλ=0.200) accept=0%
[ Info:     [ 5] λ 0.800 → 1.000 (Δλ=0.200) accept=0%
[ Info: [stride 25/167] 1.1s  5 filter levels  Φ̄=1.608 x̂=(0.263, 0.334, 0.062)
[ Info:     [ 1] λ 0.000 → 0.200 (Δλ=0.200) accept=0%
[ Info:     [ 2] λ 0.200 → 0.400 (Δλ=0.200) accept=0%
[ Info:     [ 3] λ 0.400 → 0.600 (Δλ=0.200) accept=0%
[ Info:     [ 4] λ 0.600 → 0.800 (Δλ=0.200) accept=0%
[ Info:     [ 5] λ 0.800 → 1.000 (Δλ=0.200) accept=0%
[ Info: [stride 26/167] 1.1s  5 filter levels  Φ̄=1.628 x̂=(0.268, 0.329, 0.065)
[ Info:   [replan @ stride 26] 88.6s  Φ̄_plan=1.894  shape=[1.86→2.24→1.08]  ctrl_n_temp=6
[ Info:     [ 1] λ 0.000 → 0.200 (Δλ=0.200) accept=0%
[ Info:     [ 2] λ 0.200 → 0.400 (Δλ=0.200) accept=0%
[ Info:     [ 3] λ 0.400 → 0.600 (Δλ=0.200) accept=0%
[ Info:     [ 4] λ 0.600 → 0.800 (Δλ=0.200) accept=0%
[ Info:     [ 5] λ 0.800 → 1.000 (Δλ=0.200) accept=0%
[ Info: [stride 27/167] 1.5s  5 filter levels  Φ̄=1.871 x̂=(0.277, 0.335, 0.069)
[ Info:     [ 1] λ 0.000 → 0.200 (Δλ=0.200) accept=0%
[ Info:     [ 2] λ 0.200 → 0.400 (Δλ=0.200) accept=0%
[ Info:     [ 3] λ 0.400 → 0.600 (Δλ=0.200) accept=0%
[ Info:     [ 4] λ 0.600 → 0.800 (Δλ=0.200) accept=0%
[ Info:     [ 5] λ 0.800 → 1.000 (Δλ=0.200) accept=0%
[ Info: [stride 28/167] 1.1s  5 filter levels  Φ̄=1.901 x̂=(0.285, 0.344, 0.068)
[ Info:   [replan @ stride 28] 88.8s  Φ̄_plan=1.869  shape=[1.76→2.24→1.05]  ctrl_n_temp=6
[ Info:     [ 1] λ 0.000 → 0.200 (Δλ=0.200) accept=0%
[ Info:     [ 2] λ 0.200 → 0.400 (Δλ=0.200) accept=0%
[ Info:     [ 3] λ 0.400 → 0.600 (Δλ=0.200) accept=0%
[ Info:     [ 4] λ 0.600 → 0.800 (Δλ=0.200) accept=0%
[ Info:     [ 5] λ 0.800 → 1.000 (Δλ=0.200) accept=0%
[ Info: [stride 29/167] 1.1s  5 filter levels  Φ̄=1.776 x̂=(0.294, 0.356, 0.068)
[ Info:     [ 1] λ 0.000 → 0.200 (Δλ=0.200) accept=0%
[ Info:     [ 2] λ 0.200 → 0.400 (Δλ=0.200) accept=0%
[ Info:     [ 3] λ 0.400 → 0.600 (Δλ=0.200) accept=0%
[ Info:     [ 4] λ 0.600 → 0.800 (Δλ=0.200) accept=0%
[ Info:     [ 5] λ 0.800 → 1.000 (Δλ=0.200) accept=0%
[ Info: [stride 30/167] 1.1s  5 filter levels  Φ̄=1.804 x̂=(0.305, 0.352, 0.067)
[ Info:   [replan @ stride 30] 87.0s  Φ̄_plan=1.817  shape=[1.58→2.14→1.07]  ctrl_n_temp=6
[ Info:     [ 1] λ 0.000 → 0.200 (Δλ=0.200) accept=0%
[ Info:     [ 2] λ 0.200 → 0.400 (Δλ=0.200) accept=0%
[ Info:     [ 3] λ 0.400 → 0.600 (Δλ=0.200) accept=0%
[ Info:     [ 4] λ 0.600 → 0.800 (Δλ=0.200) accept=0%
[ Info:     [ 5] λ 0.800 → 1.000 (Δλ=0.200) accept=0%
[ Info: [stride 31/167] 1.1s  5 filter levels  Φ̄=1.596 x̂=(0.312, 0.355, 0.068)
[ Info:     [ 1] λ 0.000 → 0.200 (Δλ=0.200) accept=0%
[ Info:     [ 2] λ 0.200 → 0.400 (Δλ=0.200) accept=0%
[ Info:     [ 3] λ 0.400 → 0.600 (Δλ=0.200) accept=0%
[ Info:     [ 4] λ 0.600 → 0.800 (Δλ=0.200) accept=0%
[ Info:     [ 5] λ 0.800 → 1.000 (Δλ=0.200) accept=0%
[ Info: [stride 32/167] 1.1s  5 filter levels  Φ̄=1.619 x̂=(0.312, 0.341, 0.068)
[ Info:   [replan @ stride 32] 88.2s  Φ̄_plan=1.861  shape=[1.65→2.08→1.06]  ctrl_n_temp=6
[ Info:     [ 1] λ 0.000 → 0.200 (Δλ=0.200) accept=0%
[ Info:     [ 2] λ 0.200 → 0.400 (Δλ=0.200) accept=0%
[ Info:     [ 3] λ 0.400 → 0.600 (Δλ=0.200) accept=0%
[ Info:     [ 4] λ 0.600 → 0.800 (Δλ=0.200) accept=0%
[ Info:     [ 5] λ 0.800 → 1.000 (Δλ=0.200) accept=0%
[ Info: [stride 33/167] 1.1s  5 filter levels  Φ̄=1.663 x̂=(0.320, 0.345, 0.073)
[ Info:     [ 1] λ 0.000 → 0.200 (Δλ=0.200) accept=0%
[ Info:     [ 2] λ 0.200 → 0.400 (Δλ=0.200) accept=0%
[ Info:     [ 3] λ 0.400 → 0.600 (Δλ=0.200) accept=0%
[ Info:     [ 4] λ 0.600 → 0.800 (Δλ=0.200) accept=0%
[ Info:     [ 5] λ 0.800 → 1.000 (Δλ=0.200) accept=0%
[ Info: [stride 34/167] 1.1s  5 filter levels  Φ̄=1.690 x̂=(0.327, 0.348, 0.071)
[ Info:   [replan @ stride 34] 92.5s  Φ̄_plan=1.885  shape=[1.77→2.00→1.07]  ctrl_n_temp=6
[ Info:     [ 1] λ 0.000 → 0.200 (Δλ=0.200) accept=0%
[ Info:     [ 2] λ 0.200 → 0.400 (Δλ=0.200) accept=0%
[ Info:     [ 3] λ 0.400 → 0.600 (Δλ=0.200) accept=0%
[ Info:     [ 4] λ 0.600 → 0.800 (Δλ=0.200) accept=0%
[ Info:     [ 5] λ 0.800 → 1.000 (Δλ=0.200) accept=0%
[ Info: [stride 35/167] 1.1s  5 filter levels  Φ̄=1.782 x̂=(0.338, 0.349, 0.077)
[ Info:     [ 1] λ 0.000 → 0.200 (Δλ=0.200) accept=0%
[ Info:     [ 2] λ 0.200 → 0.400 (Δλ=0.200) accept=0%
[ Info:     [ 3] λ 0.400 → 0.600 (Δλ=0.200) accept=0%
[ Info:     [ 4] λ 0.600 → 0.800 (Δλ=0.200) accept=0%
[ Info:     [ 5] λ 0.800 → 1.000 (Δλ=0.200) accept=0%
[ Info: [stride 36/167] 1.1s  5 filter levels  Φ̄=1.814 x̂=(0.343, 0.354, 0.077)
[ Info:   [replan @ stride 36] 90.1s  Φ̄_plan=1.828  shape=[1.59→1.99→1.05]  ctrl_n_temp=6
[ Info:     [ 1] λ 0.000 → 0.200 (Δλ=0.200) accept=0%
[ Info:     [ 2] λ 0.200 → 0.400 (Δλ=0.200) accept=0%
[ Info:     [ 3] λ 0.400 → 0.600 (Δλ=0.200) accept=0%
[ Info:     [ 4] λ 0.600 → 0.800 (Δλ=0.200) accept=0%
[ Info:     [ 5] λ 0.800 → 1.000 (Δλ=0.200) accept=0%
[ Info: [stride 37/167] 1.1s  5 filter levels  Φ̄=1.600 x̂=(0.353, 0.349, 0.076)
[ Info:     [ 1] λ 0.000 → 0.200 (Δλ=0.200) accept=0%
[ Info:     [ 2] λ 0.200 → 0.400 (Δλ=0.200) accept=0%
[ Info:     [ 3] λ 0.400 → 0.600 (Δλ=0.200) accept=0%
[ Info:     [ 4] λ 0.600 → 0.800 (Δλ=0.200) accept=0%
[ Info:     [ 5] λ 0.800 → 1.000 (Δλ=0.200) accept=0%
[ Info: [stride 38/167] 1.1s  5 filter levels  Φ̄=1.627 x̂=(0.361, 0.346, 0.082)
[ Info:   [replan @ stride 38] 91.0s  Φ̄_plan=1.851  shape=[1.67→1.90→1.07]  ctrl_n_temp=6
[ Info:     [ 1] λ 0.000 → 0.200 (Δλ=0.200) accept=0%
[ Info:     [ 2] λ 0.200 → 0.400 (Δλ=0.200) accept=0%
[ Info:     [ 3] λ 0.400 → 0.600 (Δλ=0.200) accept=0%
[ Info:     [ 4] λ 0.600 → 0.800 (Δλ=0.200) accept=0%
[ Info:     [ 5] λ 0.800 → 1.000 (Δλ=0.200) accept=0%
[ Info: [stride 39/167] 1.0s  5 filter levels  Φ̄=1.683 x̂=(0.371, 0.345, 0.089)
[ Info:     [ 1] λ 0.000 → 0.200 (Δλ=0.200) accept=0%
[ Info:     [ 2] λ 0.200 → 0.400 (Δλ=0.200) accept=0%
[ Info:     [ 3] λ 0.400 → 0.600 (Δλ=0.200) accept=0%
[ Info:     [ 4] λ 0.600 → 0.800 (Δλ=0.200) accept=0%
[ Info:     [ 5] λ 0.800 → 1.000 (Δλ=0.200) accept=0%
[ Info: [stride 40/167] 1.1s  5 filter levels  Φ̄=1.716 x̂=(0.372, 0.349, 0.089)
[ Info:   [replan @ stride 40] 91.8s  Φ̄_plan=1.919  shape=[1.95→1.82→1.11]  ctrl_n_temp=6
[ Info:     [ 1] λ 0.000 → 0.200 (Δλ=0.200) accept=0%
[ Info:     [ 2] λ 0.200 → 0.400 (Δλ=0.200) accept=0%
[ Info:     [ 3] λ 0.400 → 0.600 (Δλ=0.200) accept=0%
[ Info:     [ 4] λ 0.600 → 0.800 (Δλ=0.200) accept=0%
[ Info:     [ 5] λ 0.800 → 1.000 (Δλ=0.200) accept=0%
[ Info: [stride 41/167] 1.1s  5 filter levels  Φ̄=1.965 x̂=(0.377, 0.346, 0.093)
[ Info:     [ 1] λ 0.000 → 0.200 (Δλ=0.200) accept=0%
[ Info:     [ 2] λ 0.200 → 0.400 (Δλ=0.200) accept=0%
[ Info:     [ 3] λ 0.400 → 0.600 (Δλ=0.200) accept=0%
[ Info:     [ 4] λ 0.600 → 0.800 (Δλ=0.200) accept=0%
[ Info:     [ 5] λ 0.800 → 1.000 (Δλ=0.200) accept=0%
[ Info: [stride 42/167] 1.1s  5 filter levels  Φ̄=2.005 x̂=(0.387, 0.353, 0.094)
[ Info:   [replan @ stride 42] 90.0s  Φ̄_plan=1.933  shape=[1.98→1.83→1.10]  ctrl_n_temp=6
[ Info:     [ 1] λ 0.000 → 0.200 (Δλ=0.200) accept=0%
[ Info:     [ 2] λ 0.200 → 0.400 (Δλ=0.200) accept=0%
[ Info:     [ 3] λ 0.400 → 0.600 (Δλ=0.200) accept=0%
[ Info:     [ 4] λ 0.600 → 0.800 (Δλ=0.200) accept=0%
[ Info:     [ 5] λ 0.800 → 1.000 (Δλ=0.200) accept=0%
[ Info: [stride 43/167] 1.1s  5 filter levels  Φ̄=2.001 x̂=(0.399, 0.356, 0.102)
[ Info:     [ 1] λ 0.000 → 0.200 (Δλ=0.200) accept=0%
[ Info:     [ 2] λ 0.200 → 0.400 (Δλ=0.200) accept=0%
[ Info:     [ 3] λ 0.400 → 0.600 (Δλ=0.200) accept=0%
[ Info:     [ 4] λ 0.600 → 0.800 (Δλ=0.200) accept=0%
[ Info:     [ 5] λ 0.800 → 1.000 (Δλ=0.200) accept=0%
[ Info: [stride 44/167] 1.1s  5 filter levels  Φ̄=2.041 x̂=(0.406, 0.357, 0.105)
[ Info:   [replan @ stride 44] 91.8s  Φ̄_plan=1.893  shape=[1.93→1.77→1.05]  ctrl_n_temp=6
[ Info:     [ 1] λ 0.000 → 0.200 (Δλ=0.200) accept=0%
[ Info:     [ 2] λ 0.200 → 0.400 (Δλ=0.200) accept=0%
[ Info:     [ 3] λ 0.400 → 0.600 (Δλ=0.200) accept=0%
[ Info:     [ 4] λ 0.600 → 0.800 (Δλ=0.200) accept=0%
[ Info:     [ 5] λ 0.800 → 1.000 (Δλ=0.200) accept=0%
[ Info: [stride 45/167] 1.1s  5 filter levels  Φ̄=1.955 x̂=(0.413, 0.362, 0.100)
[ Info:     [ 1] λ 0.000 → 0.200 (Δλ=0.200) accept=0%
[ Info:     [ 2] λ 0.200 → 0.400 (Δλ=0.200) accept=0%
[ Info:     [ 3] λ 0.400 → 0.600 (Δλ=0.200) accept=0%
[ Info:     [ 4] λ 0.600 → 0.800 (Δλ=0.200) accept=0%
[ Info:     [ 5] λ 0.800 → 1.000 (Δλ=0.200) accept=0%
[ Info: [stride 46/167] 1.1s  5 filter levels  Φ̄=1.998 x̂=(0.425, 0.363, 0.106)
[ Info:   [replan @ stride 46] 90.8s  Φ̄_plan=1.758  shape=[1.49→1.75→1.04]  ctrl_n_temp=6
[ Info:     [ 1] λ 0.000 → 0.200 (Δλ=0.200) accept=0%
[ Info:     [ 2] λ 0.200 → 0.400 (Δλ=0.200) accept=0%
[ Info:     [ 3] λ 0.400 → 0.600 (Δλ=0.200) accept=0%
[ Info:     [ 4] λ 0.600 → 0.800 (Δλ=0.200) accept=0%
[ Info:     [ 5] λ 0.800 → 1.000 (Δλ=0.200) accept=0%
[ Info: [stride 47/167] 1.1s  5 filter levels  Φ̄=1.502 x̂=(0.435, 0.356, 0.105)
[ Info:     [ 1] λ 0.000 → 0.200 (Δλ=0.200) accept=0%
[ Info:     [ 2] λ 0.200 → 0.400 (Δλ=0.200) accept=0%
[ Info:     [ 3] λ 0.400 → 0.600 (Δλ=0.200) accept=0%
[ Info:     [ 4] λ 0.600 → 0.800 (Δλ=0.200) accept=0%
[ Info:     [ 5] λ 0.800 → 1.000 (Δλ=0.200) accept=0%
[ Info: [stride 48/167] 1.0s  5 filter levels  Φ̄=1.531 x̂=(0.434, 0.348, 0.113)
[ Info:   [replan @ stride 48] 90.2s  Φ̄_plan=1.720  shape=[1.35→1.76→1.00]  ctrl_n_temp=6
[ Info:     [ 1] λ 0.000 → 0.200 (Δλ=0.200) accept=0%
[ Info:     [ 2] λ 0.200 → 0.400 (Δλ=0.200) accept=0%
[ Info:     [ 3] λ 0.400 → 0.600 (Δλ=0.200) accept=0%
[ Info:     [ 4] λ 0.600 → 0.800 (Δλ=0.200) accept=0%
[ Info:     [ 5] λ 0.800 → 1.000 (Δλ=0.200) accept=0%
[ Info: [stride 49/167] 1.1s  5 filter levels  Φ̄=1.364 x̂=(0.443, 0.341, 0.123)
[ Info:     [ 1] λ 0.000 → 0.200 (Δλ=0.200) accept=0%
[ Info:     [ 2] λ 0.200 → 0.400 (Δλ=0.200) accept=0%
[ Info:     [ 3] λ 0.400 → 0.600 (Δλ=0.200) accept=0%
[ Info:     [ 4] λ 0.600 → 0.800 (Δλ=0.200) accept=0%
[ Info:     [ 5] λ 0.800 → 1.000 (Δλ=0.200) accept=0%
[ Info: [stride 50/167] 1.1s  5 filter levels  Φ̄=1.392 x̂=(0.448, 0.337, 0.123)
[ Info:   [replan @ stride 50] 92.3s  Φ̄_plan=1.883  shape=[2.02→1.74→1.09]  ctrl_n_temp=6
[ Info:     [ 1] λ 0.000 → 0.200 (Δλ=0.200) accept=0%
[ Info:     [ 2] λ 0.200 → 0.400 (Δλ=0.200) accept=0%
[ Info:     [ 3] λ 0.400 → 0.600 (Δλ=0.200) accept=0%
[ Info:     [ 4] λ 0.600 → 0.800 (Δλ=0.200) accept=0%
[ Info:     [ 5] λ 0.800 → 1.000 (Δλ=0.200) accept=0%
[ Info: [stride 51/167] 1.1s  5 filter levels  Φ̄=2.039 x̂=(0.454, 0.348, 0.126)
[ Info:     [ 1] λ 0.000 → 0.200 (Δλ=0.200) accept=0%
[ Info:     [ 2] λ 0.200 → 0.400 (Δλ=0.200) accept=0%
[ Info:     [ 3] λ 0.400 → 0.600 (Δλ=0.200) accept=0%
[ Info:     [ 4] λ 0.600 → 0.800 (Δλ=0.200) accept=0%
[ Info:     [ 5] λ 0.800 → 1.000 (Δλ=0.200) accept=0%
[ Info: [stride 52/167] 1.1s  5 filter levels  Φ̄=2.081 x̂=(0.460, 0.351, 0.133)
[ Info:   [replan @ stride 52] 94.5s  Φ̄_plan=1.825  shape=[1.89→1.67→1.07]  ctrl_n_temp=6
[ Info:     [ 1] λ 0.000 → 0.200 (Δλ=0.200) accept=0%
[ Info:     [ 2] λ 0.200 → 0.400 (Δλ=0.200) accept=0%
[ Info:     [ 3] λ 0.400 → 0.600 (Δλ=0.200) accept=0%
[ Info:     [ 4] λ 0.600 → 0.800 (Δλ=0.200) accept=0%
[ Info:     [ 5] λ 0.800 → 1.000 (Δλ=0.200) accept=0%
[ Info: [stride 53/167] 1.1s  5 filter levels  Φ̄=1.911 x̂=(0.462, 0.351, 0.141)
[ Info:     [ 1] λ 0.000 → 0.200 (Δλ=0.200) accept=0%
[ Info:     [ 2] λ 0.200 → 0.400 (Δλ=0.200) accept=0%
[ Info:     [ 3] λ 0.400 → 0.600 (Δλ=0.200) accept=0%
[ Info:     [ 4] λ 0.600 → 0.800 (Δλ=0.200) accept=0%
[ Info:     [ 5] λ 0.800 → 1.000 (Δλ=0.200) accept=0%
[ Info: [stride 54/167] 1.1s  5 filter levels  Φ̄=1.953 x̂=(0.474, 0.351, 0.140)
[ Info:   [replan @ stride 54] 92.6s  Φ̄_plan=1.866  shape=[1.99→1.74→1.09]  ctrl_n_temp=6
[ Info:     [ 1] λ 0.000 → 0.200 (Δλ=0.200) accept=0%
[ Info:     [ 2] λ 0.200 → 0.400 (Δλ=0.200) accept=0%
[ Info:     [ 3] λ 0.400 → 0.600 (Δλ=0.200) accept=0%
[ Info:     [ 4] λ 0.600 → 0.800 (Δλ=0.200) accept=0%
[ Info:     [ 5] λ 0.800 → 1.000 (Δλ=0.200) accept=0%
[ Info: [stride 55/167] 1.1s  5 filter levels  Φ̄=2.006 x̂=(0.483, 0.354, 0.140)
[ Info:     [ 1] λ 0.000 → 0.200 (Δλ=0.200) accept=0%
[ Info:     [ 2] λ 0.200 → 0.400 (Δλ=0.200) accept=0%
[ Info:     [ 3] λ 0.400 → 0.600 (Δλ=0.200) accept=0%
[ Info:     [ 4] λ 0.600 → 0.800 (Δλ=0.200) accept=0%
[ Info:     [ 5] λ 0.800 → 1.000 (Δλ=0.200) accept=0%
[ Info: [stride 56/167] 1.1s  5 filter levels  Φ̄=2.050 x̂=(0.487, 0.361, 0.149)
[ Info:   [replan @ stride 56] 89.1s  Φ̄_plan=1.758  shape=[1.60→1.66→1.04]  ctrl_n_temp=6
[ Info:     [ 1] λ 0.000 → 0.200 (Δλ=0.200) accept=0%
[ Info:     [ 2] λ 0.200 → 0.400 (Δλ=0.200) accept=0%
[ Info:     [ 3] λ 0.400 → 0.600 (Δλ=0.200) accept=0%
[ Info:     [ 4] λ 0.600 → 0.800 (Δλ=0.200) accept=0%
[ Info:     [ 5] λ 0.800 → 1.000 (Δλ=0.200) accept=0%
[ Info: [stride 57/167] 1.1s  5 filter levels  Φ̄=1.620 x̂=(0.492, 0.356, 0.161)
[ Info:     [ 1] λ 0.000 → 0.200 (Δλ=0.200) accept=0%
[ Info:     [ 2] λ 0.200 → 0.400 (Δλ=0.200) accept=0%
[ Info:     [ 3] λ 0.400 → 0.600 (Δλ=0.200) accept=0%
[ Info:     [ 4] λ 0.600 → 0.800 (Δλ=0.200) accept=0%
[ Info:     [ 5] λ 0.800 → 1.000 (Δλ=0.200) accept=0%
[ Info: [stride 58/167] 1.1s  5 filter levels  Φ̄=1.657 x̂=(0.502, 0.355, 0.166)
[ Info:   [replan @ stride 58] 76.8s  Φ̄_plan=1.806  shape=[1.88→1.68→1.06]  ctrl_n_temp=5
[ Info:     [ 1] λ 0.000 → 0.200 (Δλ=0.200) accept=0%
[ Info:     [ 2] λ 0.200 → 0.400 (Δλ=0.200) accept=0%
[ Info:     [ 3] λ 0.400 → 0.600 (Δλ=0.200) accept=0%
[ Info:     [ 4] λ 0.600 → 0.800 (Δλ=0.200) accept=0%
[ Info:     [ 5] λ 0.800 → 1.000 (Δλ=0.200) accept=0%
[ Info: [stride 59/167] 1.5s  5 filter levels  Φ̄=1.900 x̂=(0.511, 0.354, 0.175)
[ Info:     [ 1] λ 0.000 → 0.200 (Δλ=0.200) accept=0%
[ Info:     [ 2] λ 0.200 → 0.400 (Δλ=0.200) accept=0%
[ Info:     [ 3] λ 0.400 → 0.600 (Δλ=0.200) accept=0%
[ Info:     [ 4] λ 0.600 → 0.800 (Δλ=0.200) accept=0%
[ Info:     [ 5] λ 0.800 → 1.000 (Δλ=0.200) accept=0%
[ Info: [stride 60/167] 1.1s  5 filter levels  Φ̄=1.941 x̂=(0.516, 0.352, 0.187)
[ Info:   [replan @ stride 60] 88.3s  Φ̄_plan=1.763  shape=[1.85→1.63→1.02]  ctrl_n_temp=6
[ Info:     [ 1] λ 0.000 → 0.200 (Δλ=0.200) accept=0%
[ Info:     [ 2] λ 0.200 → 0.400 (Δλ=0.200) accept=0%
[ Info:     [ 3] λ 0.400 → 0.600 (Δλ=0.200) accept=0%
[ Info:     [ 4] λ 0.600 → 0.800 (Δλ=0.200) accept=0%
[ Info:     [ 5] λ 0.800 → 1.000 (Δλ=0.200) accept=0%
[ Info: [stride 61/167] 1.1s  5 filter levels  Φ̄=1.868 x̂=(0.526, 0.348, 0.203)
[ Info:     [ 1] λ 0.000 → 0.200 (Δλ=0.200) accept=0%
[ Info:     [ 2] λ 0.200 → 0.400 (Δλ=0.200) accept=0%
[ Info:     [ 3] λ 0.400 → 0.600 (Δλ=0.200) accept=0%
[ Info:     [ 4] λ 0.600 → 0.800 (Δλ=0.200) accept=0%
[ Info:     [ 5] λ 0.800 → 1.000 (Δλ=0.200) accept=0%
[ Info: [stride 62/167] 1.1s  5 filter levels  Φ̄=1.909 x̂=(0.533, 0.344, 0.219)
[ Info:   [replan @ stride 62] 90.3s  Φ̄_plan=1.870  shape=[2.14→1.77→1.10]  ctrl_n_temp=6
[ Info:     [ 1] λ 0.000 → 0.200 (Δλ=0.200) accept=0%
[ Info:     [ 2] λ 0.200 → 0.400 (Δλ=0.200) accept=0%
[ Info:     [ 3] λ 0.400 → 0.600 (Δλ=0.200) accept=0%
[ Info:     [ 4] λ 0.600 → 0.800 (Δλ=0.200) accept=0%
[ Info:     [ 5] λ 0.800 → 1.000 (Δλ=0.200) accept=0%
[ Info: [stride 63/167] 1.1s  5 filter levels  Φ̄=2.155 x̂=(0.535, 0.349, 0.240)
[ Info:     [ 1] λ 0.000 → 0.200 (Δλ=0.200) accept=0%
[ Info:     [ 2] λ 0.200 → 0.400 (Δλ=0.200) accept=0%
[ Info:     [ 3] λ 0.400 → 0.600 (Δλ=0.200) accept=0%
[ Info:     [ 4] λ 0.600 → 0.800 (Δλ=0.200) accept=0%
[ Info:     [ 5] λ 0.800 → 1.000 (Δλ=0.200) accept=0%
[ Info: [stride 64/167] 1.1s  5 filter levels  Φ̄=2.196 x̂=(0.543, 0.344, 0.258)
[ Info:   [replan @ stride 64] 88.6s  Φ̄_plan=1.873  shape=[2.14→1.78→1.18]  ctrl_n_temp=6
[ Info:     [ 1] λ 0.000 → 0.200 (Δλ=0.200) accept=0%
[ Info:     [ 2] λ 0.200 → 0.400 (Δλ=0.200) accept=0%
[ Info:     [ 3] λ 0.400 → 0.600 (Δλ=0.200) accept=0%
[ Info:     [ 4] λ 0.600 → 0.800 (Δλ=0.200) accept=0%
[ Info:     [ 5] λ 0.800 → 1.000 (Δλ=0.200) accept=0%
[ Info: [stride 65/167] 1.1s  5 filter levels  Φ̄=2.159 x̂=(0.554, 0.344, 0.265)
[ Info:     [ 1] λ 0.000 → 0.200 (Δλ=0.200) accept=0%
[ Info:     [ 2] λ 0.200 → 0.400 (Δλ=0.200) accept=0%
[ Info:     [ 3] λ 0.400 → 0.600 (Δλ=0.200) accept=0%
[ Info:     [ 4] λ 0.600 → 0.800 (Δλ=0.200) accept=0%
[ Info:     [ 5] λ 0.800 → 1.000 (Δλ=0.200) accept=0%
[ Info: [stride 66/167] 1.1s  5 filter levels  Φ̄=2.200 x̂=(0.559, 0.345, 0.264)
[ Info:   [replan @ stride 66] 87.9s  Φ̄_plan=1.852  shape=[2.15→1.74→1.11]  ctrl_n_temp=6
[ Info:     [ 1] λ 0.000 → 0.200 (Δλ=0.200) accept=0%
[ Info:     [ 2] λ 0.200 → 0.400 (Δλ=0.200) accept=0%
[ Info:     [ 3] λ 0.400 → 0.600 (Δλ=0.200) accept=0%
[ Info:     [ 4] λ 0.600 → 0.800 (Δλ=0.200) accept=0%
[ Info:     [ 5] λ 0.800 → 1.000 (Δλ=0.200) accept=0%
[ Info: [stride 67/167] 1.1s  5 filter levels  Φ̄=2.167 x̂=(0.568, 0.356, 0.270)
[ Info:     [ 1] λ 0.000 → 0.200 (Δλ=0.200) accept=0%
[ Info:     [ 2] λ 0.200 → 0.400 (Δλ=0.200) accept=0%
[ Info:     [ 3] λ 0.400 → 0.600 (Δλ=0.200) accept=0%
[ Info:     [ 4] λ 0.600 → 0.800 (Δλ=0.200) accept=0%
[ Info:     [ 5] λ 0.800 → 1.000 (Δλ=0.200) accept=0%
[ Info: [stride 68/167] 1.1s  5 filter levels  Φ̄=2.207 x̂=(0.581, 0.354, 0.279)
[ Info:   [replan @ stride 68] 91.1s  Φ̄_plan=1.848  shape=[2.14→1.76→1.10]  ctrl_n_temp=6
[ Info:     [ 1] λ 0.000 → 0.200 (Δλ=0.200) accept=0%
[ Info:     [ 2] λ 0.200 → 0.400 (Δλ=0.200) accept=0%
[ Info:     [ 3] λ 0.400 → 0.600 (Δλ=0.200) accept=0%
[ Info:     [ 4] λ 0.600 → 0.800 (Δλ=0.200) accept=0%
[ Info:     [ 5] λ 0.800 → 1.000 (Δλ=0.200) accept=0%
[ Info: [stride 69/167] 1.1s  5 filter levels  Φ̄=2.158 x̂=(0.587, 0.350, 0.301)
[ Info:     [ 1] λ 0.000 → 0.200 (Δλ=0.200) accept=0%
[ Info:     [ 2] λ 0.200 → 0.400 (Δλ=0.200) accept=0%
[ Info:     [ 3] λ 0.400 → 0.600 (Δλ=0.200) accept=0%
[ Info:     [ 4] λ 0.600 → 0.800 (Δλ=0.200) accept=0%
[ Info:     [ 5] λ 0.800 → 1.000 (Δλ=0.200) accept=0%
[ Info: [stride 70/167] 1.1s  5 filter levels  Φ̄=2.199 x̂=(0.597, 0.351, 0.312)
[ Info:   [replan @ stride 70] 91.3s  Φ̄_plan=1.853  shape=[2.20→1.77→1.13]  ctrl_n_temp=6
[ Info:     [ 1] λ 0.000 → 0.200 (Δλ=0.200) accept=0%
[ Info:     [ 2] λ 0.200 → 0.400 (Δλ=0.200) accept=0%
[ Info:     [ 3] λ 0.400 → 0.600 (Δλ=0.200) accept=0%
[ Info:     [ 4] λ 0.600 → 0.800 (Δλ=0.200) accept=0%
[ Info:     [ 5] λ 0.800 → 1.000 (Δλ=0.200) accept=0%
[ Info: [stride 71/167] 1.1s  5 filter levels  Φ̄=2.215 x̂=(0.608, 0.354, 0.320)
[ Info:     [ 1] λ 0.000 → 0.200 (Δλ=0.200) accept=0%
[ Info:     [ 2] λ 0.200 → 0.400 (Δλ=0.200) accept=0%
[ Info:     [ 3] λ 0.400 → 0.600 (Δλ=0.200) accept=0%
[ Info:     [ 4] λ 0.600 → 0.800 (Δλ=0.200) accept=0%
[ Info:     [ 5] λ 0.800 → 1.000 (Δλ=0.200) accept=0%
[ Info: [stride 72/167] 1.1s  5 filter levels  Φ̄=2.254 x̂=(0.613, 0.351, 0.338)
[ Info:   [replan @ stride 72] 87.7s  Φ̄_plan=1.842  shape=[2.15→1.77→1.09]  ctrl_n_temp=6
[ Info:     [ 1] λ 0.000 → 0.200 (Δλ=0.200) accept=0%
[ Info:     [ 2] λ 0.200 → 0.400 (Δλ=0.200) accept=0%
[ Info:     [ 3] λ 0.400 → 0.600 (Δλ=0.200) accept=0%
[ Info:     [ 4] λ 0.600 → 0.800 (Δλ=0.200) accept=0%
[ Info:     [ 5] λ 0.800 → 1.000 (Δλ=0.200) accept=0%
[ Info: [stride 73/167] 1.1s  5 filter levels  Φ̄=2.168 x̂=(0.614, 0.341, 0.349)
[ Info:     [ 1] λ 0.000 → 0.200 (Δλ=0.200) accept=0%
[ Info:     [ 2] λ 0.200 → 0.400 (Δλ=0.200) accept=0%
[ Info:     [ 3] λ 0.400 → 0.600 (Δλ=0.200) accept=0%
[ Info:     [ 4] λ 0.600 → 0.800 (Δλ=0.200) accept=0%
[ Info:     [ 5] λ 0.800 → 1.000 (Δλ=0.200) accept=0%
[ Info: [stride 74/167] 1.1s  5 filter levels  Φ̄=2.208 x̂=(0.624, 0.337, 0.367)
[ Info:   [replan @ stride 74] 94.3s  Φ̄_plan=1.838  shape=[2.14→1.77→1.14]  ctrl_n_temp=6
[ Info:     [ 1] λ 0.000 → 0.200 (Δλ=0.200) accept=0%
[ Info:     [ 2] λ 0.200 → 0.400 (Δλ=0.200) accept=0%
[ Info:     [ 3] λ 0.400 → 0.600 (Δλ=0.200) accept=0%
[ Info:     [ 4] λ 0.600 → 0.800 (Δλ=0.200) accept=0%
[ Info:     [ 5] λ 0.800 → 1.000 (Δλ=0.200) accept=0%
[ Info: [stride 75/167] 1.1s  5 filter levels  Φ̄=2.158 x̂=(0.633, 0.334, 0.383)
[ Info:     [ 1] λ 0.000 → 0.200 (Δλ=0.200) accept=0%
[ Info:     [ 2] λ 0.200 → 0.400 (Δλ=0.200) accept=0%
[ Info:     [ 3] λ 0.400 → 0.600 (Δλ=0.200) accept=0%
[ Info:     [ 4] λ 0.600 → 0.800 (Δλ=0.200) accept=0%
[ Info:     [ 5] λ 0.800 → 1.000 (Δλ=0.200) accept=0%
[ Info: [stride 76/167] 1.1s  5 filter levels  Φ̄=2.197 x̂=(0.638, 0.338, 0.393)
[ Info:   [replan @ stride 76] 92.7s  Φ̄_plan=1.835  shape=[2.21→1.70→1.14]  ctrl_n_temp=6
[ Info:     [ 1] λ 0.000 → 0.200 (Δλ=0.200) accept=0%
[ Info:     [ 2] λ 0.200 → 0.400 (Δλ=0.200) accept=0%
[ Info:     [ 3] λ 0.400 → 0.600 (Δλ=0.200) accept=0%
[ Info:     [ 4] λ 0.600 → 0.800 (Δλ=0.200) accept=0%
[ Info:     [ 5] λ 0.800 → 1.000 (Δλ=0.200) accept=0%
[ Info: [stride 77/167] 1.1s  5 filter levels  Φ̄=2.231 x̂=(0.647, 0.336, 0.405)
[ Info:     [ 1] λ 0.000 → 0.200 (Δλ=0.200) accept=0%
[ Info:     [ 2] λ 0.200 → 0.400 (Δλ=0.200) accept=0%
[ Info:     [ 3] λ 0.400 → 0.600 (Δλ=0.200) accept=0%
[ Info:     [ 4] λ 0.600 → 0.800 (Δλ=0.200) accept=0%
[ Info:     [ 5] λ 0.800 → 1.000 (Δλ=0.200) accept=0%
[ Info: [stride 78/167] 1.1s  5 filter levels  Φ̄=2.269 x̂=(0.655, 0.338, 0.426)
[ Info:   [replan @ stride 78] 95.1s  Φ̄_plan=1.823  shape=[2.16→1.75→1.10]  ctrl_n_temp=6
[ Info:     [ 1] λ 0.000 → 0.200 (Δλ=0.200) accept=0%
[ Info:     [ 2] λ 0.200 → 0.400 (Δλ=0.200) accept=0%
[ Info:     [ 3] λ 0.400 → 0.600 (Δλ=0.200) accept=0%
[ Info:     [ 4] λ 0.600 → 0.800 (Δλ=0.200) accept=0%
[ Info:     [ 5] λ 0.800 → 1.000 (Δλ=0.200) accept=0%
[ Info: [stride 79/167] 1.0s  5 filter levels  Φ̄=2.174 x̂=(0.661, 0.336, 0.446)
[ Info:     [ 1] λ 0.000 → 0.200 (Δλ=0.200) accept=0%
[ Info:     [ 2] λ 0.200 → 0.400 (Δλ=0.200) accept=0%
[ Info:     [ 3] λ 0.400 → 0.600 (Δλ=0.200) accept=0%
[ Info:     [ 4] λ 0.600 → 0.800 (Δλ=0.200) accept=0%
[ Info:     [ 5] λ 0.800 → 1.000 (Δλ=0.200) accept=0%
[ Info: [stride 80/167] 1.0s  5 filter levels  Φ̄=2.212 x̂=(0.669, 0.330, 0.457)
[ Info:   [replan @ stride 80] 75.7s  Φ̄_plan=1.802  shape=[2.11→1.75→1.08]  ctrl_n_temp=5
[ Info:     [ 1] λ 0.000 → 0.200 (Δλ=0.200) accept=0%
[ Info:     [ 2] λ 0.200 → 0.400 (Δλ=0.200) accept=0%
[ Info:     [ 3] λ 0.400 → 0.600 (Δλ=0.200) accept=0%
[ Info:     [ 4] λ 0.600 → 0.800 (Δλ=0.200) accept=0%
[ Info:     [ 5] λ 0.800 → 1.000 (Δλ=0.200) accept=0%
[ Info: [stride 81/167] 1.1s  5 filter levels  Φ̄=2.125 x̂=(0.678, 0.324, 0.489)
[ Info:     [ 1] λ 0.000 → 0.200 (Δλ=0.200) accept=0%
[ Info:     [ 2] λ 0.200 → 0.400 (Δλ=0.200) accept=0%
[ Info:     [ 3] λ 0.400 → 0.600 (Δλ=0.200) accept=0%
[ Info:     [ 4] λ 0.600 → 0.800 (Δλ=0.200) accept=0%
[ Info:     [ 5] λ 0.800 → 1.000 (Δλ=0.200) accept=0%
[ Info: [stride 82/167] 1.1s  5 filter levels  Φ̄=2.163 x̂=(0.687, 0.323, 0.523)
[ Info:   [replan @ stride 82] 92.2s  Φ̄_plan=1.799  shape=[2.09→1.73→1.15]  ctrl_n_temp=6
[ Info:     [ 1] λ 0.000 → 0.200 (Δλ=0.200) accept=0%
[ Info:     [ 2] λ 0.200 → 0.400 (Δλ=0.200) accept=0%
[ Info:     [ 3] λ 0.400 → 0.600 (Δλ=0.200) accept=0%
[ Info:     [ 4] λ 0.600 → 0.800 (Δλ=0.200) accept=0%
[ Info:     [ 5] λ 0.800 → 1.000 (Δλ=0.200) accept=0%
[ Info: [stride 83/167] 1.1s  5 filter levels  Φ̄=2.107 x̂=(0.694, 0.317, 0.557)
[ Info:     [ 1] λ 0.000 → 0.200 (Δλ=0.200) accept=0%
[ Info:     [ 2] λ 0.200 → 0.400 (Δλ=0.200) accept=0%
[ Info:     [ 3] λ 0.400 → 0.600 (Δλ=0.200) accept=0%
[ Info:     [ 4] λ 0.600 → 0.800 (Δλ=0.200) accept=0%
[ Info:     [ 5] λ 0.800 → 1.000 (Δλ=0.200) accept=0%
[ Info: [stride 84/167] 1.1s  5 filter levels  Φ̄=2.144 x̂=(0.700, 0.311, 0.593)
[ Info:   [replan @ stride 84] 88.7s  Φ̄_plan=1.787  shape=[2.11→1.74→1.07]  ctrl_n_temp=6
[ Info:     [ 1] λ 0.000 → 0.200 (Δλ=0.200) accept=0%
[ Info:     [ 2] λ 0.200 → 0.400 (Δλ=0.200) accept=0%
[ Info:     [ 3] λ 0.400 → 0.600 (Δλ=0.200) accept=0%
[ Info:     [ 4] λ 0.600 → 0.800 (Δλ=0.200) accept=0%
[ Info:     [ 5] λ 0.800 → 1.000 (Δλ=0.200) accept=0%
[ Info: [stride 85/167] 1.1s  5 filter levels  Φ̄=2.125 x̂=(0.713, 0.313, 0.615)
[ Info:     [ 1] λ 0.000 → 0.200 (Δλ=0.200) accept=0%
[ Info:     [ 2] λ 0.200 → 0.400 (Δλ=0.200) accept=0%
[ Info:     [ 3] λ 0.400 → 0.600 (Δλ=0.200) accept=0%
[ Info:     [ 4] λ 0.600 → 0.800 (Δλ=0.200) accept=0%
[ Info:     [ 5] λ 0.800 → 1.000 (Δλ=0.200) accept=0%
[ Info: [stride 86/167] 1.1s  5 filter levels  Φ̄=2.162 x̂=(0.715, 0.302, 0.638)
[ Info:   [replan @ stride 86] 91.2s  Φ̄_plan=1.775  shape=[2.10→1.76→1.09]  ctrl_n_temp=6
[ Info:     [ 1] λ 0.000 → 0.200 (Δλ=0.200) accept=0%
[ Info:     [ 2] λ 0.200 → 0.400 (Δλ=0.200) accept=0%
[ Info:     [ 3] λ 0.400 → 0.600 (Δλ=0.200) accept=0%
[ Info:     [ 4] λ 0.600 → 0.800 (Δλ=0.200) accept=0%
[ Info:     [ 5] λ 0.800 → 1.000 (Δλ=0.200) accept=0%
[ Info: [stride 87/167] 1.1s  5 filter levels  Φ̄=2.119 x̂=(0.723, 0.302, 0.657)
[ Info:     [ 1] λ 0.000 → 0.200 (Δλ=0.200) accept=0%
[ Info:     [ 2] λ 0.200 → 0.400 (Δλ=0.200) accept=0%
[ Info:     [ 3] λ 0.400 → 0.600 (Δλ=0.200) accept=0%
[ Info:     [ 4] λ 0.600 → 0.800 (Δλ=0.200) accept=0%
[ Info:     [ 5] λ 0.800 → 1.000 (Δλ=0.200) accept=0%
[ Info: [stride 88/167] 1.1s  5 filter levels  Φ̄=2.154 x̂=(0.734, 0.304, 0.690)
[ Info:   [replan @ stride 88] 73.8s  Φ̄_plan=1.783  shape=[2.08→1.75→1.16]  ctrl_n_temp=5
[ Info:     [ 1] λ 0.000 → 0.200 (Δλ=0.200) accept=0%
[ Info:     [ 2] λ 0.200 → 0.400 (Δλ=0.200) accept=0%
[ Info:     [ 3] λ 0.400 → 0.600 (Δλ=0.200) accept=0%
[ Info:     [ 4] λ 0.600 → 0.800 (Δλ=0.200) accept=0%
[ Info:     [ 5] λ 0.800 → 1.000 (Δλ=0.200) accept=0%
[ Info: [stride 89/167] 1.1s  5 filter levels  Φ̄=2.092 x̂=(0.740, 0.300, 0.723)
[ Info:     [ 1] λ 0.000 → 0.200 (Δλ=0.200) accept=0%
[ Info:     [ 2] λ 0.200 → 0.400 (Δλ=0.200) accept=0%
[ Info:     [ 3] λ 0.400 → 0.600 (Δλ=0.200) accept=0%
[ Info:     [ 4] λ 0.600 → 0.800 (Δλ=0.200) accept=0%
[ Info:     [ 5] λ 0.800 → 1.000 (Δλ=0.200) accept=0%
[ Info: [stride 90/167] 1.1s  5 filter levels  Φ̄=2.125 x̂=(0.743, 0.292, 0.748)
[ Info:   [replan @ stride 90] 75.8s  Φ̄_plan=1.783  shape=[2.04→1.76→1.12]  ctrl_n_temp=5
[ Info:     [ 1] λ 0.000 → 0.200 (Δλ=0.200) accept=0%
[ Info:     [ 2] λ 0.200 → 0.400 (Δλ=0.200) accept=0%
[ Info:     [ 3] λ 0.400 → 0.600 (Δλ=0.200) accept=0%
[ Info:     [ 4] λ 0.600 → 0.800 (Δλ=0.200) accept=0%
[ Info:     [ 5] λ 0.800 → 1.000 (Δλ=0.200) accept=0%
[ Info: [stride 91/167] 1.1s  5 filter levels  Φ̄=2.057 x̂=(0.750, 0.289, 0.767)
[ Info:     [ 1] λ 0.000 → 0.200 (Δλ=0.200) accept=0%
[ Info:     [ 2] λ 0.200 → 0.400 (Δλ=0.200) accept=0%
[ Info:     [ 3] λ 0.400 → 0.600 (Δλ=0.200) accept=0%
[ Info:     [ 4] λ 0.600 → 0.800 (Δλ=0.200) accept=0%
[ Info:     [ 5] λ 0.800 → 1.000 (Δλ=0.200) accept=0%
[ Info: [stride 92/167] 1.1s  5 filter levels  Φ̄=2.092 x̂=(0.753, 0.279, 0.792)
[ Info:   [replan @ stride 92] 93.7s  Φ̄_plan=1.772  shape=[2.08→1.75→1.10]  ctrl_n_temp=6
[ Info:     [ 1] λ 0.000 → 0.200 (Δλ=0.200) accept=0%
[ Info:     [ 2] λ 0.200 → 0.400 (Δλ=0.200) accept=0%
[ Info:     [ 3] λ 0.400 → 0.600 (Δλ=0.200) accept=0%
[ Info:     [ 4] λ 0.600 → 0.800 (Δλ=0.200) accept=0%
[ Info:     [ 5] λ 0.800 → 1.000 (Δλ=0.200) accept=0%
[ Info: [stride 93/167] 1.1s  5 filter levels  Φ̄=2.091 x̂=(0.761, 0.276, 0.811)
[ Info:     [ 1] λ 0.000 → 0.200 (Δλ=0.200) accept=0%
[ Info:     [ 2] λ 0.200 → 0.400 (Δλ=0.200) accept=0%
[ Info:     [ 3] λ 0.400 → 0.600 (Δλ=0.200) accept=0%
[ Info:     [ 4] λ 0.600 → 0.800 (Δλ=0.200) accept=0%
[ Info:     [ 5] λ 0.800 → 1.000 (Δλ=0.200) accept=0%
[ Info: [stride 94/167] 1.0s  5 filter levels  Φ̄=2.124 x̂=(0.766, 0.272, 0.821)
[ Info:   [replan @ stride 94] 72.3s  Φ̄_plan=1.751  shape=[2.01→1.76→1.10]  ctrl_n_temp=5
[ Info:     [ 1] λ 0.000 → 0.200 (Δλ=0.200) accept=0%
[ Info:     [ 2] λ 0.200 → 0.400 (Δλ=0.200) accept=0%
[ Info:     [ 3] λ 0.400 → 0.600 (Δλ=0.200) accept=0%
[ Info:     [ 4] λ 0.600 → 0.800 (Δλ=0.200) accept=0%
[ Info:     [ 5] λ 0.800 → 1.000 (Δλ=0.200) accept=0%
[ Info: [stride 95/167] 1.1s  5 filter levels  Φ̄=2.022 x̂=(0.775, 0.273, 0.845)
[ Info:     [ 1] λ 0.000 → 0.200 (Δλ=0.200) accept=0%
[ Info:     [ 2] λ 0.200 → 0.400 (Δλ=0.200) accept=0%
[ Info:     [ 3] λ 0.400 → 0.600 (Δλ=0.200) accept=0%
[ Info:     [ 4] λ 0.600 → 0.800 (Δλ=0.200) accept=0%
[ Info:     [ 5] λ 0.800 → 1.000 (Δλ=0.200) accept=0%
[ Info: [stride 96/167] 1.0s  5 filter levels  Φ̄=2.055 x̂=(0.779, 0.268, 0.871)
[ Info:   [replan @ stride 96] 75.5s  Φ̄_plan=1.755  shape=[1.94→1.77→1.11]  ctrl_n_temp=5
[ Info:     [ 1] λ 0.000 → 0.200 (Δλ=0.200) accept=0%
[ Info:     [ 2] λ 0.200 → 0.400 (Δλ=0.200) accept=0%
[ Info:     [ 3] λ 0.400 → 0.600 (Δλ=0.200) accept=0%
[ Info:     [ 4] λ 0.600 → 0.800 (Δλ=0.200) accept=0%
[ Info:     [ 5] λ 0.800 → 1.000 (Δλ=0.200) accept=0%
[ Info: [stride 97/167] 1.1s  5 filter levels  Φ̄=1.953 x̂=(0.783, 0.263, 0.883)
[ Info:     [ 1] λ 0.000 → 0.200 (Δλ=0.200) accept=0%
[ Info:     [ 2] λ 0.200 → 0.400 (Δλ=0.200) accept=0%
[ Info:     [ 3] λ 0.400 → 0.600 (Δλ=0.200) accept=0%
[ Info:     [ 4] λ 0.600 → 0.800 (Δλ=0.200) accept=0%
[ Info:     [ 5] λ 0.800 → 1.000 (Δλ=0.200) accept=0%
[ Info: [stride 98/167] 1.1s  5 filter levels  Φ̄=1.986 x̂=(0.793, 0.256, 0.902)
[ Info:   [replan @ stride 98] 74.3s  Φ̄_plan=1.740  shape=[1.97→1.72→1.10]  ctrl_n_temp=5
[ Info:     [ 1] λ 0.000 → 0.200 (Δλ=0.200) accept=0%
[ Info:     [ 2] λ 0.200 → 0.400 (Δλ=0.200) accept=0%
[ Info:     [ 3] λ 0.400 → 0.600 (Δλ=0.200) accept=0%
[ Info:     [ 4] λ 0.600 → 0.800 (Δλ=0.200) accept=0%
[ Info:     [ 5] λ 0.800 → 1.000 (Δλ=0.200) accept=0%
[ Info: [stride 99/167] 1.0s  5 filter levels  Φ̄=1.983 x̂=(0.798, 0.253, 0.935)
[ Info:     [ 1] λ 0.000 → 0.200 (Δλ=0.200) accept=0%
[ Info:     [ 2] λ 0.200 → 0.400 (Δλ=0.200) accept=0%
[ Info:     [ 3] λ 0.400 → 0.600 (Δλ=0.200) accept=0%
[ Info:     [ 4] λ 0.600 → 0.800 (Δλ=0.200) accept=0%
[ Info:     [ 5] λ 0.800 → 1.000 (Δλ=0.200) accept=0%
[ Info: [stride 100/167] 1.1s  5 filter levels  Φ̄=2.013 x̂=(0.802, 0.249, 0.937)
[ Info:   [replan @ stride 100] 76.3s  Φ̄_plan=1.755  shape=[1.96→1.75→1.15]  ctrl_n_temp=5
[ Info:     [ 1] λ 0.000 → 0.200 (Δλ=0.200) accept=0%
[ Info:     [ 2] λ 0.200 → 0.400 (Δλ=0.200) accept=0%
[ Info:     [ 3] λ 0.400 → 0.600 (Δλ=0.200) accept=0%
[ Info:     [ 4] λ 0.600 → 0.800 (Δλ=0.200) accept=0%
[ Info:     [ 5] λ 0.800 → 1.000 (Δλ=0.200) accept=0%
[ Info: [stride 101/167] 1.0s  5 filter levels  Φ̄=1.976 x̂=(0.808, 0.247, 0.956)
[ Info:     [ 1] λ 0.000 → 0.200 (Δλ=0.200) accept=0%
[ Info:     [ 2] λ 0.200 → 0.400 (Δλ=0.200) accept=0%
[ Info:     [ 3] λ 0.400 → 0.600 (Δλ=0.200) accept=0%
[ Info:     [ 4] λ 0.600 → 0.800 (Δλ=0.200) accept=0%
[ Info:     [ 5] λ 0.800 → 1.000 (Δλ=0.200) accept=0%
[ Info: [stride 102/167] 1.0s  5 filter levels  Φ̄=2.007 x̂=(0.815, 0.239, 0.975)
[ Info:   [replan @ stride 102] 78.4s  Φ̄_plan=1.738  shape=[1.94→1.75→1.12]  ctrl_n_temp=5
[ Info:     [ 1] λ 0.000 → 0.200 (Δλ=0.200) accept=0%
[ Info:     [ 2] λ 0.200 → 0.400 (Δλ=0.200) accept=0%
[ Info:     [ 3] λ 0.400 → 0.600 (Δλ=0.200) accept=0%
[ Info:     [ 4] λ 0.600 → 0.800 (Δλ=0.200) accept=0%
[ Info:     [ 5] λ 0.800 → 1.000 (Δλ=0.200) accept=0%
[ Info: [stride 103/167] 1.1s  5 filter levels  Φ̄=1.952 x̂=(0.826, 0.238, 0.988)
[ Info:     [ 1] λ 0.000 → 0.200 (Δλ=0.200) accept=0%
[ Info:     [ 2] λ 0.200 → 0.400 (Δλ=0.200) accept=0%
[ Info:     [ 3] λ 0.400 → 0.600 (Δλ=0.200) accept=0%
[ Info:     [ 4] λ 0.600 → 0.800 (Δλ=0.200) accept=0%
[ Info:     [ 5] λ 0.800 → 1.000 (Δλ=0.200) accept=0%
[ Info: [stride 104/167] 1.1s  5 filter levels  Φ̄=1.983 x̂=(0.829, 0.234, 1.000)
[ Info:   [replan @ stride 104] 75.2s  Φ̄_plan=1.742  shape=[1.96→1.73→1.14]  ctrl_n_temp=5
[ Info:     [ 1] λ 0.000 → 0.200 (Δλ=0.200) accept=0%
[ Info:     [ 2] λ 0.200 → 0.400 (Δλ=0.200) accept=0%
[ Info:     [ 3] λ 0.400 → 0.600 (Δλ=0.200) accept=0%
[ Info:     [ 4] λ 0.600 → 0.800 (Δλ=0.200) accept=0%
[ Info:     [ 5] λ 0.800 → 1.000 (Δλ=0.200) accept=0%
[ Info: [stride 105/167] 1.1s  5 filter levels  Φ̄=1.969 x̂=(0.835, 0.230, 1.015)
[ Info:     [ 1] λ 0.000 → 0.200 (Δλ=0.200) accept=0%
[ Info:     [ 2] λ 0.200 → 0.400 (Δλ=0.200) accept=0%
[ Info:     [ 3] λ 0.400 → 0.600 (Δλ=0.200) accept=0%
[ Info:     [ 4] λ 0.600 → 0.800 (Δλ=0.200) accept=0%
[ Info:     [ 5] λ 0.800 → 1.000 (Δλ=0.200) accept=0%
[ Info: [stride 106/167] 1.1s  5 filter levels  Φ̄=1.999 x̂=(0.842, 0.232, 1.047)
[ Info:   [replan @ stride 106] 93.8s  Φ̄_plan=1.714  shape=[1.93→1.70→1.14]  ctrl_n_temp=6
[ Info:     [ 1] λ 0.000 → 0.200 (Δλ=0.200) accept=0%
[ Info:     [ 2] λ 0.200 → 0.400 (Δλ=0.200) accept=0%
[ Info:     [ 3] λ 0.400 → 0.600 (Δλ=0.200) accept=0%
[ Info:     [ 4] λ 0.600 → 0.800 (Δλ=0.200) accept=0%
[ Info:     [ 5] λ 0.800 → 1.000 (Δλ=0.200) accept=0%
[ Info: [stride 107/167] 1.1s  5 filter levels  Φ̄=1.948 x̂=(0.849, 0.234, 1.039)
[ Info:     [ 1] λ 0.000 → 0.200 (Δλ=0.200) accept=0%
[ Info:     [ 2] λ 0.200 → 0.400 (Δλ=0.200) accept=0%
[ Info:     [ 3] λ 0.400 → 0.600 (Δλ=0.200) accept=0%
[ Info:     [ 4] λ 0.600 → 0.800 (Δλ=0.200) accept=0%
[ Info:     [ 5] λ 0.800 → 1.000 (Δλ=0.200) accept=0%
[ Info: [stride 108/167] 1.1s  5 filter levels  Φ̄=1.977 x̂=(0.854, 0.228, 1.052)
[ Info:   [replan @ stride 108] 73.4s  Φ̄_plan=1.717  shape=[1.84→1.75→1.17]  ctrl_n_temp=5
[ Info:     [ 1] λ 0.000 → 0.200 (Δλ=0.200) accept=0%
[ Info:     [ 2] λ 0.200 → 0.400 (Δλ=0.200) accept=0%
[ Info:     [ 3] λ 0.400 → 0.600 (Δλ=0.200) accept=0%
[ Info:     [ 4] λ 0.600 → 0.800 (Δλ=0.200) accept=0%
[ Info:     [ 5] λ 0.800 → 1.000 (Δλ=0.200) accept=0%
[ Info: [stride 109/167] 1.1s  5 filter levels  Φ̄=1.856 x̂=(0.857, 0.218, 1.069)
[ Info:     [ 1] λ 0.000 → 0.200 (Δλ=0.200) accept=0%
[ Info:     [ 2] λ 0.200 → 0.400 (Δλ=0.200) accept=0%
[ Info:     [ 3] λ 0.400 → 0.600 (Δλ=0.200) accept=0%
[ Info:     [ 4] λ 0.600 → 0.800 (Δλ=0.200) accept=0%
[ Info:     [ 5] λ 0.800 → 1.000 (Δλ=0.200) accept=0%
[ Info: [stride 110/167] 1.1s  5 filter levels  Φ̄=1.885 x̂=(0.864, 0.210, 1.082)
[ Info:   [replan @ stride 110] 74.4s  Φ̄_plan=1.714  shape=[1.86→1.74→1.08]  ctrl_n_temp=5
[ Info:     [ 1] λ 0.000 → 0.200 (Δλ=0.200) accept=0%
[ Info:     [ 2] λ 0.200 → 0.400 (Δλ=0.200) accept=0%
[ Info:     [ 3] λ 0.400 → 0.600 (Δλ=0.200) accept=0%
[ Info:     [ 4] λ 0.600 → 0.800 (Δλ=0.200) accept=0%
[ Info:     [ 5] λ 0.800 → 1.000 (Δλ=0.200) accept=0%
[ Info: [stride 111/167] 1.1s  5 filter levels  Φ̄=1.878 x̂=(0.871, 0.209, 1.115)
[ Info:     [ 1] λ 0.000 → 0.200 (Δλ=0.200) accept=0%
[ Info:     [ 2] λ 0.200 → 0.400 (Δλ=0.200) accept=0%
[ Info:     [ 3] λ 0.400 → 0.600 (Δλ=0.200) accept=0%
[ Info:     [ 4] λ 0.600 → 0.800 (Δλ=0.200) accept=0%
[ Info:     [ 5] λ 0.800 → 1.000 (Δλ=0.200) accept=0%
[ Info: [stride 112/167] 1.1s  5 filter levels  Φ̄=1.907 x̂=(0.879, 0.210, 1.117)
[ Info:   [replan @ stride 112] 91.2s  Φ̄_plan=1.688  shape=[1.83→1.71→1.14]  ctrl_n_temp=6
[ Info:     [ 1] λ 0.000 → 0.200 (Δλ=0.200) accept=0%
[ Info:     [ 2] λ 0.200 → 0.400 (Δλ=0.200) accept=0%
[ Info:     [ 3] λ 0.400 → 0.600 (Δλ=0.200) accept=0%
[ Info:     [ 4] λ 0.600 → 0.800 (Δλ=0.200) accept=0%
[ Info:     [ 5] λ 0.800 → 1.000 (Δλ=0.200) accept=0%
[ Info: [stride 113/167] 1.1s  5 filter levels  Φ̄=1.840 x̂=(0.881, 0.203, 1.122)
[ Info:     [ 1] λ 0.000 → 0.200 (Δλ=0.200) accept=0%
[ Info:     [ 2] λ 0.200 → 0.400 (Δλ=0.200) accept=0%
[ Info:     [ 3] λ 0.400 → 0.600 (Δλ=0.200) accept=0%
[ Info:     [ 4] λ 0.600 → 0.800 (Δλ=0.200) accept=0%
[ Info:     [ 5] λ 0.800 → 1.000 (Δλ=0.200) accept=0%
[ Info: [stride 114/167] 1.1s  5 filter levels  Φ̄=1.867 x̂=(0.885, 0.203, 1.120)
[ Info:   [replan @ stride 114] 75.7s  Φ̄_plan=1.695  shape=[1.78→1.75→1.15]  ctrl_n_temp=5
[ Info:     [ 1] λ 0.000 → 0.200 (Δλ=0.200) accept=0%
[ Info:     [ 2] λ 0.200 → 0.400 (Δλ=0.200) accept=0%
[ Info:     [ 3] λ 0.400 → 0.600 (Δλ=0.200) accept=0%
[ Info:     [ 4] λ 0.600 → 0.800 (Δλ=0.200) accept=0%
[ Info:     [ 5] λ 0.800 → 1.000 (Δλ=0.200) accept=0%
[ Info: [stride 115/167] 1.1s  5 filter levels  Φ̄=1.795 x̂=(0.888, 0.200, 1.115)
[ Info:     [ 1] λ 0.000 → 0.200 (Δλ=0.200) accept=0%
[ Info:     [ 2] λ 0.200 → 0.400 (Δλ=0.200) accept=0%
[ Info:     [ 3] λ 0.400 → 0.600 (Δλ=0.200) accept=0%
[ Info:     [ 4] λ 0.600 → 0.800 (Δλ=0.200) accept=0%
[ Info:     [ 5] λ 0.800 → 1.000 (Δλ=0.200) accept=0%
[ Info: [stride 116/167] 1.1s  5 filter levels  Φ̄=1.821 x̂=(0.895, 0.197, 1.131)
[ Info:   [replan @ stride 116] 73.5s  Φ̄_plan=1.689  shape=[1.79→1.72→1.11]  ctrl_n_temp=5
[ Info:     [ 1] λ 0.000 → 0.200 (Δλ=0.200) accept=0%
[ Info:     [ 2] λ 0.200 → 0.400 (Δλ=0.200) accept=0%
[ Info:     [ 3] λ 0.400 → 0.600 (Δλ=0.200) accept=0%
[ Info:     [ 4] λ 0.600 → 0.800 (Δλ=0.200) accept=0%
[ Info:     [ 5] λ 0.800 → 1.000 (Δλ=0.200) accept=0%
[ Info: [stride 117/167] 1.1s  5 filter levels  Φ̄=1.800 x̂=(0.897, 0.196, 1.128)
[ Info:     [ 1] λ 0.000 → 0.200 (Δλ=0.200) accept=0%
[ Info:     [ 2] λ 0.200 → 0.400 (Δλ=0.200) accept=0%
[ Info:     [ 3] λ 0.400 → 0.600 (Δλ=0.200) accept=0%
[ Info:     [ 4] λ 0.600 → 0.800 (Δλ=0.200) accept=0%
[ Info:     [ 5] λ 0.800 → 1.000 (Δλ=0.200) accept=0%
[ Info: [stride 118/167] 1.1s  5 filter levels  Φ̄=1.825 x̂=(0.899, 0.194, 1.121)
[ Info:   [replan @ stride 118] 76.5s  Φ̄_plan=1.693  shape=[1.78→1.76→1.13]  ctrl_n_temp=5
[ Info:     [ 1] λ 0.000 → 0.200 (Δλ=0.200) accept=0%
[ Info:     [ 2] λ 0.200 → 0.400 (Δλ=0.200) accept=0%
[ Info:     [ 3] λ 0.400 → 0.600 (Δλ=0.200) accept=0%
[ Info:     [ 4] λ 0.600 → 0.800 (Δλ=0.200) accept=0%
[ Info:     [ 5] λ 0.800 → 1.000 (Δλ=0.200) accept=0%
[ Info: [stride 119/167] 1.1s  5 filter levels  Φ̄=1.788 x̂=(0.908, 0.196, 1.114)
[ Info:     [ 1] λ 0.000 → 0.200 (Δλ=0.200) accept=0%
[ Info:     [ 2] λ 0.200 → 0.400 (Δλ=0.200) accept=0%
[ Info:     [ 3] λ 0.400 → 0.600 (Δλ=0.200) accept=0%
[ Info:     [ 4] λ 0.600 → 0.800 (Δλ=0.200) accept=0%
[ Info:     [ 5] λ 0.800 → 1.000 (Δλ=0.200) accept=0%
[ Info: [stride 120/167] 1.1s  5 filter levels  Φ̄=1.814 x̂=(0.911, 0.190, 1.126)
[ Info:   [replan @ stride 120] 87.5s  Φ̄_plan=1.668  shape=[1.75→1.69→1.14]  ctrl_n_temp=6
[ Info:     [ 1] λ 0.000 → 0.200 (Δλ=0.200) accept=0%
[ Info:     [ 2] λ 0.200 → 0.400 (Δλ=0.200) accept=0%
[ Info:     [ 3] λ 0.400 → 0.600 (Δλ=0.200) accept=0%
[ Info:     [ 4] λ 0.600 → 0.800 (Δλ=0.200) accept=0%
[ Info:     [ 5] λ 0.800 → 1.000 (Δλ=0.200) accept=0%
[ Info: [stride 121/167] 1.1s  5 filter levels  Φ̄=1.766 x̂=(0.914, 0.188, 1.119)
[ Info:     [ 1] λ 0.000 → 0.200 (Δλ=0.200) accept=0%
[ Info:     [ 2] λ 0.200 → 0.400 (Δλ=0.200) accept=0%
[ Info:     [ 3] λ 0.400 → 0.600 (Δλ=0.200) accept=0%
[ Info:     [ 4] λ 0.600 → 0.800 (Δλ=0.200) accept=0%
[ Info:     [ 5] λ 0.800 → 1.000 (Δλ=0.200) accept=0%
[ Info: [stride 122/167] 1.1s  5 filter levels  Φ̄=1.792 x̂=(0.913, 0.188, 1.124)
[ Info:   [replan @ stride 122] 74.0s  Φ̄_plan=1.684  shape=[1.71→1.76→1.14]  ctrl_n_temp=5
[ Info:     [ 1] λ 0.000 → 0.200 (Δλ=0.200) accept=0%
[ Info:     [ 2] λ 0.200 → 0.400 (Δλ=0.200) accept=0%
[ Info:     [ 3] λ 0.400 → 0.600 (Δλ=0.200) accept=0%
[ Info:     [ 4] λ 0.600 → 0.800 (Δλ=0.200) accept=0%
[ Info:     [ 5] λ 0.800 → 1.000 (Δλ=0.200) accept=0%
[ Info: [stride 123/167] 1.1s  5 filter levels  Φ̄=1.725 x̂=(0.924, 0.190, 1.124)
[ Info:     [ 1] λ 0.000 → 0.200 (Δλ=0.200) accept=0%
[ Info:     [ 2] λ 0.200 → 0.400 (Δλ=0.200) accept=0%
[ Info:     [ 3] λ 0.400 → 0.600 (Δλ=0.200) accept=0%
[ Info:     [ 4] λ 0.600 → 0.800 (Δλ=0.200) accept=0%
[ Info:     [ 5] λ 0.800 → 1.000 (Δλ=0.200) accept=0%
[ Info: [stride 124/167] 1.1s  5 filter levels  Φ̄=1.749 x̂=(0.927, 0.182, 1.137)
[ Info:   [replan @ stride 124] 72.5s  Φ̄_plan=1.669  shape=[1.67→1.71→1.14]  ctrl_n_temp=5
[ Info:     [ 1] λ 0.000 → 0.200 (Δλ=0.200) accept=0%
[ Info:     [ 2] λ 0.200 → 0.400 (Δλ=0.200) accept=0%
[ Info:     [ 3] λ 0.400 → 0.600 (Δλ=0.200) accept=0%
[ Info:     [ 4] λ 0.600 → 0.800 (Δλ=0.200) accept=0%
[ Info:     [ 5] λ 0.800 → 1.000 (Δλ=0.200) accept=0%
[ Info: [stride 125/167] 1.1s  5 filter levels  Φ̄=1.678 x̂=(0.933, 0.182, 1.122)
[ Info:     [ 1] λ 0.000 → 0.200 (Δλ=0.200) accept=0%
[ Info:     [ 2] λ 0.200 → 0.400 (Δλ=0.200) accept=0%
[ Info:     [ 3] λ 0.400 → 0.600 (Δλ=0.200) accept=0%
[ Info:     [ 4] λ 0.600 → 0.800 (Δλ=0.200) accept=0%
[ Info:     [ 5] λ 0.800 → 1.000 (Δλ=0.200) accept=0%
[ Info: [stride 126/167] 1.1s  5 filter levels  Φ̄=1.701 x̂=(0.935, 0.180, 1.129)
[ Info:   [replan @ stride 126] 77.6s  Φ̄_plan=1.668  shape=[1.64→1.75→1.10]  ctrl_n_temp=5
[ Info:     [ 1] λ 0.000 → 0.200 (Δλ=0.200) accept=0%
[ Info:     [ 2] λ 0.200 → 0.400 (Δλ=0.200) accept=0%
[ Info:     [ 3] λ 0.400 → 0.600 (Δλ=0.200) accept=0%
[ Info:     [ 4] λ 0.600 → 0.800 (Δλ=0.200) accept=0%
[ Info:     [ 5] λ 0.800 → 1.000 (Δλ=0.200) accept=0%
[ Info: [stride 127/167] 1.0s  5 filter levels  Φ̄=1.650 x̂=(0.940, 0.177, 1.147)
[ Info:     [ 1] λ 0.000 → 0.200 (Δλ=0.200) accept=0%
[ Info:     [ 2] λ 0.200 → 0.400 (Δλ=0.200) accept=0%
[ Info:     [ 3] λ 0.400 → 0.600 (Δλ=0.200) accept=0%
[ Info:     [ 4] λ 0.600 → 0.800 (Δλ=0.200) accept=0%
[ Info:     [ 5] λ 0.800 → 1.000 (Δλ=0.200) accept=0%
[ Info: [stride 128/167] 1.1s  5 filter levels  Φ̄=1.673 x̂=(0.943, 0.175, 1.163)
[ Info:   [replan @ stride 128] 79.2s  Φ̄_plan=1.657  shape=[1.60→1.75→1.17]  ctrl_n_temp=5
[ Info:     [ 1] λ 0.000 → 0.200 (Δλ=0.200) accept=0%
[ Info:     [ 2] λ 0.200 → 0.400 (Δλ=0.200) accept=0%
[ Info:     [ 3] λ 0.400 → 0.600 (Δλ=0.200) accept=0%
[ Info:     [ 4] λ 0.600 → 0.800 (Δλ=0.200) accept=0%
[ Info:     [ 5] λ 0.800 → 1.000 (Δλ=0.200) accept=0%
[ Info: [stride 129/167] 1.2s  5 filter levels  Φ̄=1.614 x̂=(0.946, 0.173, 1.147)
[ Info:     [ 1] λ 0.000 → 0.200 (Δλ=0.200) accept=0%
[ Info:     [ 2] λ 0.200 → 0.400 (Δλ=0.200) accept=0%
[ Info:     [ 3] λ 0.400 → 0.600 (Δλ=0.200) accept=0%
[ Info:     [ 4] λ 0.600 → 0.800 (Δλ=0.200) accept=0%
[ Info:     [ 5] λ 0.800 → 1.000 (Δλ=0.200) accept=0%
[ Info: [stride 130/167] 1.1s  5 filter levels  Φ̄=1.636 x̂=(0.951, 0.169, 1.165)
[ Info:   [replan @ stride 130] 74.0s  Φ̄_plan=1.659  shape=[1.57→1.72→1.14]  ctrl_n_temp=5
[ Info:     [ 1] λ 0.000 → 0.200 (Δλ=0.200) accept=0%
[ Info:     [ 2] λ 0.200 → 0.400 (Δλ=0.200) accept=0%
[ Info:     [ 3] λ 0.400 → 0.600 (Δλ=0.200) accept=0%
[ Info:     [ 4] λ 0.600 → 0.800 (Δλ=0.200) accept=0%
[ Info:     [ 5] λ 0.800 → 1.000 (Δλ=0.200) accept=0%
[ Info: [stride 131/167] 1.1s  5 filter levels  Φ̄=1.584 x̂=(0.953, 0.169, 1.179)
[ Info:     [ 1] λ 0.000 → 0.200 (Δλ=0.200) accept=0%
[ Info:     [ 2] λ 0.200 → 0.400 (Δλ=0.200) accept=0%
[ Info:     [ 3] λ 0.400 → 0.600 (Δλ=0.200) accept=0%
[ Info:     [ 4] λ 0.600 → 0.800 (Δλ=0.200) accept=0%
[ Info:     [ 5] λ 0.800 → 1.000 (Δλ=0.200) accept=0%
[ Info: [stride 132/167] 1.1s  5 filter levels  Φ̄=1.607 x̂=(0.958, 0.166, 1.192)
[ Info:   [replan @ stride 132] 76.0s  Φ̄_plan=1.655  shape=[1.59→1.70→1.14]  ctrl_n_temp=5
[ Info:     [ 1] λ 0.000 → 0.200 (Δλ=0.200) accept=0%
[ Info:     [ 2] λ 0.200 → 0.400 (Δλ=0.200) accept=0%
[ Info:     [ 3] λ 0.400 → 0.600 (Δλ=0.200) accept=0%
[ Info:     [ 4] λ 0.600 → 0.800 (Δλ=0.200) accept=0%
[ Info:     [ 5] λ 0.800 → 1.000 (Δλ=0.200) accept=0%
[ Info: [stride 133/167] 1.1s  5 filter levels  Φ̄=1.596 x̂=(0.962, 0.165, 1.197)
[ Info:     [ 1] λ 0.000 → 0.200 (Δλ=0.200) accept=0%
[ Info:     [ 2] λ 0.200 → 0.400 (Δλ=0.200) accept=0%
[ Info:     [ 3] λ 0.400 → 0.600 (Δλ=0.200) accept=0%
[ Info:     [ 4] λ 0.600 → 0.800 (Δλ=0.200) accept=0%
[ Info:     [ 5] λ 0.800 → 1.000 (Δλ=0.200) accept=0%
[ Info: [stride 134/167] 1.1s  5 filter levels  Φ̄=1.618 x̂=(0.962, 0.170, 1.180)
[ Info:   [replan @ stride 134] 77.2s  Φ̄_plan=1.644  shape=[1.56→1.72→1.11]  ctrl_n_temp=5
[ Info:     [ 1] λ 0.000 → 0.200 (Δλ=0.200) accept=0%
[ Info:     [ 2] λ 0.200 → 0.400 (Δλ=0.200) accept=0%
[ Info:     [ 3] λ 0.400 → 0.600 (Δλ=0.200) accept=0%
[ Info:     [ 4] λ 0.600 → 0.800 (Δλ=0.200) accept=0%
[ Info:     [ 5] λ 0.800 → 1.000 (Δλ=0.200) accept=0%
[ Info: [stride 135/167] 1.1s  5 filter levels  Φ̄=1.574 x̂=(0.966, 0.165, 1.185)
[ Info:     [ 1] λ 0.000 → 0.200 (Δλ=0.200) accept=0%
[ Info:     [ 2] λ 0.200 → 0.400 (Δλ=0.200) accept=0%
[ Info:     [ 3] λ 0.400 → 0.600 (Δλ=0.200) accept=0%
[ Info:     [ 4] λ 0.600 → 0.800 (Δλ=0.200) accept=0%
[ Info:     [ 5] λ 0.800 → 1.000 (Δλ=0.200) accept=0%
[ Info: [stride 136/167] 1.1s  5 filter levels  Φ̄=1.597 x̂=(0.968, 0.161, 1.200)
[ Info:   [replan @ stride 136] 78.1s  Φ̄_plan=1.634  shape=[1.52→1.69→1.16]  ctrl_n_temp=5
[ Info:     [ 1] λ 0.000 → 0.200 (Δλ=0.200) accept=0%
[ Info:     [ 2] λ 0.200 → 0.400 (Δλ=0.200) accept=0%
[ Info:     [ 3] λ 0.400 → 0.600 (Δλ=0.200) accept=0%
[ Info:     [ 4] λ 0.600 → 0.800 (Δλ=0.200) accept=0%
[ Info:     [ 5] λ 0.800 → 1.000 (Δλ=0.200) accept=0%
[ Info: [stride 137/167] 1.6s  5 filter levels  Φ̄=1.532 x̂=(0.970, 0.156, 1.195)
[ Info:     [ 1] λ 0.000 → 0.200 (Δλ=0.200) accept=0%
[ Info:     [ 2] λ 0.200 → 0.400 (Δλ=0.200) accept=0%
[ Info:     [ 3] λ 0.400 → 0.600 (Δλ=0.200) accept=0%
[ Info:     [ 4] λ 0.600 → 0.800 (Δλ=0.200) accept=0%
[ Info:     [ 5] λ 0.800 → 1.000 (Δλ=0.200) accept=0%
[ Info: [stride 138/167] 1.1s  5 filter levels  Φ̄=1.553 x̂=(0.971, 0.158, 1.209)
[ Info:   [replan @ stride 138] 77.6s  Φ̄_plan=1.642  shape=[1.57→1.76→1.06]  ctrl_n_temp=5
[ Info:     [ 1] λ 0.000 → 0.200 (Δλ=0.200) accept=0%
[ Info:     [ 2] λ 0.200 → 0.400 (Δλ=0.200) accept=0%
[ Info:     [ 3] λ 0.400 → 0.600 (Δλ=0.200) accept=0%
[ Info:     [ 4] λ 0.600 → 0.800 (Δλ=0.200) accept=0%
[ Info:     [ 5] λ 0.800 → 1.000 (Δλ=0.200) accept=0%
[ Info: [stride 139/167] 1.1s  5 filter levels  Φ̄=1.579 x̂=(0.976, 0.161, 1.204)
[ Info:     [ 1] λ 0.000 → 0.200 (Δλ=0.200) accept=0%
[ Info:     [ 2] λ 0.200 → 0.400 (Δλ=0.200) accept=0%
[ Info:     [ 3] λ 0.400 → 0.600 (Δλ=0.200) accept=0%
[ Info:     [ 4] λ 0.600 → 0.800 (Δλ=0.200) accept=0%
[ Info:     [ 5] λ 0.800 → 1.000 (Δλ=0.200) accept=0%
[ Info: [stride 140/167] 1.1s  5 filter levels  Φ̄=1.600 x̂=(0.976, 0.161, 1.205)
[ Info:   [replan @ stride 140] 91.0s  Φ̄_plan=1.617  shape=[1.49→1.68→1.13]  ctrl_n_temp=6
[ Info:     [ 1] λ 0.000 → 0.200 (Δλ=0.200) accept=0%
[ Info:     [ 2] λ 0.200 → 0.400 (Δλ=0.200) accept=0%
[ Info:     [ 3] λ 0.400 → 0.600 (Δλ=0.200) accept=0%
[ Info:     [ 4] λ 0.600 → 0.800 (Δλ=0.200) accept=0%
[ Info:     [ 5] λ 0.800 → 1.000 (Δλ=0.200) accept=0%
[ Info: [stride 141/167] 1.1s  5 filter levels  Φ̄=1.495 x̂=(0.979, 0.166, 1.201)
[ Info:     [ 1] λ 0.000 → 0.200 (Δλ=0.200) accept=0%
[ Info:     [ 2] λ 0.200 → 0.400 (Δλ=0.200) accept=0%
[ Info:     [ 3] λ 0.400 → 0.600 (Δλ=0.200) accept=0%
[ Info:     [ 4] λ 0.600 → 0.800 (Δλ=0.200) accept=0%
[ Info:     [ 5] λ 0.800 → 1.000 (Δλ=0.200) accept=0%
[ Info: [stride 142/167] 1.1s  5 filter levels  Φ̄=1.514 x̂=(0.981, 0.162, 1.177)
[ Info:   [replan @ stride 142] 76.9s  Φ̄_plan=1.632  shape=[1.47→1.72→1.13]  ctrl_n_temp=5
[ Info:     [ 1] λ 0.000 → 0.200 (Δλ=0.200) accept=0%
[ Info:     [ 2] λ 0.200 → 0.400 (Δλ=0.200) accept=0%
[ Info:     [ 3] λ 0.400 → 0.600 (Δλ=0.200) accept=0%
[ Info:     [ 4] λ 0.600 → 0.800 (Δλ=0.200) accept=0%
[ Info:     [ 5] λ 0.800 → 1.000 (Δλ=0.200) accept=0%
[ Info: [stride 143/167] 1.5s  5 filter levels  Φ̄=1.480 x̂=(0.980, 0.160, 1.187)
[ Info:     [ 1] λ 0.000 → 0.200 (Δλ=0.200) accept=0%
[ Info:     [ 2] λ 0.200 → 0.400 (Δλ=0.200) accept=0%
[ Info:     [ 3] λ 0.400 → 0.600 (Δλ=0.200) accept=0%
[ Info:     [ 4] λ 0.600 → 0.800 (Δλ=0.200) accept=0%
[ Info:     [ 5] λ 0.800 → 1.000 (Δλ=0.200) accept=0%
[ Info: [stride 144/167] 1.0s  5 filter levels  Φ̄=1.499 x̂=(0.982, 0.159, 1.188)
[ Info:   [replan @ stride 144] 80.6s  Φ̄_plan=1.637  shape=[1.46→1.75→1.06]  ctrl_n_temp=5
[ Info:     [ 1] λ 0.000 → 0.200 (Δλ=0.200) accept=0%
[ Info:     [ 2] λ 0.200 → 0.400 (Δλ=0.200) accept=0%
[ Info:     [ 3] λ 0.400 → 0.600 (Δλ=0.200) accept=0%
[ Info:     [ 4] λ 0.600 → 0.800 (Δλ=0.200) accept=0%
[ Info:     [ 5] λ 0.800 → 1.000 (Δλ=0.200) accept=0%
[ Info: [stride 145/167] 1.1s  5 filter levels  Φ̄=1.466 x̂=(0.984, 0.153, 1.202)
[ Info:     [ 1] λ 0.000 → 0.200 (Δλ=0.200) accept=0%
[ Info:     [ 2] λ 0.200 → 0.400 (Δλ=0.200) accept=0%
[ Info:     [ 3] λ 0.400 → 0.600 (Δλ=0.200) accept=0%
[ Info:     [ 4] λ 0.600 → 0.800 (Δλ=0.200) accept=0%
[ Info:     [ 5] λ 0.800 → 1.000 (Δλ=0.200) accept=0%
[ Info: [stride 146/167] 1.1s  5 filter levels  Φ̄=1.487 x̂=(0.987, 0.149, 1.205)
[ Info:   [replan @ stride 146] 89.7s  Φ̄_plan=1.627  shape=[1.48→1.71→1.16]  ctrl_n_temp=6
[ Info:     [ 1] λ 0.000 → 0.200 (Δλ=0.200) accept=0%
[ Info:     [ 2] λ 0.200 → 0.400 (Δλ=0.200) accept=0%
[ Info:     [ 3] λ 0.400 → 0.600 (Δλ=0.200) accept=0%
[ Info:     [ 4] λ 0.600 → 0.800 (Δλ=0.200) accept=0%
[ Info:     [ 5] λ 0.800 → 1.000 (Δλ=0.200) accept=0%
[ Info: [stride 147/167] 1.1s  5 filter levels  Φ̄=1.487 x̂=(0.987, 0.153, 1.212)
[ Info:     [ 1] λ 0.000 → 0.200 (Δλ=0.200) accept=0%
[ Info:     [ 2] λ 0.200 → 0.400 (Δλ=0.200) accept=0%
[ Info:     [ 3] λ 0.400 → 0.600 (Δλ=0.200) accept=0%
[ Info:     [ 4] λ 0.600 → 0.800 (Δλ=0.200) accept=0%
[ Info:     [ 5] λ 0.800 → 1.000 (Δλ=0.200) accept=0%
[ Info: [stride 148/167] 1.1s  5 filter levels  Φ̄=1.507 x̂=(0.987, 0.150, 1.235)
[ Info:   [replan @ stride 148] 77.4s  Φ̄_plan=1.639  shape=[1.47→1.72→1.14]  ctrl_n_temp=5
[ Info:     [ 1] λ 0.000 → 0.200 (Δλ=0.200) accept=0%
[ Info:     [ 2] λ 0.200 → 0.400 (Δλ=0.200) accept=0%
[ Info:     [ 3] λ 0.400 → 0.600 (Δλ=0.200) accept=0%
[ Info:     [ 4] λ 0.600 → 0.800 (Δλ=0.200) accept=0%
[ Info:     [ 5] λ 0.800 → 1.000 (Δλ=0.200) accept=0%
[ Info: [stride 149/167] 1.5s  5 filter levels  Φ̄=1.477 x̂=(0.990, 0.152, 1.217)
[ Info:     [ 1] λ 0.000 → 0.200 (Δλ=0.200) accept=0%
[ Info:     [ 2] λ 0.200 → 0.400 (Δλ=0.200) accept=0%
[ Info:     [ 3] λ 0.400 → 0.600 (Δλ=0.200) accept=0%
[ Info:     [ 4] λ 0.600 → 0.800 (Δλ=0.200) accept=0%
[ Info:     [ 5] λ 0.800 → 1.000 (Δλ=0.200) accept=0%
[ Info: [stride 150/167] 1.2s  5 filter levels  Φ̄=1.497 x̂=(0.991, 0.147, 1.220)
[ Info:   [replan @ stride 150] 78.8s  Φ̄_plan=1.648  shape=[1.41→1.75→1.14]  ctrl_n_temp=5
[ Info:     [ 1] λ 0.000 → 0.200 (Δλ=0.200) accept=0%
[ Info:     [ 2] λ 0.200 → 0.400 (Δλ=0.200) accept=0%
[ Info:     [ 3] λ 0.400 → 0.600 (Δλ=0.200) accept=0%
[ Info:     [ 4] λ 0.600 → 0.800 (Δλ=0.200) accept=0%
[ Info:     [ 5] λ 0.800 → 1.000 (Δλ=0.200) accept=0%
[ Info: [stride 151/167] 1.1s  5 filter levels  Φ̄=1.418 x̂=(0.993, 0.151, 1.208)
[ Info:     [ 1] λ 0.000 → 0.200 (Δλ=0.200) accept=0%
[ Info:     [ 2] λ 0.200 → 0.400 (Δλ=0.200) accept=0%
[ Info:     [ 3] λ 0.400 → 0.600 (Δλ=0.200) accept=0%
[ Info:     [ 4] λ 0.600 → 0.800 (Δλ=0.200) accept=0%
[ Info:     [ 5] λ 0.800 → 1.000 (Δλ=0.200) accept=0%
[ Info: [stride 152/167] 1.1s  5 filter levels  Φ̄=1.440 x̂=(0.992, 0.146, 1.212)
[ Info:   [replan @ stride 152] 78.6s  Φ̄_plan=1.625  shape=[1.41→1.73→1.12]  ctrl_n_temp=5
[ Info:     [ 1] λ 0.000 → 0.200 (Δλ=0.200) accept=0%
[ Info:     [ 2] λ 0.200 → 0.400 (Δλ=0.200) accept=0%
[ Info:     [ 3] λ 0.400 → 0.600 (Δλ=0.200) accept=0%
[ Info:     [ 4] λ 0.600 → 0.800 (Δλ=0.200) accept=0%
[ Info:     [ 5] λ 0.800 → 1.000 (Δλ=0.200) accept=0%
[ Info: [stride 153/167] 1.1s  5 filter levels  Φ̄=1.418 x̂=(0.992, 0.146, 1.213)
[ Info:     [ 1] λ 0.000 → 0.200 (Δλ=0.200) accept=0%
[ Info:     [ 2] λ 0.200 → 0.400 (Δλ=0.200) accept=0%
[ Info:     [ 3] λ 0.400 → 0.600 (Δλ=0.200) accept=0%
[ Info:     [ 4] λ 0.600 → 0.800 (Δλ=0.200) accept=0%
[ Info:     [ 5] λ 0.800 → 1.000 (Δλ=0.200) accept=0%
[ Info: [stride 154/167] 1.1s  5 filter levels  Φ̄=1.436 x̂=(0.995, 0.146, 1.231)
[ Info:   [replan @ stride 154] 79.8s  Φ̄_plan=1.634  shape=[1.39→1.73→1.17]  ctrl_n_temp=5
[ Info:     [ 1] λ 0.000 → 0.200 (Δλ=0.200) accept=0%
[ Info:     [ 2] λ 0.200 → 0.400 (Δλ=0.200) accept=0%
[ Info:     [ 3] λ 0.400 → 0.600 (Δλ=0.200) accept=0%
[ Info:     [ 4] λ 0.600 → 0.800 (Δλ=0.200) accept=0%
[ Info:     [ 5] λ 0.800 → 1.000 (Δλ=0.200) accept=0%
[ Info: [stride 155/167] 1.1s  5 filter levels  Φ̄=1.400 x̂=(0.995, 0.147, 1.240)
[ Info:     [ 1] λ 0.000 → 0.200 (Δλ=0.200) accept=0%
[ Info:     [ 2] λ 0.200 → 0.400 (Δλ=0.200) accept=0%
[ Info:     [ 3] λ 0.400 → 0.600 (Δλ=0.200) accept=0%
[ Info:     [ 4] λ 0.600 → 0.800 (Δλ=0.200) accept=0%
[ Info:     [ 5] λ 0.800 → 1.000 (Δλ=0.200) accept=0%
[ Info: [stride 156/167] 1.1s  5 filter levels  Φ̄=1.419 x̂=(0.996, 0.146, 1.237)
[ Info:   [replan @ stride 156] 92.5s  Φ̄_plan=1.602  shape=[1.43→1.64→1.12]  ctrl_n_temp=6
[ Info:     [ 1] λ 0.000 → 0.200 (Δλ=0.200) accept=0%
[ Info:     [ 2] λ 0.200 → 0.400 (Δλ=0.200) accept=0%
[ Info:     [ 3] λ 0.400 → 0.600 (Δλ=0.200) accept=0%
[ Info:     [ 4] λ 0.600 → 0.800 (Δλ=0.200) accept=0%
[ Info:     [ 5] λ 0.800 → 1.000 (Δλ=0.200) accept=0%
[ Info: [stride 157/167] 1.1s  5 filter levels  Φ̄=1.435 x̂=(0.996, 0.148, 1.227)
[ Info:     [ 1] λ 0.000 → 0.200 (Δλ=0.200) accept=0%
[ Info:     [ 2] λ 0.200 → 0.400 (Δλ=0.200) accept=0%
[ Info:     [ 3] λ 0.400 → 0.600 (Δλ=0.200) accept=0%
[ Info:     [ 4] λ 0.600 → 0.800 (Δλ=0.200) accept=0%
[ Info:     [ 5] λ 0.800 → 1.000 (Δλ=0.200) accept=0%
[ Info: [stride 158/167] 1.1s  5 filter levels  Φ̄=1.454 x̂=(0.998, 0.143, 1.238)
[ Info:   [replan @ stride 158] 83.8s  Φ̄_plan=1.636  shape=[1.41→1.72→1.16]  ctrl_n_temp=5
[ Info:     [ 1] λ 0.000 → 0.200 (Δλ=0.200) accept=0%
[ Info:     [ 2] λ 0.200 → 0.400 (Δλ=0.200) accept=0%
[ Info:     [ 3] λ 0.400 → 0.600 (Δλ=0.200) accept=0%
[ Info:     [ 4] λ 0.600 → 0.800 (Δλ=0.200) accept=0%
[ Info:     [ 5] λ 0.800 → 1.000 (Δλ=0.200) accept=0%
[ Info: [stride 159/167] 1.1s  5 filter levels  Φ̄=1.424 x̂=(0.999, 0.144, 1.249)
[ Info:     [ 1] λ 0.000 → 0.200 (Δλ=0.200) accept=0%
[ Info:     [ 2] λ 0.200 → 0.400 (Δλ=0.200) accept=0%
[ Info:     [ 3] λ 0.400 → 0.600 (Δλ=0.200) accept=0%
[ Info:     [ 4] λ 0.600 → 0.800 (Δλ=0.200) accept=0%
[ Info:     [ 5] λ 0.800 → 1.000 (Δλ=0.200) accept=0%
[ Info: [stride 160/167] 1.1s  5 filter levels  Φ̄=1.443 x̂=(0.999, 0.144, 1.236)
[ Info:   [replan @ stride 160] 76.6s  Φ̄_plan=1.636  shape=[1.39→1.72→1.17]  ctrl_n_temp=5
[ Info:     [ 1] λ 0.000 → 0.200 (Δλ=0.200) accept=0%
[ Info:     [ 2] λ 0.200 → 0.400 (Δλ=0.200) accept=0%
[ Info:     [ 3] λ 0.400 → 0.600 (Δλ=0.200) accept=0%
[ Info:     [ 4] λ 0.600 → 0.800 (Δλ=0.200) accept=0%
[ Info:     [ 5] λ 0.800 → 1.000 (Δλ=0.200) accept=0%
[ Info: [stride 161/167] 1.1s  5 filter levels  Φ̄=1.404 x̂=(1.000, 0.138, 1.242)
[ Info:     [ 1] λ 0.000 → 0.200 (Δλ=0.200) accept=0%
[ Info:     [ 2] λ 0.200 → 0.400 (Δλ=0.200) accept=0%
[ Info:     [ 3] λ 0.400 → 0.600 (Δλ=0.200) accept=0%
[ Info:     [ 4] λ 0.600 → 0.800 (Δλ=0.200) accept=0%
[ Info:     [ 5] λ 0.800 → 1.000 (Δλ=0.200) accept=0%
[ Info: [stride 162/167] 1.1s  5 filter levels  Φ̄=1.424 x̂=(1.000, 0.139, 1.242)
[ Info:   [replan @ stride 162] 81.3s  Φ̄_plan=1.624  shape=[1.40→1.73→1.12]  ctrl_n_temp=5
[ Info:     [ 1] λ 0.000 → 0.200 (Δλ=0.200) accept=0%
[ Info:     [ 2] λ 0.200 → 0.400 (Δλ=0.200) accept=0%
[ Info:     [ 3] λ 0.400 → 0.600 (Δλ=0.200) accept=0%
[ Info:     [ 4] λ 0.600 → 0.800 (Δλ=0.200) accept=0%
[ Info:     [ 5] λ 0.800 → 1.000 (Δλ=0.200) accept=0%
[ Info: [stride 163/167] 1.1s  5 filter levels  Φ̄=1.406 x̂=(1.000, 0.141, 1.255)
[ Info:     [ 1] λ 0.000 → 0.200 (Δλ=0.200) accept=0%
[ Info:     [ 2] λ 0.200 → 0.400 (Δλ=0.200) accept=0%
[ Info:     [ 3] λ 0.400 → 0.600 (Δλ=0.200) accept=0%
[ Info:     [ 4] λ 0.600 → 0.800 (Δλ=0.200) accept=0%
[ Info:     [ 5] λ 0.800 → 1.000 (Δλ=0.200) accept=0%
[ Info: [stride 164/167] 1.1s  5 filter levels  Φ̄=1.425 x̂=(1.000, 0.141, 1.255)
[ Info:   [replan @ stride 164] 77.8s  Φ̄_plan=1.635  shape=[1.39→1.75→1.16]  ctrl_n_temp=5
[ Info:     [ 1] λ 0.000 → 0.200 (Δλ=0.200) accept=0%
[ Info:     [ 2] λ 0.200 → 0.400 (Δλ=0.200) accept=0%
[ Info:     [ 3] λ 0.400 → 0.600 (Δλ=0.200) accept=0%
[ Info:     [ 4] λ 0.600 → 0.800 (Δλ=0.200) accept=0%
[ Info:     [ 5] λ 0.800 → 1.000 (Δλ=0.200) accept=0%
[ Info: [stride 165/167] 1.1s  5 filter levels  Φ̄=1.397 x̂=(1.000, 0.138, 1.241)
[ Info:     [ 1] λ 0.000 → 0.200 (Δλ=0.200) accept=0%
[ Info:     [ 2] λ 0.200 → 0.400 (Δλ=0.200) accept=0%
[ Info:     [ 3] λ 0.400 → 0.600 (Δλ=0.200) accept=0%
[ Info:     [ 4] λ 0.600 → 0.800 (Δλ=0.200) accept=0%
[ Info:     [ 5] λ 0.800 → 1.000 (Δλ=0.200) accept=0%
[ Info: [stride 166/167] 1.1s  5 filter levels  Φ̄=1.416 x̂=(1.000, 0.135, 1.229)
[ Info:   [replan @ stride 166] 80.0s  Φ̄_plan=1.622  shape=[1.41→1.72→1.14]  ctrl_n_temp=5
[ Info:     [ 1] λ 0.000 → 0.200 (Δλ=0.200) accept=0%
[ Info:     [ 2] λ 0.200 → 0.400 (Δλ=0.200) accept=0%
[ Info:     [ 3] λ 0.400 → 0.600 (Δλ=0.200) accept=0%
[ Info:     [ 4] λ 0.600 → 0.800 (Δλ=0.200) accept=0%
[ Info:     [ 5] λ 0.800 → 1.000 (Δλ=0.200) accept=0%
[ Info: [stride 167/167] 1.1s  5 filter levels  Φ̄=1.417 x̂=(1.000, 0.137, 1.246)
[ Info: Total wall time: 7236.4 s
[ Info: wrote /home/ajay/Repos/python-smc2-filtering-control/compare_v15_julia_vs_python/example_run/julia_horizon_sweep_2026-05-09/T84d_seed42/data.jld2
[ Info: wrote /home/ajay/Repos/python-smc2-filtering-control/compare_v15_julia_vs_python/example_run/julia_horizon_sweep_2026-05-09/T84d_seed42/per_stride.csv
[ Info: wrote manifest.json + experiment_run.md
┌ Warning: plot_state_traces.jl not found at /home/ajay/Repos/python-smc2-filtering-control/version_1_5_Julia/../version_2_Julia/tools/plot_state_traces.jl; skipping auto-plot
└ @ Main ~/Repos/python-smc2-filtering-control/version_1_5_Julia/tools/bench_smc_full_mpc_fsa_gpu.jl:850
[ Info: wrote /home/ajay/Repos/python-smc2-filtering-control/compare_v15_julia_vs_python/example_run/julia_horizon_sweep_2026-05-09/T84d_seed42/v15_T84d_param_traces.png
Could not create decoration from factory! Running with no decorations.
Could not create decoration from factory! Running with no decorations.
[ Info: wrote /home/ajay/Repos/python-smc2-filtering-control/compare_v15_julia_vs_python/example_run/julia_horizon_sweep_2026-05-09/T84d_seed42/v15_T84d_traces.png
/home/ajay/Repos/python-smc2-filtering-control/version_1_5_Julia/tools/launchers/run_julia_horizon_sweep.sh: line 117: python: command not found
