\BOOKMARK [1][-]{section.1}{\376\377\000I\000n\000t\000r\000o\000d\000u\000c\000t\000i\000o\000n\000\040\000a\000n\000d\000\040\000p\000r\000o\000b\000l\000e\000m\000\040\000s\000t\000a\000t\000e\000m\000e\000n\000t}{}% 1
\BOOKMARK [2][-]{subsection.1.1}{\376\377\000T\000h\000e\000\040\000e\000m\000p\000i\000r\000i\000c\000a\000l\000\040\000o\000b\000s\000e\000r\000v\000a\000t\000i\000o\000n}{section.1}% 2
\BOOKMARK [2][-]{subsection.1.2}{\376\377\000W\000o\000r\000k\000i\000n\000g\000\040\000a\000s\000s\000u\000m\000p\000t\000i\000o\000n\000s}{section.1}% 3
\BOOKMARK [2][-]{subsection.1.3}{\376\377\000T\000h\000e\000\040\000q\000u\000e\000s\000t\000i\000o\000n\000,\000\040\000f\000o\000r\000m\000a\000l\000l\000y}{section.1}% 4
\BOOKMARK [2][-]{subsection.1.4}{\376\377\000H\000e\000a\000d\000l\000i\000n\000e\000\040\000r\000e\000s\000u\000l\000t\000\040\000p\000r\000e\000v\000i\000e\000w}{section.1}% 5
\BOOKMARK [1][-]{section.2}{\376\377\000M\000o\000d\000e\000l\000\040\000r\000e\000c\000a\000l\000l}{}% 6
\BOOKMARK [2][-]{subsection.2.1}{\376\377\000S\000t\000a\000t\000e\000\040\000a\000n\000d\000\040\000c\000o\000n\000t\000r\000o\000l}{section.2}% 7
\BOOKMARK [2][-]{subsection.2.2}{\376\377\000D\000r\000i\000f\000t\000\040\000e\000q\000u\000a\000t\000i\000o\000n\000s}{section.2}% 8
\BOOKMARK [2][-]{subsection.2.3}{\376\377\000C\000a\000s\000c\000a\000d\000e\000\040\000s\000t\000r\000u\000c\000t\000u\000r\000e\000\040\000a\000n\000d\000\040\000s\000l\000o\000w\000\040\000m\000a\000n\000i\000f\000o\000l\000d}{section.2}% 9
\BOOKMARK [2][-]{subsection.2.4}{\376\377\000N\000u\000m\000e\000r\000i\000c\000a\000l\000\040\000a\000n\000c\000h\000o\000r\000:\000\040\000t\000h\000e\000\040\000s\000a\000n\000i\000t\000y\000\040\000t\000a\000b\000l\000e}{section.2}% 10
\BOOKMARK [2][-]{subsection.2.5}{\376\377\000P\000a\000r\000a\000m\000e\000t\000e\000r\000\040\000v\000a\000l\000u\000e\000s\000\040\000u\000s\000e\000d\000\040\000t\000h\000r\000o\000u\000g\000h\000o\000u\000t}{section.2}% 11
\BOOKMARK [2][-]{subsection.2.6}{\376\377\000S\000e\000l\000f\000-\000c\000o\000n\000t\000a\000i\000n\000e\000d\000\040\000r\000e\000p\000r\000o\000d\000u\000c\000e\000r\000:\000\040\000S\000E\000D\000E\000N\000T\000A\000R\000Y\000\137\000I\000N\000I\000T}{section.2}% 12
\BOOKMARK [1][-]{section.3}{\376\377\000T\000h\000e\000\040\000c\000o\000n\000t\000r\000o\000l\000\040\000s\000y\000s\000t\000e\000m}{}% 13
\BOOKMARK [2][-]{subsection.3.1}{\376\377\000A\000d\000m\000i\000s\000s\000i\000b\000l\000e\000\040\000c\000o\000n\000t\000r\000o\000l\000s}{section.3}% 14
\BOOKMARK [2][-]{subsection.3.2}{\376\377\000R\000e\000a\000c\000h\000a\000b\000l\000e\000\040\000s\000e\000t\000\040\000a\000n\000d\000\040\000t\000a\000r\000g\000e\000t}{section.3}% 15
\BOOKMARK [1][-]{section.4}{\376\377\000S\000l\000o\000w\000-\000m\000a\000n\000i\000f\000o\000l\000d\000\040\000r\000e\000d\000u\000c\000t\000i\000o\000n\000\040\000a\000n\000d\000\040\000c\000a\000s\000c\000a\000d\000e\000\040\000u\000p\000p\000e\000r\000\040\000e\000n\000v\000e\000l\000o\000p\000e\000s}{}% 16
\BOOKMARK [2][-]{subsection.4.1}{\376\377\000A\000n\000\040\000a\000-\000p\000r\000i\000o\000r\000i\000\040\000u\000p\000p\000e\000r\000\040\000b\000o\000u\000n\000d\000\040\000o\000n\000\040\000B\000\050\000t\000\051}{section.4}% 17
\BOOKMARK [2][-]{subsection.4.2}{\376\377\000A\000n\000\040\000a\000-\000p\000r\000i\000o\000r\000i\000\040\000l\000o\000w\000e\000r\000\040\000b\000o\000u\000n\000d\000\040\000o\000n\000\040\000F\000\050\000t\000\051}{section.4}% 18
\BOOKMARK [2][-]{subsection.4.3}{\376\377\000A\000n\000\040\000a\000-\000p\000r\000i\000o\000r\000i\000\040\000b\000o\000u\000n\000d\000\040\000o\000n\000\040\000A\000\050\000t\000\051}{section.4}% 19
\BOOKMARK [2][-]{subsection.4.4}{\376\377\000E\000f\000f\000e\000c\000t\000\040\000o\000f\000\040\000t\000h\000e\000\040\000u\000p\000p\000e\000r\000\040\000b\000o\000u\000n\000d\000\040\000o\000n\000\040\000a\000X\000\040\000a\000t\000\040\000\040\000=\000\040\0000\000.\0003\0000}{section.4}% 20
\BOOKMARK [1][-]{section.5}{\376\377\000T\000h\000e\000\040\000f\000o\000r\000c\000i\000n\000g\000-\000r\000a\000t\000e\000\040\000b\000o\000t\000t\000l\000e\000n\000e\000c\000k\000:\000\040\000a\000n\000\040\000u\000p\000p\000e\000r\000\040\000b\000o\000u\000n\000d\000\040\000o\000n\000\040\000\050\000t\000\051}{}% 21
\BOOKMARK [2][-]{subsection.5.1}{\376\377\000C\000o\000n\000s\000e\000r\000v\000a\000t\000i\000v\000e\000\040\000o\000m\000i\000s\000s\000i\000o\000n\000s\000\040\000f\000o\000r\000\040\000t\000h\000e\000\040\000u\000p\000p\000e\000r\000\040\000b\000o\000u\000n\000d}{section.5}% 22
\BOOKMARK [2][-]{subsection.5.2}{\376\377\000T\000h\000e\000\040\000r\000e\000t\000a\000i\000n\000e\000d\000\040\000t\000e\000r\000m\000s\000\040\000a\000n\000d\000\040\000t\000h\000e\000i\000r\000\040\000b\000o\000u\000n\000d\000s}{section.5}% 23
\BOOKMARK [2][-]{subsection.5.3}{\376\377\000N\000u\000m\000e\000r\000i\000c\000a\000l\000\040\000e\000v\000a\000l\000u\000a\000t\000i\000o\000n\000\040\000a\000t\000\040\000S\000E\000D\000E\000N\000T\000A\000R\000Y\000\137\000I\000N\000I\000T}{section.5}% 24
\BOOKMARK [1][-]{section.6}{\376\377\000C\000o\000n\000s\000t\000r\000u\000c\000t\000i\000v\000e\000\040\000e\000s\000c\000a\000p\000e\000\040\000a\000t\000t\000e\000m\000p\000t\000s}{}% 25
\BOOKMARK [2][-]{subsection.6.1}{\376\377\000C\000a\000n\000d\000i\000d\000a\000t\000e\000\040\0001\000:\000\040\000C\000o\000n\000s\000t\000a\000n\000t\000\040\000b\000a\000l\000a\000n\000c\000e\000d\000\040\000\050\0000\000.\0003\0000\000,\000\040\0000\000.\0003\0000\000\051}{section.6}% 26
\BOOKMARK [2][-]{subsection.6.2}{\376\377\000C\000a\000n\000d\000i\000d\000a\000t\000e\000\040\0002\000:\000\040\000B\000a\000n\000g\040\023\000b\000a\000n\000g\000\040\000a\000e\000r\000o\000b\000i\000c\000\040\000b\000u\000r\000s\000t\000\040\000t\000h\000e\000n\000\040\000t\000a\000p\000e\000r}{section.6}% 27
\BOOKMARK [2][-]{subsection.6.3}{\376\377\000C\000a\000n\000d\000i\000d\000a\000t\000e\000\040\0003\000:\000\040\000S\000m\000a\000r\000t\000\040\000r\000a\000m\000p\000\040\000f\000r\000o\000m\000\040\000\050\000,\000\040\000\051\000\040\000t\000o\000\040\000\050\0000\000.\0003\0000\000,\000\040\0000\000.\0003\0000\000\051}{section.6}% 28
\BOOKMARK [2][-]{subsection.6.4}{\376\377\000S\000w\000e\000e\000p\000\040\000o\000v\000e\000r\000\040\000c\000o\000n\000s\000t\000a\000n\000t\000\040\000\040\000v\000a\000l\000u\000e\000s}{section.6}% 29
\BOOKMARK [1][-]{section.7}{\376\377\000T\000h\000e\000\040\000i\000m\000p\000o\000s\000s\000i\000b\000i\000l\000i\000t\000y\000\040\000c\000e\000r\000t\000i\000f\000i\000c\000a\000t\000e}{}% 30
\BOOKMARK [2][-]{subsection.7.1}{\376\377\000S\000c\000a\000l\000a\000r\000\040\000c\000o\000m\000p\000a\000r\000i\000s\000o\000n\000\040\000t\000h\000e\000o\000r\000e\000m\000\040\000o\000n\000\040\000A}{section.7}% 31
\BOOKMARK [2][-]{subsection.7.2}{\376\377\000T\000h\000e\000\040\000i\000m\000p\000o\000s\000s\000i\000b\000i\000l\000i\000t\000y\000\040\000t\000h\000e\000o\000r\000e\000m}{section.7}% 32
\BOOKMARK [2][-]{subsection.7.3}{\376\377\000N\000u\000m\000e\000r\000i\000c\000a\000l\000\040\000e\000v\000a\000l\000u\000a\000t\000i\000o\000n\000\040\000o\000f\000\040\000t\000h\000e\000\040\000c\000e\000r\000t\000i\000f\000i\000c\000a\000t\000e\000\040\000c\000o\000n\000s\000t\000a\000n\000t}{section.7}% 33
\BOOKMARK [2][-]{subsection.7.4}{\376\377\000W\000h\000y\000\040\000t\000h\000e\000\040\000u\000p\000p\000e\000r\000-\000b\000o\000u\000n\000d\000\040\000c\000e\000r\000t\000i\000f\000i\000c\000a\000t\000e\000\040\000f\000a\000i\000l\000s\000\040\000t\000o\000\040\000c\000e\000r\000t\000i\000f\000y\000\040\000i\000m\000p\000o\000s\000s\000i\000b\000i\000l\000i\000t\000y}{section.7}% 34
\BOOKMARK [2][-]{subsection.7.5}{\376\377\000A\000\040\000t\000i\000g\000h\000t\000e\000r\000\040\000u\000p\000p\000e\000r\000\040\000b\000o\000u\000n\000d\000:\000\040\000a\000v\000e\000r\000a\000g\000e\000\040\000\040\000a\000n\000a\000l\000y\000s\000i\000s}{section.7}% 35
\BOOKMARK [2][-]{subsection.7.6}{\376\377\000P\000r\000a\000g\000m\000a\000t\000i\000c\000\040\000c\000e\000r\000t\000i\000f\000i\000c\000a\000t\000e\000\040\000v\000i\000a\000\040\000c\000a\000n\000d\000i\000d\000a\000t\000e\000\040\000s\000w\000e\000e\000p}{section.7}% 36
\BOOKMARK [1][-]{section.8}{\376\377\000R\000e\000s\000o\000l\000u\000t\000i\000o\000n\000\040\000a\000t\000\040\000S\000E\000D\000E\000N\000T\000A\000R\000Y\000\137\000I\000N\000I\000T}{}% 37
\BOOKMARK [2][-]{subsection.8.1}{\376\377\000S\000u\000m\000m\000a\000r\000y\000\040\000o\000f\000\040\000e\000v\000i\000d\000e\000n\000c\000e}{section.8}% 38
\BOOKMARK [2][-]{subsection.8.2}{\376\377\000T\000h\000e\000\040\000c\000a\000s\000e\000\040\000f\000o\000r\000\040\000U\000\040\000=\000\040\000[\0000\000,\0003\000]\0002}{section.8}% 39
\BOOKMARK [2][-]{subsection.8.3}{\376\377\000R\000e\000s\000o\000l\000u\000t\000i\000o\000n}{section.8}% 40
\BOOKMARK [1][-]{section.9}{\376\377\000C\000o\000n\000t\000r\000o\000l\000l\000a\000b\000i\000l\000i\000t\000y\000\040\000r\000e\000g\000i\000o\000n}{}% 41
\BOOKMARK [2][-]{subsection.9.1}{\376\377\000C\000e\000r\000t\000i\000f\000i\000e\000d\000\040\000n\000o\000n\000-\000e\000s\000c\000a\000p\000e\000\040\000s\000e\000t}{section.9}% 42
\BOOKMARK [2][-]{subsection.9.2}{\376\377\0002\000-\000D\000\040\000p\000h\000a\000s\000e\000\040\000p\000l\000o\000t\000\040\000i\000n\000\040\000\050\000B\0000\000,\000\040\000S\0000\000\051}{section.9}% 43
\BOOKMARK [2][-]{subsection.9.3}{\376\377\000W\000h\000a\000t\000\040\000t\000h\000i\000s\000\040\000m\000e\000a\000n\000s\000\040\000f\000o\000r\000\040\000c\000h\000o\000o\000s\000i\000n\000g\000\040\000i\000n\000i\000t\000i\000a\000l\000\040\000c\000o\000n\000d\000i\000t\000i\000o\000n\000s}{section.9}% 44
\BOOKMARK [1][-]{section.10}{\376\377\000I\000m\000p\000l\000i\000c\000a\000t\000i\000o\000n\000s\000\040\000f\000o\000r\000\040\000c\000l\000o\000s\000e\000d\000-\000l\000o\000o\000p\000\040\000c\000o\000n\000t\000r\000o\000l}{}% 45
\BOOKMARK [2][-]{subsection.10.1}{\376\377\000W\000h\000y\000\040\000n\000o\000\040\000c\000o\000n\000t\000r\000o\000l\000l\000e\000r\000\040\000c\000o\000u\000l\000d\000\040\000s\000u\000c\000c\000e\000e\000d}{section.10}% 46
\BOOKMARK [2][-]{subsection.10.2}{\376\377\000W\000h\000a\000t\000\040\000t\000o\000\040\000t\000e\000s\000t\000\040\000i\000n\000s\000t\000e\000a\000d}{section.10}% 47
\BOOKMARK [1][-]{section.11}{\376\377\000M\000e\000c\000h\000a\000n\000i\000s\000a\000t\000i\000o\000n\000\040\000r\000o\000a\000d\000m\000a\000p\000\040\000t\000o\000w\000a\000r\000d\000\040\000L\000e\000a\000n\0004}{}% 48
\BOOKMARK [2][-]{subsection.11.1}{\376\377\000W\000h\000a\000t\000\040\000i\000s\000\040\000a\000l\000r\000e\000a\000d\000y\000\040\000i\000n\000\040\000L\000e\000a\000n\0004}{section.11}% 49
\BOOKMARK [2][-]{subsection.11.2}{\376\377\000W\000h\000a\000t\000\040\000i\000s\000\040\000n\000e\000e\000d\000e\000d\000\040\000f\000o\000r\000\040\000T\000h\000e\000o\000r\000e\000m\000\040\0009}{section.11}% 50
\BOOKMARK [2][-]{subsection.11.3}{\376\377\000W\000h\000a\000t\000\040\000i\000s\000\040\000n\000e\000e\000d\000e\000d\000\040\000f\000o\000r\000\040\000C\000o\000n\000j\000e\000c\000t\000u\000r\000e\000\040\0001\0001}{section.11}% 51
\BOOKMARK [2][-]{subsection.11.4}{\376\377\000E\000s\000t\000i\000m\000a\000t\000e\000d\000\040\000f\000o\000r\000m\000a\000l\000i\000s\000a\000t\000i\000o\000n\000\040\000e\000f\000f\000o\000r\000t}{section.11}% 52
\BOOKMARK [1][-]{section.12}{\376\377\000O\000p\000e\000n\000\040\000q\000u\000e\000s\000t\000i\000o\000n\000s\000\040\000a\000n\000d\000\040\000s\000t\000o\000c\000h\000a\000s\000t\000i\000c\000\040\000e\000x\000t\000e\000n\000s\000i\000o\000n}{}% 53
\BOOKMARK [2][-]{subsection.12.1}{\376\377\000S\000t\000o\000c\000h\000a\000s\000t\000i\000c\000\040\000e\000x\000t\000e\000n\000s\000i\000o\000n}{section.12}% 54
\BOOKMARK [2][-]{subsection.12.2}{\376\377\000P\000e\000r\000i\000o\000d\000i\000c\000-\000c\000o\000n\000t\000r\000o\000l\000\040\000a\000v\000e\000r\000a\000g\000i\000n\000g}{section.12}% 55
\BOOKMARK [2][-]{subsection.12.3}{\376\377\000R\000i\000c\000h\000e\000r\000\040\000a\000d\000m\000i\000s\000s\000i\000b\000l\000e\000\040\000c\000l\000a\000s\000s\000e\000s}{section.12}% 56
\BOOKMARK [1][-]{section.13}{\376\377\000S\000e\000n\000s\000i\000t\000i\000v\000i\000t\000y\000\040\000t\000o\000\040\000p\000i\000n\000n\000e\000d\000\040\000p\000a\000r\000a\000m\000e\000t\000e\000r\000s}{}% 57
\BOOKMARK [2][-]{subsection.13.1}{\376\377\000W\000h\000y\000\040\000t\000h\000e\000s\000e\000\040\000a\000r\000e\000\040\000p\000i\000n\000n\000e\000d}{section.13}% 58
\BOOKMARK [2][-]{subsection.13.2}{\376\377\000W\000h\000e\000r\000e\000\040\000t\000h\000e\000\040\000o\000b\000s\000t\000r\000u\000c\000t\000i\000o\000n\000\040\000c\000o\000m\000e\000s\000\040\000f\000r\000o\000m\000\040\000i\000n\000\040\000t\000h\000e\000\040\000p\000a\000r\000a\000m\000e\000t\000e\000r\000s}{section.13}% 59
\BOOKMARK [2][-]{subsection.13.3}{\376\377\000S\000e\000n\000s\000i\000t\000i\000v\000i\000t\000y\000\040\000s\000w\000e\000e\000p}{section.13}% 60
\BOOKMARK [2][-]{subsection.13.4}{\376\377\000R\000e\000c\000o\000m\000m\000e\000n\000d\000a\000t\000i\000o\000n}{section.13}% 61
\BOOKMARK [1][-]{section.14}{\376\377\000H\000e\000a\000l\000t\000h\000y\000-\000i\000s\000l\000a\000n\000d\000\040\000a\000n\000a\000l\000y\000s\000i\000s\000\040\000u\000n\000d\000e\000r\000\040\000s\000i\000n\000g\000l\000e\000\040\000d\000e\000c\000o\000n\000d\000i\000t\000i\000o\000n\000i\000n\000g\000\040\000m\000o\000d\000i\000f\000i\000c\000a\000t\000i\000o\000n\000s}{}% 62
\BOOKMARK [2][-]{subsection.14.1}{\376\377\000M\000o\000d\000\040\000A\000\040\040\024\000\040\000B\000-\000\040\000=\000\040\000S\000-\000\040\000h\000a\000l\000v\000e\000d\000\040\000\050\0000\000.\0001\0000\000\040\000\040\0000\000.\0000\0005\000\051}{section.14}% 63
\BOOKMARK [2][-]{subsection.14.2}{\376\377\000M\000o\000d\000\040\000B\000\040\040\024\000\040\000B\000d\000e\000c\000\040\000=\000\040\000S\000d\000e\000c\000\040\000l\000o\000w\000e\000r\000e\000d\000\040\000\050\0000\000.\0000\0007\000\040\000\040\0000\000.\0000\0004\000\051}{section.14}% 64
\BOOKMARK [2][-]{subsection.14.3}{\376\377\000M\000o\000d\000\040\000C\000\040\040\024\000\040\000H\000i\000l\000l\000\040\000e\000x\000p\000o\000n\000e\000n\000t\000\040\000n\000\040\000r\000e\000d\000u\000c\000e\000d\000\040\000\050\0004\000\040\000\040\0002\000\051}{section.14}% 65
\BOOKMARK [2][-]{subsection.14.4}{\376\377\000S\000u\000m\000m\000a\000r\000y\000:\000\040\000s\000i\000n\000g\000l\000e\000\040\000m\000o\000d\000s\000\040\000a\000r\000e\000\040\000i\000n\000s\000u\000f\000f\000i\000c\000i\000e\000n\000t}{section.14}% 66
\BOOKMARK [1][-]{section.15}{\376\377\000M\000u\000l\000t\000i\000-\000p\000a\000r\000a\000m\000e\000t\000e\000r\000\040\000s\000w\000e\000e\000p\000\040\000t\000o\000\040\000s\000h\000i\000f\000t\000\040\000t\000h\000e\000\040\000i\000s\000l\000a\000n\000d\000\040\000t\000o\000w\000a\000r\000d\000\040\000\050\0001\000,\000\040\0001\000\051}{}% 67
\BOOKMARK [2][-]{subsection.15.1}{\376\377\000P\000u\000r\000e\000\040\000d\000e\000c\000o\000n\000d\000i\000t\000i\000o\000n\000i\000n\000g\000-\000b\000l\000o\000c\000k\000\040\000s\000w\000e\000e\000p}{section.15}% 68
\BOOKMARK [2][-]{subsection.15.2}{\376\377\000C\000o\000m\000b\000i\000n\000e\000d\000\040\000s\000w\000e\000e\000p\000\040\000\050\000d\000e\000c\000o\000n\000d\000i\000t\000i\000o\000n\000i\000n\000g\000\040\000+\000\040\000r\000e\000w\000a\000r\000d\000-\000s\000i\000d\000e\000\040\000F\000,\000\040\000F\000F\000\051}{section.15}% 69
\BOOKMARK [2][-]{subsection.15.3}{\376\377\000R\000e\000c\000o\000m\000m\000e\000n\000d\000e\000d\000\040\000p\000a\000r\000a\000m\000e\000t\000r\000i\000s\000a\000t\000i\000o\000n}{section.15}% 70
\BOOKMARK [2][-]{subsection.15.4}{\376\377\000H\000o\000n\000e\000s\000t\000\040\000s\000c\000o\000p\000e\000\040\000n\000o\000t\000e}{section.15}% 71
\BOOKMARK [1][-]{section.16}{\376\377\000C\000o\000n\000s\000t\000r\000u\000c\000t\000i\000v\000e\000\040\000c\000o\000n\000t\000r\000o\000l\000l\000a\000b\000i\000l\000i\000t\000y\000\040\000u\000n\000d\000e\000r\000\040\000t\000h\000e\000\040\000r\000e\000c\000o\000m\000m\000e\000n\000d\000e\000d\000\040\000p\000a\000r\000a\000m\000e\000t\000r\000i\000s\000a\000t\000i\000o\000n}{}% 72
\BOOKMARK [2][-]{subsection.16.1}{\376\377\000D\000e\000f\000i\000n\000i\000t\000i\000o\000n\000\040\000o\000f\000\040\000T\000R\000A\000I\000N\000E\000D\000\137\000A\000T\000H\000L\000E\000T\000E\000\137\000I\000N\000I\000T\000\137\000v\0002}{section.16}% 73
\BOOKMARK [2][-]{subsection.16.2}{\376\377\000\247\0001\0006\000.\0001\000\040\040\024\000\040\000P\000a\000t\000h\000o\000l\000o\000g\000i\000c\000a\000l\000\040\000s\000e\000d\000e\000n\000t\000a\000r\000y\000\040\000b\000a\000s\000i\000n\000\040\000f\000r\000o\000m\000\040\000S\000E\000D\000E\000N\000T\000A\000R\000Y\000\137\000I\000N\000I\000T}{section.16}% 74
\BOOKMARK [2][-]{subsection.16.3}{\376\377\000\247\0001\0006\000.\0002\000\040\040\024\000\040\000C\000o\000n\000s\000t\000r\000u\000c\000t\000i\000v\000e\000\040\000e\000s\000c\000a\000p\000e\000\040\000w\000i\000t\000n\000e\000s\000s\000\040\000f\000r\000o\000m\000\040\000S\000E\000D\000E\000N\000T\000A\000R\000Y\000\137\000I\000N\000I\000T}{section.16}% 75
\BOOKMARK [2][-]{subsection.16.4}{\376\377\000\247\0001\0006\000.\0003\000\040\040\024\000\040\000P\000a\000t\000h\000o\000l\000o\000g\000i\000c\000a\000l\000\040\000o\000v\000e\000r\000-\000t\000r\000a\000i\000n\000i\000n\000g\000\040\000b\000a\000s\000i\000n\000\040\000\050\000s\000h\000i\000f\000t\000e\000d\000\051\000\040\000f\000r\000o\000m\000\040\000T\000R\000A\000I\000N\000E\000D\000\137\000A\000T\000H\000L\000E\000T\000E\000\137\000I\000N\000I\000T\000\137\000v\0002}{section.16}% 76
\BOOKMARK [2][-]{subsection.16.5}{\376\377\000S\000u\000m\000m\000a\000r\000y\000\040\000o\000f\000\040\000t\000h\000e\000\040\000t\000h\000r\000e\000e\000\040\000q\000u\000a\000l\000i\000t\000a\000t\000i\000v\000e\000\040\000b\000e\000h\000a\000v\000i\000o\000u\000r\000s}{section.16}% 77
\BOOKMARK [1][-]{section.17}{\376\377\000R\000e\000v\000i\000s\000i\000o\000n\000s\000:\000\040\000t\000i\000m\000e\000s\000c\000a\000l\000e\000\040\000h\000a\000l\000v\000i\000n\000g\000\040\000a\000n\000d\000\040\000a\000\040\000F\000I\000M\000-\000d\000u\000a\000l\000i\000t\000y\000\040\000w\000i\000t\000n\000e\000s\000s\000\040\000s\000e\000a\000r\000c\000h}{}% 78
\BOOKMARK [2][-]{subsection.17.1}{\376\377\000R\000e\000c\000o\000m\000m\000e\000n\000d\000e\000d\000\040\000p\000a\000r\000a\000m\000e\000t\000r\000i\000s\000a\000t\000i\000o\000n\000\040\000v\0002\000\040\000\050\000t\000i\000m\000e\000s\000c\000a\000l\000e\000-\000h\000a\000l\000v\000e\000d\000\051}{section.17}% 79
\BOOKMARK [2][-]{subsection.17.2}{\376\377\000F\000I\000M\000-\000d\000u\000a\000l\000i\000t\000y\000\040\000w\000i\000t\000n\000e\000s\000s\000\040\000s\000e\000a\000r\000c\000h}{section.17}% 80
\BOOKMARK [2][-]{subsection.17.3}{\376\377\000U\000p\000d\000a\000t\000e\000d\000\040\000\247\0001\0006\000.\0001\000\040\040\024\000\040\000P\000a\000t\000h\000o\000l\000o\000g\000i\000c\000a\000l\000\040\000s\000e\000d\000e\000n\000t\000a\000r\000y\000\040\000b\000a\000s\000i\000n\000\040\000\050\000v\0002\000,\000\040\000T\000\040\000=\000\040\0001\0000\0000\000d\000\051}{section.17}% 81
\BOOKMARK [2][-]{subsection.17.4}{\376\377\000U\000p\000d\000a\000t\000e\000d\000\040\000\247\0001\0006\000.\0002\000\040\040\024\000\040\000C\000o\000n\000s\000t\000r\000u\000c\000t\000i\000v\000e\000\040\000e\000s\000c\000a\000p\000e\000\040\000w\000i\000t\000n\000e\000s\000s\000\040\000\050\000F\000I\000M\000-\000s\000e\000l\000e\000c\000t\000e\000d\000,\000\040\000T\000\040\000=\000\040\0001\0000\0000\000d\000\051}{section.17}% 82
\BOOKMARK [2][-]{subsection.17.5}{\376\377\000U\000p\000d\000a\000t\000e\000d\000\040\000\247\0001\0006\000.\0003\000\040\040\024\000\040\000P\000a\000t\000h\000o\000l\000o\000g\000i\000c\000a\000l\000\040\000o\000v\000e\000r\000-\000t\000r\000a\000i\000n\000i\000n\000g\000\040\000b\000a\000s\000i\000n\000\040\000\050\000v\0002\000,\000\040\000T\000\040\000=\000\040\0001\0000\0000\000d\000\051}{section.17}% 83
\BOOKMARK [2][-]{subsection.17.6}{\376\377\000S\000u\000m\000m\000a\000r\000y\000\040\000o\000f\000\040\000\247\0001\0007\000\040\000r\000e\000v\000i\000s\000i\000o\000n\000s}{section.17}% 84
\BOOKMARK [1][-]{appendix.A}{\376\377\000N\000u\000m\000e\000r\000i\000c\000a\000l\000\040\000a\000n\000c\000h\000o\000r\000s}{}% 85
\BOOKMARK [1][-]{appendix.B}{\376\377\000C\000o\000m\000p\000o\000s\000i\000t\000e\000\040\000L\000y\000a\000p\000u\000n\000o\000v\000\040\000f\000u\000n\000c\000t\000i\000o\000n\000\040\000f\000o\000r\000\040\000F\000S\000A\000-\000v\0005}{}% 86
\BOOKMARK [2][-]{subsection.B.1}{\376\377\000A\000d\000a\000p\000t\000a\000t\000i\000o\000n\000\040\000f\000r\000o\000m\000\040\000F\000S\000A\000-\000v\0004}{appendix.B}% 87
\BOOKMARK [2][-]{subsection.B.2}{\376\377\000W\000h\000y\000\040\000t\000h\000i\000s\000\040\000d\000o\000e\000s\000\040\000n\000o\000t\000\040\000d\000i\000r\000e\000c\000t\000l\000y\000\040\000r\000e\000s\000o\000l\000v\000e\000\040\000c\000o\000n\000t\000r\000o\000l\000l\000a\000b\000i\000l\000i\000t\000y}{appendix.B}% 88
\BOOKMARK [2][-]{subsection.B.3}{\376\377\000M\000e\000c\000h\000a\000n\000i\000s\000a\000t\000i\000o\000n\000\040\000n\000o\000t\000e}{appendix.B}% 89
