Script started on 2026-05-08 00:18:07+01:00 [COMMAND="JULIA_NUM_THREADS=4 nice -n 5 julia --project=. tools/bench_smc_full_mpc_fsa_gpu.jl --step-minutes 60 --replan-K 2 --T-days 14 --N-smc 128 --K-per-chain 800 --seed 42 --output-dir /home/ajay/Repos/python-smc2-filtering-control/version_2_Julia/outputs/fsa_high_res/gpu_saturation_sweep/2026-05-07_2357/N128_K800/bench_output" <not executed on terminal>]
]0;Julia]0;Julia[ Info: loading model + framework (FSA_STEP_MINUTES=60)...
[ Info: config: T=14d, step=60min, BINS_PER_DAY=24, WINDOW=24, STRIDE=12, n_strides=27
[ Info: GPU device: NVIDIA GeForce RTX 5090
[ Info: building MPC and baseline plants...
[ Info:   mpc plant init state: B=0.05, F=0.3, A=0.1
[ Info: building GPU target: N_SMC=128, K_per_chain=800, M_max=7808
[ Info: prior means (first 5): [3.738, 1.851, -4.384, -3.507, -0.916]
[ Info: running closed-loop MPC SMC² (27 windows, replan every K=2)...
[ Info:   [ 1] λ 0.000 → 0.100  (Δλ=0.100)  L=8  accept=96%
[ Info:   [ 2] λ 0.100 → 0.200  (Δλ=0.100)  L=8  accept=96%
[ Info:   [ 3] λ 0.200 → 0.300  (Δλ=0.100)  L=8  accept=96%
[ Info:   [ 4] λ 0.300 → 0.400  (Δλ=0.100)  L=8  accept=95%
[ Info:   [ 5] λ 0.400 → 0.500  (Δλ=0.100)  L=8  accept=97%
[ Info:   [ 6] λ 0.500 → 0.600  (Δλ=0.100)  L=8  accept=95%
[ Info:   [ 7] λ 0.600 → 0.700  (Δλ=0.100)  L=8  accept=96%
[ Info:   [ 8] λ 0.700 → 0.800  (Δλ=0.100)  L=8  accept=95%
[ Info:   [ 9] λ 0.800 → 0.900  (Δλ=0.100)  L=8  accept=97%
[ Info:   [10] λ 0.900 → 1.000  (Δλ=0.100)  L=8  accept=96%
[ Info: [stride  1/27] 21.5s  10 filter levels  Φ=1.000  x̂=(0.062, 0.273, 0.097)
[ Info:   [ 1] λ 0.000 → 0.100  (Δλ=0.100)  L=8  accept=93%
[ Info:   [ 2] λ 0.100 → 0.200  (Δλ=0.100)  L=8  accept=95%
[ Info:   [ 3] λ 0.200 → 0.300  (Δλ=0.100)  L=8  accept=93%
[ Info:   [ 4] λ 0.300 → 0.400  (Δλ=0.100)  L=8  accept=95%
[ Info:   [ 5] λ 0.400 → 0.500  (Δλ=0.100)  L=8  accept=95%
[ Info:   [ 6] λ 0.500 → 0.600  (Δλ=0.100)  L=8  accept=95%
[ Info:   [ 7] λ 0.600 → 0.700  (Δλ=0.100)  L=8  accept=94%
[ Info:   [ 8] λ 0.700 → 0.800  (Δλ=0.100)  L=8  accept=94%
[ Info:   [ 9] λ 0.800 → 0.900  (Δλ=0.100)  L=8  accept=95%
[ Info:   [10] λ 0.900 → 1.000  (Δλ=0.100)  L=8  accept=93%
[ Info:   [end-of-stride  2 replan] GPU 5 levels, 14.6s, Phi mean=0.337  shape=[0.28→0.15→0.24→0.46→0.83]
[ Info: [stride  2/27] 22.7s  10 filter levels  Φ=1.000  x̂=(0.068, 0.277, 0.101)
[ Info:   [ 1] λ 0.000 → 0.100  (Δλ=0.100)  L=8  accept=96%
[ Info:   [ 2] λ 0.100 → 0.200  (Δλ=0.100)  L=8  accept=96%
[ Info:   [ 3] λ 0.200 → 0.300  (Δλ=0.100)  L=8  accept=96%
[ Info:   [ 4] λ 0.300 → 0.400  (Δλ=0.100)  L=8  accept=97%
[ Info:   [ 5] λ 0.400 → 0.500  (Δλ=0.100)  L=8  accept=95%
[ Info:   [ 6] λ 0.500 → 0.600  (Δλ=0.100)  L=8  accept=97%
[ Info:   [ 7] λ 0.600 → 0.700  (Δλ=0.100)  L=8  accept=96%
[ Info:   [ 8] λ 0.700 → 0.800  (Δλ=0.100)  L=8  accept=96%
[ Info:   [ 9] λ 0.800 → 0.900  (Δλ=0.100)  L=8  accept=97%
[ Info:   [10] λ 0.900 → 1.000  (Δλ=0.100)  L=8  accept=96%
[ Info: [stride  3/27] 7.4s  10 filter levels  Φ=0.253  x̂=(0.070, 0.262, 0.098)
[ Info:   [ 1] λ 0.000 → 0.100  (Δλ=0.100)  L=8  accept=96%
[ Info:   [ 2] λ 0.100 → 0.200  (Δλ=0.100)  L=8  accept=96%
[ Info:   [ 3] λ 0.200 → 0.300  (Δλ=0.100)  L=8  accept=95%
[ Info:   [ 4] λ 0.300 → 0.400  (Δλ=0.100)  L=8  accept=97%
[ Info:   [ 5] λ 0.400 → 0.500  (Δλ=0.100)  L=8  accept=96%
[ Info:   [ 6] λ 0.500 → 0.600  (Δλ=0.100)  L=8  accept=96%
[ Info:   [ 7] λ 0.600 → 0.700  (Δλ=0.100)  L=8  accept=95%
[ Info:   [ 8] λ 0.700 → 0.800  (Δλ=0.100)  L=8  accept=95%
[ Info:   [ 9] λ 0.800 → 0.900  (Δλ=0.100)  L=8  accept=98%
[ Info:   [10] λ 0.900 → 1.000  (Δλ=0.100)  L=8  accept=96%
[ Info:   [end-of-stride  4 replan] GPU 5 levels, 14.6s, Phi mean=0.314  shape=[0.27→0.14→0.21→0.43→0.81]
[ Info: [stride  4/27] 22.2s  10 filter levels  Φ=0.207  x̂=(0.076, 0.244, 0.096)
[ Info:   [ 1] λ 0.000 → 0.100  (Δλ=0.100)  L=8  accept=95%
[ Info:   [ 2] λ 0.100 → 0.200  (Δλ=0.100)  L=8  accept=97%
[ Info:   [ 3] λ 0.200 → 0.300  (Δλ=0.100)  L=8  accept=95%
[ Info:   [ 4] λ 0.300 → 0.400  (Δλ=0.100)  L=8  accept=95%
[ Info:   [ 5] λ 0.400 → 0.500  (Δλ=0.100)  L=8  accept=96%
[ Info:   [ 6] λ 0.500 → 0.600  (Δλ=0.100)  L=8  accept=97%
[ Info:   [ 7] λ 0.600 → 0.700  (Δλ=0.100)  L=8  accept=97%
[ Info:   [ 8] λ 0.700 → 0.800  (Δλ=0.100)  L=8  accept=96%
[ Info:   [ 9] λ 0.800 → 0.900  (Δλ=0.100)  L=8  accept=97%
[ Info:   [10] λ 0.900 → 1.000  (Δλ=0.100)  L=8  accept=98%
[ Info: [stride  5/27] 7.3s  10 filter levels  Φ=0.248  x̂=(0.078, 0.224, 0.094)
[ Info:   [ 1] λ 0.000 → 0.100  (Δλ=0.100)  L=8  accept=96%
[ Info:   [ 2] λ 0.100 → 0.200  (Δλ=0.100)  L=8  accept=97%
