Script started on 2026-05-08 00:42:34+01:00 [COMMAND="JULIA_NUM_THREADS=4 julia --project=. tools/bench_smc_full_mpc_fsa_gpu.jl --step-minutes 60 --replan-K 2 --T-days 14 --N-smc 256 --K-per-chain 1600 --seed 42 --open-loop true --output-dir /home/ajay/Repos/python-smc2-filtering-control/version_2_Julia/outputs/fsa_high_res/gpu_saturation_sweep/2026-05-07_2357/closed_loop_at_saturation/run_B" <not executed on terminal>]
]0;Julia]0;Julia[ Info: loading model + framework (FSA_STEP_MINUTES=60)...
[ Info: config: T=14d, step=60min, BINS_PER_DAY=24, WINDOW=24, STRIDE=12, n_strides=27
[ Info: GPU device: NVIDIA GeForce RTX 5090
[ Info: building MPC and baseline plants...
[ Info:   mpc plant init state: B=0.05, F=0.3, A=0.1
[ Info: building GPU target: N_SMC=256, K_per_chain=1600, M_max=15616
[ Info: prior means (first 5): [3.738, 1.851, -4.384, -3.507, -0.916]
[ Info: running OPEN-LOOP bench: one initial plan at INIT_STATE+TRUTH_PARAMS, applied for 27 strides (no replan). Filter still runs but does not feed the controller.
[ Info:   [open-loop initial plan] 5 levels, Phi mean=0.307  shape=[0.24→0.13→0.22→0.42→0.79]
[ Info:   [ 1] λ 0.000 → 0.100  (Δλ=0.100)  L=8  accept=95%
[ Info:   [ 2] λ 0.100 → 0.200  (Δλ=0.100)  L=8  accept=95%
[ Info:   [ 3] λ 0.200 → 0.300  (Δλ=0.100)  L=8  accept=96%
[ Info:   [ 4] λ 0.300 → 0.400  (Δλ=0.100)  L=8  accept=95%
[ Info:   [ 5] λ 0.400 → 0.500  (Δλ=0.100)  L=8  accept=96%
[ Info:   [ 6] λ 0.500 → 0.600  (Δλ=0.100)  L=8  accept=96%
[ Info:   [ 7] λ 0.600 → 0.700  (Δλ=0.100)  L=8  accept=95%
[ Info:   [ 8] λ 0.700 → 0.800  (Δλ=0.100)  L=8  accept=96%
[ Info:   [ 9] λ 0.800 → 0.900  (Δλ=0.100)  L=8  accept=95%
[ Info:   [10] λ 0.900 → 1.000  (Δλ=0.100)  L=8  accept=96%
[ Info: [stride  1/27] 25.2s  10 filter levels  Φ=0.199  x̂=(0.051, 0.255, 0.097)
[ Info:   [ 1] λ 0.000 → 0.100  (Δλ=0.100)  L=8  accept=92%
[ Info:   [ 2] λ 0.100 → 0.200  (Δλ=0.100)  L=8  accept=92%
[ Info:   [ 3] λ 0.200 → 0.300  (Δλ=0.100)  L=8  accept=93%
[ Info:   [ 4] λ 0.300 → 0.400  (Δλ=0.100)  L=8  accept=93%
[ Info:   [ 5] λ 0.400 → 0.500  (Δλ=0.100)  L=8  accept=93%
[ Info:   [ 6] λ 0.500 → 0.600  (Δλ=0.100)  L=8  accept=92%
[ Info:   [ 7] λ 0.600 → 0.700  (Δλ=0.100)  L=8  accept=94%
[ Info:   [ 8] λ 0.700 → 0.800  (Δλ=0.100)  L=8  accept=93%
[ Info:   [ 9] λ 0.800 → 0.900  (Δλ=0.100)  L=8  accept=94%
[ Info:   [10] λ 0.900 → 1.000  (Δλ=0.100)  L=8  accept=93%
[ Info: [stride  2/27] 19.6s  10 filter levels  Φ=0.150  x̂=(0.053, 0.243, 0.101)
[ Info:   [ 1] λ 0.000 → 0.100  (Δλ=0.100)  L=8  accept=96%
[ Info:   [ 2] λ 0.100 → 0.200  (Δλ=0.100)  L=8  accept=95%
[ Info:   [ 3] λ 0.200 → 0.300  (Δλ=0.100)  L=8  accept=96%
[ Info:   [ 4] λ 0.300 → 0.400  (Δλ=0.100)  L=8  accept=96%
[ Info:   [ 5] λ 0.400 → 0.500  (Δλ=0.100)  L=8  accept=94%
[ Info:   [ 6] λ 0.500 → 0.600  (Δλ=0.100)  L=8  accept=96%
[ Info:   [ 7] λ 0.600 → 0.700  (Δλ=0.100)  L=8  accept=96%
[ Info:   [ 8] λ 0.700 → 0.800  (Δλ=0.100)  L=8  accept=95%
[ Info:   [ 9] λ 0.800 → 0.900  (Δλ=0.100)  L=8  accept=96%
[ Info:   [10] λ 0.900 → 1.000  (Δλ=0.100)  L=8  accept=96%
[ Info: [stride  3/27] 19.5s  10 filter levels  Φ=0.134  x̂=(0.054, 0.234, 0.099)
[ Info:   [ 1] λ 0.000 → 0.100  (Δλ=0.100)  L=8  accept=96%
[ Info:   [ 2] λ 0.100 → 0.200  (Δλ=0.100)  L=8  accept=96%
[ Info:   [ 3] λ 0.200 → 0.300  (Δλ=0.100)  L=8  accept=97%
[ Info:   [ 4] λ 0.300 → 0.400  (Δλ=0.100)  L=8  accept=95%
[ Info:   [ 5] λ 0.400 → 0.500  (Δλ=0.100)  L=8  accept=97%
[ Info:   [ 6] λ 0.500 → 0.600  (Δλ=0.100)  L=8  accept=97%
[ Info:   [ 7] λ 0.600 → 0.700  (Δλ=0.100)  L=8  accept=96%
[ Info:   [ 8] λ 0.700 → 0.800  (Δλ=0.100)  L=8  accept=96%
[ Info:   [ 9] λ 0.800 → 0.900  (Δλ=0.100)  L=8  accept=96%
[ Info:   [10] λ 0.900 → 1.000  (Δλ=0.100)  L=8  accept=97%
[ Info: [stride  4/27] 19.5s  10 filter levels  Φ=0.125  x̂=(0.059, 0.217, 0.097)
[ Info:   [ 1] λ 0.000 → 0.100  (Δλ=0.100)  L=8  accept=97%
[ Info:   [ 2] λ 0.100 → 0.200  (Δλ=0.100)  L=8  accept=97%
[ Info:   [ 3] λ 0.200 → 0.300  (Δλ=0.100)  L=8  accept=97%
[ Info:   [ 4] λ 0.300 → 0.400  (Δλ=0.100)  L=8  accept=96%
[ Info:   [ 5] λ 0.400 → 0.500  (Δλ=0.100)  L=8  accept=96%
[ Info:   [ 6] λ 0.500 → 0.600  (Δλ=0.100)  L=8  accept=96%
[ Info:   [ 7] λ 0.600 → 0.700  (Δλ=0.100)  L=8  accept=96%
[ Info:   [ 8] λ 0.700 → 0.800  (Δλ=0.100)  L=8  accept=96%
[ Info:   [ 9] λ 0.800 → 0.900  (Δλ=0.100)  L=8  accept=97%
[ Info:   [10] λ 0.900 → 1.000  (Δλ=0.100)  L=8  accept=96%
[ Info: [stride  5/27] 20.2s  10 filter levels  Φ=0.123  x̂=(0.061, 0.193, 0.094)
[ Info:   [ 1] λ 0.000 → 0.100  (Δλ=0.100)  L=8  accept=97%
[ Info:   [ 2] λ 0.100 → 0.200  (Δλ=0.100)  L=8  accept=97%
[ Info:   [ 3] λ 0.200 → 0.300  (Δλ=0.100)  L=8  accept=96%
[ Info:   [ 4] λ 0.300 → 0.400  (Δλ=0.100)  L=8  accept=96%
[ Info:   [ 5] λ 0.400 → 0.500  (Δλ=0.100)  L=8  accept=97%
[ Info:   [ 6] λ 0.500 → 0.600  (Δλ=0.100)  L=8  accept=95%
[ Info:   [ 7] λ 0.600 → 0.700  (Δλ=0.100)  L=8  accept=96%
[ Info:   [ 8] λ 0.700 → 0.800  (Δλ=0.100)  L=8  accept=97%
[ Info:   [ 9] λ 0.800 → 0.900  (Δλ=0.100)  L=8  accept=96%
[ Info:   [10] λ 0.900 → 1.000  (Δλ=0.100)  L=8  accept=96%
[ Info: [stride  6/27] 20.1s  10 filter levels  Φ=0.125  x̂=(0.060, 0.182, 0.097)
[ Info:   [ 1] λ 0.000 → 0.100  (Δλ=0.100)  L=8  accept=96%
[ Info:   [ 2] λ 0.100 → 0.200  (Δλ=0.100)  L=8  accept=96%
[ Info:   [ 3] λ 0.200 → 0.300  (Δλ=0.100)  L=8  accept=95%
[ Info:   [ 4] λ 0.300 → 0.400  (Δλ=0.100)  L=8  accept=96%
[ Info:   [ 5] λ 0.400 → 0.500  (Δλ=0.100)  L=8  accept=96%
[ Info:   [ 6] λ 0.500 → 0.600  (Δλ=0.100)  L=8  accept=96%
[ Info:   [ 7] λ 0.600 → 0.700  (Δλ=0.100)  L=8  accept=95%
[ Info:   [ 8] λ 0.700 → 0.800  (Δλ=0.100)  L=8  accept=96%
[ Info:   [ 9] λ 0.800 → 0.900  (Δλ=0.100)  L=8  accept=95%
[ Info:   [10] λ 0.900 → 1.000  (Δλ=0.100)  L=8  accept=96%
[ Info: [stride  7/27] 19.4s  10 filter levels  Φ=0.131  x̂=(0.059, 0.174, 0.094)
[ Info:   [ 1] λ 0.000 → 0.100  (Δλ=0.100)  L=8  accept=95%
[ Info:   [ 2] λ 0.100 → 0.200  (Δλ=0.100)  L=8  accept=95%
[ Info:   [ 3] λ 0.200 → 0.300  (Δλ=0.100)  L=8  accept=95%
[ Info:   [ 4] λ 0.300 → 0.400  (Δλ=0.100)  L=8  accept=95%
[ Info:   [ 5] λ 0.400 → 0.500  (Δλ=0.100)  L=8  accept=96%
[ Info:   [ 6] λ 0.500 → 0.600  (Δλ=0.100)  L=8  accept=95%
[ Info:   [ 7] λ 0.600 → 0.700  (Δλ=0.100)  L=8  accept=95%
[ Info:   [ 8] λ 0.700 → 0.800  (Δλ=0.100)  L=8  accept=96%
[ Info:   [ 9] λ 0.800 → 0.900  (Δλ=0.100)  L=8  accept=96%
[ Info:   [10] λ 0.900 → 1.000  (Δλ=0.100)  L=8  accept=96%
[ Info: [stride  8/27] 20.4s  10 filter levels  Φ=0.141  x̂=(0.058, 0.167, 0.098)
[ Info:   [ 1] λ 0.000 → 0.100  (Δλ=0.100)  L=8  accept=95%
[ Info:   [ 2] λ 0.100 → 0.200  (Δλ=0.100)  L=8  accept=94%
[ Info:   [ 3] λ 0.200 → 0.300  (Δλ=0.100)  L=8  accept=95%
[ Info:   [ 4] λ 0.300 → 0.400  (Δλ=0.100)  L=8  accept=94%
[ Info:   [ 5] λ 0.400 → 0.500  (Δλ=0.100)  L=8  accept=94%
[ Info:   [ 6] λ 0.500 → 0.600  (Δλ=0.100)  L=8  accept=95%
[ Info:   [ 7] λ 0.600 → 0.700  (Δλ=0.100)  L=8  accept=95%
[ Info:   [ 8] λ 0.700 → 0.800  (Δλ=0.100)  L=8  accept=93%
[ Info:   [ 9] λ 0.800 → 0.900  (Δλ=0.100)  L=8  accept=95%
[ Info:   [10] λ 0.900 → 1.000  (Δλ=0.100)  L=8  accept=95%
[ Info: [stride  9/27] 21.0s  10 filter levels  Φ=0.153  x̂=(0.060, 0.159, 0.092)
[ Info:   [ 1] λ 0.000 → 0.100  (Δλ=0.100)  L=8  accept=95%
[ Info:   [ 2] λ 0.100 → 0.200  (Δλ=0.100)  L=8  accept=95%
[ Info:   [ 3] λ 0.200 → 0.300  (Δλ=0.100)  L=8  accept=95%
[ Info:   [ 4] λ 0.300 → 0.400  (Δλ=0.100)  L=8  accept=95%
[ Info:   [ 5] λ 0.400 → 0.500  (Δλ=0.100)  L=8  accept=95%
[ Info:   [ 6] λ 0.500 → 0.600  (Δλ=0.100)  L=8  accept=96%
[ Info:   [ 7] λ 0.600 → 0.700  (Δλ=0.100)  L=8  accept=94%
[ Info:   [ 8] λ 0.700 → 0.800  (Δλ=0.100)  L=8  accept=94%
[ Info:   [ 9] λ 0.800 → 0.900  (Δλ=0.100)  L=8  accept=96%
[ Info:   [10] λ 0.900 → 1.000  (Δλ=0.100)  L=8  accept=95%
[ Info: [stride 10/27] 19.4s  10 filter levels  Φ=0.168  x̂=(0.058, 0.155, 0.085)
[ Info:   [ 1] λ 0.000 → 0.100  (Δλ=0.100)  L=8  accept=95%
[ Info:   [ 2] λ 0.100 → 0.200  (Δλ=0.100)  L=8  accept=96%
[ Info:   [ 3] λ 0.200 → 0.300  (Δλ=0.100)  L=8  accept=95%
[ Info:   [ 4] λ 0.300 → 0.400  (Δλ=0.100)  L=8  accept=96%
[ Info:   [ 5] λ 0.400 → 0.500  (Δλ=0.100)  L=8  accept=95%
[ Info:   [ 6] λ 0.500 → 0.600  (Δλ=0.100)  L=8  accept=96%
[ Info:   [ 7] λ 0.600 → 0.700  (Δλ=0.100)  L=8  accept=95%
[ Info:   [ 8] λ 0.700 → 0.800  (Δλ=0.100)  L=8  accept=96%
[ Info:   [ 9] λ 0.800 → 0.900  (Δλ=0.100)  L=8  accept=96%
[ Info:   [10] λ 0.900 → 1.000  (Δλ=0.100)  L=8  accept=96%
[ Info: [stride 11/27] 19.8s  10 filter levels  Φ=0.183  x̂=(0.057, 0.147, 0.091)
[ Info:   [ 1] λ 0.000 → 0.100  (Δλ=0.100)  L=8  accept=95%
[ Info:   [ 2] λ 0.100 → 0.200  (Δλ=0.100)  L=8  accept=95%
[ Info:   [ 3] λ 0.200 → 0.300  (Δλ=0.100)  L=8  accept=96%
[ Info:   [ 4] λ 0.300 → 0.400  (Δλ=0.100)  L=8  accept=95%
[ Info:   [ 5] λ 0.400 → 0.500  (Δλ=0.100)  L=8  accept=96%
[ Info:   [ 6] λ 0.500 → 0.600  (Δλ=0.100)  L=8  accept=97%
[ Info:   [ 7] λ 0.600 → 0.700  (Δλ=0.100)  L=8  accept=96%
[ Info:   [ 8] λ 0.700 → 0.800  (Δλ=0.100)  L=8  accept=96%
[ Info:   [ 9] λ 0.800 → 0.900  (Δλ=0.100)  L=8  accept=96%
[ Info:   [10] λ 0.900 → 1.000  (Δλ=0.100)  L=8  accept=96%
[ Info: [stride 12/27] 20.0s  10 filter levels  Φ=0.199  x̂=(0.057, 0.141, 0.097)
[ Info:   [ 1] λ 0.000 → 0.100  (Δλ=0.100)  L=8  accept=95%
[ Info:   [ 2] λ 0.100 → 0.200  (Δλ=0.100)  L=8  accept=95%
[ Info:   [ 3] λ 0.200 → 0.300  (Δλ=0.100)  L=8  accept=97%
[ Info:   [ 4] λ 0.300 → 0.400  (Δλ=0.100)  L=8  accept=97%
[ Info:   [ 5] λ 0.400 → 0.500  (Δλ=0.100)  L=8  accept=96%
[ Info:   [ 6] λ 0.500 → 0.600  (Δλ=0.100)  L=8  accept=97%
[ Info:   [ 7] λ 0.600 → 0.700  (Δλ=0.100)  L=8  accept=96%
[ Info:   [ 8] λ 0.700 → 0.800  (Δλ=0.100)  L=8  accept=96%
[ Info:   [ 9] λ 0.800 → 0.900  (Δλ=0.100)  L=8  accept=96%
[ Info:   [10] λ 0.900 → 1.000  (Δλ=0.100)  L=8  accept=96%
[ Info: [stride 13/27] 20.6s  10 filter levels  Φ=0.215  x̂=(0.059, 0.134, 0.092)
[ Info:   [ 1] λ 0.000 → 0.100  (Δλ=0.100)  L=8  accept=96%
[ Info:   [ 2] λ 0.100 → 0.200  (Δλ=0.100)  L=8  accept=95%
[ Info:   [ 3] λ 0.200 → 0.300  (Δλ=0.100)  L=8  accept=96%
[ Info:   [ 4] λ 0.300 → 0.400  (Δλ=0.100)  L=8  accept=96%
[ Info:   [ 5] λ 0.400 → 0.500  (Δλ=0.100)  L=8  accept=96%
[ Info:   [ 6] λ 0.500 → 0.600  (Δλ=0.100)  L=8  accept=96%
[ Info:   [ 7] λ 0.600 → 0.700  (Δλ=0.100)  L=8  accept=97%
[ Info:   [ 8] λ 0.700 → 0.800  (Δλ=0.100)  L=8  accept=96%
[ Info:   [ 9] λ 0.800 → 0.900  (Δλ=0.100)  L=8  accept=96%
[ Info:   [10] λ 0.900 → 1.000  (Δλ=0.100)  L=8  accept=96%
[ Info: [stride 14/27] 19.8s  10 filter levels  Φ=0.232  x̂=(0.060, 0.127, 0.089)
[ Info:   [ 1] λ 0.000 → 0.100  (Δλ=0.100)  L=8  accept=96%
[ Info:   [ 2] λ 0.100 → 0.200  (Δλ=0.100)  L=8  accept=96%
[ Info:   [ 3] λ 0.200 → 0.300  (Δλ=0.100)  L=8  accept=97%
[ Info:   [ 4] λ 0.300 → 0.400  (Δλ=0.100)  L=8  accept=96%
[ Info:   [ 5] λ 0.400 → 0.500  (Δλ=0.100)  L=8  accept=97%
[ Info:   [ 6] λ 0.500 → 0.600  (Δλ=0.100)  L=8  accept=95%
[ Info:   [ 7] λ 0.600 → 0.700  (Δλ=0.100)  L=8  accept=96%
[ Info:   [ 8] λ 0.700 → 0.800  (Δλ=0.100)  L=8  accept=96%
[ Info:   [ 9] λ 0.800 → 0.900  (Δλ=0.100)  L=8  accept=96%
[ Info:   [10] λ 0.900 → 1.000  (Δλ=0.100)  L=8  accept=95%
[ Info: [stride 15/27] 20.8s  10 filter levels  Φ=0.250  x̂=(0.061, 0.122, 0.078)
[ Info:   [ 1] λ 0.000 → 0.100  (Δλ=0.100)  L=8  accept=96%
[ Info:   [ 2] λ 0.100 → 0.200  (Δλ=0.100)  L=8  accept=95%
[ Info:   [ 3] λ 0.200 → 0.300  (Δλ=0.100)  L=8  accept=95%
[ Info:   [ 4] λ 0.300 → 0.400  (Δλ=0.100)  L=8  accept=96%
[ Info:   [ 5] λ 0.400 → 0.500  (Δλ=0.100)  L=8  accept=97%
[ Info:   [ 6] λ 0.500 → 0.600  (Δλ=0.100)  L=8  accept=97%
[ Info:   [ 7] λ 0.600 → 0.700  (Δλ=0.100)  L=8  accept=96%
[ Info:   [ 8] λ 0.700 → 0.800  (Δλ=0.100)  L=8  accept=96%
[ Info:   [ 9] λ 0.800 → 0.900  (Δλ=0.100)  L=8  accept=95%
[ Info:   [10] λ 0.900 → 1.000  (Δλ=0.100)  L=8  accept=95%
[ Info: [stride 16/27] 20.7s  10 filter levels  Φ=0.270  x̂=(0.064, 0.116, 0.076)
[ Info:   [ 1] λ 0.000 → 0.100  (Δλ=0.100)  L=8  accept=95%
[ Info:   [ 2] λ 0.100 → 0.200  (Δλ=0.100)  L=8  accept=97%
[ Info:   [ 3] λ 0.200 → 0.300  (Δλ=0.100)  L=8  accept=98%
[ Info:   [ 4] λ 0.300 → 0.400  (Δλ=0.100)  L=8  accept=97%
[ Info:   [ 5] λ 0.400 → 0.500  (Δλ=0.100)  L=8  accept=97%
[ Info:   [ 6] λ 0.500 → 0.600  (Δλ=0.100)  L=8  accept=95%
[ Info:   [ 7] λ 0.600 → 0.700  (Δλ=0.100)  L=8  accept=96%
[ Info:   [ 8] λ 0.700 → 0.800  (Δλ=0.100)  L=8  accept=96%
[ Info:   [ 9] λ 0.800 → 0.900  (Δλ=0.100)  L=8  accept=96%
[ Info:   [10] λ 0.900 → 1.000  (Δλ=0.100)  L=8  accept=96%
[ Info: [stride 17/27] 20.3s  10 filter levels  Φ=0.293  x̂=(0.064, 0.116, 0.080)
[ Info:   [ 1] λ 0.000 → 0.100  (Δλ=0.100)  L=8  accept=96%
[ Info:   [ 2] λ 0.100 → 0.200  (Δλ=0.100)  L=8  accept=97%
[ Info:   [ 3] λ 0.200 → 0.300  (Δλ=0.100)  L=8  accept=96%
[ Info:   [ 4] λ 0.300 → 0.400  (Δλ=0.100)  L=8  accept=97%
[ Info:   [ 5] λ 0.400 → 0.500  (Δλ=0.100)  L=8  accept=97%
[ Info:   [ 6] λ 0.500 → 0.600  (Δλ=0.100)  L=8  accept=97%
[ Info:   [ 7] λ 0.600 → 0.700  (Δλ=0.100)  L=8  accept=96%
[ Info:   [ 8] λ 0.700 → 0.800  (Δλ=0.100)  L=8  accept=96%
[ Info:   [ 9] λ 0.800 → 0.900  (Δλ=0.100)  L=8  accept=97%
[ Info:   [10] λ 0.900 → 1.000  (Δλ=0.100)  L=8  accept=95%
[ Info: [stride 18/27] 20.0s  10 filter levels  Φ=0.322  x̂=(0.069, 0.111, 0.082)
[ Info:   [ 1] λ 0.000 → 0.100  (Δλ=0.100)  L=8  accept=95%
[ Info:   [ 2] λ 0.100 → 0.200  (Δλ=0.100)  L=8  accept=97%
[ Info:   [ 3] λ 0.200 → 0.300  (Δλ=0.100)  L=8  accept=95%
[ Info:   [ 4] λ 0.300 → 0.400  (Δλ=0.100)  L=8  accept=96%
[ Info:   [ 5] λ 0.400 → 0.500  (Δλ=0.100)  L=8  accept=95%
[ Info:   [ 6] λ 0.500 → 0.600  (Δλ=0.100)  L=8  accept=96%
[ Info:   [ 7] λ 0.600 → 0.700  (Δλ=0.100)  L=8  accept=96%
[ Info:   [ 8] λ 0.700 → 0.800  (Δλ=0.100)  L=8  accept=95%
[ Info:   [ 9] λ 0.800 → 0.900  (Δλ=0.100)  L=8  accept=96%
[ Info:   [10] λ 0.900 → 1.000  (Δλ=0.100)  L=8  accept=96%
[ Info: [stride 19/27] 19.4s  10 filter levels  Φ=0.355  x̂=(0.070, 0.108, 0.081)
[ Info:   [ 1] λ 0.000 → 0.100  (Δλ=0.100)  L=8  accept=96%
[ Info:   [ 2] λ 0.100 → 0.200  (Δλ=0.100)  L=8  accept=98%
[ Info:   [ 3] λ 0.200 → 0.300  (Δλ=0.100)  L=8  accept=96%
[ Info:   [ 4] λ 0.300 → 0.400  (Δλ=0.100)  L=8  accept=97%
[ Info:   [ 5] λ 0.400 → 0.500  (Δλ=0.100)  L=8  accept=96%
[ Info:   [ 6] λ 0.500 → 0.600  (Δλ=0.100)  L=8  accept=96%
[ Info:   [ 7] λ 0.600 → 0.700  (Δλ=0.100)  L=8  accept=96%
[ Info:   [ 8] λ 0.700 → 0.800  (Δλ=0.100)  L=8  accept=96%
[ Info:   [ 9] λ 0.800 → 0.900  (Δλ=0.100)  L=8  accept=96%
[ Info:   [10] λ 0.900 → 1.000  (Δλ=0.100)  L=8  accept=96%
[ Info: [stride 20/27] 19.2s  10 filter levels  Φ=0.395  x̂=(0.070, 0.105, 0.085)
[ Info:   [ 1] λ 0.000 → 0.100  (Δλ=0.100)  L=8  accept=96%
[ Info:   [ 2] λ 0.100 → 0.200  (Δλ=0.100)  L=8  accept=96%
[ Info:   [ 3] λ 0.200 → 0.300  (Δλ=0.100)  L=8  accept=96%
[ Info:   [ 4] λ 0.300 → 0.400  (Δλ=0.100)  L=8  accept=96%
[ Info:   [ 5] λ 0.400 → 0.500  (Δλ=0.100)  L=8  accept=95%
[ Info:   [ 6] λ 0.500 → 0.600  (Δλ=0.100)  L=8  accept=97%
[ Info:   [ 7] λ 0.600 → 0.700  (Δλ=0.100)  L=8  accept=97%
[ Info:   [ 8] λ 0.700 → 0.800  (Δλ=0.100)  L=8  accept=97%
[ Info:   [ 9] λ 0.800 → 0.900  (Δλ=0.100)  L=8  accept=96%
[ Info:   [10] λ 0.900 → 1.000  (Δλ=0.100)  L=8  accept=95%
[ Info: [stride 21/27] 19.0s  10 filter levels  Φ=0.442  x̂=(0.073, 0.102, 0.090)
[ Info:   [ 1] λ 0.000 → 0.100  (Δλ=0.100)  L=8  accept=95%
[ Info:   [ 2] λ 0.100 → 0.200  (Δλ=0.100)  L=8  accept=95%
[ Info:   [ 3] λ 0.200 → 0.300  (Δλ=0.100)  L=8  accept=95%
[ Info:   [ 4] λ 0.300 → 0.400  (Δλ=0.100)  L=8  accept=96%
[ Info:   [ 5] λ 0.400 → 0.500  (Δλ=0.100)  L=8  accept=96%
[ Info:   [ 6] λ 0.500 → 0.600  (Δλ=0.100)  L=8  accept=96%
[ Info:   [ 7] λ 0.600 → 0.700  (Δλ=0.100)  L=8  accept=95%
[ Info:   [ 8] λ 0.700 → 0.800  (Δλ=0.100)  L=8  accept=96%
[ Info:   [ 9] λ 0.800 → 0.900  (Δλ=0.100)  L=8  accept=96%
[ Info:   [10] λ 0.900 → 1.000  (Δλ=0.100)  L=8  accept=96%
[ Info: [stride 22/27] 19.3s  10 filter levels  Φ=0.493  x̂=(0.074, 0.104, 0.088)
[ Info:   [ 1] λ 0.000 → 0.100  (Δλ=0.100)  L=8  accept=96%
[ Info:   [ 2] λ 0.100 → 0.200  (Δλ=0.100)  L=8  accept=96%
[ Info:   [ 3] λ 0.200 → 0.300  (Δλ=0.100)  L=8  accept=96%
[ Info:   [ 4] λ 0.300 → 0.400  (Δλ=0.100)  L=8  accept=97%
[ Info:   [ 5] λ 0.400 → 0.500  (Δλ=0.100)  L=8  accept=97%
[ Info:   [ 6] λ 0.500 → 0.600  (Δλ=0.100)  L=8  accept=96%
[ Info:   [ 7] λ 0.600 → 0.700  (Δλ=0.100)  L=8  accept=96%
[ Info:   [ 8] λ 0.700 → 0.800  (Δλ=0.100)  L=8  accept=97%
[ Info:   [ 9] λ 0.800 → 0.900  (Δλ=0.100)  L=8  accept=96%
[ Info:   [10] λ 0.900 → 1.000  (Δλ=0.100)  L=8  accept=96%
[ Info: [stride 23/27] 20.9s  10 filter levels  Φ=0.549  x̂=(0.075, 0.104, 0.095)
[ Info:   [ 1] λ 0.000 → 0.100  (Δλ=0.100)  L=8  accept=96%
[ Info:   [ 2] λ 0.100 → 0.200  (Δλ=0.100)  L=8  accept=96%
[ Info:   [ 3] λ 0.200 → 0.300  (Δλ=0.100)  L=8  accept=96%
[ Info:   [ 4] λ 0.300 → 0.400  (Δλ=0.100)  L=8  accept=96%
[ Info:   [ 5] λ 0.400 → 0.500  (Δλ=0.100)  L=8  accept=95%
[ Info:   [ 6] λ 0.500 → 0.600  (Δλ=0.100)  L=8  accept=96%
[ Info:   [ 7] λ 0.600 → 0.700  (Δλ=0.100)  L=8  accept=96%
[ Info:   [ 8] λ 0.700 → 0.800  (Δλ=0.100)  L=8  accept=95%
[ Info:   [ 9] λ 0.800 → 0.900  (Δλ=0.100)  L=8  accept=96%
[ Info:   [10] λ 0.900 → 1.000  (Δλ=0.100)  L=8  accept=96%
[ Info: [stride 24/27] 19.9s  10 filter levels  Φ=0.606  x̂=(0.083, 0.107, 0.094)
[ Info:   [ 1] λ 0.000 → 0.100  (Δλ=0.100)  L=8  accept=95%
[ Info:   [ 2] λ 0.100 → 0.200  (Δλ=0.100)  L=8  accept=95%
[ Info:   [ 3] λ 0.200 → 0.300  (Δλ=0.100)  L=8  accept=95%
[ Info:   [ 4] λ 0.300 → 0.400  (Δλ=0.100)  L=8  accept=95%
[ Info:   [ 5] λ 0.400 → 0.500  (Δλ=0.100)  L=8  accept=96%
[ Info:   [ 6] λ 0.500 → 0.600  (Δλ=0.100)  L=8  accept=96%
[ Info:   [ 7] λ 0.600 → 0.700  (Δλ=0.100)  L=8  accept=96%
[ Info:   [ 8] λ 0.700 → 0.800  (Δλ=0.100)  L=8  accept=95%
[ Info:   [ 9] λ 0.800 → 0.900  (Δλ=0.100)  L=8  accept=96%
[ Info:   [10] λ 0.900 → 1.000  (Δλ=0.100)  L=8  accept=95%
[ Info: [stride 25/27] 19.8s  10 filter levels  Φ=0.663  x̂=(0.089, 0.104, 0.085)
[ Info:   [ 1] λ 0.000 → 0.100  (Δλ=0.100)  L=8  accept=96%
[ Info:   [ 2] λ 0.100 → 0.200  (Δλ=0.100)  L=8  accept=95%
[ Info:   [ 3] λ 0.200 → 0.300  (Δλ=0.100)  L=8  accept=96%
[ Info:   [ 4] λ 0.300 → 0.400  (Δλ=0.100)  L=8  accept=96%
[ Info:   [ 5] λ 0.400 → 0.500  (Δλ=0.100)  L=8  accept=97%
[ Info:   [ 6] λ 0.500 → 0.600  (Δλ=0.100)  L=8  accept=95%
[ Info:   [ 7] λ 0.600 → 0.700  (Δλ=0.100)  L=8  accept=97%
[ Info:   [ 8] λ 0.700 → 0.800  (Δλ=0.100)  L=8  accept=95%
[ Info:   [ 9] λ 0.800 → 0.900  (Δλ=0.100)  L=8  accept=96%
[ Info:   [10] λ 0.900 → 1.000  (Δλ=0.100)  L=8  accept=96%
[ Info: [stride 26/27] 19.5s  10 filter levels  Φ=0.719  x̂=(0.091, 0.109, 0.087)
[ Info:   [ 1] λ 0.000 → 0.100  (Δλ=0.100)  L=8  accept=97%
[ Info:   [ 2] λ 0.100 → 0.200  (Δλ=0.100)  L=8  accept=95%
[ Info:   [ 3] λ 0.200 → 0.300  (Δλ=0.100)  L=8  accept=96%
[ Info:   [ 4] λ 0.300 → 0.400  (Δλ=0.100)  L=8  accept=97%
[ Info:   [ 5] λ 0.400 → 0.500  (Δλ=0.100)  L=8  accept=96%
[ Info:   [ 6] λ 0.500 → 0.600  (Δλ=0.100)  L=8  accept=95%
[ Info:   [ 7] λ 0.600 → 0.700  (Δλ=0.100)  L=8  accept=97%
[ Info:   [ 8] λ 0.700 → 0.800  (Δλ=0.100)  L=8  accept=95%
[ Info:   [ 9] λ 0.800 → 0.900  (Δλ=0.100)  L=8  accept=96%
[ Info:   [10] λ 0.900 → 1.000  (Δλ=0.100)  L=8  accept=97%
[ Info: [stride 27/27] 19.4s  10 filter levels  Φ=0.771  x̂=(0.096, 0.111, 0.086)
[ Info: Total wall time: 566.4 s  (1 replans)
[ Info: wrote /home/ajay/Repos/python-smc2-filtering-control/version_2_Julia/outputs/fsa_high_res/gpu_saturation_sweep/2026-05-07_2357/closed_loop_at_saturation/run_B/data.jld2
Could not create decoration from factory! Running with no decorations.
[ Info: wrote /home/ajay/Repos/python-smc2-filtering-control/version_2_Julia/outputs/fsa_high_res/gpu_saturation_sweep/2026-05-07_2357/closed_loop_at_saturation/run_B/E5_full_mpc_T14d_traces.png
[ Info: wrote /home/ajay/Repos/python-smc2-filtering-control/version_2_Julia/outputs/fsa_high_res/gpu_saturation_sweep/2026-05-07_2357/closed_loop_at_saturation/run_B/E5_full_mpc_T14d_param_traces.png
[ Info: data saved: /home/ajay/Repos/python-smc2-filtering-control/version_2_Julia/outputs/fsa_high_res/gpu_saturation_sweep/2026-05-07_2357/closed_loop_at_saturation/run_B/data.jld2

Script done on 2026-05-08 00:52:31+01:00 [COMMAND_EXIT_CODE="0"]
