[ Info: loading model + framework (FSA_STEP_MINUTES=60)...
[ Info: config: T=56d step=60min BINS_PER_DAY=24 WINDOW=24 STRIDE=12 n_strides=111  open_loop=false
[ Info: GPU device: NVIDIA GeForce RTX 5090
[ Info: filter target: N_SMC=512 K_per_chain=1000 d=10 M_max=10752
[ Info: filter target: OT rescue DISABLED (ot-max-weight = 0.0, fast path)
[ Info: controller cfg: n_smc=1024 n_inner=64 num_mcmc=8 hmc_leap=16 chees=[16, 32, 64, 128, 256, 512] max_levels=40
[ Info: [stride  1/111] 0.0s  warming up (hist=12/24) Φ̄=1.000 x̂=(0.055, 0.296, 0.095)
[ Info:     [ 1] λ 0.000 → 0.200 (Δλ=0.200) accept=0%
[ Info:     [ 2] λ 0.200 → 0.400 (Δλ=0.200) accept=0%
[ Info:     [ 3] λ 0.400 → 0.600 (Δλ=0.200) accept=0%
[ Info:     [ 4] λ 0.600 → 0.800 (Δλ=0.200) accept=0%
[ Info:     [ 5] λ 0.800 → 1.000 (Δλ=0.200) accept=0%
[ Info: [stride  2/111] 6.3s  5 filter levels  Φ̄=1.000 x̂=(0.060, 0.294, 0.090)
[ Info:   [replan @ stride  2] 22.7s  Φ̄_plan=1.066  shape=[1.59→1.05→0.81]  ctrl_n_temp=6
[ Info:     [ 1] λ 0.000 → 0.200 (Δλ=0.200) accept=0%
[ Info:     [ 2] λ 0.200 → 0.400 (Δλ=0.200) accept=0%
[ Info:     [ 3] λ 0.400 → 0.600 (Δλ=0.200) accept=0%
[ Info:     [ 4] λ 0.600 → 0.800 (Δλ=0.200) accept=0%
[ Info:     [ 5] λ 0.800 → 1.000 (Δλ=0.200) accept=0%
[ Info: [stride  3/111] 0.1s  5 filter levels  Φ̄=1.606 x̂=(0.068, 0.294, 0.087)
[ Info:     [ 1] λ 0.000 → 0.200 (Δλ=0.200) accept=0%
[ Info:     [ 2] λ 0.200 → 0.400 (Δλ=0.200) accept=0%
[ Info:     [ 3] λ 0.400 → 0.600 (Δλ=0.200) accept=0%
[ Info:     [ 4] λ 0.600 → 0.800 (Δλ=0.200) accept=0%
[ Info:     [ 5] λ 0.800 → 1.000 (Δλ=0.200) accept=0%
[ Info: [stride  4/111] 0.1s  5 filter levels  Φ̄=1.629 x̂=(0.077, 0.292, 0.086)
[ Info:   [replan @ stride  4] 17.8s  Φ̄_plan=1.134  shape=[1.64→1.06→0.86]  ctrl_n_temp=5
[ Info:     [ 1] λ 0.000 → 0.200 (Δλ=0.200) accept=0%
[ Info:     [ 2] λ 0.200 → 0.400 (Δλ=0.200) accept=0%
[ Info:     [ 3] λ 0.400 → 0.600 (Δλ=0.200) accept=0%
[ Info:     [ 4] λ 0.600 → 0.800 (Δλ=0.200) accept=0%
[ Info:     [ 5] λ 0.800 → 1.000 (Δλ=0.200) accept=0%
[ Info: [stride  5/111] 0.2s  5 filter levels  Φ̄=1.656 x̂=(0.088, 0.295, 0.083)
[ Info:     [ 1] λ 0.000 → 0.200 (Δλ=0.200) accept=0%
[ Info:     [ 2] λ 0.200 → 0.400 (Δλ=0.200) accept=0%
[ Info:     [ 3] λ 0.400 → 0.600 (Δλ=0.200) accept=0%
[ Info:     [ 4] λ 0.600 → 0.800 (Δλ=0.200) accept=0%
[ Info:     [ 5] λ 0.800 → 1.000 (Δλ=0.200) accept=0%
[ Info: [stride  6/111] 0.2s  5 filter levels  Φ̄=1.681 x̂=(0.096, 0.299, 0.075)
[ Info:   [replan @ stride  6] 21.9s  Φ̄_plan=1.106  shape=[1.58→1.10→0.84]  ctrl_n_temp=6
[ Info:     [ 1] λ 0.000 → 0.200 (Δλ=0.200) accept=0%
[ Info:     [ 2] λ 0.200 → 0.400 (Δλ=0.200) accept=0%
[ Info:     [ 3] λ 0.400 → 0.600 (Δλ=0.200) accept=0%
[ Info:     [ 4] λ 0.600 → 0.800 (Δλ=0.200) accept=0%
[ Info:     [ 5] λ 0.800 → 1.000 (Δλ=0.200) accept=0%
[ Info: [stride  7/111] 0.2s  5 filter levels  Φ̄=1.587 x̂=(0.107, 0.303, 0.078)
[ Info:     [ 1] λ 0.000 → 0.200 (Δλ=0.200) accept=0%
[ Info:     [ 2] λ 0.200 → 0.400 (Δλ=0.200) accept=0%
[ Info:     [ 3] λ 0.400 → 0.600 (Δλ=0.200) accept=0%
[ Info:     [ 4] λ 0.600 → 0.800 (Δλ=0.200) accept=0%
[ Info:     [ 5] λ 0.800 → 1.000 (Δλ=0.200) accept=0%
[ Info: [stride  8/111] 0.2s  5 filter levels  Φ̄=1.607 x̂=(0.114, 0.300, 0.074)
[ Info:   [replan @ stride  8] 18.9s  Φ̄_plan=1.137  shape=[1.56→1.13→0.86]  ctrl_n_temp=5
[ Info:     [ 1] λ 0.000 → 0.200 (Δλ=0.200) accept=0%
[ Info:     [ 2] λ 0.200 → 0.400 (Δλ=0.200) accept=0%
[ Info:     [ 3] λ 0.400 → 0.600 (Δλ=0.200) accept=0%
[ Info:     [ 4] λ 0.600 → 0.800 (Δλ=0.200) accept=0%
[ Info:     [ 5] λ 0.800 → 1.000 (Δλ=0.200) accept=0%
[ Info: [stride  9/111] 0.2s  5 filter levels  Φ̄=1.570 x̂=(0.122, 0.297, 0.072)
[ Info:     [ 1] λ 0.000 → 0.200 (Δλ=0.200) accept=0%
[ Info:     [ 2] λ 0.200 → 0.400 (Δλ=0.200) accept=0%
[ Info:     [ 3] λ 0.400 → 0.600 (Δλ=0.200) accept=0%
[ Info:     [ 4] λ 0.600 → 0.800 (Δλ=0.200) accept=0%
[ Info:     [ 5] λ 0.800 → 1.000 (Δλ=0.200) accept=0%
[ Info: [stride 10/111] 0.1s  5 filter levels  Φ̄=1.594 x̂=(0.136, 0.304, 0.072)
[ Info:   [replan @ stride 10] 22.2s  Φ̄_plan=1.207  shape=[1.56→1.18→0.91]  ctrl_n_temp=6
[ Info:     [ 1] λ 0.000 → 0.200 (Δλ=0.200) accept=0%
[ Info:     [ 2] λ 0.200 → 0.400 (Δλ=0.200) accept=0%
[ Info:     [ 3] λ 0.400 → 0.600 (Δλ=0.200) accept=0%
[ Info:     [ 4] λ 0.600 → 0.800 (Δλ=0.200) accept=0%
[ Info:     [ 5] λ 0.800 → 1.000 (Δλ=0.200) accept=0%
[ Info: [stride 11/111] 0.2s  5 filter levels  Φ̄=1.575 x̂=(0.143, 0.304, 0.073)
[ Info:     [ 1] λ 0.000 → 0.200 (Δλ=0.200) accept=0%
[ Info:     [ 2] λ 0.200 → 0.400 (Δλ=0.200) accept=0%
[ Info:     [ 3] λ 0.400 → 0.600 (Δλ=0.200) accept=0%
[ Info:     [ 4] λ 0.600 → 0.800 (Δλ=0.200) accept=0%
[ Info:     [ 5] λ 0.800 → 1.000 (Δλ=0.200) accept=0%
[ Info: [stride 12/111] 0.2s  5 filter levels  Φ̄=1.597 x̂=(0.148, 0.308, 0.069)
[ Info:   [replan @ stride 12] 21.6s  Φ̄_plan=1.211  shape=[1.50→1.27→0.87]  ctrl_n_temp=6
[ Info:     [ 1] λ 0.000 → 0.200 (Δλ=0.200) accept=0%
[ Info:     [ 2] λ 0.200 → 0.400 (Δλ=0.200) accept=0%
[ Info:     [ 3] λ 0.400 → 0.600 (Δλ=0.200) accept=0%
[ Info:     [ 4] λ 0.600 → 0.800 (Δλ=0.200) accept=0%
[ Info:     [ 5] λ 0.800 → 1.000 (Δλ=0.200) accept=0%
[ Info: [stride 13/111] 0.2s  5 filter levels  Φ̄=1.508 x̂=(0.155, 0.312, 0.062)
[ Info:     [ 1] λ 0.000 → 0.200 (Δλ=0.200) accept=0%
[ Info:     [ 2] λ 0.200 → 0.400 (Δλ=0.200) accept=0%
[ Info:     [ 3] λ 0.400 → 0.600 (Δλ=0.200) accept=0%
[ Info:     [ 4] λ 0.600 → 0.800 (Δλ=0.200) accept=0%
[ Info:     [ 5] λ 0.800 → 1.000 (Δλ=0.200) accept=0%
[ Info: [stride 14/111] 0.1s  5 filter levels  Φ̄=1.528 x̂=(0.162, 0.312, 0.060)
[ Info:   [replan @ stride 14] 22.5s  Φ̄_plan=1.176  shape=[1.45→1.18→0.81]  ctrl_n_temp=6
[ Info:     [ 1] λ 0.000 → 0.200 (Δλ=0.200) accept=0%
[ Info:     [ 2] λ 0.200 → 0.400 (Δλ=0.200) accept=0%
[ Info:     [ 3] λ 0.400 → 0.600 (Δλ=0.200) accept=0%
[ Info:     [ 4] λ 0.600 → 0.800 (Δλ=0.200) accept=0%
[ Info:     [ 5] λ 0.800 → 1.000 (Δλ=0.200) accept=0%
[ Info: [stride 15/111] 0.2s  5 filter levels  Φ̄=1.456 x̂=(0.168, 0.313, 0.058)
[ Info:     [ 1] λ 0.000 → 0.200 (Δλ=0.200) accept=0%
[ Info:     [ 2] λ 0.200 → 0.400 (Δλ=0.200) accept=0%
[ Info:     [ 3] λ 0.400 → 0.600 (Δλ=0.200) accept=0%
[ Info:     [ 4] λ 0.600 → 0.800 (Δλ=0.200) accept=0%
[ Info:     [ 5] λ 0.800 → 1.000 (Δλ=0.200) accept=0%
[ Info: [stride 16/111] 0.1s  5 filter levels  Φ̄=1.477 x̂=(0.176, 0.310, 0.060)
[ Info:   [replan @ stride 16] 22.1s  Φ̄_plan=1.214  shape=[1.48→1.22→0.90]  ctrl_n_temp=6
[ Info:     [ 1] λ 0.000 → 0.200 (Δλ=0.200) accept=0%
[ Info:     [ 2] λ 0.200 → 0.400 (Δλ=0.200) accept=0%
[ Info:     [ 3] λ 0.400 → 0.600 (Δλ=0.200) accept=0%
[ Info:     [ 4] λ 0.600 → 0.800 (Δλ=0.200) accept=0%
[ Info:     [ 5] λ 0.800 → 1.000 (Δλ=0.200) accept=0%
[ Info: [stride 17/111] 0.2s  5 filter levels  Φ̄=1.491 x̂=(0.183, 0.313, 0.064)
[ Info:     [ 1] λ 0.000 → 0.200 (Δλ=0.200) accept=0%
[ Info:     [ 2] λ 0.200 → 0.400 (Δλ=0.200) accept=0%
[ Info:     [ 3] λ 0.400 → 0.600 (Δλ=0.200) accept=0%
[ Info:     [ 4] λ 0.600 → 0.800 (Δλ=0.200) accept=0%
[ Info:     [ 5] λ 0.800 → 1.000 (Δλ=0.200) accept=0%
[ Info: [stride 18/111] 0.2s  5 filter levels  Φ̄=1.508 x̂=(0.190, 0.317, 0.066)
[ Info:   [replan @ stride 18] 22.3s  Φ̄_plan=1.359  shape=[1.51→1.41→0.95]  ctrl_n_temp=6
[ Info:     [ 1] λ 0.000 → 0.200 (Δλ=0.200) accept=0%
[ Info:     [ 2] λ 0.200 → 0.400 (Δλ=0.200) accept=0%
[ Info:     [ 3] λ 0.400 → 0.600 (Δλ=0.200) accept=0%
[ Info:     [ 4] λ 0.600 → 0.800 (Δλ=0.200) accept=0%
[ Info:     [ 5] λ 0.800 → 1.000 (Δλ=0.200) accept=0%
[ Info: [stride 19/111] 0.2s  5 filter levels  Φ̄=1.518 x̂=(0.200, 0.314, 0.070)
[ Info:     [ 1] λ 0.000 → 0.200 (Δλ=0.200) accept=0%
[ Info:     [ 2] λ 0.200 → 0.400 (Δλ=0.200) accept=0%
[ Info:     [ 3] λ 0.400 → 0.600 (Δλ=0.200) accept=0%
[ Info:     [ 4] λ 0.600 → 0.800 (Δλ=0.200) accept=0%
[ Info:     [ 5] λ 0.800 → 1.000 (Δλ=0.200) accept=0%
[ Info: [stride 20/111] 0.2s  5 filter levels  Φ̄=1.537 x̂=(0.207, 0.314, 0.067)
[ Info:   [replan @ stride 20] 22.1s  Φ̄_plan=1.432  shape=[1.48→1.54→0.91]  ctrl_n_temp=6
[ Info:     [ 1] λ 0.000 → 0.200 (Δλ=0.200) accept=0%
[ Info:     [ 2] λ 0.200 → 0.400 (Δλ=0.200) accept=0%
[ Info:     [ 3] λ 0.400 → 0.600 (Δλ=0.200) accept=0%
[ Info:     [ 4] λ 0.600 → 0.800 (Δλ=0.200) accept=0%
[ Info:     [ 5] λ 0.800 → 1.000 (Δλ=0.200) accept=0%
[ Info: [stride 21/111] 0.1s  5 filter levels  Φ̄=1.484 x̂=(0.215, 0.315, 0.059)
[ Info:     [ 1] λ 0.000 → 0.200 (Δλ=0.200) accept=0%
[ Info:     [ 2] λ 0.200 → 0.400 (Δλ=0.200) accept=0%
[ Info:     [ 3] λ 0.400 → 0.600 (Δλ=0.200) accept=0%
[ Info:     [ 4] λ 0.600 → 0.800 (Δλ=0.200) accept=0%
[ Info:     [ 5] λ 0.800 → 1.000 (Δλ=0.200) accept=0%
[ Info: [stride 22/111] 0.2s  5 filter levels  Φ̄=1.501 x̂=(0.218, 0.313, 0.057)
[ Info:   [replan @ stride 22] 22.1s  Φ̄_plan=1.343  shape=[1.41→1.43→0.86]  ctrl_n_temp=6
[ Info:     [ 1] λ 0.000 → 0.200 (Δλ=0.200) accept=0%
[ Info:     [ 2] λ 0.200 → 0.400 (Δλ=0.200) accept=0%
[ Info:     [ 3] λ 0.400 → 0.600 (Δλ=0.200) accept=0%
[ Info:     [ 4] λ 0.600 → 0.800 (Δλ=0.200) accept=0%
[ Info:     [ 5] λ 0.800 → 1.000 (Δλ=0.200) accept=0%
[ Info: [stride 23/111] 0.1s  5 filter levels  Φ̄=1.424 x̂=(0.226, 0.307, 0.059)
[ Info:     [ 1] λ 0.000 → 0.200 (Δλ=0.200) accept=0%
[ Info:     [ 2] λ 0.200 → 0.400 (Δλ=0.200) accept=0%
[ Info:     [ 3] λ 0.400 → 0.600 (Δλ=0.200) accept=0%
[ Info:     [ 4] λ 0.600 → 0.800 (Δλ=0.200) accept=0%
[ Info:     [ 5] λ 0.800 → 1.000 (Δλ=0.200) accept=0%
[ Info: [stride 24/111] 0.1s  5 filter levels  Φ̄=1.441 x̂=(0.233, 0.307, 0.069)
[ Info:   [replan @ stride 24] 21.6s  Φ̄_plan=1.579  shape=[1.42→1.76→0.97]  ctrl_n_temp=6
[ Info:     [ 1] λ 0.000 → 0.200 (Δλ=0.200) accept=0%
[ Info:     [ 2] λ 0.200 → 0.400 (Δλ=0.200) accept=0%
[ Info:     [ 3] λ 0.400 → 0.600 (Δλ=0.200) accept=0%
[ Info:     [ 4] λ 0.600 → 0.800 (Δλ=0.200) accept=0%
[ Info:     [ 5] λ 0.800 → 1.000 (Δλ=0.200) accept=0%
[ Info: [stride 25/111] 0.2s  5 filter levels  Φ̄=1.425 x̂=(0.238, 0.303, 0.065)
[ Info:     [ 1] λ 0.000 → 0.200 (Δλ=0.200) accept=0%
[ Info:     [ 2] λ 0.200 → 0.400 (Δλ=0.200) accept=0%
[ Info:     [ 3] λ 0.400 → 0.600 (Δλ=0.200) accept=0%
[ Info:     [ 4] λ 0.600 → 0.800 (Δλ=0.200) accept=0%
[ Info:     [ 5] λ 0.800 → 1.000 (Δλ=0.200) accept=0%
[ Info: [stride 26/111] 0.2s  5 filter levels  Φ̄=1.444 x̂=(0.241, 0.298, 0.068)
[ Info:   [replan @ stride 26] 22.2s  Φ̄_plan=1.660  shape=[1.50→1.99→1.01]  ctrl_n_temp=6
[ Info:     [ 1] λ 0.000 → 0.200 (Δλ=0.200) accept=0%
[ Info:     [ 2] λ 0.200 → 0.400 (Δλ=0.200) accept=0%
[ Info:     [ 3] λ 0.400 → 0.600 (Δλ=0.200) accept=0%
[ Info:     [ 4] λ 0.600 → 0.800 (Δλ=0.200) accept=0%
[ Info:     [ 5] λ 0.800 → 1.000 (Δλ=0.200) accept=0%
[ Info: [stride 27/111] 0.1s  5 filter levels  Φ̄=1.508 x̂=(0.248, 0.301, 0.072)
[ Info:     [ 1] λ 0.000 → 0.200 (Δλ=0.200) accept=0%
[ Info:     [ 2] λ 0.200 → 0.400 (Δλ=0.200) accept=0%
[ Info:     [ 3] λ 0.400 → 0.600 (Δλ=0.200) accept=0%
[ Info:     [ 4] λ 0.600 → 0.800 (Δλ=0.200) accept=0%
[ Info:     [ 5] λ 0.800 → 1.000 (Δλ=0.200) accept=0%
[ Info: [stride 28/111] 0.1s  5 filter levels  Φ̄=1.521 x̂=(0.255, 0.307, 0.072)
[ Info:   [replan @ stride 28] 22.1s  Φ̄_plan=1.668  shape=[1.43→2.04→0.98]  ctrl_n_temp=6
[ Info:     [ 1] λ 0.000 → 0.200 (Δλ=0.200) accept=0%
[ Info:     [ 2] λ 0.200 → 0.400 (Δλ=0.200) accept=0%
[ Info:     [ 3] λ 0.400 → 0.600 (Δλ=0.200) accept=0%
[ Info:     [ 4] λ 0.600 → 0.800 (Δλ=0.200) accept=0%
[ Info:     [ 5] λ 0.800 → 1.000 (Δλ=0.200) accept=0%
[ Info: [stride 29/111] 0.2s  5 filter levels  Φ̄=1.437 x̂=(0.262, 0.316, 0.071)
[ Info:     [ 1] λ 0.000 → 0.200 (Δλ=0.200) accept=0%
[ Info:     [ 2] λ 0.200 → 0.400 (Δλ=0.200) accept=0%
[ Info:     [ 3] λ 0.400 → 0.600 (Δλ=0.200) accept=0%
[ Info:     [ 4] λ 0.600 → 0.800 (Δλ=0.200) accept=0%
[ Info:     [ 5] λ 0.800 → 1.000 (Δλ=0.200) accept=0%
[ Info: [stride 30/111] 0.2s  5 filter levels  Φ̄=1.457 x̂=(0.271, 0.309, 0.071)
[ Info:   [replan @ stride 30] 21.8s  Φ̄_plan=1.721  shape=[1.35→2.08→0.99]  ctrl_n_temp=6
[ Info:     [ 1] λ 0.000 → 0.200 (Δλ=0.200) accept=0%
[ Info:     [ 2] λ 0.200 → 0.400 (Δλ=0.200) accept=0%
[ Info:     [ 3] λ 0.400 → 0.600 (Δλ=0.200) accept=0%
[ Info:     [ 4] λ 0.600 → 0.800 (Δλ=0.200) accept=0%
[ Info:     [ 5] λ 0.800 → 1.000 (Δλ=0.200) accept=0%
[ Info: [stride 31/111] 0.2s  5 filter levels  Φ̄=1.362 x̂=(0.277, 0.312, 0.072)
[ Info:     [ 1] λ 0.000 → 0.200 (Δλ=0.200) accept=0%
[ Info:     [ 2] λ 0.200 → 0.400 (Δλ=0.200) accept=0%
[ Info:     [ 3] λ 0.400 → 0.600 (Δλ=0.200) accept=0%
[ Info:     [ 4] λ 0.600 → 0.800 (Δλ=0.200) accept=0%
[ Info:     [ 5] λ 0.800 → 1.000 (Δλ=0.200) accept=0%
[ Info: [stride 32/111] 0.2s  5 filter levels  Φ̄=1.378 x̂=(0.277, 0.298, 0.072)
[ Info:   [replan @ stride 32] 21.4s  Φ̄_plan=1.768  shape=[1.39→2.20→0.96]  ctrl_n_temp=6
[ Info:     [ 1] λ 0.000 → 0.200 (Δλ=0.200) accept=0%
[ Info:     [ 2] λ 0.200 → 0.400 (Δλ=0.200) accept=0%
[ Info:     [ 3] λ 0.400 → 0.600 (Δλ=0.200) accept=0%
[ Info:     [ 4] λ 0.600 → 0.800 (Δλ=0.200) accept=0%
[ Info:     [ 5] λ 0.800 → 1.000 (Δλ=0.200) accept=0%
[ Info: [stride 33/111] 0.2s  5 filter levels  Φ̄=1.397 x̂=(0.284, 0.301, 0.077)
[ Info:     [ 1] λ 0.000 → 0.200 (Δλ=0.200) accept=0%
[ Info:     [ 2] λ 0.200 → 0.400 (Δλ=0.200) accept=0%
[ Info:     [ 3] λ 0.400 → 0.600 (Δλ=0.200) accept=0%
[ Info:     [ 4] λ 0.600 → 0.800 (Δλ=0.200) accept=0%
[ Info:     [ 5] λ 0.800 → 1.000 (Δλ=0.200) accept=0%
[ Info: [stride 34/111] 0.2s  5 filter levels  Φ̄=1.415 x̂=(0.288, 0.303, 0.076)
[ Info:   [replan @ stride 34] 22.2s  Φ̄_plan=1.807  shape=[1.39→2.31→0.97]  ctrl_n_temp=6
[ Info:     [ 1] λ 0.000 → 0.200 (Δλ=0.200) accept=0%
[ Info:     [ 2] λ 0.200 → 0.400 (Δλ=0.200) accept=0%
[ Info:     [ 3] λ 0.400 → 0.600 (Δλ=0.200) accept=0%
[ Info:     [ 4] λ 0.600 → 0.800 (Δλ=0.200) accept=0%
[ Info:     [ 5] λ 0.800 → 1.000 (Δλ=0.200) accept=0%
[ Info: [stride 35/111] 0.1s  5 filter levels  Φ̄=1.403 x̂=(0.298, 0.302, 0.082)
[ Info:     [ 1] λ 0.000 → 0.200 (Δλ=0.200) accept=0%
[ Info:     [ 2] λ 0.200 → 0.400 (Δλ=0.200) accept=0%
[ Info:     [ 3] λ 0.400 → 0.600 (Δλ=0.200) accept=0%
[ Info:     [ 4] λ 0.600 → 0.800 (Δλ=0.200) accept=0%
[ Info:     [ 5] λ 0.800 → 1.000 (Δλ=0.200) accept=0%
[ Info: [stride 36/111] 0.2s  5 filter levels  Φ̄=1.419 x̂=(0.300, 0.304, 0.082)
[ Info:   [replan @ stride 36] 22.3s  Φ̄_plan=1.862  shape=[1.40→2.47→1.03]  ctrl_n_temp=6
[ Info:     [ 1] λ 0.000 → 0.200 (Δλ=0.200) accept=0%
[ Info:     [ 2] λ 0.200 → 0.400 (Δλ=0.200) accept=0%
[ Info:     [ 3] λ 0.400 → 0.600 (Δλ=0.200) accept=0%
[ Info:     [ 4] λ 0.600 → 0.800 (Δλ=0.200) accept=0%
[ Info:     [ 5] λ 0.800 → 1.000 (Δλ=0.200) accept=0%
[ Info: [stride 37/111] 0.2s  5 filter levels  Φ̄=1.410 x̂=(0.310, 0.300, 0.083)
[ Info:     [ 1] λ 0.000 → 0.200 (Δλ=0.200) accept=0%
[ Info:     [ 2] λ 0.200 → 0.400 (Δλ=0.200) accept=0%
[ Info:     [ 3] λ 0.400 → 0.600 (Δλ=0.200) accept=0%
[ Info:     [ 4] λ 0.600 → 0.800 (Δλ=0.200) accept=0%
[ Info:     [ 5] λ 0.800 → 1.000 (Δλ=0.200) accept=0%
[ Info: [stride 38/111] 0.1s  5 filter levels  Φ̄=1.430 x̂=(0.318, 0.297, 0.090)
[ Info:   [replan @ stride 38] 21.9s  Φ̄_plan=1.878  shape=[1.33→2.56→0.94]  ctrl_n_temp=6
[ Info:     [ 1] λ 0.000 → 0.200 (Δλ=0.200) accept=0%
[ Info:     [ 2] λ 0.200 → 0.400 (Δλ=0.200) accept=0%
[ Info:     [ 3] λ 0.400 → 0.600 (Δλ=0.200) accept=0%
[ Info:     [ 4] λ 0.600 → 0.800 (Δλ=0.200) accept=0%
[ Info:     [ 5] λ 0.800 → 1.000 (Δλ=0.200) accept=0%
[ Info: [stride 39/111] 0.2s  5 filter levels  Φ̄=1.335 x̂=(0.326, 0.295, 0.095)
[ Info:     [ 1] λ 0.000 → 0.200 (Δλ=0.200) accept=0%
[ Info:     [ 2] λ 0.200 → 0.400 (Δλ=0.200) accept=0%
[ Info:     [ 3] λ 0.400 → 0.600 (Δλ=0.200) accept=0%
[ Info:     [ 4] λ 0.600 → 0.800 (Δλ=0.200) accept=0%
[ Info:     [ 5] λ 0.800 → 1.000 (Δλ=0.200) accept=0%
[ Info: [stride 40/111] 0.2s  5 filter levels  Φ̄=1.354 x̂=(0.326, 0.298, 0.095)
[ Info:   [replan @ stride 40] 22.4s  Φ̄_plan=1.898  shape=[1.32→2.59→0.93]  ctrl_n_temp=6
[ Info:     [ 1] λ 0.000 → 0.200 (Δλ=0.200) accept=0%
[ Info:     [ 2] λ 0.200 → 0.400 (Δλ=0.200) accept=0%
[ Info:     [ 3] λ 0.400 → 0.600 (Δλ=0.200) accept=0%
[ Info:     [ 4] λ 0.600 → 0.800 (Δλ=0.200) accept=0%
[ Info:     [ 5] λ 0.800 → 1.000 (Δλ=0.200) accept=0%
[ Info: [stride 41/111] 0.1s  5 filter levels  Φ̄=1.327 x̂=(0.326, 0.289, 0.100)
[ Info:     [ 1] λ 0.000 → 0.200 (Δλ=0.200) accept=0%
[ Info:     [ 2] λ 0.200 → 0.400 (Δλ=0.200) accept=0%
[ Info:     [ 3] λ 0.400 → 0.600 (Δλ=0.200) accept=0%
[ Info:     [ 4] λ 0.600 → 0.800 (Δλ=0.200) accept=0%
[ Info:     [ 5] λ 0.800 → 1.000 (Δλ=0.200) accept=0%
[ Info: [stride 42/111] 0.1s  5 filter levels  Φ̄=1.343 x̂=(0.334, 0.291, 0.102)
[ Info:   [replan @ stride 42] 21.4s  Φ̄_plan=1.920  shape=[1.30→2.64→0.94]  ctrl_n_temp=6
[ Info:     [ 1] λ 0.000 → 0.200 (Δλ=0.200) accept=0%
[ Info:     [ 2] λ 0.200 → 0.400 (Δλ=0.200) accept=0%
[ Info:     [ 3] λ 0.400 → 0.600 (Δλ=0.200) accept=0%
[ Info:     [ 4] λ 0.600 → 0.800 (Δλ=0.200) accept=0%
[ Info:     [ 5] λ 0.800 → 1.000 (Δλ=0.200) accept=0%
[ Info: [stride 43/111] 0.2s  5 filter levels  Φ̄=1.307 x̂=(0.342, 0.288, 0.111)
[ Info:     [ 1] λ 0.000 → 0.200 (Δλ=0.200) accept=0%
[ Info:     [ 2] λ 0.200 → 0.400 (Δλ=0.200) accept=0%
[ Info:     [ 3] λ 0.400 → 0.600 (Δλ=0.200) accept=0%
[ Info:     [ 4] λ 0.600 → 0.800 (Δλ=0.200) accept=0%
[ Info:     [ 5] λ 0.800 → 1.000 (Δλ=0.200) accept=0%
[ Info: [stride 44/111] 0.1s  5 filter levels  Φ̄=1.326 x̂=(0.345, 0.284, 0.114)
[ Info:   [replan @ stride 44] 21.9s  Φ̄_plan=1.950  shape=[1.28→2.67→0.94]  ctrl_n_temp=6
[ Info:     [ 1] λ 0.000 → 0.200 (Δλ=0.200) accept=0%
[ Info:     [ 2] λ 0.200 → 0.400 (Δλ=0.200) accept=0%
[ Info:     [ 3] λ 0.400 → 0.600 (Δλ=0.200) accept=0%
[ Info:     [ 4] λ 0.600 → 0.800 (Δλ=0.200) accept=0%
[ Info:     [ 5] λ 0.800 → 1.000 (Δλ=0.200) accept=0%
[ Info: [stride 45/111] 0.2s  5 filter levels  Φ̄=1.292 x̂=(0.349, 0.283, 0.109)
[ Info:     [ 1] λ 0.000 → 0.200 (Δλ=0.200) accept=0%
[ Info:     [ 2] λ 0.200 → 0.400 (Δλ=0.200) accept=0%
[ Info:     [ 3] λ 0.400 → 0.600 (Δλ=0.200) accept=0%
[ Info:     [ 4] λ 0.600 → 0.800 (Δλ=0.200) accept=0%
[ Info:     [ 5] λ 0.800 → 1.000 (Δλ=0.200) accept=0%
[ Info: [stride 46/111] 0.2s  5 filter levels  Φ̄=1.313 x̂=(0.357, 0.281, 0.118)
[ Info:   [replan @ stride 46] 22.3s  Φ̄_plan=1.958  shape=[1.31→2.64→0.96]  ctrl_n_temp=6
[ Info:     [ 1] λ 0.000 → 0.200 (Δλ=0.200) accept=0%
[ Info:     [ 2] λ 0.200 → 0.400 (Δλ=0.200) accept=0%
[ Info:     [ 3] λ 0.400 → 0.600 (Δλ=0.200) accept=0%
[ Info:     [ 4] λ 0.600 → 0.800 (Δλ=0.200) accept=0%
[ Info:     [ 5] λ 0.800 → 1.000 (Δλ=0.200) accept=0%
[ Info: [stride 47/111] 0.2s  5 filter levels  Φ̄=1.318 x̂=(0.366, 0.277, 0.116)
[ Info:     [ 1] λ 0.000 → 0.200 (Δλ=0.200) accept=0%
[ Info:     [ 2] λ 0.200 → 0.400 (Δλ=0.200) accept=0%
[ Info:     [ 3] λ 0.400 → 0.600 (Δλ=0.200) accept=0%
[ Info:     [ 4] λ 0.600 → 0.800 (Δλ=0.200) accept=0%
[ Info:     [ 5] λ 0.800 → 1.000 (Δλ=0.200) accept=0%
[ Info: [stride 48/111] 0.1s  5 filter levels  Φ̄=1.340 x̂=(0.365, 0.272, 0.126)
[ Info:   [replan @ stride 48] 21.9s  Φ̄_plan=1.953  shape=[1.40→2.68→0.93]  ctrl_n_temp=6
[ Info:     [ 1] λ 0.000 → 0.200 (Δλ=0.200) accept=0%
[ Info:     [ 2] λ 0.200 → 0.400 (Δλ=0.200) accept=0%
[ Info:     [ 3] λ 0.400 → 0.600 (Δλ=0.200) accept=0%
[ Info:     [ 4] λ 0.600 → 0.800 (Δλ=0.200) accept=0%
[ Info:     [ 5] λ 0.800 → 1.000 (Δλ=0.200) accept=0%
[ Info: [stride 49/111] 0.1s  5 filter levels  Φ̄=1.415 x̂=(0.375, 0.271, 0.136)
[ Info:     [ 1] λ 0.000 → 0.200 (Δλ=0.200) accept=0%
[ Info:     [ 2] λ 0.200 → 0.400 (Δλ=0.200) accept=0%
[ Info:     [ 3] λ 0.400 → 0.600 (Δλ=0.200) accept=0%
[ Info:     [ 4] λ 0.600 → 0.800 (Δλ=0.200) accept=0%
[ Info:     [ 5] λ 0.800 → 1.000 (Δλ=0.200) accept=0%
[ Info: [stride 50/111] 0.2s  5 filter levels  Φ̄=1.441 x̂=(0.381, 0.274, 0.136)
[ Info:   [replan @ stride 50] 22.2s  Φ̄_plan=1.974  shape=[1.33→2.62→0.98]  ctrl_n_temp=6
[ Info:     [ 1] λ 0.000 → 0.200 (Δλ=0.200) accept=0%
[ Info:     [ 2] λ 0.200 → 0.400 (Δλ=0.200) accept=0%
[ Info:     [ 3] λ 0.400 → 0.600 (Δλ=0.200) accept=0%
[ Info:     [ 4] λ 0.600 → 0.800 (Δλ=0.200) accept=0%
[ Info:     [ 5] λ 0.800 → 1.000 (Δλ=0.200) accept=0%
[ Info: [stride 51/111] 0.2s  5 filter levels  Φ̄=1.345 x̂=(0.384, 0.279, 0.140)
[ Info:     [ 1] λ 0.000 → 0.200 (Δλ=0.200) accept=0%
[ Info:     [ 2] λ 0.200 → 0.400 (Δλ=0.200) accept=0%
[ Info:     [ 3] λ 0.400 → 0.600 (Δλ=0.200) accept=0%
[ Info:     [ 4] λ 0.600 → 0.800 (Δλ=0.200) accept=0%
[ Info:     [ 5] λ 0.800 → 1.000 (Δλ=0.200) accept=0%
[ Info: [stride 52/111] 0.2s  5 filter levels  Φ̄=1.379 x̂=(0.387, 0.276, 0.149)
[ Info:   [replan @ stride 52] 22.3s  Φ̄_plan=1.987  shape=[1.38→2.64→0.98]  ctrl_n_temp=6
[ Info:     [ 1] λ 0.000 → 0.200 (Δλ=0.200) accept=0%
[ Info:     [ 2] λ 0.200 → 0.400 (Δλ=0.200) accept=0%
[ Info:     [ 3] λ 0.400 → 0.600 (Δλ=0.200) accept=0%
[ Info:     [ 4] λ 0.600 → 0.800 (Δλ=0.200) accept=0%
[ Info:     [ 5] λ 0.800 → 1.000 (Δλ=0.200) accept=0%
[ Info: [stride 53/111] 0.2s  5 filter levels  Φ̄=1.397 x̂=(0.386, 0.274, 0.156)
[ Info:     [ 1] λ 0.000 → 0.200 (Δλ=0.200) accept=0%
[ Info:     [ 2] λ 0.200 → 0.400 (Δλ=0.200) accept=0%
[ Info:     [ 3] λ 0.400 → 0.600 (Δλ=0.200) accept=0%
[ Info:     [ 4] λ 0.600 → 0.800 (Δλ=0.200) accept=0%
[ Info:     [ 5] λ 0.800 → 1.000 (Δλ=0.200) accept=0%
[ Info: [stride 54/111] 0.1s  5 filter levels  Φ̄=1.429 x̂=(0.396, 0.273, 0.156)
[ Info:   [replan @ stride 54] 21.9s  Φ̄_plan=1.979  shape=[1.38→2.58→0.99]  ctrl_n_temp=6
[ Info:     [ 1] λ 0.000 → 0.200 (Δλ=0.200) accept=0%
[ Info:     [ 2] λ 0.200 → 0.400 (Δλ=0.200) accept=0%
[ Info:     [ 3] λ 0.400 → 0.600 (Δλ=0.200) accept=0%
[ Info:     [ 4] λ 0.600 → 0.800 (Δλ=0.200) accept=0%
[ Info:     [ 5] λ 0.800 → 1.000 (Δλ=0.200) accept=0%
[ Info: [stride 55/111] 0.2s  5 filter levels  Φ̄=1.398 x̂=(0.401, 0.272, 0.157)
[ Info:     [ 1] λ 0.000 → 0.200 (Δλ=0.200) accept=0%
[ Info:     [ 2] λ 0.200 → 0.400 (Δλ=0.200) accept=0%
[ Info:     [ 3] λ 0.400 → 0.600 (Δλ=0.200) accept=0%
[ Info:     [ 4] λ 0.600 → 0.800 (Δλ=0.200) accept=0%
[ Info:     [ 5] λ 0.800 → 1.000 (Δλ=0.200) accept=0%
[ Info: [stride 56/111] 0.2s  5 filter levels  Φ̄=1.434 x̂=(0.402, 0.277, 0.167)
[ Info:   [replan @ stride 56] 22.2s  Φ̄_plan=1.983  shape=[1.46→2.60→0.97]  ctrl_n_temp=6
[ Info:     [ 1] λ 0.000 → 0.200 (Δλ=0.200) accept=0%
[ Info:     [ 2] λ 0.200 → 0.400 (Δλ=0.200) accept=0%
[ Info:     [ 3] λ 0.400 → 0.600 (Δλ=0.200) accept=0%
[ Info:     [ 4] λ 0.600 → 0.800 (Δλ=0.200) accept=0%
[ Info:     [ 5] λ 0.800 → 1.000 (Δλ=0.200) accept=0%
[ Info: [stride 57/111] 0.2s  5 filter levels  Φ̄=1.481 x̂=(0.408, 0.275, 0.181)
[ Info:     [ 1] λ 0.000 → 0.200 (Δλ=0.200) accept=0%
[ Info:     [ 2] λ 0.200 → 0.400 (Δλ=0.200) accept=0%
[ Info:     [ 3] λ 0.400 → 0.600 (Δλ=0.200) accept=0%
[ Info:     [ 4] λ 0.600 → 0.800 (Δλ=0.200) accept=0%
[ Info:     [ 5] λ 0.800 → 1.000 (Δλ=0.200) accept=0%
[ Info: [stride 58/111] 0.2s  5 filter levels  Φ̄=1.522 x̂=(0.419, 0.278, 0.186)
[ Info:   [replan @ stride 58] 22.6s  Φ̄_plan=1.987  shape=[1.58→2.49→0.97]  ctrl_n_temp=6
[ Info:     [ 1] λ 0.000 → 0.200 (Δλ=0.200) accept=0%
[ Info:     [ 2] λ 0.200 → 0.400 (Δλ=0.200) accept=0%
[ Info:     [ 3] λ 0.400 → 0.600 (Δλ=0.200) accept=0%
[ Info:     [ 4] λ 0.600 → 0.800 (Δλ=0.200) accept=0%
[ Info:     [ 5] λ 0.800 → 1.000 (Δλ=0.200) accept=0%
[ Info: [stride 59/111] 0.2s  5 filter levels  Φ̄=1.601 x̂=(0.427, 0.279, 0.197)
[ Info:     [ 1] λ 0.000 → 0.200 (Δλ=0.200) accept=0%
[ Info:     [ 2] λ 0.200 → 0.400 (Δλ=0.200) accept=0%
[ Info:     [ 3] λ 0.400 → 0.600 (Δλ=0.200) accept=0%
[ Info:     [ 4] λ 0.600 → 0.800 (Δλ=0.200) accept=0%
[ Info:     [ 5] λ 0.800 → 1.000 (Δλ=0.200) accept=0%
[ Info: [stride 60/111] 0.2s  5 filter levels  Φ̄=1.648 x̂=(0.431, 0.279, 0.210)
[ Info:   [replan @ stride 60] 22.2s  Φ̄_plan=1.993  shape=[1.64→2.46→0.97]  ctrl_n_temp=6
[ Info:     [ 1] λ 0.000 → 0.200 (Δλ=0.200) accept=0%
[ Info:     [ 2] λ 0.200 → 0.400 (Δλ=0.200) accept=0%
[ Info:     [ 3] λ 0.400 → 0.600 (Δλ=0.200) accept=0%
[ Info:     [ 4] λ 0.600 → 0.800 (Δλ=0.200) accept=0%
[ Info:     [ 5] λ 0.800 → 1.000 (Δλ=0.200) accept=0%
[ Info: [stride 61/111] 0.2s  5 filter levels  Φ̄=1.665 x̂=(0.440, 0.278, 0.226)
[ Info:     [ 1] λ 0.000 → 0.200 (Δλ=0.200) accept=0%
[ Info:     [ 2] λ 0.200 → 0.400 (Δλ=0.200) accept=0%
[ Info:     [ 3] λ 0.400 → 0.600 (Δλ=0.200) accept=0%
[ Info:     [ 4] λ 0.600 → 0.800 (Δλ=0.200) accept=0%
[ Info:     [ 5] λ 0.800 → 1.000 (Δλ=0.200) accept=0%
[ Info: [stride 62/111] 0.2s  5 filter levels  Φ̄=1.721 x̂=(0.447, 0.276, 0.243)
[ Info:   [replan @ stride 62] 21.7s  Φ̄_plan=1.968  shape=[1.70→2.38→0.94]  ctrl_n_temp=6
[ Info:     [ 1] λ 0.000 → 0.200 (Δλ=0.200) accept=0%
[ Info:     [ 2] λ 0.200 → 0.400 (Δλ=0.200) accept=0%
[ Info:     [ 3] λ 0.400 → 0.600 (Δλ=0.200) accept=0%
[ Info:     [ 4] λ 0.600 → 0.800 (Δλ=0.200) accept=0%
[ Info:     [ 5] λ 0.800 → 1.000 (Δλ=0.200) accept=0%
[ Info: [stride 63/111] 0.2s  5 filter levels  Φ̄=1.727 x̂=(0.448, 0.280, 0.265)
[ Info:     [ 1] λ 0.000 → 0.200 (Δλ=0.200) accept=0%
[ Info:     [ 2] λ 0.200 → 0.400 (Δλ=0.200) accept=0%
[ Info:     [ 3] λ 0.400 → 0.600 (Δλ=0.200) accept=0%
[ Info:     [ 4] λ 0.600 → 0.800 (Δλ=0.200) accept=0%
[ Info:     [ 5] λ 0.800 → 1.000 (Δλ=0.200) accept=0%
[ Info: [stride 64/111] 0.2s  5 filter levels  Φ̄=1.789 x̂=(0.454, 0.275, 0.285)
[ Info:   [replan @ stride 64] 22.0s  Φ̄_plan=2.004  shape=[1.99→2.26→1.03]  ctrl_n_temp=6
[ Info:     [ 1] λ 0.000 → 0.200 (Δλ=0.200) accept=0%
[ Info:     [ 2] λ 0.200 → 0.400 (Δλ=0.200) accept=0%
[ Info:     [ 3] λ 0.400 → 0.600 (Δλ=0.200) accept=0%
[ Info:     [ 4] λ 0.600 → 0.800 (Δλ=0.200) accept=0%
[ Info:     [ 5] λ 0.800 → 1.000 (Δλ=0.200) accept=0%
[ Info: [stride 65/111] 0.2s  5 filter levels  Φ̄=2.017 x̂=(0.465, 0.280, 0.290)
[ Info:     [ 1] λ 0.000 → 0.200 (Δλ=0.200) accept=0%
[ Info:     [ 2] λ 0.200 → 0.400 (Δλ=0.200) accept=0%
[ Info:     [ 3] λ 0.400 → 0.600 (Δλ=0.200) accept=0%
[ Info:     [ 4] λ 0.600 → 0.800 (Δλ=0.200) accept=0%
[ Info:     [ 5] λ 0.800 → 1.000 (Δλ=0.200) accept=0%
[ Info: [stride 66/111] 0.2s  5 filter levels  Φ̄=2.080 x̂=(0.471, 0.282, 0.290)
[ Info:   [replan @ stride 66] 22.1s  Φ̄_plan=1.977  shape=[1.94→2.25→0.98]  ctrl_n_temp=6
[ Info:     [ 1] λ 0.000 → 0.200 (Δλ=0.200) accept=0%
[ Info:     [ 2] λ 0.200 → 0.400 (Δλ=0.200) accept=0%
[ Info:     [ 3] λ 0.400 → 0.600 (Δλ=0.200) accept=0%
[ Info:     [ 4] λ 0.600 → 0.800 (Δλ=0.200) accept=0%
[ Info:     [ 5] λ 0.800 → 1.000 (Δλ=0.200) accept=0%
[ Info: [stride 67/111] 0.2s  5 filter levels  Φ̄=1.969 x̂=(0.480, 0.295, 0.296)
[ Info:     [ 1] λ 0.000 → 0.200 (Δλ=0.200) accept=0%
[ Info:     [ 2] λ 0.200 → 0.400 (Δλ=0.200) accept=0%
[ Info:     [ 3] λ 0.400 → 0.600 (Δλ=0.200) accept=0%
[ Info:     [ 4] λ 0.600 → 0.800 (Δλ=0.200) accept=0%
[ Info:     [ 5] λ 0.800 → 1.000 (Δλ=0.200) accept=0%
[ Info: [stride 68/111] 0.2s  5 filter levels  Φ̄=2.033 x̂=(0.491, 0.296, 0.303)
[ Info:   [replan @ stride 68] 21.8s  Φ̄_plan=1.963  shape=[1.93→2.18→0.94]  ctrl_n_temp=6
[ Info:     [ 1] λ 0.000 → 0.200 (Δλ=0.200) accept=0%
[ Info:     [ 2] λ 0.200 → 0.400 (Δλ=0.200) accept=0%
[ Info:     [ 3] λ 0.400 → 0.600 (Δλ=0.200) accept=0%
[ Info:     [ 4] λ 0.600 → 0.800 (Δλ=0.200) accept=0%
[ Info:     [ 5] λ 0.800 → 1.000 (Δλ=0.200) accept=0%
[ Info: [stride 69/111] 0.2s  5 filter levels  Φ̄=1.956 x̂=(0.499, 0.294, 0.326)
[ Info:     [ 1] λ 0.000 → 0.200 (Δλ=0.200) accept=0%
[ Info:     [ 2] λ 0.200 → 0.400 (Δλ=0.200) accept=0%
[ Info:     [ 3] λ 0.400 → 0.600 (Δλ=0.200) accept=0%
[ Info:     [ 4] λ 0.600 → 0.800 (Δλ=0.200) accept=0%
[ Info:     [ 5] λ 0.800 → 1.000 (Δλ=0.200) accept=0%
[ Info: [stride 70/111] 0.2s  5 filter levels  Φ̄=2.021 x̂=(0.509, 0.298, 0.336)
[ Info:   [replan @ stride 70] 22.2s  Φ̄_plan=1.981  shape=[2.03→2.10→1.01]  ctrl_n_temp=6
[ Info:     [ 1] λ 0.000 → 0.200 (Δλ=0.200) accept=0%
[ Info:     [ 2] λ 0.200 → 0.400 (Δλ=0.200) accept=0%
[ Info:     [ 3] λ 0.400 → 0.600 (Δλ=0.200) accept=0%
[ Info:     [ 4] λ 0.600 → 0.800 (Δλ=0.200) accept=0%
[ Info:     [ 5] λ 0.800 → 1.000 (Δλ=0.200) accept=0%
[ Info: [stride 71/111] 0.2s  5 filter levels  Φ̄=2.057 x̂=(0.519, 0.301, 0.344)
[ Info:     [ 1] λ 0.000 → 0.200 (Δλ=0.200) accept=0%
[ Info:     [ 2] λ 0.200 → 0.400 (Δλ=0.200) accept=0%
[ Info:     [ 3] λ 0.400 → 0.600 (Δλ=0.200) accept=0%
[ Info:     [ 4] λ 0.600 → 0.800 (Δλ=0.200) accept=0%
[ Info:     [ 5] λ 0.800 → 1.000 (Δλ=0.200) accept=0%
[ Info: [stride 72/111] 0.2s  5 filter levels  Φ̄=2.122 x̂=(0.526, 0.300, 0.361)
[ Info:   [replan @ stride 72] 22.0s  Φ̄_plan=1.954  shape=[2.06→2.03→0.97]  ctrl_n_temp=6
[ Info:     [ 1] λ 0.000 → 0.200 (Δλ=0.200) accept=0%
[ Info:     [ 2] λ 0.200 → 0.400 (Δλ=0.200) accept=0%
[ Info:     [ 3] λ 0.400 → 0.600 (Δλ=0.200) accept=0%
[ Info:     [ 4] λ 0.600 → 0.800 (Δλ=0.200) accept=0%
[ Info:     [ 5] λ 0.800 → 1.000 (Δλ=0.200) accept=0%
[ Info: [stride 73/111] 0.2s  5 filter levels  Φ̄=2.094 x̂=(0.528, 0.292, 0.371)
[ Info:     [ 1] λ 0.000 → 0.200 (Δλ=0.200) accept=0%
[ Info:     [ 2] λ 0.200 → 0.400 (Δλ=0.200) accept=0%
[ Info:     [ 3] λ 0.400 → 0.600 (Δλ=0.200) accept=0%
[ Info:     [ 4] λ 0.600 → 0.800 (Δλ=0.200) accept=0%
[ Info:     [ 5] λ 0.800 → 1.000 (Δλ=0.200) accept=0%
[ Info: [stride 74/111] 0.2s  5 filter levels  Φ̄=2.159 x̂=(0.538, 0.295, 0.387)
[ Info:   [replan @ stride 74] 22.7s  Φ̄_plan=1.937  shape=[2.03→2.00→1.01]  ctrl_n_temp=6
[ Info:     [ 1] λ 0.000 → 0.200 (Δλ=0.200) accept=0%
[ Info:     [ 2] λ 0.200 → 0.400 (Δλ=0.200) accept=0%
[ Info:     [ 3] λ 0.400 → 0.600 (Δλ=0.200) accept=0%
[ Info:     [ 4] λ 0.600 → 0.800 (Δλ=0.200) accept=0%
[ Info:     [ 5] λ 0.800 → 1.000 (Δλ=0.200) accept=0%
[ Info: [stride 75/111] 0.2s  5 filter levels  Φ̄=2.065 x̂=(0.547, 0.293, 0.401)
[ Info:     [ 1] λ 0.000 → 0.200 (Δλ=0.200) accept=0%
[ Info:     [ 2] λ 0.200 → 0.400 (Δλ=0.200) accept=0%
[ Info:     [ 3] λ 0.400 → 0.600 (Δλ=0.200) accept=0%
[ Info:     [ 4] λ 0.600 → 0.800 (Δλ=0.200) accept=0%
[ Info:     [ 5] λ 0.800 → 1.000 (Δλ=0.200) accept=0%
[ Info: [stride 76/111] 0.2s  5 filter levels  Φ̄=2.131 x̂=(0.552, 0.300, 0.409)
[ Info:   [replan @ stride 76] 21.5s  Φ̄_plan=1.938  shape=[2.15→1.93→0.93]  ctrl_n_temp=6
[ Info:     [ 1] λ 0.000 → 0.200 (Δλ=0.200) accept=0%
[ Info:     [ 2] λ 0.200 → 0.400 (Δλ=0.200) accept=0%
[ Info:     [ 3] λ 0.400 → 0.600 (Δλ=0.200) accept=0%
[ Info:     [ 4] λ 0.600 → 0.800 (Δλ=0.200) accept=0%
[ Info:     [ 5] λ 0.800 → 1.000 (Δλ=0.200) accept=0%
[ Info: [stride 77/111] 0.2s  5 filter levels  Φ̄=2.185 x̂=(0.561, 0.301, 0.419)
[ Info:     [ 1] λ 0.000 → 0.200 (Δλ=0.200) accept=0%
[ Info:     [ 2] λ 0.200 → 0.400 (Δλ=0.200) accept=0%
[ Info:     [ 3] λ 0.400 → 0.600 (Δλ=0.200) accept=0%
[ Info:     [ 4] λ 0.600 → 0.800 (Δλ=0.200) accept=0%
[ Info:     [ 5] λ 0.800 → 1.000 (Δλ=0.200) accept=0%
[ Info: [stride 78/111] 0.2s  5 filter levels  Φ̄=2.250 x̂=(0.572, 0.305, 0.436)
[ Info:   [replan @ stride 78] 21.6s  Φ̄_plan=1.904  shape=[2.15→1.88→0.98]  ctrl_n_temp=6
[ Info:     [ 1] λ 0.000 → 0.200 (Δλ=0.200) accept=0%
[ Info:     [ 2] λ 0.200 → 0.400 (Δλ=0.200) accept=0%
[ Info:     [ 3] λ 0.400 → 0.600 (Δλ=0.200) accept=0%
[ Info:     [ 4] λ 0.600 → 0.800 (Δλ=0.200) accept=0%
[ Info:     [ 5] λ 0.800 → 1.000 (Δλ=0.200) accept=0%
[ Info: [stride 79/111] 0.1s  5 filter levels  Φ̄=2.183 x̂=(0.578, 0.306, 0.454)
[ Info:     [ 1] λ 0.000 → 0.200 (Δλ=0.200) accept=0%
[ Info:     [ 2] λ 0.200 → 0.400 (Δλ=0.200) accept=0%
[ Info:     [ 3] λ 0.400 → 0.600 (Δλ=0.200) accept=0%
[ Info:     [ 4] λ 0.600 → 0.800 (Δλ=0.200) accept=0%
[ Info:     [ 5] λ 0.800 → 1.000 (Δλ=0.200) accept=0%
[ Info: [stride 80/111] 0.2s  5 filter levels  Φ̄=2.247 x̂=(0.588, 0.303, 0.462)
[ Info:   [replan @ stride 80] 22.7s  Φ̄_plan=1.886  shape=[2.14→1.89→0.95]  ctrl_n_temp=6
[ Info:     [ 1] λ 0.000 → 0.200 (Δλ=0.200) accept=0%
[ Info:     [ 2] λ 0.200 → 0.400 (Δλ=0.200) accept=0%
[ Info:     [ 3] λ 0.400 → 0.600 (Δλ=0.200) accept=0%
[ Info:     [ 4] λ 0.600 → 0.800 (Δλ=0.200) accept=0%
[ Info:     [ 5] λ 0.800 → 1.000 (Δλ=0.200) accept=0%
[ Info: [stride 81/111] 0.2s  5 filter levels  Φ̄=2.175 x̂=(0.597, 0.301, 0.490)
[ Info:     [ 1] λ 0.000 → 0.200 (Δλ=0.200) accept=0%
[ Info:     [ 2] λ 0.200 → 0.400 (Δλ=0.200) accept=0%
[ Info:     [ 3] λ 0.400 → 0.600 (Δλ=0.200) accept=0%
[ Info:     [ 4] λ 0.600 → 0.800 (Δλ=0.200) accept=0%
[ Info:     [ 5] λ 0.800 → 1.000 (Δλ=0.200) accept=0%
[ Info: [stride 82/111] 0.2s  5 filter levels  Φ̄=2.238 x̂=(0.609, 0.304, 0.520)
[ Info:   [replan @ stride 82] 21.8s  Φ̄_plan=1.875  shape=[2.24→1.79→0.98]  ctrl_n_temp=6
[ Info:     [ 1] λ 0.000 → 0.200 (Δλ=0.200) accept=0%
[ Info:     [ 2] λ 0.200 → 0.400 (Δλ=0.200) accept=0%
[ Info:     [ 3] λ 0.400 → 0.600 (Δλ=0.200) accept=0%
[ Info:     [ 4] λ 0.600 → 0.800 (Δλ=0.200) accept=0%
[ Info:     [ 5] λ 0.800 → 1.000 (Δλ=0.200) accept=0%
[ Info: [stride 83/111] 0.2s  5 filter levels  Φ̄=2.267 x̂=(0.618, 0.301, 0.550)
[ Info:     [ 1] λ 0.000 → 0.200 (Δλ=0.200) accept=0%
[ Info:     [ 2] λ 0.200 → 0.400 (Δλ=0.200) accept=0%
[ Info:     [ 3] λ 0.400 → 0.600 (Δλ=0.200) accept=0%
[ Info:     [ 4] λ 0.600 → 0.800 (Δλ=0.200) accept=0%
[ Info:     [ 5] λ 0.800 → 1.000 (Δλ=0.200) accept=0%
[ Info: [stride 84/111] 0.2s  5 filter levels  Φ̄=2.328 x̂=(0.626, 0.299, 0.580)
[ Info:   [replan @ stride 84] 22.0s  Φ̄_plan=1.880  shape=[2.22→1.80→0.99]  ctrl_n_temp=6
[ Info:     [ 1] λ 0.000 → 0.200 (Δλ=0.200) accept=0%
[ Info:     [ 2] λ 0.200 → 0.400 (Δλ=0.200) accept=0%
[ Info:     [ 3] λ 0.400 → 0.600 (Δλ=0.200) accept=0%
[ Info:     [ 4] λ 0.600 → 0.800 (Δλ=0.200) accept=0%
[ Info:     [ 5] λ 0.800 → 1.000 (Δλ=0.200) accept=0%
[ Info: [stride 85/111] 0.1s  5 filter levels  Φ̄=2.249 x̂=(0.640, 0.305, 0.598)
[ Info:     [ 1] λ 0.000 → 0.200 (Δλ=0.200) accept=0%
[ Info:     [ 2] λ 0.200 → 0.400 (Δλ=0.200) accept=0%
[ Info:     [ 3] λ 0.400 → 0.600 (Δλ=0.200) accept=0%
[ Info:     [ 4] λ 0.600 → 0.800 (Δλ=0.200) accept=0%
[ Info:     [ 5] λ 0.800 → 1.000 (Δλ=0.200) accept=0%
[ Info: [stride 86/111] 0.1s  5 filter levels  Φ̄=2.310 x̂=(0.645, 0.299, 0.615)
[ Info:   [replan @ stride 86] 22.0s  Φ̄_plan=1.852  shape=[2.26→1.71→0.99]  ctrl_n_temp=6
[ Info:     [ 1] λ 0.000 → 0.200 (Δλ=0.200) accept=0%
[ Info:     [ 2] λ 0.200 → 0.400 (Δλ=0.200) accept=0%
[ Info:     [ 3] λ 0.400 → 0.600 (Δλ=0.200) accept=0%
[ Info:     [ 4] λ 0.600 → 0.800 (Δλ=0.200) accept=0%
[ Info:     [ 5] λ 0.800 → 1.000 (Δλ=0.200) accept=0%
[ Info: [stride 87/111] 0.2s  5 filter levels  Φ̄=2.293 x̂=(0.654, 0.301, 0.628)
[ Info:     [ 1] λ 0.000 → 0.200 (Δλ=0.200) accept=0%
[ Info:     [ 2] λ 0.200 → 0.400 (Δλ=0.200) accept=0%
[ Info:     [ 3] λ 0.400 → 0.600 (Δλ=0.200) accept=0%
[ Info:     [ 4] λ 0.600 → 0.800 (Δλ=0.200) accept=0%
[ Info:     [ 5] λ 0.800 → 1.000 (Δλ=0.200) accept=0%
[ Info: [stride 88/111] 0.2s  5 filter levels  Φ̄=2.355 x̂=(0.667, 0.306, 0.656)
[ Info:   [replan @ stride 88] 21.7s  Φ̄_plan=1.853  shape=[2.24→1.75→0.99]  ctrl_n_temp=6
[ Info:     [ 1] λ 0.000 → 0.200 (Δλ=0.200) accept=0%
[ Info:     [ 2] λ 0.200 → 0.400 (Δλ=0.200) accept=0%
[ Info:     [ 3] λ 0.400 → 0.600 (Δλ=0.200) accept=0%
[ Info:     [ 4] λ 0.600 → 0.800 (Δλ=0.200) accept=0%
[ Info:     [ 5] λ 0.800 → 1.000 (Δλ=0.200) accept=0%
[ Info: [stride 89/111] 0.2s  5 filter levels  Φ̄=2.273 x̂=(0.675, 0.304, 0.684)
[ Info:     [ 1] λ 0.000 → 0.200 (Δλ=0.200) accept=0%
[ Info:     [ 2] λ 0.200 → 0.400 (Δλ=0.200) accept=0%
[ Info:     [ 3] λ 0.400 → 0.600 (Δλ=0.200) accept=0%
[ Info:     [ 4] λ 0.600 → 0.800 (Δλ=0.200) accept=0%
[ Info:     [ 5] λ 0.800 → 1.000 (Δλ=0.200) accept=0%
[ Info: [stride 90/111] 0.2s  5 filter levels  Φ̄=2.332 x̂=(0.678, 0.300, 0.701)
[ Info:   [replan @ stride 90] 21.6s  Φ̄_plan=1.815  shape=[2.22→1.77→1.00]  ctrl_n_temp=6
[ Info:     [ 1] λ 0.000 → 0.200 (Δλ=0.200) accept=0%
[ Info:     [ 2] λ 0.200 → 0.400 (Δλ=0.200) accept=0%
[ Info:     [ 3] λ 0.400 → 0.600 (Δλ=0.200) accept=0%
[ Info:     [ 4] λ 0.600 → 0.800 (Δλ=0.200) accept=0%
[ Info:     [ 5] λ 0.800 → 1.000 (Δλ=0.200) accept=0%
[ Info: [stride 91/111] 0.2s  5 filter levels  Φ̄=2.251 x̂=(0.688, 0.299, 0.718)
[ Info:     [ 1] λ 0.000 → 0.200 (Δλ=0.200) accept=0%
[ Info:     [ 2] λ 0.200 → 0.400 (Δλ=0.200) accept=0%
[ Info:     [ 3] λ 0.400 → 0.600 (Δλ=0.200) accept=0%
[ Info:     [ 4] λ 0.600 → 0.800 (Δλ=0.200) accept=0%
[ Info:     [ 5] λ 0.800 → 1.000 (Δλ=0.200) accept=0%
[ Info: [stride 92/111] 0.2s  5 filter levels  Φ̄=2.310 x̂=(0.695, 0.293, 0.739)
[ Info:   [replan @ stride 92] 23.0s  Φ̄_plan=1.818  shape=[2.28→1.73→0.96]  ctrl_n_temp=6
[ Info:     [ 1] λ 0.000 → 0.200 (Δλ=0.200) accept=0%
[ Info:     [ 2] λ 0.200 → 0.400 (Δλ=0.200) accept=0%
[ Info:     [ 3] λ 0.400 → 0.600 (Δλ=0.200) accept=0%
[ Info:     [ 4] λ 0.600 → 0.800 (Δλ=0.200) accept=0%
[ Info:     [ 5] λ 0.800 → 1.000 (Δλ=0.200) accept=0%
[ Info: [stride 93/111] 0.2s  5 filter levels  Φ̄=2.305 x̂=(0.703, 0.291, 0.751)
[ Info:     [ 1] λ 0.000 → 0.200 (Δλ=0.200) accept=0%
[ Info:     [ 2] λ 0.200 → 0.400 (Δλ=0.200) accept=0%
[ Info:     [ 3] λ 0.400 → 0.600 (Δλ=0.200) accept=0%
[ Info:     [ 4] λ 0.600 → 0.800 (Δλ=0.200) accept=0%
[ Info:     [ 5] λ 0.800 → 1.000 (Δλ=0.200) accept=0%
[ Info: [stride 94/111] 0.1s  5 filter levels  Φ̄=2.362 x̂=(0.712, 0.290, 0.760)
[ Info:   [replan @ stride 94] 21.8s  Φ̄_plan=1.808  shape=[2.23→1.73→0.97]  ctrl_n_temp=6
[ Info:     [ 1] λ 0.000 → 0.200 (Δλ=0.200) accept=0%
[ Info:     [ 2] λ 0.200 → 0.400 (Δλ=0.200) accept=0%
[ Info:     [ 3] λ 0.400 → 0.600 (Δλ=0.200) accept=0%
[ Info:     [ 4] λ 0.600 → 0.800 (Δλ=0.200) accept=0%
[ Info:     [ 5] λ 0.800 → 1.000 (Δλ=0.200) accept=0%
[ Info: [stride 95/111] 0.2s  5 filter levels  Φ̄=2.263 x̂=(0.722, 0.293, 0.782)
[ Info:     [ 1] λ 0.000 → 0.200 (Δλ=0.200) accept=0%
[ Info:     [ 2] λ 0.200 → 0.400 (Δλ=0.200) accept=0%
[ Info:     [ 3] λ 0.400 → 0.600 (Δλ=0.200) accept=0%
[ Info:     [ 4] λ 0.600 → 0.800 (Δλ=0.200) accept=0%
[ Info:     [ 5] λ 0.800 → 1.000 (Δλ=0.200) accept=0%
[ Info: [stride 96/111] 0.2s  5 filter levels  Φ̄=2.322 x̂=(0.726, 0.290, 0.804)
[ Info:   [replan @ stride 96] 22.1s  Φ̄_plan=1.786  shape=[2.18→1.74→0.98]  ctrl_n_temp=6
[ Info:     [ 1] λ 0.000 → 0.200 (Δλ=0.200) accept=0%
[ Info:     [ 2] λ 0.200 → 0.400 (Δλ=0.200) accept=0%
[ Info:     [ 3] λ 0.400 → 0.600 (Δλ=0.200) accept=0%
[ Info:     [ 4] λ 0.600 → 0.800 (Δλ=0.200) accept=0%
[ Info:     [ 5] λ 0.800 → 1.000 (Δλ=0.200) accept=0%
[ Info: [stride 97/111] 0.2s  5 filter levels  Φ̄=2.210 x̂=(0.736, 0.285, 0.810)
[ Info:     [ 1] λ 0.000 → 0.200 (Δλ=0.200) accept=0%
[ Info:     [ 2] λ 0.200 → 0.400 (Δλ=0.200) accept=0%
[ Info:     [ 3] λ 0.400 → 0.600 (Δλ=0.200) accept=0%
[ Info:     [ 4] λ 0.600 → 0.800 (Δλ=0.200) accept=0%
[ Info:     [ 5] λ 0.800 → 1.000 (Δλ=0.200) accept=0%
[ Info: [stride 98/111] 0.2s  5 filter levels  Φ̄=2.269 x̂=(0.747, 0.283, 0.833)
[ Info:   [replan @ stride 98] 22.2s  Φ̄_plan=1.760  shape=[2.15→1.73→0.99]  ctrl_n_temp=6
[ Info:     [ 1] λ 0.000 → 0.200 (Δλ=0.200) accept=0%
[ Info:     [ 2] λ 0.200 → 0.400 (Δλ=0.200) accept=0%
[ Info:     [ 3] λ 0.400 → 0.600 (Δλ=0.200) accept=0%
[ Info:     [ 4] λ 0.600 → 0.800 (Δλ=0.200) accept=0%
[ Info:     [ 5] λ 0.800 → 1.000 (Δλ=0.200) accept=0%
[ Info: [stride 99/111] 0.2s  5 filter levels  Φ̄=2.179 x̂=(0.754, 0.278, 0.865)
[ Info:     [ 1] λ 0.000 → 0.200 (Δλ=0.200) accept=0%
[ Info:     [ 2] λ 0.200 → 0.400 (Δλ=0.200) accept=0%
[ Info:     [ 3] λ 0.400 → 0.600 (Δλ=0.200) accept=0%
[ Info:     [ 4] λ 0.600 → 0.800 (Δλ=0.200) accept=0%
[ Info:     [ 5] λ 0.800 → 1.000 (Δλ=0.200) accept=0%
[ Info: [stride 100/111] 0.1s  5 filter levels  Φ̄=2.239 x̂=(0.760, 0.276, 0.863)
[ Info:   [replan @ stride 100] 22.1s  Φ̄_plan=1.754  shape=[2.21→1.73→0.96]  ctrl_n_temp=6
[ Info:     [ 1] λ 0.000 → 0.200 (Δλ=0.200) accept=0%
[ Info:     [ 2] λ 0.200 → 0.400 (Δλ=0.200) accept=0%
[ Info:     [ 3] λ 0.400 → 0.600 (Δλ=0.200) accept=0%
[ Info:     [ 4] λ 0.600 → 0.800 (Δλ=0.200) accept=0%
[ Info:     [ 5] λ 0.800 → 1.000 (Δλ=0.200) accept=0%
[ Info: [stride 101/111] 0.1s  5 filter levels  Φ̄=2.240 x̂=(0.768, 0.276, 0.886)
[ Info:     [ 1] λ 0.000 → 0.200 (Δλ=0.200) accept=0%
[ Info:     [ 2] λ 0.200 → 0.400 (Δλ=0.200) accept=0%
[ Info:     [ 3] λ 0.400 → 0.600 (Δλ=0.200) accept=0%
[ Info:     [ 4] λ 0.600 → 0.800 (Δλ=0.200) accept=0%
[ Info:     [ 5] λ 0.800 → 1.000 (Δλ=0.200) accept=0%
[ Info: [stride 102/111] 0.2s  5 filter levels  Φ̄=2.295 x̂=(0.779, 0.269, 0.903)
[ Info:   [replan @ stride 102] 21.6s  Φ̄_plan=1.742  shape=[2.11→1.67→1.03]  ctrl_n_temp=6
[ Info:     [ 1] λ 0.000 → 0.200 (Δλ=0.200) accept=0%
[ Info:     [ 2] λ 0.200 → 0.400 (Δλ=0.200) accept=0%
[ Info:     [ 3] λ 0.400 → 0.600 (Δλ=0.200) accept=0%
[ Info:     [ 4] λ 0.600 → 0.800 (Δλ=0.200) accept=0%
[ Info:     [ 5] λ 0.800 → 1.000 (Δλ=0.200) accept=0%
[ Info: [stride 103/111] 0.2s  5 filter levels  Φ̄=2.141 x̂=(0.790, 0.265, 0.919)
[ Info:     [ 1] λ 0.000 → 0.200 (Δλ=0.200) accept=0%
[ Info:     [ 2] λ 0.200 → 0.400 (Δλ=0.200) accept=0%
[ Info:     [ 3] λ 0.400 → 0.600 (Δλ=0.200) accept=0%
[ Info:     [ 4] λ 0.600 → 0.800 (Δλ=0.200) accept=0%
[ Info:     [ 5] λ 0.800 → 1.000 (Δλ=0.200) accept=0%
[ Info: [stride 104/111] 0.2s  5 filter levels  Φ̄=2.199 x̂=(0.798, 0.263, 0.932)
[ Info:   [replan @ stride 104] 21.9s  Φ̄_plan=1.735  shape=[2.16→1.76→1.03]  ctrl_n_temp=6
[ Info:     [ 1] λ 0.000 → 0.200 (Δλ=0.200) accept=0%
[ Info:     [ 2] λ 0.200 → 0.400 (Δλ=0.200) accept=0%
[ Info:     [ 3] λ 0.400 → 0.600 (Δλ=0.200) accept=0%
[ Info:     [ 4] λ 0.600 → 0.800 (Δλ=0.200) accept=0%
[ Info:     [ 5] λ 0.800 → 1.000 (Δλ=0.200) accept=0%
[ Info: [stride 105/111] 0.2s  5 filter levels  Φ̄=2.181 x̂=(0.803, 0.258, 0.950)
[ Info:     [ 1] λ 0.000 → 0.200 (Δλ=0.200) accept=0%
[ Info:     [ 2] λ 0.200 → 0.400 (Δλ=0.200) accept=0%
[ Info:     [ 3] λ 0.400 → 0.600 (Δλ=0.200) accept=0%
[ Info:     [ 4] λ 0.600 → 0.800 (Δλ=0.200) accept=0%
[ Info:     [ 5] λ 0.800 → 1.000 (Δλ=0.200) accept=0%
[ Info: [stride 106/111] 0.2s  5 filter levels  Φ̄=2.233 x̂=(0.812, 0.263, 0.984)
[ Info:   [replan @ stride 106] 22.3s  Φ̄_plan=1.700  shape=[2.17→1.75→1.01]  ctrl_n_temp=6
[ Info:     [ 1] λ 0.000 → 0.200 (Δλ=0.200) accept=0%
[ Info:     [ 2] λ 0.200 → 0.400 (Δλ=0.200) accept=0%
[ Info:     [ 3] λ 0.400 → 0.600 (Δλ=0.200) accept=0%
[ Info:     [ 4] λ 0.600 → 0.800 (Δλ=0.200) accept=0%
[ Info:     [ 5] λ 0.800 → 1.000 (Δλ=0.200) accept=0%
[ Info: [stride 107/111] 0.2s  5 filter levels  Φ̄=2.199 x̂=(0.821, 0.265, 0.978)
[ Info:     [ 1] λ 0.000 → 0.200 (Δλ=0.200) accept=0%
[ Info:     [ 2] λ 0.200 → 0.400 (Δλ=0.200) accept=0%
[ Info:     [ 3] λ 0.400 → 0.600 (Δλ=0.200) accept=0%
[ Info:     [ 4] λ 0.600 → 0.800 (Δλ=0.200) accept=0%
[ Info:     [ 5] λ 0.800 → 1.000 (Δλ=0.200) accept=0%
[ Info: [stride 108/111] 0.1s  5 filter levels  Φ̄=2.251 x̂=(0.826, 0.257, 0.994)
[ Info:   [replan @ stride 108] 22.1s  Φ̄_plan=1.696  shape=[2.11→1.69→0.92]  ctrl_n_temp=6
[ Info:     [ 1] λ 0.000 → 0.200 (Δλ=0.200) accept=0%
[ Info:     [ 2] λ 0.200 → 0.400 (Δλ=0.200) accept=0%
[ Info:     [ 3] λ 0.400 → 0.600 (Δλ=0.200) accept=0%
[ Info:     [ 4] λ 0.600 → 0.800 (Δλ=0.200) accept=0%
[ Info:     [ 5] λ 0.800 → 1.000 (Δλ=0.200) accept=0%
[ Info: [stride 109/111] 0.2s  5 filter levels  Φ̄=2.129 x̂=(0.833, 0.249, 1.013)
[ Info:     [ 1] λ 0.000 → 0.200 (Δλ=0.200) accept=0%
[ Info:     [ 2] λ 0.200 → 0.400 (Δλ=0.200) accept=0%
[ Info:     [ 3] λ 0.400 → 0.600 (Δλ=0.200) accept=0%
[ Info:     [ 4] λ 0.600 → 0.800 (Δλ=0.200) accept=0%
[ Info:     [ 5] λ 0.800 → 1.000 (Δλ=0.200) accept=0%
[ Info: [stride 110/111] 0.2s  5 filter levels  Φ̄=2.178 x̂=(0.842, 0.240, 1.027)
[ Info:   [replan @ stride 110] 22.5s  Φ̄_plan=1.692  shape=[2.06→1.69→1.02]  ctrl_n_temp=6
[ Info:     [ 1] λ 0.000 → 0.200 (Δλ=0.200) accept=0%
[ Info:     [ 2] λ 0.200 → 0.400 (Δλ=0.200) accept=0%
[ Info:     [ 3] λ 0.400 → 0.600 (Δλ=0.200) accept=0%
[ Info:     [ 4] λ 0.600 → 0.800 (Δλ=0.200) accept=0%
[ Info:     [ 5] λ 0.800 → 1.000 (Δλ=0.200) accept=0%
[ Info: [stride 111/111] 0.2s  5 filter levels  Φ̄=2.083 x̂=(0.853, 0.240, 1.064)
[ Info: Total wall time: 1234.6 s
[ Info: wrote /home/ajay/Repos/python-smc2-filtering-control/compare_v15_julia_vs_python/example_run/julia_horizon_sweep_2026-05-09_no_filter_hmc/T56d_seed42/data.jld2
[ Info: wrote /home/ajay/Repos/python-smc2-filtering-control/compare_v15_julia_vs_python/example_run/julia_horizon_sweep_2026-05-09_no_filter_hmc/T56d_seed42/per_stride.csv
[ Info: wrote /home/ajay/Repos/python-smc2-filtering-control/compare_v15_julia_vs_python/example_run/julia_horizon_sweep_2026-05-09_no_filter_hmc/T56d_seed42/controller_diagnostics.csv
[ Info: wrote manifest.json + experiment_run.md
┌ Warning: plot_state_traces.jl not found at /home/ajay/Repos/python-smc2-filtering-control/version_1_5_Julia/../version_2_Julia/tools/plot_state_traces.jl; skipping auto-plot
└ @ Main ~/Repos/python-smc2-filtering-control/version_1_5_Julia/tools/bench_smc_full_mpc_fsa_gpu.jl:998
[ Info: wrote /home/ajay/Repos/python-smc2-filtering-control/compare_v15_julia_vs_python/example_run/julia_horizon_sweep_2026-05-09_no_filter_hmc/T56d_seed42/v15_T56d_param_traces.png
Could not create decoration from factory! Running with no decorations.
Could not create decoration from factory! Running with no decorations.
[ Info: wrote /home/ajay/Repos/python-smc2-filtering-control/compare_v15_julia_vs_python/example_run/julia_horizon_sweep_2026-05-09_no_filter_hmc/T56d_seed42/v15_T56d_traces.png
/home/ajay/Repos/python-smc2-filtering-control/version_1_5_Julia/tools/launchers/run_julia_horizon_sweep_no_filter_hmc.sh: line 110: python: command not found
